#-----------------------------------------------------------
# xsim v2026.1 (64-bit)
# SW Build 6511674 on Tue Jun 16 11:02:23 MDT 2026
# IP Build 6504888 on Tue Jun 09 09:05:25 MDT 2026
# SharedData Build 6501428 on Mon Jun 08 17:34:18 MDT 2026
# Start of session at: Wed Sep 23 08:10:35 2026
# Process ID         : 7312
# Current directory  : D:/FPGA/arty_d/UART_R2/g2_ja_sr_frame_r1/xsimq
# Command line       : xsim.exe -log D:\FPGA\arty_d\UART_R2\g2_ja_sr_frame_r1\xsimq\ja_query_qeval_xsim.log -mode tcl -source {xsim.dir/tb_ja_query_qeval/xsim_script.tcl}
# Log file           : D:/FPGA/arty_d/UART_R2/g2_ja_sr_frame_r1/xsimq/ja_query_qeval_xsim.log
# Journal file       : D:/FPGA/arty_d/UART_R2/g2_ja_sr_frame_r1/xsimq\xsim.jou
# Running On         : laptop-Quan
# Platform           : Windows 11
# Operating System   : 22621
# Processor Detail   : AMD Ryzen 7 5800HS with Radeon Graphics         
# CPU Frequency      : 3194 MHz
# CPU Physical cores : 8
# CPU Logical cores  : 16
# Host memory        : 16541 MB
# Swap memory        : 23130 MB
# Total Virtual      : 39672 MB
# Available Virtual  : 17658 MB
#-----------------------------------------------------------
source xsim.dir/tb_ja_query_qeval/xsim_script.tcl
# xsim {tb_ja_query_qeval} -autoloadwcfg -tclbatch {runq.tcl}
Time resolution is 1 ps
source runq.tcl
## run -all
D_IMPLEMENTED=YES
PROGRAM=NO
JA_MUX_IS_NOT_ASTRA_QEVAL=YES
QEVAL status=04 reason=20 kind=00 cmpl=02 flags=00
JA_QUERY_QEVAL_XSIM_CANDIDATE=SUPPORTED
ANSWER_EMITTED=NO
ASTRA_PASS=NO BOARD_PASS=NO PROGRAM_PASS=NO
D_SELF_AUDITED=YES
INDEPENDENT_C_AUDIT=NOT_RUN
$finish called at time : 1 ns : File "D:/FPGA/arty_d/UART_R2/g2_ja_sr_frame_r1/tb_ja_query_qeval.sv" Line 54
## exit
INFO: [Common 17-206] Exiting xsim at Wed Sep 23 08:10:36 2026...
