#-----------------------------------------------------------
# xsim v2026.1 (64-bit)
# SW Build 6511674 on Tue Jun 16 11:02:23 MDT 2026
# IP Build 6504888 on Tue Jun 09 09:05:25 MDT 2026
# SharedData Build 6501428 on Mon Jun 08 17:34:18 MDT 2026
# Start of session at: Wed Sep 23 08:00:44 2026
# Process ID         : 11524
# Current directory  : D:/FPGA/arty_d/UART_R2/g2_ja_sr_frame_r1/xsim48
# Command line       : xsim.exe -log D:\FPGA\arty_d\UART_R2\g2_ja_sr_frame_r1\xsim48\sr48_r01_zero_refs_xsim.log -mode tcl -source {xsim.dir/tb_sr48_r01_zero_refs/xsim_script.tcl}
# Log file           : D:/FPGA/arty_d/UART_R2/g2_ja_sr_frame_r1/xsim48/sr48_r01_zero_refs_xsim.log
# Journal file       : D:/FPGA/arty_d/UART_R2/g2_ja_sr_frame_r1/xsim48\xsim.jou
# Running On         : laptop-Quan
# Platform           : Windows 11
# Operating System   : 22621
# Processor Detail   : AMD Ryzen 7 5800HS with Radeon Graphics         
# CPU Frequency      : 3194 MHz
# CPU Physical cores : 8
# CPU Logical cores  : 16
# Host memory        : 16541 MB
# Swap memory        : 23130 MB
# Total Virtual      : 39672 MB
# Available Virtual  : 16048 MB
#-----------------------------------------------------------
source xsim.dir/tb_sr48_r01_zero_refs/xsim_script.tcl
# xsim {tb_sr48_r01_zero_refs} -autoloadwcfg -tclbatch {run48.tcl}
Time resolution is 1 ps
source run48.tcl
## run -all
D_IMPLEMENTED=YES
PROGRAM=NO
SRAM_IMAGE_UNCHANGED=YES
ANSWER_EMITTED=NO
SR48 b0=52 b1=4e abi=01 st=04 crc_dut=b2c0 crc_tb=b2c0
SR48_R01_ZERO_REFS_XSIM_CANDIDATE=SUPPORTED
D_SELF_AUDITED=YES
INDEPENDENT_C_AUDIT=NOT_RUN
BOARD_PASS=NO PROGRAM_PASS=NO ASTRA_PASS=NO
$finish called at time : 1 ns : File "D:/FPGA/arty_d/UART_R2/g2_ja_sr_frame_r1/tb_sr48_r01_zero_refs.sv" Line 63
## exit
INFO: [Common 17-206] Exiting xsim at Wed Sep 23 08:00:46 2026...
