Copyright 1986-2022 Xilinx, Inc. All Rights Reserved. Copyright 2022-2026 Advanced Micro Devices, Inc. All Rights Reserved.
---------------------------------------------------------------------------------------------------------------------------------------------
| Tool Version : Vivado v.2026.1 (win64) Build 6511674 Tue Jun 16 11:02:23 MDT 2026
| Date         : Wed Sep 16 22:50:39 2026
| Host         : laptop-Quan running 64-bit major release  (build 9200)
| Command      : report_timing -max_paths 5 -file D:/FPGA/arty_d/fe256_r1_shadow/reports/crit.rpt
| Design       : arty_a7_r2_top_fe256_r1_candidate
| Device       : 7a100t-csg324
| Speed File   : -1  PRODUCTION 1.23 2018-06-13
| Design State : Synthesized
---------------------------------------------------------------------------------------------------------------------------------------------

Timing Report

Slack (MET) :             0.467ns  (required time - arrival time)
  Source:                 u_fe256/qb_reg[1][1]/C
                            (rising edge-triggered cell FDRE clocked by sys_clk_pin  {rise@0.000ns fall@5.000ns period=10.000ns})
  Destination:            u_fe256/fq_node_reg[0][10]/S
                            (rising edge-triggered cell FDSE clocked by sys_clk_pin  {rise@0.000ns fall@5.000ns period=10.000ns})
  Path Group:             sys_clk_pin
  Path Type:              Setup (Max at Slow Process Corner)
  Requirement:            10.000ns  (sys_clk_pin rise@10.000ns - sys_clk_pin rise@0.000ns)
  Data Path Delay:        8.796ns  (logic 2.555ns (29.047%)  route 6.241ns (70.953%))
  Logic Levels:           11  (CARRY4=1 LUT3=1 LUT4=1 LUT6=8)
  Clock Path Skew:        -0.145ns (DCD - SCD + CPR)
    Destination Clock Delay (DCD):    2.704ns = ( 12.704 - 10.000 ) 
    Source Clock Delay      (SCD):    2.965ns
    Clock Pessimism Removal (CPR):    0.116ns
  Clock Uncertainty:      0.035ns  ((TSJ^2 + TIJ^2)^1/2 + DJ) / 2 + PE
    Total System Jitter     (TSJ):    0.071ns
    Total Input Jitter      (TIJ):    0.000ns
    Discrete Jitter          (DJ):    0.000ns
    Phase Error              (PE):    0.000ns

    Location             Delay type                Incr(ns)  Path(ns)    Netlist Resource(s)
  -------------------------------------------------------------------    -------------------
                         (clock sys_clk_pin rise edge)
                                                      0.000     0.000 r  <hidden>
    E3                                                0.000     0.000 r  CLK100MHZ
                         net (fo=0)                   0.000     0.000    CLK100MHZ
    E3                   IBUF (Prop_ibuf_I_O)         1.482     1.482 r  CLK100MHZ_IBUF_inst/O
                         net (fo=1, unplaced)         0.803     2.285    CLK100MHZ_IBUF
                         BUFG (Prop_bufg_I_O)         0.096     2.381 r  CLK100MHZ_IBUF_BUFG_inst/O
                         net (fo=10192, unplaced)     0.584     2.965    u_fe256/clk
                         FDRE                                         r  u_fe256/qb_reg[1][1]/C
  -------------------------------------------------------------------    -------------------
                         FDRE (Prop_fdre_C_Q)         0.478     3.443 r  u_fe256/qb_reg[1][1]/Q
                         net (fo=11, unplaced)        1.011     4.454    u_fe256/p_0_in204_in[9]
                         LUT6 (Prop_lut6_I0_O)        0.295     4.749 r  u_fe256/reason[2]_i_406/O
                         net (fo=1, unplaced)         0.964     5.713    u_fe256/reason[2]_i_406_n_0
                         LUT6 (Prop_lut6_I0_O)        0.124     5.837 r  u_fe256/reason[2]_i_335/O
                         net (fo=1, unplaced)         0.449     6.286    u_fe256/reason[2]_i_335_n_0
                         LUT6 (Prop_lut6_I5_O)        0.124     6.410 r  u_fe256/reason[2]_i_177/O
                         net (fo=1, unplaced)         0.449     6.859    u_fe256/reason[2]_i_177_n_0
                         LUT6 (Prop_lut6_I5_O)        0.124     6.983 r  u_fe256/reason[2]_i_86/O
                         net (fo=1, unplaced)         0.449     7.432    u_fe256/reason[2]_i_86_n_0
                         LUT6 (Prop_lut6_I5_O)        0.124     7.556 r  u_fe256/reason[2]_i_30/O
                         net (fo=1, unplaced)         0.449     8.005    u_fe256/reason[2]_i_30_n_0
                         LUT6 (Prop_lut6_I4_O)        0.124     8.129 r  u_fe256/reason[2]_i_13/O
                         net (fo=1, unplaced)         0.000     8.129    u_fe256/reason[2]_i_13_n_0
                         CARRY4 (Prop_carry4_S[0]_CO[1])
                                                      0.458     8.587 f  u_fe256/reason_reg[2]_i_6/CO[1]
                         net (fo=1, unplaced)         0.312     8.899    u_fe256/state31_out
                         LUT4 (Prop_lut4_I2_O)        0.332     9.231 f  u_fe256/reason[2]_i_2/O
                         net (fo=8, unplaced)         0.487     9.718    u_fe256/state16_out
                         LUT6 (Prop_lut6_I5_O)        0.124     9.842 r  u_fe256/n_ans[7]_i_4/O
                         net (fo=5, unplaced)         0.477    10.319    u_fe256/n_ans[7]_i_4_n_0
                         LUT6 (Prop_lut6_I1_O)        0.124    10.443 r  u_fe256/fq_hops[0][3]_i_2/O
                         net (fo=42, unplaced)        0.527    10.970    u_fe256/fq_hops[0][3]_i_2_n_0
                         LUT3 (Prop_lut3_I0_O)        0.124    11.094 r  u_fe256/fq_node[0][31]_i_1/O
                         net (fo=19, unplaced)        0.667    11.761    u_fe256/fq_node[0][31]_i_1_n_0
                         FDSE                                         r  u_fe256/fq_node_reg[0][10]/S
  -------------------------------------------------------------------    -------------------

                         (clock sys_clk_pin rise edge)
                                                     10.000    10.000 r  <hidden>
    E3                                                0.000    10.000 r  CLK100MHZ
                         net (fo=0)                   0.000    10.000    CLK100MHZ
    E3                   IBUF (Prop_ibuf_I_O)         1.411    11.411 r  CLK100MHZ_IBUF_inst/O
                         net (fo=1, unplaced)         0.763    12.174    CLK100MHZ_IBUF
                         BUFG (Prop_bufg_I_O)         0.091    12.265 r  CLK100MHZ_IBUF_BUFG_inst/O
                         net (fo=10192, unplaced)     0.439    12.704    u_fe256/clk
                         FDSE                                         r  u_fe256/fq_node_reg[0][10]/C
                         clock pessimism              0.116    12.820    <hidden>
                         clock uncertainty           -0.035    12.784    <hidden>
                         FDSE (Setup_fdse_C_S)       -0.557    12.227    u_fe256/fq_node_reg[0][10]
  -------------------------------------------------------------------
                         required time                         12.227    <hidden>
                         arrival time                         -11.761    <hidden>
  -------------------------------------------------------------------
                         slack                                  0.467    <hidden>

Slack (MET) :             0.467ns  (required time - arrival time)
  Source:                 u_fe256/qb_reg[1][1]/C
                            (rising edge-triggered cell FDRE clocked by sys_clk_pin  {rise@0.000ns fall@5.000ns period=10.000ns})
  Destination:            u_fe256/fq_node_reg[0][11]/S
                            (rising edge-triggered cell FDSE clocked by sys_clk_pin  {rise@0.000ns fall@5.000ns period=10.000ns})
  Path Group:             sys_clk_pin
  Path Type:              Setup (Max at Slow Process Corner)
  Requirement:            10.000ns  (sys_clk_pin rise@10.000ns - sys_clk_pin rise@0.000ns)
  Data Path Delay:        8.796ns  (logic 2.555ns (29.047%)  route 6.241ns (70.953%))
  Logic Levels:           11  (CARRY4=1 LUT3=1 LUT4=1 LUT6=8)
  Clock Path Skew:        -0.145ns (DCD - SCD + CPR)
    Destination Clock Delay (DCD):    2.704ns = ( 12.704 - 10.000 ) 
    Source Clock Delay      (SCD):    2.965ns
    Clock Pessimism Removal (CPR):    0.116ns
  Clock Uncertainty:      0.035ns  ((TSJ^2 + TIJ^2)^1/2 + DJ) / 2 + PE
    Total System Jitter     (TSJ):    0.071ns
    Total Input Jitter      (TIJ):    0.000ns
    Discrete Jitter          (DJ):    0.000ns
    Phase Error              (PE):    0.000ns

    Location             Delay type                Incr(ns)  Path(ns)    Netlist Resource(s)
  -------------------------------------------------------------------    -------------------
                         (clock sys_clk_pin rise edge)
                                                      0.000     0.000 r  <hidden>
    E3                                                0.000     0.000 r  CLK100MHZ
                         net (fo=0)                   0.000     0.000    CLK100MHZ
    E3                   IBUF (Prop_ibuf_I_O)         1.482     1.482 r  CLK100MHZ_IBUF_inst/O
                         net (fo=1, unplaced)         0.803     2.285    CLK100MHZ_IBUF
                         BUFG (Prop_bufg_I_O)         0.096     2.381 r  CLK100MHZ_IBUF_BUFG_inst/O
                         net (fo=10192, unplaced)     0.584     2.965    u_fe256/clk
                         FDRE                                         r  u_fe256/qb_reg[1][1]/C
  -------------------------------------------------------------------    -------------------
                         FDRE (Prop_fdre_C_Q)         0.478     3.443 r  u_fe256/qb_reg[1][1]/Q
                         net (fo=11, unplaced)        1.011     4.454    u_fe256/p_0_in204_in[9]
                         LUT6 (Prop_lut6_I0_O)        0.295     4.749 r  u_fe256/reason[2]_i_406/O
                         net (fo=1, unplaced)         0.964     5.713    u_fe256/reason[2]_i_406_n_0
                         LUT6 (Prop_lut6_I0_O)        0.124     5.837 r  u_fe256/reason[2]_i_335/O
                         net (fo=1, unplaced)         0.449     6.286    u_fe256/reason[2]_i_335_n_0
                         LUT6 (Prop_lut6_I5_O)        0.124     6.410 r  u_fe256/reason[2]_i_177/O
                         net (fo=1, unplaced)         0.449     6.859    u_fe256/reason[2]_i_177_n_0
                         LUT6 (Prop_lut6_I5_O)        0.124     6.983 r  u_fe256/reason[2]_i_86/O
                         net (fo=1, unplaced)         0.449     7.432    u_fe256/reason[2]_i_86_n_0
                         LUT6 (Prop_lut6_I5_O)        0.124     7.556 r  u_fe256/reason[2]_i_30/O
                         net (fo=1, unplaced)         0.449     8.005    u_fe256/reason[2]_i_30_n_0
                         LUT6 (Prop_lut6_I4_O)        0.124     8.129 r  u_fe256/reason[2]_i_13/O
                         net (fo=1, unplaced)         0.000     8.129    u_fe256/reason[2]_i_13_n_0
                         CARRY4 (Prop_carry4_S[0]_CO[1])
                                                      0.458     8.587 f  u_fe256/reason_reg[2]_i_6/CO[1]
                         net (fo=1, unplaced)         0.312     8.899    u_fe256/state31_out
                         LUT4 (Prop_lut4_I2_O)        0.332     9.231 f  u_fe256/reason[2]_i_2/O
                         net (fo=8, unplaced)         0.487     9.718    u_fe256/state16_out
                         LUT6 (Prop_lut6_I5_O)        0.124     9.842 r  u_fe256/n_ans[7]_i_4/O
                         net (fo=5, unplaced)         0.477    10.319    u_fe256/n_ans[7]_i_4_n_0
                         LUT6 (Prop_lut6_I1_O)        0.124    10.443 r  u_fe256/fq_hops[0][3]_i_2/O
                         net (fo=42, unplaced)        0.527    10.970    u_fe256/fq_hops[0][3]_i_2_n_0
                         LUT3 (Prop_lut3_I0_O)        0.124    11.094 r  u_fe256/fq_node[0][31]_i_1/O
                         net (fo=19, unplaced)        0.667    11.761    u_fe256/fq_node[0][31]_i_1_n_0
                         FDSE                                         r  u_fe256/fq_node_reg[0][11]/S
  -------------------------------------------------------------------    -------------------

                         (clock sys_clk_pin rise edge)
                                                     10.000    10.000 r  <hidden>
    E3                                                0.000    10.000 r  CLK100MHZ
                         net (fo=0)                   0.000    10.000    CLK100MHZ
    E3                   IBUF (Prop_ibuf_I_O)         1.411    11.411 r  CLK100MHZ_IBUF_inst/O
                         net (fo=1, unplaced)         0.763    12.174    CLK100MHZ_IBUF
                         BUFG (Prop_bufg_I_O)         0.091    12.265 r  CLK100MHZ_IBUF_BUFG_inst/O
                         net (fo=10192, unplaced)     0.439    12.704    u_fe256/clk
                         FDSE                                         r  u_fe256/fq_node_reg[0][11]/C
                         clock pessimism              0.116    12.820    <hidden>
                         clock uncertainty           -0.035    12.784    <hidden>
                         FDSE (Setup_fdse_C_S)       -0.557    12.227    u_fe256/fq_node_reg[0][11]
  -------------------------------------------------------------------
                         required time                         12.227    <hidden>
                         arrival time                         -11.761    <hidden>
  -------------------------------------------------------------------
                         slack                                  0.467    <hidden>

Slack (MET) :             0.467ns  (required time - arrival time)
  Source:                 u_fe256/qb_reg[1][1]/C
                            (rising edge-triggered cell FDRE clocked by sys_clk_pin  {rise@0.000ns fall@5.000ns period=10.000ns})
  Destination:            u_fe256/fq_node_reg[0][13]/S
                            (rising edge-triggered cell FDSE clocked by sys_clk_pin  {rise@0.000ns fall@5.000ns period=10.000ns})
  Path Group:             sys_clk_pin
  Path Type:              Setup (Max at Slow Process Corner)
  Requirement:            10.000ns  (sys_clk_pin rise@10.000ns - sys_clk_pin rise@0.000ns)
  Data Path Delay:        8.796ns  (logic 2.555ns (29.047%)  route 6.241ns (70.953%))
  Logic Levels:           11  (CARRY4=1 LUT3=1 LUT4=1 LUT6=8)
  Clock Path Skew:        -0.145ns (DCD - SCD + CPR)
    Destination Clock Delay (DCD):    2.704ns = ( 12.704 - 10.000 ) 
    Source Clock Delay      (SCD):    2.965ns
    Clock Pessimism Removal (CPR):    0.116ns
  Clock Uncertainty:      0.035ns  ((TSJ^2 + TIJ^2)^1/2 + DJ) / 2 + PE
    Total System Jitter     (TSJ):    0.071ns
    Total Input Jitter      (TIJ):    0.000ns
    Discrete Jitter          (DJ):    0.000ns
    Phase Error              (PE):    0.000ns

    Location             Delay type                Incr(ns)  Path(ns)    Netlist Resource(s)
  -------------------------------------------------------------------    -------------------
                         (clock sys_clk_pin rise edge)
                                                      0.000     0.000 r  <hidden>
    E3                                                0.000     0.000 r  CLK100MHZ
                         net (fo=0)                   0.000     0.000    CLK100MHZ
    E3                   IBUF (Prop_ibuf_I_O)         1.482     1.482 r  CLK100MHZ_IBUF_inst/O
                         net (fo=1, unplaced)         0.803     2.285    CLK100MHZ_IBUF
                         BUFG (Prop_bufg_I_O)         0.096     2.381 r  CLK100MHZ_IBUF_BUFG_inst/O
                         net (fo=10192, unplaced)     0.584     2.965    u_fe256/clk
                         FDRE                                         r  u_fe256/qb_reg[1][1]/C
  -------------------------------------------------------------------    -------------------
                         FDRE (Prop_fdre_C_Q)         0.478     3.443 r  u_fe256/qb_reg[1][1]/Q
                         net (fo=11, unplaced)        1.011     4.454    u_fe256/p_0_in204_in[9]
                         LUT6 (Prop_lut6_I0_O)        0.295     4.749 r  u_fe256/reason[2]_i_406/O
                         net (fo=1, unplaced)         0.964     5.713    u_fe256/reason[2]_i_406_n_0
                         LUT6 (Prop_lut6_I0_O)        0.124     5.837 r  u_fe256/reason[2]_i_335/O
                         net (fo=1, unplaced)         0.449     6.286    u_fe256/reason[2]_i_335_n_0
                         LUT6 (Prop_lut6_I5_O)        0.124     6.410 r  u_fe256/reason[2]_i_177/O
                         net (fo=1, unplaced)         0.449     6.859    u_fe256/reason[2]_i_177_n_0
                         LUT6 (Prop_lut6_I5_O)        0.124     6.983 r  u_fe256/reason[2]_i_86/O
                         net (fo=1, unplaced)         0.449     7.432    u_fe256/reason[2]_i_86_n_0
                         LUT6 (Prop_lut6_I5_O)        0.124     7.556 r  u_fe256/reason[2]_i_30/O
                         net (fo=1, unplaced)         0.449     8.005    u_fe256/reason[2]_i_30_n_0
                         LUT6 (Prop_lut6_I4_O)        0.124     8.129 r  u_fe256/reason[2]_i_13/O
                         net (fo=1, unplaced)         0.000     8.129    u_fe256/reason[2]_i_13_n_0
                         CARRY4 (Prop_carry4_S[0]_CO[1])
                                                      0.458     8.587 f  u_fe256/reason_reg[2]_i_6/CO[1]
                         net (fo=1, unplaced)         0.312     8.899    u_fe256/state31_out
                         LUT4 (Prop_lut4_I2_O)        0.332     9.231 f  u_fe256/reason[2]_i_2/O
                         net (fo=8, unplaced)         0.487     9.718    u_fe256/state16_out
                         LUT6 (Prop_lut6_I5_O)        0.124     9.842 r  u_fe256/n_ans[7]_i_4/O
                         net (fo=5, unplaced)         0.477    10.319    u_fe256/n_ans[7]_i_4_n_0
                         LUT6 (Prop_lut6_I1_O)        0.124    10.443 r  u_fe256/fq_hops[0][3]_i_2/O
                         net (fo=42, unplaced)        0.527    10.970    u_fe256/fq_hops[0][3]_i_2_n_0
                         LUT3 (Prop_lut3_I0_O)        0.124    11.094 r  u_fe256/fq_node[0][31]_i_1/O
                         net (fo=19, unplaced)        0.667    11.761    u_fe256/fq_node[0][31]_i_1_n_0
                         FDSE                                         r  u_fe256/fq_node_reg[0][13]/S
  -------------------------------------------------------------------    -------------------

                         (clock sys_clk_pin rise edge)
                                                     10.000    10.000 r  <hidden>
    E3                                                0.000    10.000 r  CLK100MHZ
                         net (fo=0)                   0.000    10.000    CLK100MHZ
    E3                   IBUF (Prop_ibuf_I_O)         1.411    11.411 r  CLK100MHZ_IBUF_inst/O
                         net (fo=1, unplaced)         0.763    12.174    CLK100MHZ_IBUF
                         BUFG (Prop_bufg_I_O)         0.091    12.265 r  CLK100MHZ_IBUF_BUFG_inst/O
                         net (fo=10192, unplaced)     0.439    12.704    u_fe256/clk
                         FDSE                                         r  u_fe256/fq_node_reg[0][13]/C
                         clock pessimism              0.116    12.820    <hidden>
                         clock uncertainty           -0.035    12.784    <hidden>
                         FDSE (Setup_fdse_C_S)       -0.557    12.227    u_fe256/fq_node_reg[0][13]
  -------------------------------------------------------------------
                         required time                         12.227    <hidden>
                         arrival time                         -11.761    <hidden>
  -------------------------------------------------------------------
                         slack                                  0.467    <hidden>

Slack (MET) :             0.467ns  (required time - arrival time)
  Source:                 u_fe256/qb_reg[1][1]/C
                            (rising edge-triggered cell FDRE clocked by sys_clk_pin  {rise@0.000ns fall@5.000ns period=10.000ns})
  Destination:            u_fe256/fq_node_reg[0][14]/S
                            (rising edge-triggered cell FDSE clocked by sys_clk_pin  {rise@0.000ns fall@5.000ns period=10.000ns})
  Path Group:             sys_clk_pin
  Path Type:              Setup (Max at Slow Process Corner)
  Requirement:            10.000ns  (sys_clk_pin rise@10.000ns - sys_clk_pin rise@0.000ns)
  Data Path Delay:        8.796ns  (logic 2.555ns (29.047%)  route 6.241ns (70.953%))
  Logic Levels:           11  (CARRY4=1 LUT3=1 LUT4=1 LUT6=8)
  Clock Path Skew:        -0.145ns (DCD - SCD + CPR)
    Destination Clock Delay (DCD):    2.704ns = ( 12.704 - 10.000 ) 
    Source Clock Delay      (SCD):    2.965ns
    Clock Pessimism Removal (CPR):    0.116ns
  Clock Uncertainty:      0.035ns  ((TSJ^2 + TIJ^2)^1/2 + DJ) / 2 + PE
    Total System Jitter     (TSJ):    0.071ns
    Total Input Jitter      (TIJ):    0.000ns
    Discrete Jitter          (DJ):    0.000ns
    Phase Error              (PE):    0.000ns

    Location             Delay type                Incr(ns)  Path(ns)    Netlist Resource(s)
  -------------------------------------------------------------------    -------------------
                         (clock sys_clk_pin rise edge)
                                                      0.000     0.000 r  <hidden>
    E3                                                0.000     0.000 r  CLK100MHZ
                         net (fo=0)                   0.000     0.000    CLK100MHZ
    E3                   IBUF (Prop_ibuf_I_O)         1.482     1.482 r  CLK100MHZ_IBUF_inst/O
                         net (fo=1, unplaced)         0.803     2.285    CLK100MHZ_IBUF
                         BUFG (Prop_bufg_I_O)         0.096     2.381 r  CLK100MHZ_IBUF_BUFG_inst/O
                         net (fo=10192, unplaced)     0.584     2.965    u_fe256/clk
                         FDRE                                         r  u_fe256/qb_reg[1][1]/C
  -------------------------------------------------------------------    -------------------
                         FDRE (Prop_fdre_C_Q)         0.478     3.443 r  u_fe256/qb_reg[1][1]/Q
                         net (fo=11, unplaced)        1.011     4.454    u_fe256/p_0_in204_in[9]
                         LUT6 (Prop_lut6_I0_O)        0.295     4.749 r  u_fe256/reason[2]_i_406/O
                         net (fo=1, unplaced)         0.964     5.713    u_fe256/reason[2]_i_406_n_0
                         LUT6 (Prop_lut6_I0_O)        0.124     5.837 r  u_fe256/reason[2]_i_335/O
                         net (fo=1, unplaced)         0.449     6.286    u_fe256/reason[2]_i_335_n_0
                         LUT6 (Prop_lut6_I5_O)        0.124     6.410 r  u_fe256/reason[2]_i_177/O
                         net (fo=1, unplaced)         0.449     6.859    u_fe256/reason[2]_i_177_n_0
                         LUT6 (Prop_lut6_I5_O)        0.124     6.983 r  u_fe256/reason[2]_i_86/O
                         net (fo=1, unplaced)         0.449     7.432    u_fe256/reason[2]_i_86_n_0
                         LUT6 (Prop_lut6_I5_O)        0.124     7.556 r  u_fe256/reason[2]_i_30/O
                         net (fo=1, unplaced)         0.449     8.005    u_fe256/reason[2]_i_30_n_0
                         LUT6 (Prop_lut6_I4_O)        0.124     8.129 r  u_fe256/reason[2]_i_13/O
                         net (fo=1, unplaced)         0.000     8.129    u_fe256/reason[2]_i_13_n_0
                         CARRY4 (Prop_carry4_S[0]_CO[1])
                                                      0.458     8.587 f  u_fe256/reason_reg[2]_i_6/CO[1]
                         net (fo=1, unplaced)         0.312     8.899    u_fe256/state31_out
                         LUT4 (Prop_lut4_I2_O)        0.332     9.231 f  u_fe256/reason[2]_i_2/O
                         net (fo=8, unplaced)         0.487     9.718    u_fe256/state16_out
                         LUT6 (Prop_lut6_I5_O)        0.124     9.842 r  u_fe256/n_ans[7]_i_4/O
                         net (fo=5, unplaced)         0.477    10.319    u_fe256/n_ans[7]_i_4_n_0
                         LUT6 (Prop_lut6_I1_O)        0.124    10.443 r  u_fe256/fq_hops[0][3]_i_2/O
                         net (fo=42, unplaced)        0.527    10.970    u_fe256/fq_hops[0][3]_i_2_n_0
                         LUT3 (Prop_lut3_I0_O)        0.124    11.094 r  u_fe256/fq_node[0][31]_i_1/O
                         net (fo=19, unplaced)        0.667    11.761    u_fe256/fq_node[0][31]_i_1_n_0
                         FDSE                                         r  u_fe256/fq_node_reg[0][14]/S
  -------------------------------------------------------------------    -------------------

                         (clock sys_clk_pin rise edge)
                                                     10.000    10.000 r  <hidden>
    E3                                                0.000    10.000 r  CLK100MHZ
                         net (fo=0)                   0.000    10.000    CLK100MHZ
    E3                   IBUF (Prop_ibuf_I_O)         1.411    11.411 r  CLK100MHZ_IBUF_inst/O
                         net (fo=1, unplaced)         0.763    12.174    CLK100MHZ_IBUF
                         BUFG (Prop_bufg_I_O)         0.091    12.265 r  CLK100MHZ_IBUF_BUFG_inst/O
                         net (fo=10192, unplaced)     0.439    12.704    u_fe256/clk
                         FDSE                                         r  u_fe256/fq_node_reg[0][14]/C
                         clock pessimism              0.116    12.820    <hidden>
                         clock uncertainty           -0.035    12.784    <hidden>
                         FDSE (Setup_fdse_C_S)       -0.557    12.227    u_fe256/fq_node_reg[0][14]
  -------------------------------------------------------------------
                         required time                         12.227    <hidden>
                         arrival time                         -11.761    <hidden>
  -------------------------------------------------------------------
                         slack                                  0.467    <hidden>

Slack (MET) :             0.467ns  (required time - arrival time)
  Source:                 u_fe256/qb_reg[1][1]/C
                            (rising edge-triggered cell FDRE clocked by sys_clk_pin  {rise@0.000ns fall@5.000ns period=10.000ns})
  Destination:            u_fe256/fq_node_reg[0][15]/S
                            (rising edge-triggered cell FDSE clocked by sys_clk_pin  {rise@0.000ns fall@5.000ns period=10.000ns})
  Path Group:             sys_clk_pin
  Path Type:              Setup (Max at Slow Process Corner)
  Requirement:            10.000ns  (sys_clk_pin rise@10.000ns - sys_clk_pin rise@0.000ns)
  Data Path Delay:        8.796ns  (logic 2.555ns (29.047%)  route 6.241ns (70.953%))
  Logic Levels:           11  (CARRY4=1 LUT3=1 LUT4=1 LUT6=8)
  Clock Path Skew:        -0.145ns (DCD - SCD + CPR)
    Destination Clock Delay (DCD):    2.704ns = ( 12.704 - 10.000 ) 
    Source Clock Delay      (SCD):    2.965ns
    Clock Pessimism Removal (CPR):    0.116ns
  Clock Uncertainty:      0.035ns  ((TSJ^2 + TIJ^2)^1/2 + DJ) / 2 + PE
    Total System Jitter     (TSJ):    0.071ns
    Total Input Jitter      (TIJ):    0.000ns
    Discrete Jitter          (DJ):    0.000ns
    Phase Error              (PE):    0.000ns

    Location             Delay type                Incr(ns)  Path(ns)    Netlist Resource(s)
  -------------------------------------------------------------------    -------------------
                         (clock sys_clk_pin rise edge)
                                                      0.000     0.000 r  <hidden>
    E3                                                0.000     0.000 r  CLK100MHZ
                         net (fo=0)                   0.000     0.000    CLK100MHZ
    E3                   IBUF (Prop_ibuf_I_O)         1.482     1.482 r  CLK100MHZ_IBUF_inst/O
                         net (fo=1, unplaced)         0.803     2.285    CLK100MHZ_IBUF
                         BUFG (Prop_bufg_I_O)         0.096     2.381 r  CLK100MHZ_IBUF_BUFG_inst/O
                         net (fo=10192, unplaced)     0.584     2.965    u_fe256/clk
                         FDRE                                         r  u_fe256/qb_reg[1][1]/C
  -------------------------------------------------------------------    -------------------
                         FDRE (Prop_fdre_C_Q)         0.478     3.443 r  u_fe256/qb_reg[1][1]/Q
                         net (fo=11, unplaced)        1.011     4.454    u_fe256/p_0_in204_in[9]
                         LUT6 (Prop_lut6_I0_O)        0.295     4.749 r  u_fe256/reason[2]_i_406/O
                         net (fo=1, unplaced)         0.964     5.713    u_fe256/reason[2]_i_406_n_0
                         LUT6 (Prop_lut6_I0_O)        0.124     5.837 r  u_fe256/reason[2]_i_335/O
                         net (fo=1, unplaced)         0.449     6.286    u_fe256/reason[2]_i_335_n_0
                         LUT6 (Prop_lut6_I5_O)        0.124     6.410 r  u_fe256/reason[2]_i_177/O
                         net (fo=1, unplaced)         0.449     6.859    u_fe256/reason[2]_i_177_n_0
                         LUT6 (Prop_lut6_I5_O)        0.124     6.983 r  u_fe256/reason[2]_i_86/O
                         net (fo=1, unplaced)         0.449     7.432    u_fe256/reason[2]_i_86_n_0
                         LUT6 (Prop_lut6_I5_O)        0.124     7.556 r  u_fe256/reason[2]_i_30/O
                         net (fo=1, unplaced)         0.449     8.005    u_fe256/reason[2]_i_30_n_0
                         LUT6 (Prop_lut6_I4_O)        0.124     8.129 r  u_fe256/reason[2]_i_13/O
                         net (fo=1, unplaced)         0.000     8.129    u_fe256/reason[2]_i_13_n_0
                         CARRY4 (Prop_carry4_S[0]_CO[1])
                                                      0.458     8.587 f  u_fe256/reason_reg[2]_i_6/CO[1]
                         net (fo=1, unplaced)         0.312     8.899    u_fe256/state31_out
                         LUT4 (Prop_lut4_I2_O)        0.332     9.231 f  u_fe256/reason[2]_i_2/O
                         net (fo=8, unplaced)         0.487     9.718    u_fe256/state16_out
                         LUT6 (Prop_lut6_I5_O)        0.124     9.842 r  u_fe256/n_ans[7]_i_4/O
                         net (fo=5, unplaced)         0.477    10.319    u_fe256/n_ans[7]_i_4_n_0
                         LUT6 (Prop_lut6_I1_O)        0.124    10.443 r  u_fe256/fq_hops[0][3]_i_2/O
                         net (fo=42, unplaced)        0.527    10.970    u_fe256/fq_hops[0][3]_i_2_n_0
                         LUT3 (Prop_lut3_I0_O)        0.124    11.094 r  u_fe256/fq_node[0][31]_i_1/O
                         net (fo=19, unplaced)        0.667    11.761    u_fe256/fq_node[0][31]_i_1_n_0
                         FDSE                                         r  u_fe256/fq_node_reg[0][15]/S
  -------------------------------------------------------------------    -------------------

                         (clock sys_clk_pin rise edge)
                                                     10.000    10.000 r  <hidden>
    E3                                                0.000    10.000 r  CLK100MHZ
                         net (fo=0)                   0.000    10.000    CLK100MHZ
    E3                   IBUF (Prop_ibuf_I_O)         1.411    11.411 r  CLK100MHZ_IBUF_inst/O
                         net (fo=1, unplaced)         0.763    12.174    CLK100MHZ_IBUF
                         BUFG (Prop_bufg_I_O)         0.091    12.265 r  CLK100MHZ_IBUF_BUFG_inst/O
                         net (fo=10192, unplaced)     0.439    12.704    u_fe256/clk
                         FDSE                                         r  u_fe256/fq_node_reg[0][15]/C
                         clock pessimism              0.116    12.820    <hidden>
                         clock uncertainty           -0.035    12.784    <hidden>
                         FDSE (Setup_fdse_C_S)       -0.557    12.227    u_fe256/fq_node_reg[0][15]
  -------------------------------------------------------------------
                         required time                         12.227    <hidden>
                         arrival time                         -11.761    <hidden>
  -------------------------------------------------------------------
                         slack                                  0.467    <hidden>




