Copyright 1986-2022 Xilinx, Inc. All Rights Reserved. Copyright 2022-2026 Advanced Micro Devices, Inc. All Rights Reserved.
---------------------------------------------------------------------------------------------------------------------------------------------
| Tool Version : Vivado v.2026.1 (win64) Build 6511674 Tue Jun 16 11:02:23 MDT 2026
| Date         : Sun Sep 20 20:20:08 2026
| Host         : laptop-Quan running 64-bit major release  (build 9200)
| Command      : report_timing -hold -max_paths 5 -file D:/FPGA/arty_d/UART_R2/build_u33obs_steer/reports/hold_route.rpt
| Design       : arty_a7_r2_top_m4_mig_candidate
| Device       : 7a100t-csg324
| Speed File   : -1  PRODUCTION 1.23 2018-06-13
| Design State : Routed
---------------------------------------------------------------------------------------------------------------------------------------------

Timing Report

Slack (MET) :             0.012ns  (arrival time - required time)
  Source:                 u_mig/u_mig0_mig/u_memc_ui_top_std/u_ui_top/ui_rd_data0/not_strict_mode.status_ram.status_ram_wr_addr_r_reg[0]/C
                            (rising edge-triggered cell FDRE clocked by clk_pll_i  {rise@0.000ns fall@6.000ns period=12.000ns})
  Destination:            u_mig/u_mig0_mig/u_memc_ui_top_std/u_ui_top/ui_rd_data0/not_strict_mode.status_ram.RAM32M0/RAMA/WADR0
                            (rising edge-triggered cell RAMD32 clocked by clk_pll_i  {rise@0.000ns fall@6.000ns period=12.000ns})
  Path Group:             clk_pll_i
  Path Type:              Hold (Min at Fast Process Corner)
  Requirement:            0.000ns  (clk_pll_i rise@0.000ns - clk_pll_i rise@0.000ns)
  Data Path Delay:        0.335ns  (logic 0.141ns (42.076%)  route 0.194ns (57.924%))
  Logic Levels:           0  
  Clock Path Skew:        0.013ns (DCD - SCD - CPR)
    Destination Clock Delay (DCD):    3.024ns
    Source Clock Delay      (SCD):    2.215ns
    Clock Pessimism Removal (CPR):    0.795ns

    Location             Delay type                Incr(ns)  Path(ns)    Netlist Resource(s)
  -------------------------------------------------------------------    -------------------
                         (clock clk_pll_i rise edge)
                                                      0.000     0.000 r  <hidden>
    E3                                                0.000     0.000 r  CLK100MHZ
                         net (fo=0)                   0.000     0.000    CLK100MHZ
    E3                   IBUF (Prop_ibuf_I_O)         0.250     0.250 r  CLK100MHZ_IBUF_inst/O
                         net (fo=1, routed)           0.644     0.894    CLK100MHZ_IBUF
    BUFGCTRL_X0Y16       BUFG (Prop_bufg_I_O)         0.026     0.920 r  CLK100MHZ_IBUF_BUFG_inst/O
                         net (fo=3848, routed)        0.624     1.544    u_clk/CLK
    MMCME2_ADV_X0Y0      MMCME2_ADV (Prop_mmcme2_adv_CLKIN1_CLKOUT0)
                                                     -1.296     0.248 r  u_clk/mmcm/CLKOUT0
                         net (fo=1, routed)           0.648     0.896    u_clk/clk166_u
    BUFGCTRL_X0Y2        BUFG (Prop_bufg_I_O)         0.026     0.922 r  u_clk/b166/O
                         net (fo=1, routed)           0.564     1.485    u_mig/u_mig0_mig/u_ddr3_infrastructure/mmcm_clk
    PLLE2_ADV_X1Y1       PLLE2_ADV (Prop_plle2_adv_CLKIN1_CLKOUT3)
                                                      0.050     1.535 r  u_mig/u_mig0_mig/u_ddr3_infrastructure/plle2_i/CLKOUT3
                         net (fo=1, routed)           0.394     1.929    u_mig/u_mig0_mig/u_ddr3_infrastructure/pll_clk3_out
    BUFHCE_X1Y12         BUFH (Prop_bufh_I_O)         0.020     1.949 r  u_mig/u_mig0_mig/u_ddr3_infrastructure/u_bufh_pll_clk3/O
                         net (fo=1, routed)           0.269     2.218    u_mig/u_mig0_mig/u_ddr3_infrastructure/pll_clk3
    MMCME2_ADV_X1Y1      MMCME2_ADV (Prop_mmcme2_adv_CLKIN1_CLKFBOUT)
                                                     -1.083     1.135 r  u_mig/u_mig0_mig/u_ddr3_infrastructure/gen_mmcm.mmcm_i/CLKFBOUT
                         net (fo=1, routed)           0.499     1.634    u_mig/u_mig0_mig/u_ddr3_infrastructure/clk_pll_i
    BUFGCTRL_X0Y0        BUFG (Prop_bufg_I_O)         0.026     1.660 r  u_mig/u_mig0_mig/u_ddr3_infrastructure/u_bufg_clkdiv0/O
                         net (fo=6976, routed)        0.556     2.215    u_mig/u_mig0_mig/u_memc_ui_top_std/u_ui_top/ui_rd_data0/CLK
    SLICE_X71Y77         FDRE                                         r  u_mig/u_mig0_mig/u_memc_ui_top_std/u_ui_top/ui_rd_data0/not_strict_mode.status_ram.status_ram_wr_addr_r_reg[0]/C
  -------------------------------------------------------------------    -------------------
    SLICE_X71Y77         FDRE (Prop_fdre_C_Q)         0.141     2.356 r  u_mig/u_mig0_mig/u_memc_ui_top_std/u_ui_top/ui_rd_data0/not_strict_mode.status_ram.status_ram_wr_addr_r_reg[0]/Q
                         net (fo=8, routed)           0.194     2.550    u_mig/u_mig0_mig/u_memc_ui_top_std/u_ui_top/ui_rd_data0/not_strict_mode.status_ram.RAM32M0/ADDRD0
    SLICE_X70Y77         RAMD32                                       r  u_mig/u_mig0_mig/u_memc_ui_top_std/u_ui_top/ui_rd_data0/not_strict_mode.status_ram.RAM32M0/RAMA/WADR0
  -------------------------------------------------------------------    -------------------

                         (clock clk_pll_i rise edge)
                                                      0.000     0.000 r  <hidden>
    E3                                                0.000     0.000 r  CLK100MHZ
                         net (fo=0)                   0.000     0.000    CLK100MHZ
    E3                   IBUF (Prop_ibuf_I_O)         0.438     0.438 r  CLK100MHZ_IBUF_inst/O
                         net (fo=1, routed)           0.699     1.136    CLK100MHZ_IBUF
    BUFGCTRL_X0Y16       BUFG (Prop_bufg_I_O)         0.029     1.165 r  CLK100MHZ_IBUF_BUFG_inst/O
                         net (fo=3848, routed)        0.898     2.063    u_clk/CLK
    MMCME2_ADV_X0Y0      MMCME2_ADV (Prop_mmcme2_adv_CLKIN1_CLKOUT0)
                                                     -1.625     0.438 r  u_clk/mmcm/CLKOUT0
                         net (fo=1, routed)           0.700     1.138    u_clk/clk166_u
    BUFGCTRL_X0Y2        BUFG (Prop_bufg_I_O)         0.029     1.167 r  u_clk/b166/O
                         net (fo=1, routed)           0.833     2.000    u_mig/u_mig0_mig/u_ddr3_infrastructure/mmcm_clk
    PLLE2_ADV_X1Y1       PLLE2_ADV (Prop_plle2_adv_CLKIN1_CLKOUT3)
                                                      0.053     2.053 r  u_mig/u_mig0_mig/u_ddr3_infrastructure/plle2_i/CLKOUT3
                         net (fo=1, routed)           0.437     2.490    u_mig/u_mig0_mig/u_ddr3_infrastructure/pll_clk3_out
    BUFHCE_X1Y12         BUFH (Prop_bufh_I_O)         0.043     2.533 r  u_mig/u_mig0_mig/u_ddr3_infrastructure/u_bufh_pll_clk3/O
                         net (fo=1, routed)           0.494     3.027    u_mig/u_mig0_mig/u_ddr3_infrastructure/pll_clk3
    MMCME2_ADV_X1Y1      MMCME2_ADV (Prop_mmcme2_adv_CLKIN1_CLKFBOUT)
                                                     -1.400     1.627 r  u_mig/u_mig0_mig/u_ddr3_infrastructure/gen_mmcm.mmcm_i/CLKFBOUT
                         net (fo=1, routed)           0.544     2.170    u_mig/u_mig0_mig/u_ddr3_infrastructure/clk_pll_i
    BUFGCTRL_X0Y0        BUFG (Prop_bufg_I_O)         0.029     2.199 r  u_mig/u_mig0_mig/u_ddr3_infrastructure/u_bufg_clkdiv0/O
                         net (fo=6976, routed)        0.825     3.024    u_mig/u_mig0_mig/u_memc_ui_top_std/u_ui_top/ui_rd_data0/not_strict_mode.status_ram.RAM32M0/WCLK
    SLICE_X70Y77         RAMD32                                       r  u_mig/u_mig0_mig/u_memc_ui_top_std/u_ui_top/ui_rd_data0/not_strict_mode.status_ram.RAM32M0/RAMA/CLK
                         clock pessimism             -0.795     2.228    <hidden>
    SLICE_X70Y77         RAMD32 (Hold_ramd32_CLK_WADR0)
                                                      0.310     2.538    u_mig/u_mig0_mig/u_memc_ui_top_std/u_ui_top/ui_rd_data0/not_strict_mode.status_ram.RAM32M0/RAMA
  -------------------------------------------------------------------
                         required time                         -2.538    <hidden>
                         arrival time                           2.550    <hidden>
  -------------------------------------------------------------------
                         slack                                  0.012    <hidden>

Slack (MET) :             0.012ns  (arrival time - required time)
  Source:                 u_mig/u_mig0_mig/u_memc_ui_top_std/u_ui_top/ui_rd_data0/not_strict_mode.status_ram.status_ram_wr_addr_r_reg[0]/C
                            (rising edge-triggered cell FDRE clocked by clk_pll_i  {rise@0.000ns fall@6.000ns period=12.000ns})
  Destination:            u_mig/u_mig0_mig/u_memc_ui_top_std/u_ui_top/ui_rd_data0/not_strict_mode.status_ram.RAM32M0/RAMA_D1/WADR0
                            (rising edge-triggered cell RAMD32 clocked by clk_pll_i  {rise@0.000ns fall@6.000ns period=12.000ns})
  Path Group:             clk_pll_i
  Path Type:              Hold (Min at Fast Process Corner)
  Requirement:            0.000ns  (clk_pll_i rise@0.000ns - clk_pll_i rise@0.000ns)
  Data Path Delay:        0.335ns  (logic 0.141ns (42.076%)  route 0.194ns (57.924%))
  Logic Levels:           0  
  Clock Path Skew:        0.013ns (DCD - SCD - CPR)
    Destination Clock Delay (DCD):    3.024ns
    Source Clock Delay      (SCD):    2.215ns
    Clock Pessimism Removal (CPR):    0.795ns

    Location             Delay type                Incr(ns)  Path(ns)    Netlist Resource(s)
  -------------------------------------------------------------------    -------------------
                         (clock clk_pll_i rise edge)
                                                      0.000     0.000 r  <hidden>
    E3                                                0.000     0.000 r  CLK100MHZ
                         net (fo=0)                   0.000     0.000    CLK100MHZ
    E3                   IBUF (Prop_ibuf_I_O)         0.250     0.250 r  CLK100MHZ_IBUF_inst/O
                         net (fo=1, routed)           0.644     0.894    CLK100MHZ_IBUF
    BUFGCTRL_X0Y16       BUFG (Prop_bufg_I_O)         0.026     0.920 r  CLK100MHZ_IBUF_BUFG_inst/O
                         net (fo=3848, routed)        0.624     1.544    u_clk/CLK
    MMCME2_ADV_X0Y0      MMCME2_ADV (Prop_mmcme2_adv_CLKIN1_CLKOUT0)
                                                     -1.296     0.248 r  u_clk/mmcm/CLKOUT0
                         net (fo=1, routed)           0.648     0.896    u_clk/clk166_u
    BUFGCTRL_X0Y2        BUFG (Prop_bufg_I_O)         0.026     0.922 r  u_clk/b166/O
                         net (fo=1, routed)           0.564     1.485    u_mig/u_mig0_mig/u_ddr3_infrastructure/mmcm_clk
    PLLE2_ADV_X1Y1       PLLE2_ADV (Prop_plle2_adv_CLKIN1_CLKOUT3)
                                                      0.050     1.535 r  u_mig/u_mig0_mig/u_ddr3_infrastructure/plle2_i/CLKOUT3
                         net (fo=1, routed)           0.394     1.929    u_mig/u_mig0_mig/u_ddr3_infrastructure/pll_clk3_out
    BUFHCE_X1Y12         BUFH (Prop_bufh_I_O)         0.020     1.949 r  u_mig/u_mig0_mig/u_ddr3_infrastructure/u_bufh_pll_clk3/O
                         net (fo=1, routed)           0.269     2.218    u_mig/u_mig0_mig/u_ddr3_infrastructure/pll_clk3
    MMCME2_ADV_X1Y1      MMCME2_ADV (Prop_mmcme2_adv_CLKIN1_CLKFBOUT)
                                                     -1.083     1.135 r  u_mig/u_mig0_mig/u_ddr3_infrastructure/gen_mmcm.mmcm_i/CLKFBOUT
                         net (fo=1, routed)           0.499     1.634    u_mig/u_mig0_mig/u_ddr3_infrastructure/clk_pll_i
    BUFGCTRL_X0Y0        BUFG (Prop_bufg_I_O)         0.026     1.660 r  u_mig/u_mig0_mig/u_ddr3_infrastructure/u_bufg_clkdiv0/O
                         net (fo=6976, routed)        0.556     2.215    u_mig/u_mig0_mig/u_memc_ui_top_std/u_ui_top/ui_rd_data0/CLK
    SLICE_X71Y77         FDRE                                         r  u_mig/u_mig0_mig/u_memc_ui_top_std/u_ui_top/ui_rd_data0/not_strict_mode.status_ram.status_ram_wr_addr_r_reg[0]/C
  -------------------------------------------------------------------    -------------------
    SLICE_X71Y77         FDRE (Prop_fdre_C_Q)         0.141     2.356 r  u_mig/u_mig0_mig/u_memc_ui_top_std/u_ui_top/ui_rd_data0/not_strict_mode.status_ram.status_ram_wr_addr_r_reg[0]/Q
                         net (fo=8, routed)           0.194     2.550    u_mig/u_mig0_mig/u_memc_ui_top_std/u_ui_top/ui_rd_data0/not_strict_mode.status_ram.RAM32M0/ADDRD0
    SLICE_X70Y77         RAMD32                                       r  u_mig/u_mig0_mig/u_memc_ui_top_std/u_ui_top/ui_rd_data0/not_strict_mode.status_ram.RAM32M0/RAMA_D1/WADR0
  -------------------------------------------------------------------    -------------------

                         (clock clk_pll_i rise edge)
                                                      0.000     0.000 r  <hidden>
    E3                                                0.000     0.000 r  CLK100MHZ
                         net (fo=0)                   0.000     0.000    CLK100MHZ
    E3                   IBUF (Prop_ibuf_I_O)         0.438     0.438 r  CLK100MHZ_IBUF_inst/O
                         net (fo=1, routed)           0.699     1.136    CLK100MHZ_IBUF
    BUFGCTRL_X0Y16       BUFG (Prop_bufg_I_O)         0.029     1.165 r  CLK100MHZ_IBUF_BUFG_inst/O
                         net (fo=3848, routed)        0.898     2.063    u_clk/CLK
    MMCME2_ADV_X0Y0      MMCME2_ADV (Prop_mmcme2_adv_CLKIN1_CLKOUT0)
                                                     -1.625     0.438 r  u_clk/mmcm/CLKOUT0
                         net (fo=1, routed)           0.700     1.138    u_clk/clk166_u
    BUFGCTRL_X0Y2        BUFG (Prop_bufg_I_O)         0.029     1.167 r  u_clk/b166/O
                         net (fo=1, routed)           0.833     2.000    u_mig/u_mig0_mig/u_ddr3_infrastructure/mmcm_clk
    PLLE2_ADV_X1Y1       PLLE2_ADV (Prop_plle2_adv_CLKIN1_CLKOUT3)
                                                      0.053     2.053 r  u_mig/u_mig0_mig/u_ddr3_infrastructure/plle2_i/CLKOUT3
                         net (fo=1, routed)           0.437     2.490    u_mig/u_mig0_mig/u_ddr3_infrastructure/pll_clk3_out
    BUFHCE_X1Y12         BUFH (Prop_bufh_I_O)         0.043     2.533 r  u_mig/u_mig0_mig/u_ddr3_infrastructure/u_bufh_pll_clk3/O
                         net (fo=1, routed)           0.494     3.027    u_mig/u_mig0_mig/u_ddr3_infrastructure/pll_clk3
    MMCME2_ADV_X1Y1      MMCME2_ADV (Prop_mmcme2_adv_CLKIN1_CLKFBOUT)
                                                     -1.400     1.627 r  u_mig/u_mig0_mig/u_ddr3_infrastructure/gen_mmcm.mmcm_i/CLKFBOUT
                         net (fo=1, routed)           0.544     2.170    u_mig/u_mig0_mig/u_ddr3_infrastructure/clk_pll_i
    BUFGCTRL_X0Y0        BUFG (Prop_bufg_I_O)         0.029     2.199 r  u_mig/u_mig0_mig/u_ddr3_infrastructure/u_bufg_clkdiv0/O
                         net (fo=6976, routed)        0.825     3.024    u_mig/u_mig0_mig/u_memc_ui_top_std/u_ui_top/ui_rd_data0/not_strict_mode.status_ram.RAM32M0/WCLK
    SLICE_X70Y77         RAMD32                                       r  u_mig/u_mig0_mig/u_memc_ui_top_std/u_ui_top/ui_rd_data0/not_strict_mode.status_ram.RAM32M0/RAMA_D1/CLK
                         clock pessimism             -0.795     2.228    <hidden>
    SLICE_X70Y77         RAMD32 (Hold_ramd32_CLK_WADR0)
                                                      0.310     2.538    u_mig/u_mig0_mig/u_memc_ui_top_std/u_ui_top/ui_rd_data0/not_strict_mode.status_ram.RAM32M0/RAMA_D1
  -------------------------------------------------------------------
                         required time                         -2.538    <hidden>
                         arrival time                           2.550    <hidden>
  -------------------------------------------------------------------
                         slack                                  0.012    <hidden>

Slack (MET) :             0.012ns  (arrival time - required time)
  Source:                 u_mig/u_mig0_mig/u_memc_ui_top_std/u_ui_top/ui_rd_data0/not_strict_mode.status_ram.status_ram_wr_addr_r_reg[0]/C
                            (rising edge-triggered cell FDRE clocked by clk_pll_i  {rise@0.000ns fall@6.000ns period=12.000ns})
  Destination:            u_mig/u_mig0_mig/u_memc_ui_top_std/u_ui_top/ui_rd_data0/not_strict_mode.status_ram.RAM32M0/RAMB/WADR0
                            (rising edge-triggered cell RAMD32 clocked by clk_pll_i  {rise@0.000ns fall@6.000ns period=12.000ns})
  Path Group:             clk_pll_i
  Path Type:              Hold (Min at Fast Process Corner)
  Requirement:            0.000ns  (clk_pll_i rise@0.000ns - clk_pll_i rise@0.000ns)
  Data Path Delay:        0.335ns  (logic 0.141ns (42.076%)  route 0.194ns (57.924%))
  Logic Levels:           0  
  Clock Path Skew:        0.013ns (DCD - SCD - CPR)
    Destination Clock Delay (DCD):    3.024ns
    Source Clock Delay      (SCD):    2.215ns
    Clock Pessimism Removal (CPR):    0.795ns

    Location             Delay type                Incr(ns)  Path(ns)    Netlist Resource(s)
  -------------------------------------------------------------------    -------------------
                         (clock clk_pll_i rise edge)
                                                      0.000     0.000 r  <hidden>
    E3                                                0.000     0.000 r  CLK100MHZ
                         net (fo=0)                   0.000     0.000    CLK100MHZ
    E3                   IBUF (Prop_ibuf_I_O)         0.250     0.250 r  CLK100MHZ_IBUF_inst/O
                         net (fo=1, routed)           0.644     0.894    CLK100MHZ_IBUF
    BUFGCTRL_X0Y16       BUFG (Prop_bufg_I_O)         0.026     0.920 r  CLK100MHZ_IBUF_BUFG_inst/O
                         net (fo=3848, routed)        0.624     1.544    u_clk/CLK
    MMCME2_ADV_X0Y0      MMCME2_ADV (Prop_mmcme2_adv_CLKIN1_CLKOUT0)
                                                     -1.296     0.248 r  u_clk/mmcm/CLKOUT0
                         net (fo=1, routed)           0.648     0.896    u_clk/clk166_u
    BUFGCTRL_X0Y2        BUFG (Prop_bufg_I_O)         0.026     0.922 r  u_clk/b166/O
                         net (fo=1, routed)           0.564     1.485    u_mig/u_mig0_mig/u_ddr3_infrastructure/mmcm_clk
    PLLE2_ADV_X1Y1       PLLE2_ADV (Prop_plle2_adv_CLKIN1_CLKOUT3)
                                                      0.050     1.535 r  u_mig/u_mig0_mig/u_ddr3_infrastructure/plle2_i/CLKOUT3
                         net (fo=1, routed)           0.394     1.929    u_mig/u_mig0_mig/u_ddr3_infrastructure/pll_clk3_out
    BUFHCE_X1Y12         BUFH (Prop_bufh_I_O)         0.020     1.949 r  u_mig/u_mig0_mig/u_ddr3_infrastructure/u_bufh_pll_clk3/O
                         net (fo=1, routed)           0.269     2.218    u_mig/u_mig0_mig/u_ddr3_infrastructure/pll_clk3
    MMCME2_ADV_X1Y1      MMCME2_ADV (Prop_mmcme2_adv_CLKIN1_CLKFBOUT)
                                                     -1.083     1.135 r  u_mig/u_mig0_mig/u_ddr3_infrastructure/gen_mmcm.mmcm_i/CLKFBOUT
                         net (fo=1, routed)           0.499     1.634    u_mig/u_mig0_mig/u_ddr3_infrastructure/clk_pll_i
    BUFGCTRL_X0Y0        BUFG (Prop_bufg_I_O)         0.026     1.660 r  u_mig/u_mig0_mig/u_ddr3_infrastructure/u_bufg_clkdiv0/O
                         net (fo=6976, routed)        0.556     2.215    u_mig/u_mig0_mig/u_memc_ui_top_std/u_ui_top/ui_rd_data0/CLK
    SLICE_X71Y77         FDRE                                         r  u_mig/u_mig0_mig/u_memc_ui_top_std/u_ui_top/ui_rd_data0/not_strict_mode.status_ram.status_ram_wr_addr_r_reg[0]/C
  -------------------------------------------------------------------    -------------------
    SLICE_X71Y77         FDRE (Prop_fdre_C_Q)         0.141     2.356 r  u_mig/u_mig0_mig/u_memc_ui_top_std/u_ui_top/ui_rd_data0/not_strict_mode.status_ram.status_ram_wr_addr_r_reg[0]/Q
                         net (fo=8, routed)           0.194     2.550    u_mig/u_mig0_mig/u_memc_ui_top_std/u_ui_top/ui_rd_data0/not_strict_mode.status_ram.RAM32M0/ADDRD0
    SLICE_X70Y77         RAMD32                                       r  u_mig/u_mig0_mig/u_memc_ui_top_std/u_ui_top/ui_rd_data0/not_strict_mode.status_ram.RAM32M0/RAMB/WADR0
  -------------------------------------------------------------------    -------------------

                         (clock clk_pll_i rise edge)
                                                      0.000     0.000 r  <hidden>
    E3                                                0.000     0.000 r  CLK100MHZ
                         net (fo=0)                   0.000     0.000    CLK100MHZ
    E3                   IBUF (Prop_ibuf_I_O)         0.438     0.438 r  CLK100MHZ_IBUF_inst/O
                         net (fo=1, routed)           0.699     1.136    CLK100MHZ_IBUF
    BUFGCTRL_X0Y16       BUFG (Prop_bufg_I_O)         0.029     1.165 r  CLK100MHZ_IBUF_BUFG_inst/O
                         net (fo=3848, routed)        0.898     2.063    u_clk/CLK
    MMCME2_ADV_X0Y0      MMCME2_ADV (Prop_mmcme2_adv_CLKIN1_CLKOUT0)
                                                     -1.625     0.438 r  u_clk/mmcm/CLKOUT0
                         net (fo=1, routed)           0.700     1.138    u_clk/clk166_u
    BUFGCTRL_X0Y2        BUFG (Prop_bufg_I_O)         0.029     1.167 r  u_clk/b166/O
                         net (fo=1, routed)           0.833     2.000    u_mig/u_mig0_mig/u_ddr3_infrastructure/mmcm_clk
    PLLE2_ADV_X1Y1       PLLE2_ADV (Prop_plle2_adv_CLKIN1_CLKOUT3)
                                                      0.053     2.053 r  u_mig/u_mig0_mig/u_ddr3_infrastructure/plle2_i/CLKOUT3
                         net (fo=1, routed)           0.437     2.490    u_mig/u_mig0_mig/u_ddr3_infrastructure/pll_clk3_out
    BUFHCE_X1Y12         BUFH (Prop_bufh_I_O)         0.043     2.533 r  u_mig/u_mig0_mig/u_ddr3_infrastructure/u_bufh_pll_clk3/O
                         net (fo=1, routed)           0.494     3.027    u_mig/u_mig0_mig/u_ddr3_infrastructure/pll_clk3
    MMCME2_ADV_X1Y1      MMCME2_ADV (Prop_mmcme2_adv_CLKIN1_CLKFBOUT)
                                                     -1.400     1.627 r  u_mig/u_mig0_mig/u_ddr3_infrastructure/gen_mmcm.mmcm_i/CLKFBOUT
                         net (fo=1, routed)           0.544     2.170    u_mig/u_mig0_mig/u_ddr3_infrastructure/clk_pll_i
    BUFGCTRL_X0Y0        BUFG (Prop_bufg_I_O)         0.029     2.199 r  u_mig/u_mig0_mig/u_ddr3_infrastructure/u_bufg_clkdiv0/O
                         net (fo=6976, routed)        0.825     3.024    u_mig/u_mig0_mig/u_memc_ui_top_std/u_ui_top/ui_rd_data0/not_strict_mode.status_ram.RAM32M0/WCLK
    SLICE_X70Y77         RAMD32                                       r  u_mig/u_mig0_mig/u_memc_ui_top_std/u_ui_top/ui_rd_data0/not_strict_mode.status_ram.RAM32M0/RAMB/CLK
                         clock pessimism             -0.795     2.228    <hidden>
    SLICE_X70Y77         RAMD32 (Hold_ramd32_CLK_WADR0)
                                                      0.310     2.538    u_mig/u_mig0_mig/u_memc_ui_top_std/u_ui_top/ui_rd_data0/not_strict_mode.status_ram.RAM32M0/RAMB
  -------------------------------------------------------------------
                         required time                         -2.538    <hidden>
                         arrival time                           2.550    <hidden>
  -------------------------------------------------------------------
                         slack                                  0.012    <hidden>

Slack (MET) :             0.012ns  (arrival time - required time)
  Source:                 u_mig/u_mig0_mig/u_memc_ui_top_std/u_ui_top/ui_rd_data0/not_strict_mode.status_ram.status_ram_wr_addr_r_reg[0]/C
                            (rising edge-triggered cell FDRE clocked by clk_pll_i  {rise@0.000ns fall@6.000ns period=12.000ns})
  Destination:            u_mig/u_mig0_mig/u_memc_ui_top_std/u_ui_top/ui_rd_data0/not_strict_mode.status_ram.RAM32M0/RAMB_D1/WADR0
                            (rising edge-triggered cell RAMD32 clocked by clk_pll_i  {rise@0.000ns fall@6.000ns period=12.000ns})
  Path Group:             clk_pll_i
  Path Type:              Hold (Min at Fast Process Corner)
  Requirement:            0.000ns  (clk_pll_i rise@0.000ns - clk_pll_i rise@0.000ns)
  Data Path Delay:        0.335ns  (logic 0.141ns (42.076%)  route 0.194ns (57.924%))
  Logic Levels:           0  
  Clock Path Skew:        0.013ns (DCD - SCD - CPR)
    Destination Clock Delay (DCD):    3.024ns
    Source Clock Delay      (SCD):    2.215ns
    Clock Pessimism Removal (CPR):    0.795ns

    Location             Delay type                Incr(ns)  Path(ns)    Netlist Resource(s)
  -------------------------------------------------------------------    -------------------
                         (clock clk_pll_i rise edge)
                                                      0.000     0.000 r  <hidden>
    E3                                                0.000     0.000 r  CLK100MHZ
                         net (fo=0)                   0.000     0.000    CLK100MHZ
    E3                   IBUF (Prop_ibuf_I_O)         0.250     0.250 r  CLK100MHZ_IBUF_inst/O
                         net (fo=1, routed)           0.644     0.894    CLK100MHZ_IBUF
    BUFGCTRL_X0Y16       BUFG (Prop_bufg_I_O)         0.026     0.920 r  CLK100MHZ_IBUF_BUFG_inst/O
                         net (fo=3848, routed)        0.624     1.544    u_clk/CLK
    MMCME2_ADV_X0Y0      MMCME2_ADV (Prop_mmcme2_adv_CLKIN1_CLKOUT0)
                                                     -1.296     0.248 r  u_clk/mmcm/CLKOUT0
                         net (fo=1, routed)           0.648     0.896    u_clk/clk166_u
    BUFGCTRL_X0Y2        BUFG (Prop_bufg_I_O)         0.026     0.922 r  u_clk/b166/O
                         net (fo=1, routed)           0.564     1.485    u_mig/u_mig0_mig/u_ddr3_infrastructure/mmcm_clk
    PLLE2_ADV_X1Y1       PLLE2_ADV (Prop_plle2_adv_CLKIN1_CLKOUT3)
                                                      0.050     1.535 r  u_mig/u_mig0_mig/u_ddr3_infrastructure/plle2_i/CLKOUT3
                         net (fo=1, routed)           0.394     1.929    u_mig/u_mig0_mig/u_ddr3_infrastructure/pll_clk3_out
    BUFHCE_X1Y12         BUFH (Prop_bufh_I_O)         0.020     1.949 r  u_mig/u_mig0_mig/u_ddr3_infrastructure/u_bufh_pll_clk3/O
                         net (fo=1, routed)           0.269     2.218    u_mig/u_mig0_mig/u_ddr3_infrastructure/pll_clk3
    MMCME2_ADV_X1Y1      MMCME2_ADV (Prop_mmcme2_adv_CLKIN1_CLKFBOUT)
                                                     -1.083     1.135 r  u_mig/u_mig0_mig/u_ddr3_infrastructure/gen_mmcm.mmcm_i/CLKFBOUT
                         net (fo=1, routed)           0.499     1.634    u_mig/u_mig0_mig/u_ddr3_infrastructure/clk_pll_i
    BUFGCTRL_X0Y0        BUFG (Prop_bufg_I_O)         0.026     1.660 r  u_mig/u_mig0_mig/u_ddr3_infrastructure/u_bufg_clkdiv0/O
                         net (fo=6976, routed)        0.556     2.215    u_mig/u_mig0_mig/u_memc_ui_top_std/u_ui_top/ui_rd_data0/CLK
    SLICE_X71Y77         FDRE                                         r  u_mig/u_mig0_mig/u_memc_ui_top_std/u_ui_top/ui_rd_data0/not_strict_mode.status_ram.status_ram_wr_addr_r_reg[0]/C
  -------------------------------------------------------------------    -------------------
    SLICE_X71Y77         FDRE (Prop_fdre_C_Q)         0.141     2.356 r  u_mig/u_mig0_mig/u_memc_ui_top_std/u_ui_top/ui_rd_data0/not_strict_mode.status_ram.status_ram_wr_addr_r_reg[0]/Q
                         net (fo=8, routed)           0.194     2.550    u_mig/u_mig0_mig/u_memc_ui_top_std/u_ui_top/ui_rd_data0/not_strict_mode.status_ram.RAM32M0/ADDRD0
    SLICE_X70Y77         RAMD32                                       r  u_mig/u_mig0_mig/u_memc_ui_top_std/u_ui_top/ui_rd_data0/not_strict_mode.status_ram.RAM32M0/RAMB_D1/WADR0
  -------------------------------------------------------------------    -------------------

                         (clock clk_pll_i rise edge)
                                                      0.000     0.000 r  <hidden>
    E3                                                0.000     0.000 r  CLK100MHZ
                         net (fo=0)                   0.000     0.000    CLK100MHZ
    E3                   IBUF (Prop_ibuf_I_O)         0.438     0.438 r  CLK100MHZ_IBUF_inst/O
                         net (fo=1, routed)           0.699     1.136    CLK100MHZ_IBUF
    BUFGCTRL_X0Y16       BUFG (Prop_bufg_I_O)         0.029     1.165 r  CLK100MHZ_IBUF_BUFG_inst/O
                         net (fo=3848, routed)        0.898     2.063    u_clk/CLK
    MMCME2_ADV_X0Y0      MMCME2_ADV (Prop_mmcme2_adv_CLKIN1_CLKOUT0)
                                                     -1.625     0.438 r  u_clk/mmcm/CLKOUT0
                         net (fo=1, routed)           0.700     1.138    u_clk/clk166_u
    BUFGCTRL_X0Y2        BUFG (Prop_bufg_I_O)         0.029     1.167 r  u_clk/b166/O
                         net (fo=1, routed)           0.833     2.000    u_mig/u_mig0_mig/u_ddr3_infrastructure/mmcm_clk
    PLLE2_ADV_X1Y1       PLLE2_ADV (Prop_plle2_adv_CLKIN1_CLKOUT3)
                                                      0.053     2.053 r  u_mig/u_mig0_mig/u_ddr3_infrastructure/plle2_i/CLKOUT3
                         net (fo=1, routed)           0.437     2.490    u_mig/u_mig0_mig/u_ddr3_infrastructure/pll_clk3_out
    BUFHCE_X1Y12         BUFH (Prop_bufh_I_O)         0.043     2.533 r  u_mig/u_mig0_mig/u_ddr3_infrastructure/u_bufh_pll_clk3/O
                         net (fo=1, routed)           0.494     3.027    u_mig/u_mig0_mig/u_ddr3_infrastructure/pll_clk3
    MMCME2_ADV_X1Y1      MMCME2_ADV (Prop_mmcme2_adv_CLKIN1_CLKFBOUT)
                                                     -1.400     1.627 r  u_mig/u_mig0_mig/u_ddr3_infrastructure/gen_mmcm.mmcm_i/CLKFBOUT
                         net (fo=1, routed)           0.544     2.170    u_mig/u_mig0_mig/u_ddr3_infrastructure/clk_pll_i
    BUFGCTRL_X0Y0        BUFG (Prop_bufg_I_O)         0.029     2.199 r  u_mig/u_mig0_mig/u_ddr3_infrastructure/u_bufg_clkdiv0/O
                         net (fo=6976, routed)        0.825     3.024    u_mig/u_mig0_mig/u_memc_ui_top_std/u_ui_top/ui_rd_data0/not_strict_mode.status_ram.RAM32M0/WCLK
    SLICE_X70Y77         RAMD32                                       r  u_mig/u_mig0_mig/u_memc_ui_top_std/u_ui_top/ui_rd_data0/not_strict_mode.status_ram.RAM32M0/RAMB_D1/CLK
                         clock pessimism             -0.795     2.228    <hidden>
    SLICE_X70Y77         RAMD32 (Hold_ramd32_CLK_WADR0)
                                                      0.310     2.538    u_mig/u_mig0_mig/u_memc_ui_top_std/u_ui_top/ui_rd_data0/not_strict_mode.status_ram.RAM32M0/RAMB_D1
  -------------------------------------------------------------------
                         required time                         -2.538    <hidden>
                         arrival time                           2.550    <hidden>
  -------------------------------------------------------------------
                         slack                                  0.012    <hidden>

Slack (MET) :             0.012ns  (arrival time - required time)
  Source:                 u_mig/u_mig0_mig/u_memc_ui_top_std/u_ui_top/ui_rd_data0/not_strict_mode.status_ram.status_ram_wr_addr_r_reg[0]/C
                            (rising edge-triggered cell FDRE clocked by clk_pll_i  {rise@0.000ns fall@6.000ns period=12.000ns})
  Destination:            u_mig/u_mig0_mig/u_memc_ui_top_std/u_ui_top/ui_rd_data0/not_strict_mode.status_ram.RAM32M0/RAMC/WADR0
                            (rising edge-triggered cell RAMD32 clocked by clk_pll_i  {rise@0.000ns fall@6.000ns period=12.000ns})
  Path Group:             clk_pll_i
  Path Type:              Hold (Min at Fast Process Corner)
  Requirement:            0.000ns  (clk_pll_i rise@0.000ns - clk_pll_i rise@0.000ns)
  Data Path Delay:        0.335ns  (logic 0.141ns (42.076%)  route 0.194ns (57.924%))
  Logic Levels:           0  
  Clock Path Skew:        0.013ns (DCD - SCD - CPR)
    Destination Clock Delay (DCD):    3.024ns
    Source Clock Delay      (SCD):    2.215ns
    Clock Pessimism Removal (CPR):    0.795ns

    Location             Delay type                Incr(ns)  Path(ns)    Netlist Resource(s)
  -------------------------------------------------------------------    -------------------
                         (clock clk_pll_i rise edge)
                                                      0.000     0.000 r  <hidden>
    E3                                                0.000     0.000 r  CLK100MHZ
                         net (fo=0)                   0.000     0.000    CLK100MHZ
    E3                   IBUF (Prop_ibuf_I_O)         0.250     0.250 r  CLK100MHZ_IBUF_inst/O
                         net (fo=1, routed)           0.644     0.894    CLK100MHZ_IBUF
    BUFGCTRL_X0Y16       BUFG (Prop_bufg_I_O)         0.026     0.920 r  CLK100MHZ_IBUF_BUFG_inst/O
                         net (fo=3848, routed)        0.624     1.544    u_clk/CLK
    MMCME2_ADV_X0Y0      MMCME2_ADV (Prop_mmcme2_adv_CLKIN1_CLKOUT0)
                                                     -1.296     0.248 r  u_clk/mmcm/CLKOUT0
                         net (fo=1, routed)           0.648     0.896    u_clk/clk166_u
    BUFGCTRL_X0Y2        BUFG (Prop_bufg_I_O)         0.026     0.922 r  u_clk/b166/O
                         net (fo=1, routed)           0.564     1.485    u_mig/u_mig0_mig/u_ddr3_infrastructure/mmcm_clk
    PLLE2_ADV_X1Y1       PLLE2_ADV (Prop_plle2_adv_CLKIN1_CLKOUT3)
                                                      0.050     1.535 r  u_mig/u_mig0_mig/u_ddr3_infrastructure/plle2_i/CLKOUT3
                         net (fo=1, routed)           0.394     1.929    u_mig/u_mig0_mig/u_ddr3_infrastructure/pll_clk3_out
    BUFHCE_X1Y12         BUFH (Prop_bufh_I_O)         0.020     1.949 r  u_mig/u_mig0_mig/u_ddr3_infrastructure/u_bufh_pll_clk3/O
                         net (fo=1, routed)           0.269     2.218    u_mig/u_mig0_mig/u_ddr3_infrastructure/pll_clk3
    MMCME2_ADV_X1Y1      MMCME2_ADV (Prop_mmcme2_adv_CLKIN1_CLKFBOUT)
                                                     -1.083     1.135 r  u_mig/u_mig0_mig/u_ddr3_infrastructure/gen_mmcm.mmcm_i/CLKFBOUT
                         net (fo=1, routed)           0.499     1.634    u_mig/u_mig0_mig/u_ddr3_infrastructure/clk_pll_i
    BUFGCTRL_X0Y0        BUFG (Prop_bufg_I_O)         0.026     1.660 r  u_mig/u_mig0_mig/u_ddr3_infrastructure/u_bufg_clkdiv0/O
                         net (fo=6976, routed)        0.556     2.215    u_mig/u_mig0_mig/u_memc_ui_top_std/u_ui_top/ui_rd_data0/CLK
    SLICE_X71Y77         FDRE                                         r  u_mig/u_mig0_mig/u_memc_ui_top_std/u_ui_top/ui_rd_data0/not_strict_mode.status_ram.status_ram_wr_addr_r_reg[0]/C
  -------------------------------------------------------------------    -------------------
    SLICE_X71Y77         FDRE (Prop_fdre_C_Q)         0.141     2.356 r  u_mig/u_mig0_mig/u_memc_ui_top_std/u_ui_top/ui_rd_data0/not_strict_mode.status_ram.status_ram_wr_addr_r_reg[0]/Q
                         net (fo=8, routed)           0.194     2.550    u_mig/u_mig0_mig/u_memc_ui_top_std/u_ui_top/ui_rd_data0/not_strict_mode.status_ram.RAM32M0/ADDRD0
    SLICE_X70Y77         RAMD32                                       r  u_mig/u_mig0_mig/u_memc_ui_top_std/u_ui_top/ui_rd_data0/not_strict_mode.status_ram.RAM32M0/RAMC/WADR0
  -------------------------------------------------------------------    -------------------

                         (clock clk_pll_i rise edge)
                                                      0.000     0.000 r  <hidden>
    E3                                                0.000     0.000 r  CLK100MHZ
                         net (fo=0)                   0.000     0.000    CLK100MHZ
    E3                   IBUF (Prop_ibuf_I_O)         0.438     0.438 r  CLK100MHZ_IBUF_inst/O
                         net (fo=1, routed)           0.699     1.136    CLK100MHZ_IBUF
    BUFGCTRL_X0Y16       BUFG (Prop_bufg_I_O)         0.029     1.165 r  CLK100MHZ_IBUF_BUFG_inst/O
                         net (fo=3848, routed)        0.898     2.063    u_clk/CLK
    MMCME2_ADV_X0Y0      MMCME2_ADV (Prop_mmcme2_adv_CLKIN1_CLKOUT0)
                                                     -1.625     0.438 r  u_clk/mmcm/CLKOUT0
                         net (fo=1, routed)           0.700     1.138    u_clk/clk166_u
    BUFGCTRL_X0Y2        BUFG (Prop_bufg_I_O)         0.029     1.167 r  u_clk/b166/O
                         net (fo=1, routed)           0.833     2.000    u_mig/u_mig0_mig/u_ddr3_infrastructure/mmcm_clk
    PLLE2_ADV_X1Y1       PLLE2_ADV (Prop_plle2_adv_CLKIN1_CLKOUT3)
                                                      0.053     2.053 r  u_mig/u_mig0_mig/u_ddr3_infrastructure/plle2_i/CLKOUT3
                         net (fo=1, routed)           0.437     2.490    u_mig/u_mig0_mig/u_ddr3_infrastructure/pll_clk3_out
    BUFHCE_X1Y12         BUFH (Prop_bufh_I_O)         0.043     2.533 r  u_mig/u_mig0_mig/u_ddr3_infrastructure/u_bufh_pll_clk3/O
                         net (fo=1, routed)           0.494     3.027    u_mig/u_mig0_mig/u_ddr3_infrastructure/pll_clk3
    MMCME2_ADV_X1Y1      MMCME2_ADV (Prop_mmcme2_adv_CLKIN1_CLKFBOUT)
                                                     -1.400     1.627 r  u_mig/u_mig0_mig/u_ddr3_infrastructure/gen_mmcm.mmcm_i/CLKFBOUT
                         net (fo=1, routed)           0.544     2.170    u_mig/u_mig0_mig/u_ddr3_infrastructure/clk_pll_i
    BUFGCTRL_X0Y0        BUFG (Prop_bufg_I_O)         0.029     2.199 r  u_mig/u_mig0_mig/u_ddr3_infrastructure/u_bufg_clkdiv0/O
                         net (fo=6976, routed)        0.825     3.024    u_mig/u_mig0_mig/u_memc_ui_top_std/u_ui_top/ui_rd_data0/not_strict_mode.status_ram.RAM32M0/WCLK
    SLICE_X70Y77         RAMD32                                       r  u_mig/u_mig0_mig/u_memc_ui_top_std/u_ui_top/ui_rd_data0/not_strict_mode.status_ram.RAM32M0/RAMC/CLK
                         clock pessimism             -0.795     2.228    <hidden>
    SLICE_X70Y77         RAMD32 (Hold_ramd32_CLK_WADR0)
                                                      0.310     2.538    u_mig/u_mig0_mig/u_memc_ui_top_std/u_ui_top/ui_rd_data0/not_strict_mode.status_ram.RAM32M0/RAMC
  -------------------------------------------------------------------
                         required time                         -2.538    <hidden>
                         arrival time                           2.550    <hidden>
  -------------------------------------------------------------------
                         slack                                  0.012    <hidden>




