Copyright 1986-2022 Xilinx, Inc. All Rights Reserved. Copyright 2022-2026 Advanced Micro Devices, Inc. All Rights Reserved.
------------------------------------------------------------------------------------------------------------------------------------------------------------------------------------
| Tool Version : Vivado v.2026.1 (win64) Build 6511674 Tue Jun 16 11:02:23 MDT 2026
| Date         : Wed Sep 16 14:50:46 2026
| Host         : laptop-Quan running 64-bit major release  (build 9200)
| Command      : report_timing -max_paths 3 -file D:/FPGA/NATIVE_AI_DEVELOPMENTAL_HARDWARE_R1_PACKAGE_20260914-20260914T045403Z-1-001/CANON_BLUEPRINT/vivado/fem_media/ooc/crit.rpt
| Design       : fem_media_bridge
| Device       : 7a100t-csg324
| Speed File   : -1  PRODUCTION 1.23 2018-06-13
| Design State : Synthesized
------------------------------------------------------------------------------------------------------------------------------------------------------------------------------------

Timing Report

Slack (MET) :             4.824ns  (required time - arrival time)
  Source:                 dest_reg[3][67]/C
                            (rising edge-triggered cell FDCE clocked by clk  {rise@0.000ns fall@5.000ns period=10.000ns})
  Destination:            rsp_err_reg/D
                            (rising edge-triggered cell FDCE clocked by clk  {rise@0.000ns fall@5.000ns period=10.000ns})
  Path Group:             clk
  Path Type:              Setup (Max at Slow Process Corner)
  Requirement:            10.000ns  (clk rise@10.000ns - clk rise@0.000ns)
  Data Path Delay:        5.136ns  (logic 2.233ns (43.477%)  route 2.903ns (56.523%))
  Logic Levels:           7  (CARRY4=3 LUT2=1 LUT6=3)
  Clock Path Skew:        -0.049ns (DCD - SCD + CPR)
    Destination Clock Delay (DCD):    0.924ns = ( 10.924 - 10.000 ) 
    Source Clock Delay      (SCD):    0.973ns
    Clock Pessimism Removal (CPR):    0.000ns
  Clock Uncertainty:      0.035ns  ((TSJ^2 + TIJ^2)^1/2 + DJ) / 2 + PE
    Total System Jitter     (TSJ):    0.071ns
    Total Input Jitter      (TIJ):    0.000ns
    Discrete Jitter          (DJ):    0.000ns
    Phase Error              (PE):    0.000ns

    Location             Delay type                Incr(ns)  Path(ns)    Netlist Resource(s)
  -------------------------------------------------------------------    -------------------
                         (clock clk rise edge)        0.000     0.000 r  <hidden>
                                                      0.000     0.000 r  clk
                         net (fo=665, unset)          0.973     0.973    clk
                         FDCE                                         r  dest_reg[3][67]/C
  -------------------------------------------------------------------    -------------------
                         FDCE (Prop_fdce_C_Q)         0.478     1.451 r  dest_reg[3][67]/Q
                         net (fo=1, unplaced)         0.965     2.416    dest_reg[3][67]
                         LUT6 (Prop_lut6_I0_O)        0.295     2.711 r  rsp_rdata[3]_i_3/O
                         net (fo=2, unplaced)         0.743     3.454    rsp_rdata[3]_i_3_n_0
                         LUT6 (Prop_lut6_I1_O)        0.124     3.578 r  rsp_rdata[3]_i_1/O
                         net (fo=2, unplaced)         0.743     4.321    extract32_return[3]
                         LUT6 (Prop_lut6_I1_O)        0.124     4.445 r  rsp_err_i_14/O
                         net (fo=1, unplaced)         0.000     4.445    rsp_err_i_14_n_0
                         CARRY4 (Prop_carry4_S[1]_CO[3])
                                                      0.533     4.978 r  rsp_err_reg_i_7/CO[3]
                         net (fo=1, unplaced)         0.000     4.978    rsp_err_reg_i_7_n_0
                         CARRY4 (Prop_carry4_CI_CO[3])
                                                      0.117     5.095 r  rsp_err_reg_i_3/CO[3]
                         net (fo=1, unplaced)         0.000     5.095    rsp_err_reg_i_3_n_0
                         CARRY4 (Prop_carry4_CI_CO[2])
                                                      0.252     5.347 r  rsp_err_reg_i_2/CO[2]
                         net (fo=1, unplaced)         0.452     5.799    rsp_err20_in
                         LUT2 (Prop_lut2_I1_O)        0.310     6.109 r  rsp_err_i_1/O
                         net (fo=1, unplaced)         0.000     6.109    rsp_err_i_1_n_0
                         FDCE                                         r  rsp_err_reg/D
  -------------------------------------------------------------------    -------------------

                         (clock clk rise edge)       10.000    10.000 r  <hidden>
                                                      0.000    10.000 r  clk
                         net (fo=665, unset)          0.924    10.924    clk
                         FDCE                                         r  rsp_err_reg/C
                         clock pessimism              0.000    10.924    <hidden>
                         clock uncertainty           -0.035    10.889    <hidden>
                         FDCE (Setup_fdce_C_D)        0.044    10.933    rsp_err_reg
  -------------------------------------------------------------------
                         required time                         10.933    <hidden>
                         arrival time                          -6.109    <hidden>
  -------------------------------------------------------------------
                         slack                                  4.824    <hidden>

Slack (MET) :             6.182ns  (required time - arrival time)
  Source:                 out_r_reg[0]/C
                            (rising edge-triggered cell FDCE clocked by clk  {rise@0.000ns fall@5.000ns period=10.000ns})
  Destination:            out_r_reg[0]/CE
                            (rising edge-triggered cell FDCE clocked by clk  {rise@0.000ns fall@5.000ns period=10.000ns})
  Path Group:             clk
  Path Type:              Setup (Max at Slow Process Corner)
  Requirement:            10.000ns  (clk rise@10.000ns - clk rise@0.000ns)
  Data Path Delay:        3.565ns  (logic 1.061ns (29.762%)  route 2.504ns (70.238%))
  Logic Levels:           3  (LUT4=2 LUT6=1)
  Clock Path Skew:        -0.049ns (DCD - SCD + CPR)
    Destination Clock Delay (DCD):    0.924ns = ( 10.924 - 10.000 ) 
    Source Clock Delay      (SCD):    0.973ns
    Clock Pessimism Removal (CPR):    0.000ns
  Clock Uncertainty:      0.035ns  ((TSJ^2 + TIJ^2)^1/2 + DJ) / 2 + PE
    Total System Jitter     (TSJ):    0.071ns
    Total Input Jitter      (TIJ):    0.000ns
    Discrete Jitter          (DJ):    0.000ns
    Phase Error              (PE):    0.000ns

    Location             Delay type                Incr(ns)  Path(ns)    Netlist Resource(s)
  -------------------------------------------------------------------    -------------------
                         (clock clk rise edge)        0.000     0.000 r  <hidden>
                                                      0.000     0.000 r  clk
                         net (fo=665, unset)          0.973     0.973    clk
                         FDCE                                         r  out_r_reg[0]/C
  -------------------------------------------------------------------    -------------------
                         FDCE (Prop_fdce_C_Q)         0.518     1.491 r  out_r_reg[0]/Q
                         net (fo=2, unplaced)         0.774     2.265    wr_outstanding[0]
                         LUT4 (Prop_lut4_I1_O)        0.295     2.560 r  cmd_fifo_empty_INST_0_i_3/O
                         net (fo=2, unplaced)         0.743     3.303    cmd_fifo_empty_INST_0_i_3_n_0
                         LUT4 (Prop_lut4_I1_O)        0.124     3.427 r  cmd_fifo_empty_INST_0_i_1/O
                         net (fo=2, unplaced)         0.460     3.887    cmd_fifo_empty_INST_0_i_1_n_0
                         LUT6 (Prop_lut6_I5_O)        0.124     4.011 r  out_r[15]_i_1/O
                         net (fo=16, unplaced)        0.527     4.538    out_r[0]
                         FDCE                                         r  out_r_reg[0]/CE
  -------------------------------------------------------------------    -------------------

                         (clock clk rise edge)       10.000    10.000 r  <hidden>
                                                      0.000    10.000 r  clk
                         net (fo=665, unset)          0.924    10.924    clk
                         FDCE                                         r  out_r_reg[0]/C
                         clock pessimism              0.000    10.924    <hidden>
                         clock uncertainty           -0.035    10.889    <hidden>
                         FDCE (Setup_fdce_C_CE)      -0.169    10.720    out_r_reg[0]
  -------------------------------------------------------------------
                         required time                         10.720    <hidden>
                         arrival time                          -4.538    <hidden>
  -------------------------------------------------------------------
                         slack                                  6.182    <hidden>

Slack (MET) :             6.182ns  (required time - arrival time)
  Source:                 out_r_reg[0]/C
                            (rising edge-triggered cell FDCE clocked by clk  {rise@0.000ns fall@5.000ns period=10.000ns})
  Destination:            out_r_reg[10]/CE
                            (rising edge-triggered cell FDCE clocked by clk  {rise@0.000ns fall@5.000ns period=10.000ns})
  Path Group:             clk
  Path Type:              Setup (Max at Slow Process Corner)
  Requirement:            10.000ns  (clk rise@10.000ns - clk rise@0.000ns)
  Data Path Delay:        3.565ns  (logic 1.061ns (29.762%)  route 2.504ns (70.238%))
  Logic Levels:           3  (LUT4=2 LUT6=1)
  Clock Path Skew:        -0.049ns (DCD - SCD + CPR)
    Destination Clock Delay (DCD):    0.924ns = ( 10.924 - 10.000 ) 
    Source Clock Delay      (SCD):    0.973ns
    Clock Pessimism Removal (CPR):    0.000ns
  Clock Uncertainty:      0.035ns  ((TSJ^2 + TIJ^2)^1/2 + DJ) / 2 + PE
    Total System Jitter     (TSJ):    0.071ns
    Total Input Jitter      (TIJ):    0.000ns
    Discrete Jitter          (DJ):    0.000ns
    Phase Error              (PE):    0.000ns

    Location             Delay type                Incr(ns)  Path(ns)    Netlist Resource(s)
  -------------------------------------------------------------------    -------------------
                         (clock clk rise edge)        0.000     0.000 r  <hidden>
                                                      0.000     0.000 r  clk
                         net (fo=665, unset)          0.973     0.973    clk
                         FDCE                                         r  out_r_reg[0]/C
  -------------------------------------------------------------------    -------------------
                         FDCE (Prop_fdce_C_Q)         0.518     1.491 r  out_r_reg[0]/Q
                         net (fo=2, unplaced)         0.774     2.265    wr_outstanding[0]
                         LUT4 (Prop_lut4_I1_O)        0.295     2.560 r  cmd_fifo_empty_INST_0_i_3/O
                         net (fo=2, unplaced)         0.743     3.303    cmd_fifo_empty_INST_0_i_3_n_0
                         LUT4 (Prop_lut4_I1_O)        0.124     3.427 r  cmd_fifo_empty_INST_0_i_1/O
                         net (fo=2, unplaced)         0.460     3.887    cmd_fifo_empty_INST_0_i_1_n_0
                         LUT6 (Prop_lut6_I5_O)        0.124     4.011 r  out_r[15]_i_1/O
                         net (fo=16, unplaced)        0.527     4.538    out_r[0]
                         FDCE                                         r  out_r_reg[10]/CE
  -------------------------------------------------------------------    -------------------

                         (clock clk rise edge)       10.000    10.000 r  <hidden>
                                                      0.000    10.000 r  clk
                         net (fo=665, unset)          0.924    10.924    clk
                         FDCE                                         r  out_r_reg[10]/C
                         clock pessimism              0.000    10.924    <hidden>
                         clock uncertainty           -0.035    10.889    <hidden>
                         FDCE (Setup_fdce_C_CE)      -0.169    10.720    out_r_reg[10]
  -------------------------------------------------------------------
                         required time                         10.720    <hidden>
                         arrival time                          -4.538    <hidden>
  -------------------------------------------------------------------
                         slack                                  6.182    <hidden>




