Copyright 1986-2022 Xilinx, Inc. All Rights Reserved. Copyright 2022-2026 Advanced Micro Devices, Inc. All Rights Reserved.
------------------------------------------------------------------------------------------------------------------------------------------------------------------------------------------------------------------------------------------------------------------------
| Tool Version : Vivado v.2026.1 (win64) Build 6511674 Tue Jun 16 11:02:23 MDT 2026
| Date         : Wed Sep 16 20:11:05 2026
| Host         : laptop-Quan running 64-bit major release  (build 9200)
| Command      : report_timing -from [get_cells -quiet -hierarchical -regexp mask_r_reg.*] -to [get_cells -quiet -hierarchical -regexp (q_sel_reg|proposed_action_reg|explored_reg|greedy_action_reg).*] -max_paths 3 -file tb/learning/build/ooc/qstar_select_cone.rpt
| Design       : qstar_select
| Device       : 7a100t-csg324
| Speed File   : -1  PRODUCTION 1.23 2018-06-13
| Design State : Synthesized
------------------------------------------------------------------------------------------------------------------------------------------------------------------------------------------------------------------------------------------------------------------------

Timing Report

Slack (MET) :             6.800ns  (required time - arrival time)
  Source:                 mask_r_reg[0]/C
                            (rising edge-triggered cell FDRE clocked by clk_ooc  {rise@0.000ns fall@5.000ns period=10.000ns})
  Destination:            explored_reg/D
                            (rising edge-triggered cell FDRE clocked by clk_ooc  {rise@0.000ns fall@5.000ns period=10.000ns})
  Path Group:             clk_ooc
  Path Type:              Setup (Max at Slow Process Corner)
  Requirement:            10.000ns  (clk_ooc rise@10.000ns - clk_ooc rise@0.000ns)
  Data Path Delay:        3.160ns  (logic 1.171ns (37.057%)  route 1.989ns (62.943%))
  Logic Levels:           4  (LUT2=2 LUT3=1 LUT6=1)
  Clock Path Skew:        -0.049ns (DCD - SCD + CPR)
    Destination Clock Delay (DCD):    0.924ns = ( 10.924 - 10.000 ) 
    Source Clock Delay      (SCD):    0.973ns
    Clock Pessimism Removal (CPR):    0.000ns
  Clock Uncertainty:      0.035ns  ((TSJ^2 + TIJ^2)^1/2 + DJ) / 2 + PE
    Total System Jitter     (TSJ):    0.071ns
    Total Input Jitter      (TIJ):    0.000ns
    Discrete Jitter          (DJ):    0.000ns
    Phase Error              (PE):    0.000ns

    Location             Delay type                Incr(ns)  Path(ns)    Netlist Resource(s)
  -------------------------------------------------------------------    -------------------
                         (clock clk_ooc rise edge)    0.000     0.000 r  <hidden>
                                                      0.000     0.000 r  clk
                         net (fo=1857, unset)         0.973     0.973    clk
                         FDRE                                         r  mask_r_reg[0]/C
  -------------------------------------------------------------------    -------------------
                         FDRE (Prop_fdre_C_Q)         0.478     1.451 r  mask_r_reg[0]/Q
                         net (fo=14, unplaced)        0.521     1.972    p_1_in
                         LUT2 (Prop_lut2_I0_O)        0.321     2.293 f  prop_valid_i_4/O
                         net (fo=1, unplaced)         0.449     2.742    prop_valid_i_4_n_0
                         LUT6 (Prop_lut6_I3_O)        0.124     2.866 f  prop_valid_i_3/O
                         net (fo=12, unplaced)        0.497     3.363    prop_valid_i_3_n_0
                         LUT3 (Prop_lut3_I2_O)        0.124     3.487 r  prop_valid_i_2/O
                         net (fo=35, unplaced)        0.522     4.009    prop_valid_i_2_n_0
                         LUT2 (Prop_lut2_I0_O)        0.124     4.133 r  explored_i_1/O
                         net (fo=1, unplaced)         0.000     4.133    explored_i_1_n_0
                         FDRE                                         r  explored_reg/D
  -------------------------------------------------------------------    -------------------

                         (clock clk_ooc rise edge)   10.000    10.000 r  <hidden>
                                                      0.000    10.000 r  clk
                         net (fo=1857, unset)         0.924    10.924    clk
                         FDRE                                         r  explored_reg/C
                         clock pessimism              0.000    10.924    <hidden>
                         clock uncertainty           -0.035    10.889    <hidden>
                         FDRE (Setup_fdre_C_D)        0.044    10.933    explored_reg
  -------------------------------------------------------------------
                         required time                         10.933    <hidden>
                         arrival time                          -4.133    <hidden>
  -------------------------------------------------------------------
                         slack                                  6.800    <hidden>

Slack (MET) :             6.800ns  (required time - arrival time)
  Source:                 mask_r_reg[0]/C
                            (rising edge-triggered cell FDRE clocked by clk_ooc  {rise@0.000ns fall@5.000ns period=10.000ns})
  Destination:            q_sel_reg[0]/D
                            (rising edge-triggered cell FDRE clocked by clk_ooc  {rise@0.000ns fall@5.000ns period=10.000ns})
  Path Group:             clk_ooc
  Path Type:              Setup (Max at Slow Process Corner)
  Requirement:            10.000ns  (clk_ooc rise@10.000ns - clk_ooc rise@0.000ns)
  Data Path Delay:        3.160ns  (logic 1.171ns (37.057%)  route 1.989ns (62.943%))
  Logic Levels:           4  (LUT2=1 LUT3=1 LUT6=2)
  Clock Path Skew:        -0.049ns (DCD - SCD + CPR)
    Destination Clock Delay (DCD):    0.924ns = ( 10.924 - 10.000 ) 
    Source Clock Delay      (SCD):    0.973ns
    Clock Pessimism Removal (CPR):    0.000ns
  Clock Uncertainty:      0.035ns  ((TSJ^2 + TIJ^2)^1/2 + DJ) / 2 + PE
    Total System Jitter     (TSJ):    0.071ns
    Total Input Jitter      (TIJ):    0.000ns
    Discrete Jitter          (DJ):    0.000ns
    Phase Error              (PE):    0.000ns

    Location             Delay type                Incr(ns)  Path(ns)    Netlist Resource(s)
  -------------------------------------------------------------------    -------------------
                         (clock clk_ooc rise edge)    0.000     0.000 r  <hidden>
                                                      0.000     0.000 r  clk
                         net (fo=1857, unset)         0.973     0.973    clk
                         FDRE                                         r  mask_r_reg[0]/C
  -------------------------------------------------------------------    -------------------
                         FDRE (Prop_fdre_C_Q)         0.478     1.451 r  mask_r_reg[0]/Q
                         net (fo=14, unplaced)        0.521     1.972    p_1_in
                         LUT2 (Prop_lut2_I0_O)        0.321     2.293 f  prop_valid_i_4/O
                         net (fo=1, unplaced)         0.449     2.742    prop_valid_i_4_n_0
                         LUT6 (Prop_lut6_I3_O)        0.124     2.866 f  prop_valid_i_3/O
                         net (fo=12, unplaced)        0.497     3.363    prop_valid_i_3_n_0
                         LUT3 (Prop_lut3_I2_O)        0.124     3.487 r  prop_valid_i_2/O
                         net (fo=35, unplaced)        0.522     4.009    prop_valid_i_2_n_0
                         LUT6 (Prop_lut6_I5_O)        0.124     4.133 r  q_sel[0]_i_1/O
                         net (fo=1, unplaced)         0.000     4.133    q_sel[0]_i_1_n_0
                         FDRE                                         r  q_sel_reg[0]/D
  -------------------------------------------------------------------    -------------------

                         (clock clk_ooc rise edge)   10.000    10.000 r  <hidden>
                                                      0.000    10.000 r  clk
                         net (fo=1857, unset)         0.924    10.924    clk
                         FDRE                                         r  q_sel_reg[0]/C
                         clock pessimism              0.000    10.924    <hidden>
                         clock uncertainty           -0.035    10.889    <hidden>
                         FDRE (Setup_fdre_C_D)        0.044    10.933    q_sel_reg[0]
  -------------------------------------------------------------------
                         required time                         10.933    <hidden>
                         arrival time                          -4.133    <hidden>
  -------------------------------------------------------------------
                         slack                                  6.800    <hidden>

Slack (MET) :             6.800ns  (required time - arrival time)
  Source:                 mask_r_reg[0]/C
                            (rising edge-triggered cell FDRE clocked by clk_ooc  {rise@0.000ns fall@5.000ns period=10.000ns})
  Destination:            q_sel_reg[10]/D
                            (rising edge-triggered cell FDRE clocked by clk_ooc  {rise@0.000ns fall@5.000ns period=10.000ns})
  Path Group:             clk_ooc
  Path Type:              Setup (Max at Slow Process Corner)
  Requirement:            10.000ns  (clk_ooc rise@10.000ns - clk_ooc rise@0.000ns)
  Data Path Delay:        3.160ns  (logic 1.171ns (37.057%)  route 1.989ns (62.943%))
  Logic Levels:           4  (LUT2=1 LUT3=1 LUT6=2)
  Clock Path Skew:        -0.049ns (DCD - SCD + CPR)
    Destination Clock Delay (DCD):    0.924ns = ( 10.924 - 10.000 ) 
    Source Clock Delay      (SCD):    0.973ns
    Clock Pessimism Removal (CPR):    0.000ns
  Clock Uncertainty:      0.035ns  ((TSJ^2 + TIJ^2)^1/2 + DJ) / 2 + PE
    Total System Jitter     (TSJ):    0.071ns
    Total Input Jitter      (TIJ):    0.000ns
    Discrete Jitter          (DJ):    0.000ns
    Phase Error              (PE):    0.000ns

    Location             Delay type                Incr(ns)  Path(ns)    Netlist Resource(s)
  -------------------------------------------------------------------    -------------------
                         (clock clk_ooc rise edge)    0.000     0.000 r  <hidden>
                                                      0.000     0.000 r  clk
                         net (fo=1857, unset)         0.973     0.973    clk
                         FDRE                                         r  mask_r_reg[0]/C
  -------------------------------------------------------------------    -------------------
                         FDRE (Prop_fdre_C_Q)         0.478     1.451 r  mask_r_reg[0]/Q
                         net (fo=14, unplaced)        0.521     1.972    p_1_in
                         LUT2 (Prop_lut2_I0_O)        0.321     2.293 f  prop_valid_i_4/O
                         net (fo=1, unplaced)         0.449     2.742    prop_valid_i_4_n_0
                         LUT6 (Prop_lut6_I3_O)        0.124     2.866 f  prop_valid_i_3/O
                         net (fo=12, unplaced)        0.497     3.363    prop_valid_i_3_n_0
                         LUT3 (Prop_lut3_I2_O)        0.124     3.487 r  prop_valid_i_2/O
                         net (fo=35, unplaced)        0.522     4.009    prop_valid_i_2_n_0
                         LUT6 (Prop_lut6_I5_O)        0.124     4.133 r  q_sel[10]_i_1/O
                         net (fo=1, unplaced)         0.000     4.133    q_sel[10]_i_1_n_0
                         FDRE                                         r  q_sel_reg[10]/D
  -------------------------------------------------------------------    -------------------

                         (clock clk_ooc rise edge)   10.000    10.000 r  <hidden>
                                                      0.000    10.000 r  clk
                         net (fo=1857, unset)         0.924    10.924    clk
                         FDRE                                         r  q_sel_reg[10]/C
                         clock pessimism              0.000    10.924    <hidden>
                         clock uncertainty           -0.035    10.889    <hidden>
                         FDRE (Setup_fdre_C_D)        0.044    10.933    q_sel_reg[10]
  -------------------------------------------------------------------
                         required time                         10.933    <hidden>
                         arrival time                          -4.133    <hidden>
  -------------------------------------------------------------------
                         slack                                  6.800    <hidden>




