Copyright 1986-2022 Xilinx, Inc. All Rights Reserved. Copyright 2022-2026 Advanced Micro Devices, Inc. All Rights Reserved.
---------------------------------------------------------------------------------------------------------------------------------------------
| Tool Version : Vivado v.2026.1 (win64) Build 6511674 Tue Jun 16 11:02:23 MDT 2026
| Date         : Wed Sep 16 20:14:01 2026
| Host         : laptop-Quan running 64-bit major release  (build 9200)
| Command      : report_timing -max_paths 3 -file tb/learning/build/ooc/qstar_select_paths.rpt
| Design       : qstar_select
| Device       : 7a100t-csg324
| Speed File   : -1  PRODUCTION 1.23 2018-06-13
| Design State : Synthesized
---------------------------------------------------------------------------------------------------------------------------------------------

Timing Report

Slack (MET) :             1.703ns  (required time - arrival time)
  Source:                 feat_r_reg[63]/C
                            (rising edge-triggered cell FDRE clocked by clk_ooc  {rise@0.000ns fall@5.000ns period=10.000ns})
  Destination:            m2_r_reg/PCIN[0]
                            (rising edge-triggered cell DSP48E1 clocked by clk_ooc  {rise@0.000ns fall@5.000ns period=10.000ns})
  Path Group:             clk_ooc
  Path Type:              Setup (Max at Slow Process Corner)
  Requirement:            10.000ns  (clk_ooc rise@10.000ns - clk_ooc rise@0.000ns)
  Data Path Delay:        6.813ns  (logic 5.045ns (74.051%)  route 1.768ns (25.949%))
  Logic Levels:           3  (DSP48E1=1 LUT6=1 MUXF7=1)
  Clock Path Skew:        -0.049ns (DCD - SCD + CPR)
    Destination Clock Delay (DCD):    0.924ns = ( 10.924 - 10.000 ) 
    Source Clock Delay      (SCD):    0.973ns
    Clock Pessimism Removal (CPR):    0.000ns
  Clock Uncertainty:      0.035ns  ((TSJ^2 + TIJ^2)^1/2 + DJ) / 2 + PE
    Total System Jitter     (TSJ):    0.071ns
    Total Input Jitter      (TIJ):    0.000ns
    Discrete Jitter          (DJ):    0.000ns
    Phase Error              (PE):    0.000ns

    Location             Delay type                Incr(ns)  Path(ns)    Netlist Resource(s)
  -------------------------------------------------------------------    -------------------
                         (clock clk_ooc rise edge)    0.000     0.000 r  <hidden>
                                                      0.000     0.000 r  clk
                         net (fo=1857, unset)         0.973     0.973    clk
                         FDRE                                         r  feat_r_reg[63]/C
  -------------------------------------------------------------------    -------------------
                         FDRE (Prop_fdre_C_Q)         0.478     1.451 r  feat_r_reg[63]/Q
                         net (fo=1, unplaced)         0.965     2.416    data7[7]
                         LUT6 (Prop_lut6_I0_O)        0.295     2.711 r  m2_i_11/O
                         net (fo=1, unplaced)         0.000     2.711    m2_i_11_n_0
                         MUXF7 (Prop_muxf7_I1_O)      0.247     2.958 r  m2_i_2/O
                         net (fo=33, unplaced)        0.803     3.761    m2_i_2_n_0
                         DSP48E1 (Prop_dsp48e1_B[17]_PCOUT[0])
                                                      4.025     7.786 r  m2/PCOUT[0]
                         net (fo=1, unplaced)         0.000     7.786    m2_n_153
                         DSP48E1                                      r  m2_r_reg/PCIN[0]
  -------------------------------------------------------------------    -------------------

                         (clock clk_ooc rise edge)   10.000    10.000 r  <hidden>
                                                      0.000    10.000 r  clk
                         net (fo=1857, unset)         0.924    10.924    clk
                         DSP48E1                                      r  m2_r_reg/CLK
                         clock pessimism              0.000    10.924    <hidden>
                         clock uncertainty           -0.035    10.889    <hidden>
                         DSP48E1 (Setup_dsp48e1_CLK_PCIN[0])
                                                     -1.400     9.489    m2_r_reg
  -------------------------------------------------------------------
                         required time                          9.489    <hidden>
                         arrival time                          -7.786    <hidden>
  -------------------------------------------------------------------
                         slack                                  1.703    <hidden>

Slack (MET) :             1.703ns  (required time - arrival time)
  Source:                 feat_r_reg[63]/C
                            (rising edge-triggered cell FDRE clocked by clk_ooc  {rise@0.000ns fall@5.000ns period=10.000ns})
  Destination:            m2_r_reg/PCIN[10]
                            (rising edge-triggered cell DSP48E1 clocked by clk_ooc  {rise@0.000ns fall@5.000ns period=10.000ns})
  Path Group:             clk_ooc
  Path Type:              Setup (Max at Slow Process Corner)
  Requirement:            10.000ns  (clk_ooc rise@10.000ns - clk_ooc rise@0.000ns)
  Data Path Delay:        6.813ns  (logic 5.045ns (74.051%)  route 1.768ns (25.949%))
  Logic Levels:           3  (DSP48E1=1 LUT6=1 MUXF7=1)
  Clock Path Skew:        -0.049ns (DCD - SCD + CPR)
    Destination Clock Delay (DCD):    0.924ns = ( 10.924 - 10.000 ) 
    Source Clock Delay      (SCD):    0.973ns
    Clock Pessimism Removal (CPR):    0.000ns
  Clock Uncertainty:      0.035ns  ((TSJ^2 + TIJ^2)^1/2 + DJ) / 2 + PE
    Total System Jitter     (TSJ):    0.071ns
    Total Input Jitter      (TIJ):    0.000ns
    Discrete Jitter          (DJ):    0.000ns
    Phase Error              (PE):    0.000ns

    Location             Delay type                Incr(ns)  Path(ns)    Netlist Resource(s)
  -------------------------------------------------------------------    -------------------
                         (clock clk_ooc rise edge)    0.000     0.000 r  <hidden>
                                                      0.000     0.000 r  clk
                         net (fo=1857, unset)         0.973     0.973    clk
                         FDRE                                         r  feat_r_reg[63]/C
  -------------------------------------------------------------------    -------------------
                         FDRE (Prop_fdre_C_Q)         0.478     1.451 r  feat_r_reg[63]/Q
                         net (fo=1, unplaced)         0.965     2.416    data7[7]
                         LUT6 (Prop_lut6_I0_O)        0.295     2.711 r  m2_i_11/O
                         net (fo=1, unplaced)         0.000     2.711    m2_i_11_n_0
                         MUXF7 (Prop_muxf7_I1_O)      0.247     2.958 r  m2_i_2/O
                         net (fo=33, unplaced)        0.803     3.761    m2_i_2_n_0
                         DSP48E1 (Prop_dsp48e1_B[17]_PCOUT[10])
                                                      4.025     7.786 r  m2/PCOUT[10]
                         net (fo=1, unplaced)         0.000     7.786    m2_n_143
                         DSP48E1                                      r  m2_r_reg/PCIN[10]
  -------------------------------------------------------------------    -------------------

                         (clock clk_ooc rise edge)   10.000    10.000 r  <hidden>
                                                      0.000    10.000 r  clk
                         net (fo=1857, unset)         0.924    10.924    clk
                         DSP48E1                                      r  m2_r_reg/CLK
                         clock pessimism              0.000    10.924    <hidden>
                         clock uncertainty           -0.035    10.889    <hidden>
                         DSP48E1 (Setup_dsp48e1_CLK_PCIN[10])
                                                     -1.400     9.489    m2_r_reg
  -------------------------------------------------------------------
                         required time                          9.489    <hidden>
                         arrival time                          -7.786    <hidden>
  -------------------------------------------------------------------
                         slack                                  1.703    <hidden>

Slack (MET) :             1.703ns  (required time - arrival time)
  Source:                 feat_r_reg[63]/C
                            (rising edge-triggered cell FDRE clocked by clk_ooc  {rise@0.000ns fall@5.000ns period=10.000ns})
  Destination:            m2_r_reg/PCIN[11]
                            (rising edge-triggered cell DSP48E1 clocked by clk_ooc  {rise@0.000ns fall@5.000ns period=10.000ns})
  Path Group:             clk_ooc
  Path Type:              Setup (Max at Slow Process Corner)
  Requirement:            10.000ns  (clk_ooc rise@10.000ns - clk_ooc rise@0.000ns)
  Data Path Delay:        6.813ns  (logic 5.045ns (74.051%)  route 1.768ns (25.949%))
  Logic Levels:           3  (DSP48E1=1 LUT6=1 MUXF7=1)
  Clock Path Skew:        -0.049ns (DCD - SCD + CPR)
    Destination Clock Delay (DCD):    0.924ns = ( 10.924 - 10.000 ) 
    Source Clock Delay      (SCD):    0.973ns
    Clock Pessimism Removal (CPR):    0.000ns
  Clock Uncertainty:      0.035ns  ((TSJ^2 + TIJ^2)^1/2 + DJ) / 2 + PE
    Total System Jitter     (TSJ):    0.071ns
    Total Input Jitter      (TIJ):    0.000ns
    Discrete Jitter          (DJ):    0.000ns
    Phase Error              (PE):    0.000ns

    Location             Delay type                Incr(ns)  Path(ns)    Netlist Resource(s)
  -------------------------------------------------------------------    -------------------
                         (clock clk_ooc rise edge)    0.000     0.000 r  <hidden>
                                                      0.000     0.000 r  clk
                         net (fo=1857, unset)         0.973     0.973    clk
                         FDRE                                         r  feat_r_reg[63]/C
  -------------------------------------------------------------------    -------------------
                         FDRE (Prop_fdre_C_Q)         0.478     1.451 r  feat_r_reg[63]/Q
                         net (fo=1, unplaced)         0.965     2.416    data7[7]
                         LUT6 (Prop_lut6_I0_O)        0.295     2.711 r  m2_i_11/O
                         net (fo=1, unplaced)         0.000     2.711    m2_i_11_n_0
                         MUXF7 (Prop_muxf7_I1_O)      0.247     2.958 r  m2_i_2/O
                         net (fo=33, unplaced)        0.803     3.761    m2_i_2_n_0
                         DSP48E1 (Prop_dsp48e1_B[17]_PCOUT[11])
                                                      4.025     7.786 r  m2/PCOUT[11]
                         net (fo=1, unplaced)         0.000     7.786    m2_n_142
                         DSP48E1                                      r  m2_r_reg/PCIN[11]
  -------------------------------------------------------------------    -------------------

                         (clock clk_ooc rise edge)   10.000    10.000 r  <hidden>
                                                      0.000    10.000 r  clk
                         net (fo=1857, unset)         0.924    10.924    clk
                         DSP48E1                                      r  m2_r_reg/CLK
                         clock pessimism              0.000    10.924    <hidden>
                         clock uncertainty           -0.035    10.889    <hidden>
                         DSP48E1 (Setup_dsp48e1_CLK_PCIN[11])
                                                     -1.400     9.489    m2_r_reg
  -------------------------------------------------------------------
                         required time                          9.489    <hidden>
                         arrival time                          -7.786    <hidden>
  -------------------------------------------------------------------
                         slack                                  1.703    <hidden>




