Copyright 1986-2022 Xilinx, Inc. All Rights Reserved. Copyright 2022-2026 Advanced Micro Devices, Inc. All Rights Reserved.
-----------------------------------------------------------------------------------------------------------------------------------------------------------------------------------------------------------------------------------------------------
| Tool Version : Vivado v.2026.1 (win64) Build 6511674 Tue Jun 16 11:02:23 MDT 2026
| Date         : Wed Sep 16 20:14:01 2026
| Host         : laptop-Quan running 64-bit major release  (build 9200)
| Command      : report_timing -from [get_cells -quiet -hierarchical -regexp .*] -to [get_cells -quiet -hierarchical -regexp (k_expl_r_reg|hit_r_reg|a_expl_r_reg|a_expl_ok_r_reg).*] -max_paths 3 -file tb/learning/build/ooc/qstar_select_cone.rpt
| Design       : qstar_select
| Device       : 7a100t-csg324
| Speed File   : -1  PRODUCTION 1.23 2018-06-13
| Design State : Synthesized
-----------------------------------------------------------------------------------------------------------------------------------------------------------------------------------------------------------------------------------------------------

Timing Report

Slack (MET) :             4.446ns  (required time - arrival time)
  Source:                 k_expl_r_reg[1]/C
                            (rising edge-triggered cell FDRE clocked by clk_ooc  {rise@0.000ns fall@5.000ns period=10.000ns})
  Destination:            a_expl_ok_r_reg/D
                            (rising edge-triggered cell FDRE clocked by clk_ooc  {rise@0.000ns fall@5.000ns period=10.000ns})
  Path Group:             clk_ooc
  Path Type:              Setup (Max at Slow Process Corner)
  Requirement:            10.000ns  (clk_ooc rise@10.000ns - clk_ooc rise@0.000ns)
  Data Path Delay:        5.514ns  (logic 1.393ns (25.263%)  route 4.121ns (74.737%))
  Logic Levels:           6  (LUT6=6)
  Clock Path Skew:        -0.049ns (DCD - SCD + CPR)
    Destination Clock Delay (DCD):    0.924ns = ( 10.924 - 10.000 ) 
    Source Clock Delay      (SCD):    0.973ns
    Clock Pessimism Removal (CPR):    0.000ns
  Clock Uncertainty:      0.035ns  ((TSJ^2 + TIJ^2)^1/2 + DJ) / 2 + PE
    Total System Jitter     (TSJ):    0.071ns
    Total Input Jitter      (TIJ):    0.000ns
    Discrete Jitter          (DJ):    0.000ns
    Phase Error              (PE):    0.000ns

    Location             Delay type                Incr(ns)  Path(ns)    Netlist Resource(s)
  -------------------------------------------------------------------    -------------------
                         (clock clk_ooc rise edge)    0.000     0.000 r  <hidden>
                                                      0.000     0.000 r  clk
                         net (fo=1857, unset)         0.973     0.973    clk
                         FDRE                                         r  k_expl_r_reg[1]/C
  -------------------------------------------------------------------    -------------------
                         FDRE (Prop_fdre_C_Q)         0.478     1.451 r  k_expl_r_reg[1]/Q
                         net (fo=9, unplaced)         1.006     2.457    k[1]
                         LUT6 (Prop_lut6_I0_O)        0.295     2.752 f  a_expl_r[2]_i_4/O
                         net (fo=7, unplaced)         0.767     3.519    a_expl_r[2]_i_4_n_0
                         LUT6 (Prop_lut6_I1_O)        0.124     3.643 r  a_expl_ok_r_i_6/O
                         net (fo=4, unplaced)         0.756     4.399    a_expl_ok_r_i_6_n_0
                         LUT6 (Prop_lut6_I0_O)        0.124     4.523 r  a_expl_ok_r_i_4/O
                         net (fo=3, unplaced)         0.467     4.990    a_expl_ok_r_i_4_n_0
                         LUT6 (Prop_lut6_I5_O)        0.124     5.114 f  a_expl_r[0]_i_2/O
                         net (fo=1, unplaced)         0.665     5.779    a_expl_r[0]_i_2_n_0
                         LUT6 (Prop_lut6_I0_O)        0.124     5.903 f  a_expl_r[0]_i_1/O
                         net (fo=2, unplaced)         0.460     6.363    kth_legal_return[0]
                         LUT6 (Prop_lut6_I1_O)        0.124     6.487 r  a_expl_ok_r_i_2/O
                         net (fo=1, unplaced)         0.000     6.487    a_expl_ok_r_i_2_n_0
                         FDRE                                         r  a_expl_ok_r_reg/D
  -------------------------------------------------------------------    -------------------

                         (clock clk_ooc rise edge)   10.000    10.000 r  <hidden>
                                                      0.000    10.000 r  clk
                         net (fo=1857, unset)         0.924    10.924    clk
                         FDRE                                         r  a_expl_ok_r_reg/C
                         clock pessimism              0.000    10.924    <hidden>
                         clock uncertainty           -0.035    10.889    <hidden>
                         FDRE (Setup_fdre_C_D)        0.044    10.933    a_expl_ok_r_reg
  -------------------------------------------------------------------
                         required time                         10.933    <hidden>
                         arrival time                          -6.487    <hidden>
  -------------------------------------------------------------------
                         slack                                  4.446    <hidden>

Slack (MET) :             5.030ns  (required time - arrival time)
  Source:                 k_expl_r_reg[1]/C
                            (rising edge-triggered cell FDRE clocked by clk_ooc  {rise@0.000ns fall@5.000ns period=10.000ns})
  Destination:            a_expl_r_reg[0]/D
                            (rising edge-triggered cell FDSE clocked by clk_ooc  {rise@0.000ns fall@5.000ns period=10.000ns})
  Path Group:             clk_ooc
  Path Type:              Setup (Max at Slow Process Corner)
  Requirement:            10.000ns  (clk_ooc rise@10.000ns - clk_ooc rise@0.000ns)
  Data Path Delay:        4.930ns  (logic 1.269ns (25.740%)  route 3.661ns (74.260%))
  Logic Levels:           5  (LUT6=5)
  Clock Path Skew:        -0.049ns (DCD - SCD + CPR)
    Destination Clock Delay (DCD):    0.924ns = ( 10.924 - 10.000 ) 
    Source Clock Delay      (SCD):    0.973ns
    Clock Pessimism Removal (CPR):    0.000ns
  Clock Uncertainty:      0.035ns  ((TSJ^2 + TIJ^2)^1/2 + DJ) / 2 + PE
    Total System Jitter     (TSJ):    0.071ns
    Total Input Jitter      (TIJ):    0.000ns
    Discrete Jitter          (DJ):    0.000ns
    Phase Error              (PE):    0.000ns

    Location             Delay type                Incr(ns)  Path(ns)    Netlist Resource(s)
  -------------------------------------------------------------------    -------------------
                         (clock clk_ooc rise edge)    0.000     0.000 r  <hidden>
                                                      0.000     0.000 r  clk
                         net (fo=1857, unset)         0.973     0.973    clk
                         FDRE                                         r  k_expl_r_reg[1]/C
  -------------------------------------------------------------------    -------------------
                         FDRE (Prop_fdre_C_Q)         0.478     1.451 f  k_expl_r_reg[1]/Q
                         net (fo=9, unplaced)         1.006     2.457    k[1]
                         LUT6 (Prop_lut6_I0_O)        0.295     2.752 r  a_expl_r[2]_i_4/O
                         net (fo=7, unplaced)         0.767     3.519    a_expl_r[2]_i_4_n_0
                         LUT6 (Prop_lut6_I1_O)        0.124     3.643 f  a_expl_ok_r_i_6/O
                         net (fo=4, unplaced)         0.756     4.399    a_expl_ok_r_i_6_n_0
                         LUT6 (Prop_lut6_I0_O)        0.124     4.523 f  a_expl_ok_r_i_4/O
                         net (fo=3, unplaced)         0.467     4.990    a_expl_ok_r_i_4_n_0
                         LUT6 (Prop_lut6_I5_O)        0.124     5.114 r  a_expl_r[0]_i_2/O
                         net (fo=1, unplaced)         0.665     5.779    a_expl_r[0]_i_2_n_0
                         LUT6 (Prop_lut6_I0_O)        0.124     5.903 r  a_expl_r[0]_i_1/O
                         net (fo=2, unplaced)         0.000     5.903    kth_legal_return[0]
                         FDSE                                         r  a_expl_r_reg[0]/D
  -------------------------------------------------------------------    -------------------

                         (clock clk_ooc rise edge)   10.000    10.000 r  <hidden>
                                                      0.000    10.000 r  clk
                         net (fo=1857, unset)         0.924    10.924    clk
                         FDSE                                         r  a_expl_r_reg[0]/C
                         clock pessimism              0.000    10.924    <hidden>
                         clock uncertainty           -0.035    10.889    <hidden>
                         FDSE (Setup_fdse_C_D)        0.044    10.933    a_expl_r_reg[0]
  -------------------------------------------------------------------
                         required time                         10.933    <hidden>
                         arrival time                          -5.903    <hidden>
  -------------------------------------------------------------------
                         slack                                  5.030    <hidden>

Slack (MET) :             5.270ns  (required time - arrival time)
  Source:                 k_expl_r_reg[0]/C
                            (rising edge-triggered cell FDRE clocked by clk_ooc  {rise@0.000ns fall@5.000ns period=10.000ns})
  Destination:            a_expl_r_reg[1]/D
                            (rising edge-triggered cell FDSE clocked by clk_ooc  {rise@0.000ns fall@5.000ns period=10.000ns})
  Path Group:             clk_ooc
  Path Type:              Setup (Max at Slow Process Corner)
  Requirement:            10.000ns  (clk_ooc rise@10.000ns - clk_ooc rise@0.000ns)
  Data Path Delay:        4.690ns  (logic 1.269ns (27.058%)  route 3.421ns (72.942%))
  Logic Levels:           5  (LUT3=1 LUT5=1 LUT6=3)
  Clock Path Skew:        -0.049ns (DCD - SCD + CPR)
    Destination Clock Delay (DCD):    0.924ns = ( 10.924 - 10.000 ) 
    Source Clock Delay      (SCD):    0.973ns
    Clock Pessimism Removal (CPR):    0.000ns
  Clock Uncertainty:      0.035ns  ((TSJ^2 + TIJ^2)^1/2 + DJ) / 2 + PE
    Total System Jitter     (TSJ):    0.071ns
    Total Input Jitter      (TIJ):    0.000ns
    Discrete Jitter          (DJ):    0.000ns
    Phase Error              (PE):    0.000ns

    Location             Delay type                Incr(ns)  Path(ns)    Netlist Resource(s)
  -------------------------------------------------------------------    -------------------
                         (clock clk_ooc rise edge)    0.000     0.000 r  <hidden>
                                                      0.000     0.000 r  clk
                         net (fo=1857, unset)         0.973     0.973    clk
                         FDRE                                         r  k_expl_r_reg[0]/C
  -------------------------------------------------------------------    -------------------
                         FDRE (Prop_fdre_C_Q)         0.478     1.451 f  k_expl_r_reg[0]/Q
                         net (fo=10, unplaced)        1.008     2.459    k[0]
                         LUT6 (Prop_lut6_I0_O)        0.295     2.754 r  a_expl_r[2]_i_2/O
                         net (fo=5, unplaced)         0.760     3.514    a_expl_r[2]_i_2_n_0
                         LUT6 (Prop_lut6_I0_O)        0.124     3.638 f  a_expl_r[2]_i_1/O
                         net (fo=4, unplaced)         0.756     4.394    kth_legal_return[2]
                         LUT5 (Prop_lut5_I0_O)        0.124     4.518 r  a_expl_ok_r_i_11/O
                         net (fo=3, unplaced)         0.437     4.955    a_expl_ok_r_i_11_n_0
                         LUT6 (Prop_lut6_I2_O)        0.124     5.079 f  a_expl_ok_r_i_5/O
                         net (fo=2, unplaced)         0.460     5.539    a_expl_ok_r_i_5_n_0
                         LUT3 (Prop_lut3_I0_O)        0.124     5.663 r  a_expl_r[1]_i_1/O
                         net (fo=1, unplaced)         0.000     5.663    kth_legal_return[1]
                         FDSE                                         r  a_expl_r_reg[1]/D
  -------------------------------------------------------------------    -------------------

                         (clock clk_ooc rise edge)   10.000    10.000 r  <hidden>
                                                      0.000    10.000 r  clk
                         net (fo=1857, unset)         0.924    10.924    clk
                         FDSE                                         r  a_expl_r_reg[1]/C
                         clock pessimism              0.000    10.924    <hidden>
                         clock uncertainty           -0.035    10.889    <hidden>
                         FDSE (Setup_fdse_C_D)        0.044    10.933    a_expl_r_reg[1]
  -------------------------------------------------------------------
                         required time                         10.933    <hidden>
                         arrival time                          -5.663    <hidden>
  -------------------------------------------------------------------
                         slack                                  5.270    <hidden>




