Copyright 1986-2022 Xilinx, Inc. All Rights Reserved. Copyright 2022-2026 Advanced Micro Devices, Inc. All Rights Reserved.
---------------------------------------------------------------------------------------------------------------------------------------------
| Tool Version : Vivado v.2026.1 (win64) Build 6511674 Tue Jun 16 11:02:23 MDT 2026
| Date         : Wed Sep 16 17:26:29 2026
| Host         : laptop-Quan running 64-bit major release  (build 9200)
| Command      : report_timing -max_paths 3 -file tb/learning/build/ooc/spear_rank_paths.rpt
| Design       : spear_rank
| Device       : 7a100t-csg324
| Speed File   : -1  PRODUCTION 1.23 2018-06-13
| Design State : Synthesized
---------------------------------------------------------------------------------------------------------------------------------------------

Timing Report

Slack (MET) :             1.898ns  (required time - arrival time)
  Source:                 desc_r_reg[67]/C
                            (rising edge-triggered cell FDRE clocked by clk_ooc  {rise@0.000ns fall@5.000ns period=10.000ns})
  Destination:            desc_ok_reg/D
                            (rising edge-triggered cell FDRE clocked by clk_ooc  {rise@0.000ns fall@5.000ns period=10.000ns})
  Path Group:             clk_ooc
  Path Type:              Setup (Max at Slow Process Corner)
  Requirement:            10.000ns  (clk_ooc rise@10.000ns - clk_ooc rise@0.000ns)
  Data Path Delay:        8.062ns  (logic 2.404ns (29.819%)  route 5.658ns (70.181%))
  Logic Levels:           10  (CARRY4=2 LUT4=1 LUT5=2 LUT6=5)
  Clock Path Skew:        -0.049ns (DCD - SCD + CPR)
    Destination Clock Delay (DCD):    0.924ns = ( 10.924 - 10.000 ) 
    Source Clock Delay      (SCD):    0.973ns
    Clock Pessimism Removal (CPR):    0.000ns
  Clock Uncertainty:      0.035ns  ((TSJ^2 + TIJ^2)^1/2 + DJ) / 2 + PE
    Total System Jitter     (TSJ):    0.071ns
    Total Input Jitter      (TIJ):    0.000ns
    Discrete Jitter          (DJ):    0.000ns
    Phase Error              (PE):    0.000ns

    Location             Delay type                Incr(ns)  Path(ns)    Netlist Resource(s)
  -------------------------------------------------------------------    -------------------
                         (clock clk_ooc rise edge)    0.000     0.000 r  <hidden>
                                                      0.000     0.000 r  clk
                         net (fo=1410, unset)         0.973     0.973    clk
                         FDRE                                         r  desc_r_reg[67]/C
  -------------------------------------------------------------------    -------------------
                         FDRE (Prop_fdre_C_Q)         0.478     1.451 r  desc_r_reg[67]/Q
                         net (fo=5, unplaced)         0.993     2.444    d_gen[7]
                         LUT6 (Prop_lut6_I0_O)        0.295     2.739 r  desc_ok_i_111/O
                         net (fo=9, unplaced)         0.490     3.229    desc_ok_i_111_n_0
                         LUT5 (Prop_lut5_I0_O)        0.124     3.353 r  desc_ok_i_146/O
                         net (fo=7, unplaced)         0.484     3.837    desc_ok_i_146_n_0
                         LUT5 (Prop_lut5_I0_O)        0.124     3.961 r  desc_ok_i_138/O
                         net (fo=4, unplaced)         0.965     4.926    desc_ok_i_138_n_0
                         LUT6 (Prop_lut6_I0_O)        0.124     5.050 r  desc_ok_i_86/O
                         net (fo=9, unplaced)         0.706     5.756    desc_ok_i_86_n_0
                         LUT6 (Prop_lut6_I2_O)        0.124     5.880 r  desc_ok_i_75/O
                         net (fo=4, unplaced)         0.756     6.636    desc_ok_i_75_n_0
                         LUT6 (Prop_lut6_I2_O)        0.124     6.760 r  desc_ok_i_47/O
                         net (fo=2, unplaced)         0.952     7.712    desc_ok_i_47_n_0
                         LUT6 (Prop_lut6_I1_O)        0.124     7.836 r  desc_ok_i_25/O
                         net (fo=1, unplaced)         0.000     7.836    desc_ok_i_25_n_0
                         CARRY4 (Prop_carry4_S[3]_CO[3])
                                                      0.376     8.212 r  desc_ok_reg_i_13/CO[3]
                         net (fo=1, unplaced)         0.000     8.212    desc_ok_reg_i_13_n_0
                         CARRY4 (Prop_carry4_CI_CO[1])
                                                      0.179     8.391 r  desc_ok_reg_i_3/CO[1]
                         net (fo=1, unplaced)         0.312     8.703    crc_ok
                         LUT4 (Prop_lut4_I1_O)        0.332     9.035 r  desc_ok_i_1/O
                         net (fo=1, unplaced)         0.000     9.035    desc_ok_i_1_n_0
                         FDRE                                         r  desc_ok_reg/D
  -------------------------------------------------------------------    -------------------

                         (clock clk_ooc rise edge)   10.000    10.000 r  <hidden>
                                                      0.000    10.000 r  clk
                         net (fo=1410, unset)         0.924    10.924    clk
                         FDRE                                         r  desc_ok_reg/C
                         clock pessimism              0.000    10.924    <hidden>
                         clock uncertainty           -0.035    10.889    <hidden>
                         FDRE (Setup_fdre_C_D)        0.044    10.933    desc_ok_reg
  -------------------------------------------------------------------
                         required time                         10.933    <hidden>
                         arrival time                          -9.035    <hidden>
  -------------------------------------------------------------------
                         slack                                  1.898    <hidden>

Slack (MET) :             2.400ns  (required time - arrival time)
  Source:                 sum_ext/CLK
                            (rising edge-triggered cell DSP48E1 clocked by clk_ooc  {rise@0.000ns fall@5.000ns period=10.000ns})
  Destination:            sum_ext/C[0]
                            (rising edge-triggered cell DSP48E1 clocked by clk_ooc  {rise@0.000ns fall@5.000ns period=10.000ns})
  Path Group:             clk_ooc
  Path Type:              Setup (Max at Slow Process Corner)
  Requirement:            10.000ns  (clk_ooc rise@10.000ns - clk_ooc rise@0.000ns)
  Data Path Delay:        7.283ns  (logic 4.994ns (68.573%)  route 2.289ns (31.427%))
  Logic Levels:           3  (CARRY4=1 LUT1=1 LUT4=1)
  Clock Path Skew:        -0.049ns (DCD - SCD + CPR)
    Destination Clock Delay (DCD):    0.924ns = ( 10.924 - 10.000 ) 
    Source Clock Delay      (SCD):    0.973ns
    Clock Pessimism Removal (CPR):    0.000ns
  Clock Uncertainty:      0.035ns  ((TSJ^2 + TIJ^2)^1/2 + DJ) / 2 + PE
    Total System Jitter     (TSJ):    0.071ns
    Total Input Jitter      (TIJ):    0.000ns
    Discrete Jitter          (DJ):    0.000ns
    Phase Error              (PE):    0.000ns

    Location             Delay type                Incr(ns)  Path(ns)    Netlist Resource(s)
  -------------------------------------------------------------------    -------------------
                         (clock clk_ooc rise edge)    0.000     0.000 r  <hidden>
                                                      0.000     0.000 r  clk
                         net (fo=1410, unset)         0.973     0.973    clk
                         DSP48E1                                      r  sum_ext/CLK
  -------------------------------------------------------------------    -------------------
                         DSP48E1 (Prop_dsp48e1_CLK_P[31])
                                                      4.009     4.982 f  sum_ext/P[31]
                         net (fo=5, unplaced)         0.803     5.785    sum_ext_n_74
                         LUT1 (Prop_lut1_I0_O)        0.116     5.901 r  sum_ext_i_180/O
                         net (fo=1, unplaced)         0.000     5.901    sum_ext_i_180_n_0
                         CARRY4 (Prop_carry4_DI[0]_CO[1])
                                                      0.537     6.438 f  sum_ext_i_103/CO[1]
                         net (fo=33, unplaced)        0.683     7.121    sum_ovf_n
                         LUT4 (Prop_lut4_I2_O)        0.332     7.453 r  sum_ext_i_55/O
                         net (fo=1, unplaced)         0.803     8.256    sum_ext_i_55_n_0
                         DSP48E1                                      r  sum_ext/C[0]
  -------------------------------------------------------------------    -------------------

                         (clock clk_ooc rise edge)   10.000    10.000 r  <hidden>
                                                      0.000    10.000 r  clk
                         net (fo=1410, unset)         0.924    10.924    clk
                         DSP48E1                                      r  sum_ext/CLK
                         clock pessimism              0.000    10.924    <hidden>
                         clock uncertainty           -0.035    10.889    <hidden>
                         DSP48E1 (Setup_dsp48e1_CLK_C[0])
                                                     -0.233    10.656    sum_ext
  -------------------------------------------------------------------
                         required time                         10.656    <hidden>
                         arrival time                          -8.256    <hidden>
  -------------------------------------------------------------------
                         slack                                  2.400    <hidden>

Slack (MET) :             2.400ns  (required time - arrival time)
  Source:                 sum_ext/CLK
                            (rising edge-triggered cell DSP48E1 clocked by clk_ooc  {rise@0.000ns fall@5.000ns period=10.000ns})
  Destination:            sum_ext/C[10]
                            (rising edge-triggered cell DSP48E1 clocked by clk_ooc  {rise@0.000ns fall@5.000ns period=10.000ns})
  Path Group:             clk_ooc
  Path Type:              Setup (Max at Slow Process Corner)
  Requirement:            10.000ns  (clk_ooc rise@10.000ns - clk_ooc rise@0.000ns)
  Data Path Delay:        7.283ns  (logic 4.994ns (68.573%)  route 2.289ns (31.427%))
  Logic Levels:           3  (CARRY4=1 LUT1=1 LUT4=1)
  Clock Path Skew:        -0.049ns (DCD - SCD + CPR)
    Destination Clock Delay (DCD):    0.924ns = ( 10.924 - 10.000 ) 
    Source Clock Delay      (SCD):    0.973ns
    Clock Pessimism Removal (CPR):    0.000ns
  Clock Uncertainty:      0.035ns  ((TSJ^2 + TIJ^2)^1/2 + DJ) / 2 + PE
    Total System Jitter     (TSJ):    0.071ns
    Total Input Jitter      (TIJ):    0.000ns
    Discrete Jitter          (DJ):    0.000ns
    Phase Error              (PE):    0.000ns

    Location             Delay type                Incr(ns)  Path(ns)    Netlist Resource(s)
  -------------------------------------------------------------------    -------------------
                         (clock clk_ooc rise edge)    0.000     0.000 r  <hidden>
                                                      0.000     0.000 r  clk
                         net (fo=1410, unset)         0.973     0.973    clk
                         DSP48E1                                      r  sum_ext/CLK
  -------------------------------------------------------------------    -------------------
                         DSP48E1 (Prop_dsp48e1_CLK_P[31])
                                                      4.009     4.982 f  sum_ext/P[31]
                         net (fo=5, unplaced)         0.803     5.785    sum_ext_n_74
                         LUT1 (Prop_lut1_I0_O)        0.116     5.901 r  sum_ext_i_180/O
                         net (fo=1, unplaced)         0.000     5.901    sum_ext_i_180_n_0
                         CARRY4 (Prop_carry4_DI[0]_CO[1])
                                                      0.537     6.438 f  sum_ext_i_103/CO[1]
                         net (fo=33, unplaced)        0.683     7.121    sum_ovf_n
                         LUT4 (Prop_lut4_I2_O)        0.332     7.453 r  sum_ext_i_45/O
                         net (fo=2, unplaced)         0.803     8.256    sum_ext_i_45_n_0
                         DSP48E1                                      r  sum_ext/C[10]
  -------------------------------------------------------------------    -------------------

                         (clock clk_ooc rise edge)   10.000    10.000 r  <hidden>
                                                      0.000    10.000 r  clk
                         net (fo=1410, unset)         0.924    10.924    clk
                         DSP48E1                                      r  sum_ext/CLK
                         clock pessimism              0.000    10.924    <hidden>
                         clock uncertainty           -0.035    10.889    <hidden>
                         DSP48E1 (Setup_dsp48e1_CLK_C[10])
                                                     -0.233    10.656    sum_ext
  -------------------------------------------------------------------
                         required time                         10.656    <hidden>
                         arrival time                          -8.256    <hidden>
  -------------------------------------------------------------------
                         slack                                  2.400    <hidden>




