#-----------------------------------------------------------
# xsim v2026.1 (64-bit)
# SW Build 6511674 on Tue Jun 16 11:02:23 MDT 2026
# IP Build 6504888 on Tue Jun 09 09:05:25 MDT 2026
# SharedData Build 6501428 on Mon Jun 08 17:34:18 MDT 2026
# Start of session at: Wed Sep 16 20:43:17 2026
# Process ID         : 41736
# Current directory  : D:/FPGA/arty_d/uart_word
# Command line       : xsim.exe -log xsim.log -mode tcl -source {xsim.dir/snap_uart_word/xsim_script.tcl}
# Log file           : D:/FPGA/arty_d/uart_word/xsim.log
# Journal file       : D:/FPGA/arty_d/uart_word\xsim.jou
# Running On         : laptop-Quan
# Platform           : Windows 11
# Operating System   : 22621
# Processor Detail   : AMD Ryzen 7 5800HS with Radeon Graphics         
# CPU Frequency      : 3194 MHz
# CPU Physical cores : 8
# CPU Logical cores  : 16
# Host memory        : 16541 MB
# Swap memory        : 31547 MB
# Total Virtual      : 48088 MB
# Available Virtual  : 14894 MB
#-----------------------------------------------------------
source xsim.dir/snap_uart_word/xsim_script.tcl
# xsim {snap_uart_word} -autoloadwcfg -tclbatch {run_all.tcl}
Time resolution is 1 ps
source run_all.tcl
## run -all
MATCH a1b2c3d4
MATCH a5000001
UART_WORD_XSIM_PASS 2/2
$finish called at time : 691335 ns : File "D:/FPGA/NATIVE_AI_DEVELOPMENTAL_HARDWARE_R1_PACKAGE_20260914-20260914T045403Z-1-001/CANON_BLUEPRINT/tb/native_ai/board/tb_uart_word.sv" Line 36
## exit
INFO: [Common 17-206] Exiting xsim at Wed Sep 16 20:43:20 2026...
