#-----------------------------------------------------------
# xsim v2026.1 (64-bit)
# SW Build 6511674 on Tue Jun 16 11:02:23 MDT 2026
# IP Build 6504888 on Tue Jun 09 09:05:25 MDT 2026
# SharedData Build 6501428 on Mon Jun 08 17:34:18 MDT 2026
# Start of session at: Sat Sep 19 18:44:14 2026
# Process ID         : 60252
# Current directory  : D:/FPGA/arty_d/UART_R2/xsim_u33ph
# Command line       : xsim.exe -log xsim_u33ph.log -mode tcl -source {xsim.dir/tb_u33ph/xsim_script.tcl}
# Log file           : D:/FPGA/arty_d/UART_R2/xsim_u33ph/xsim_u33ph.log
# Journal file       : D:/FPGA/arty_d/UART_R2/xsim_u33ph\xsim.jou
# Running On         : laptop-Quan
# Platform           : Windows 11
# Operating System   : 22621
# Processor Detail   : AMD Ryzen 7 5800HS with Radeon Graphics         
# CPU Frequency      : 3194 MHz
# CPU Physical cores : 8
# CPU Logical cores  : 16
# Host memory        : 16541 MB
# Swap memory        : 26013 MB
# Total Virtual      : 42554 MB
# Available Virtual  : 10837 MB
#-----------------------------------------------------------
source xsim.dir/tb_u33ph/xsim_script.tcl
# xsim {tb_u33ph} -autoloadwcfg -tclbatch {run.tcl}
Time resolution is 1 ps
source run.tcl
## run -all
U33_PHANTOM nwords=52 PACK_ABI_24_24_PASS=NO
GOLD0 mute=0 got=010000a5
AFTER_CLEAR1 lock=0 empty=1 f_valid=0 f_data=00800001 steer=0 dest_acc=1
AFTER_CLEAR1 cdc a_idle=1 b_idle=1 b_valid=0 hold=00000000 req_a=0 last_b=0 p_valid=0 p_data=00000000 n_ph=0 ph0=00000000
AFTER_CLEAR1_WAIT lock=0 empty=1 f_valid=0 f_data=00800001 steer=0 dest_acc=1
AFTER_CLEAR1_WAIT cdc a_idle=1 b_idle=1 b_valid=0 hold=00000000 req_a=0 last_b=0 p_valid=0 p_data=00000000 n_ph=0 ph0=00000000
NO_PHANTOM_AFTER_CLEAR1
V04_AFTER_PROBE mute=0 got=010000a5 p0=00800001 p1=3149414e
PROBE_THEN_V04_GOLD no phantom BEGIN
LEFTOVER_00010001 mute=0 got=010000a5 p0=00800001 p1=3149414e n_p=8
ABI01_LEFTOVER_GOLD unlocked drop (not exact BEGIN)
PRE5_0 mute=0 got=010000a5
PRE5_1 mute=0 got=010000a5
PRE5_2 mute=0 got=010000a5
BEFORE_5TH lock=0 empty=1 f_valid=0 f_data=00800001 steer=0 dest_acc=1
BEFORE_5TH cdc a_idle=1 b_idle=1 b_valid=0 hold=00000000 req_a=0 last_b=0 p_valid=0 p_data=00000000 n_ph=0 ph0=00000000
BEFORE_5TH_WAIT lock=0 empty=1 f_valid=0 f_data=00800001 steer=0 dest_acc=1
BEFORE_5TH_WAIT cdc a_idle=1 b_idle=1 b_valid=0 hold=00000000 req_a=0 last_b=0 p_valid=0 p_data=00000000 n_ph=0 ph0=00000000
NO_PHANTOM_BEFORE_5TH
V04_5 mute=0 got=010000a5 p0=00800001 p1=3149414e n_ph=8
FIFTH_GOLD_WITHOUT_INJECT BRAM
U33_PHANTOM_CDC_DONE PACK_ABI_24_24_PASS=NO
$finish called at time : 19773145 ns : File "D:/FPGA/arty_d/UART_R2/u33/tb_u33_phantom_cdc.sv" Line 282
## puts DONE
DONE
## exit
INFO: [Common 17-206] Exiting xsim at Sat Sep 19 18:44:21 2026...
