#-----------------------------------------------------------
# xsim v2026.1 (64-bit)
# SW Build 6511674 on Tue Jun 16 11:02:23 MDT 2026
# IP Build 6504888 on Tue Jun 09 09:05:25 MDT 2026
# SharedData Build 6501428 on Mon Jun 08 17:34:18 MDT 2026
# Start of session at: Wed Sep 16 15:06:43 2026
# Process ID         : 54776
# Current directory  : D:/FPGA/NATIVE_AI_DEVELOPMENTAL_HARDWARE_R1_PACKAGE_20260914-20260914T045403Z-1-001/CANON_BLUEPRINT/tb/learning/build/fem_t2
# Command line       : xsim.exe -mode tcl -source {xsim.dir/snap_t2/xsim_script.tcl}
# Log file           : D:/FPGA/NATIVE_AI_DEVELOPMENTAL_HARDWARE_R1_PACKAGE_20260914-20260914T045403Z-1-001/CANON_BLUEPRINT/tb/learning/build/fem_t2/xsim.log
# Journal file       : D:/FPGA/NATIVE_AI_DEVELOPMENTAL_HARDWARE_R1_PACKAGE_20260914-20260914T045403Z-1-001/CANON_BLUEPRINT/tb/learning/build/fem_t2\xsim.jou
# Running On         : laptop-Quan
# Platform           : Windows 11
# Operating System   : 22621
# Processor Detail   : AMD Ryzen 7 5800HS with Radeon Graphics         
# CPU Frequency      : 3194 MHz
# CPU Physical cores : 8
# CPU Logical cores  : 16
# Host memory        : 16541 MB
# Swap memory        : 29027 MB
# Total Virtual      : 45569 MB
# Available Virtual  : 10940 MB
#-----------------------------------------------------------
source xsim.dir/snap_t2/xsim_script.tcl
# xsim {snap_t2} -autoloadwcfg -tclbatch {run_all.tcl}
Time resolution is 1 ps
source run_all.tcl
## run -all
FEM_T2_ADAPTER_XSIM_PASS dest-stall (not FEM_PERSIST_PASS)
$finish called at time : 555 ns : File "D:/FPGA/NATIVE_AI_DEVELOPMENTAL_HARDWARE_R1_PACKAGE_20260914-20260914T045403Z-1-001/CANON_BLUEPRINT/tb/learning/tb_fem_t2_adapter.v" Line 100
## exit
INFO: [Common 17-206] Exiting xsim at Wed Sep 16 15:06:45 2026...
