Copyright 1986-2022 Xilinx, Inc. All Rights Reserved. Copyright 2022-2026 Advanced Micro Devices, Inc. All Rights Reserved.
---------------------------------------------------------------------------------------------------------------------------------------------
| Tool Version : Vivado v.2026.1 (win64) Build 6511674 Tue Jun 16 11:02:23 MDT 2026
| Date         : Thu Sep 17 05:46:02 2026
| Host         : laptop-Quan running 64-bit major release  (build 9200)
| Command      : report_timing -max_paths 5 -file D:/FPGA/arty_d/m4_mig_clear/reports/crit_route.rpt
| Design       : arty_a7_r2_top_m4_mig_candidate
| Device       : 7a100t-csg324
| Speed File   : -1  PRODUCTION 1.23 2018-06-13
| Design State : Routed
---------------------------------------------------------------------------------------------------------------------------------------------

Timing Report

Slack (MET) :             0.497ns  (required time - arrival time)
  Source:                 u_spear/spear/sl_sc_reg[3][0]/C
                            (rising edge-triggered cell FDRE clocked by sys_clk_pin  {rise@0.000ns fall@5.000ns period=10.000ns})
  Destination:            u_spear/spear/sl_sc_reg[3][10]/CE
                            (rising edge-triggered cell FDRE clocked by sys_clk_pin  {rise@0.000ns fall@5.000ns period=10.000ns})
  Path Group:             sys_clk_pin
  Path Type:              Setup (Max at Slow Process Corner)
  Requirement:            10.000ns  (sys_clk_pin rise@10.000ns - sys_clk_pin rise@0.000ns)
  Data Path Delay:        9.065ns  (logic 2.515ns (27.744%)  route 6.550ns (72.256%))
  Logic Levels:           8  (CARRY4=2 LUT2=1 LUT3=1 LUT6=4)
  Clock Path Skew:        0.005ns (DCD - SCD + CPR)
    Destination Clock Delay (DCD):    5.146ns = ( 15.146 - 10.000 ) 
    Source Clock Delay      (SCD):    5.409ns
    Clock Pessimism Removal (CPR):    0.267ns
  Clock Uncertainty:      0.035ns  ((TSJ^2 + TIJ^2)^1/2 + DJ) / 2 + PE
    Total System Jitter     (TSJ):    0.071ns
    Total Input Jitter      (TIJ):    0.000ns
    Discrete Jitter          (DJ):    0.000ns
    Phase Error              (PE):    0.000ns

    Location             Delay type                Incr(ns)  Path(ns)    Netlist Resource(s)
  -------------------------------------------------------------------    -------------------
                         (clock sys_clk_pin rise edge)
                                                      0.000     0.000 r  <hidden>
    E3                                                0.000     0.000 r  CLK100MHZ
                         net (fo=0)                   0.000     0.000    CLK100MHZ
    E3                   IBUF (Prop_ibuf_I_O)         1.482     1.482 r  CLK100MHZ_IBUF_inst/O
                         net (fo=1, routed)           2.025     3.506    CLK100MHZ_IBUF
    BUFGCTRL_X0Y16       BUFG (Prop_bufg_I_O)         0.096     3.602 r  CLK100MHZ_IBUF_BUFG_inst/O
                         net (fo=4603, routed)        1.806     5.409    u_spear/spear/clk
    SLICE_X71Y43         FDRE                                         r  u_spear/spear/sl_sc_reg[3][0]/C
  -------------------------------------------------------------------    -------------------
    SLICE_X71Y43         FDRE (Prop_fdre_C_Q)         0.419     5.828 r  u_spear/spear/sl_sc_reg[3][0]/Q
                         net (fo=9, routed)           1.354     7.182    u_spear/spear/sl_sc_reg_n_0_[3][0]
    SLICE_X72Y39         LUT6 (Prop_lut6_I1_O)        0.299     7.481 r  u_spear/spear/sl_sc[0][15]_i_298/O
                         net (fo=1, routed)           0.000     7.481    u_spear/spear/sl_sc[0][15]_i_298_n_0
    SLICE_X72Y39         CARRY4 (Prop_carry4_S[0]_CO[3])
                                                      0.532     8.013 r  u_spear/spear/sl_sc_reg[0][15]_i_74/CO[3]
                         net (fo=1, routed)           0.000     8.013    u_spear/spear/sl_sc_reg[0][15]_i_74_n_0
    SLICE_X72Y40         CARRY4 (Prop_carry4_CI_CO[1])
                                                      0.157     8.170 r  u_spear/spear/sl_sc_reg[0][15]_i_21/CO[1]
                         net (fo=2, routed)           0.886     9.056    u_spear/spear/sl_sc_reg[0][15]_i_21_n_2
    SLICE_X69Y46         LUT6 (Prop_lut6_I1_O)        0.329     9.385 r  u_spear/spear/sl_sc[0][15]_i_19/O
                         net (fo=1, routed)           0.436     9.821    u_spear/spear/sl_sc[0][15]_i_19_n_0
    SLICE_X69Y45         LUT6 (Prop_lut6_I2_O)        0.124     9.945 f  u_spear/spear/sl_sc[0][15]_i_9/O
                         net (fo=2, routed)           0.815    10.760    u_spear/spear/sl_sc[0][15]_i_9_n_0
    SLICE_X70Y45         LUT3 (Prop_lut3_I2_O)        0.150    10.910 r  u_spear/spear/sl_sc[0][15]_i_8/O
                         net (fo=9, routed)           1.155    12.065    u_spear/spear/sl_sc[0][15]_i_8_n_0
    SLICE_X69Y47         LUT6 (Prop_lut6_I0_O)        0.355    12.420 f  u_spear/spear/sl_sc[3][15]_i_3/O
                         net (fo=37, routed)          0.787    13.207    u_spear/spear/sl_sc[3][15]_i_3_n_0
    SLICE_X69Y50         LUT2 (Prop_lut2_I1_O)        0.150    13.357 r  u_spear/spear/sl_sc[3][15]_i_1/O
                         net (fo=38, routed)          1.117    14.474    u_spear/spear/sl_sc_reg[3]0
    SLICE_X77Y40         FDRE                                         r  u_spear/spear/sl_sc_reg[3][10]/CE
  -------------------------------------------------------------------    -------------------

                         (clock sys_clk_pin rise edge)
                                                     10.000    10.000 r  <hidden>
    E3                                                0.000    10.000 r  CLK100MHZ
                         net (fo=0)                   0.000    10.000    CLK100MHZ
    E3                   IBUF (Prop_ibuf_I_O)         1.411    11.411 r  CLK100MHZ_IBUF_inst/O
                         net (fo=1, routed)           1.920    13.331    CLK100MHZ_IBUF
    BUFGCTRL_X0Y16       BUFG (Prop_bufg_I_O)         0.091    13.422 r  CLK100MHZ_IBUF_BUFG_inst/O
                         net (fo=4603, routed)        1.724    15.146    u_spear/spear/clk
    SLICE_X77Y40         FDRE                                         r  u_spear/spear/sl_sc_reg[3][10]/C
                         clock pessimism              0.267    15.414    <hidden>
                         clock uncertainty           -0.035    15.378    <hidden>
    SLICE_X77Y40         FDRE (Setup_fdre_C_CE)      -0.407    14.971    u_spear/spear/sl_sc_reg[3][10]
  -------------------------------------------------------------------
                         required time                         14.971    <hidden>
                         arrival time                         -14.474    <hidden>
  -------------------------------------------------------------------
                         slack                                  0.497    <hidden>

Slack (MET) :             0.497ns  (required time - arrival time)
  Source:                 u_spear/spear/sl_sc_reg[3][0]/C
                            (rising edge-triggered cell FDRE clocked by sys_clk_pin  {rise@0.000ns fall@5.000ns period=10.000ns})
  Destination:            u_spear/spear/sl_sc_reg[3][11]/CE
                            (rising edge-triggered cell FDRE clocked by sys_clk_pin  {rise@0.000ns fall@5.000ns period=10.000ns})
  Path Group:             sys_clk_pin
  Path Type:              Setup (Max at Slow Process Corner)
  Requirement:            10.000ns  (sys_clk_pin rise@10.000ns - sys_clk_pin rise@0.000ns)
  Data Path Delay:        9.065ns  (logic 2.515ns (27.744%)  route 6.550ns (72.256%))
  Logic Levels:           8  (CARRY4=2 LUT2=1 LUT3=1 LUT6=4)
  Clock Path Skew:        0.005ns (DCD - SCD + CPR)
    Destination Clock Delay (DCD):    5.146ns = ( 15.146 - 10.000 ) 
    Source Clock Delay      (SCD):    5.409ns
    Clock Pessimism Removal (CPR):    0.267ns
  Clock Uncertainty:      0.035ns  ((TSJ^2 + TIJ^2)^1/2 + DJ) / 2 + PE
    Total System Jitter     (TSJ):    0.071ns
    Total Input Jitter      (TIJ):    0.000ns
    Discrete Jitter          (DJ):    0.000ns
    Phase Error              (PE):    0.000ns

    Location             Delay type                Incr(ns)  Path(ns)    Netlist Resource(s)
  -------------------------------------------------------------------    -------------------
                         (clock sys_clk_pin rise edge)
                                                      0.000     0.000 r  <hidden>
    E3                                                0.000     0.000 r  CLK100MHZ
                         net (fo=0)                   0.000     0.000    CLK100MHZ
    E3                   IBUF (Prop_ibuf_I_O)         1.482     1.482 r  CLK100MHZ_IBUF_inst/O
                         net (fo=1, routed)           2.025     3.506    CLK100MHZ_IBUF
    BUFGCTRL_X0Y16       BUFG (Prop_bufg_I_O)         0.096     3.602 r  CLK100MHZ_IBUF_BUFG_inst/O
                         net (fo=4603, routed)        1.806     5.409    u_spear/spear/clk
    SLICE_X71Y43         FDRE                                         r  u_spear/spear/sl_sc_reg[3][0]/C
  -------------------------------------------------------------------    -------------------
    SLICE_X71Y43         FDRE (Prop_fdre_C_Q)         0.419     5.828 r  u_spear/spear/sl_sc_reg[3][0]/Q
                         net (fo=9, routed)           1.354     7.182    u_spear/spear/sl_sc_reg_n_0_[3][0]
    SLICE_X72Y39         LUT6 (Prop_lut6_I1_O)        0.299     7.481 r  u_spear/spear/sl_sc[0][15]_i_298/O
                         net (fo=1, routed)           0.000     7.481    u_spear/spear/sl_sc[0][15]_i_298_n_0
    SLICE_X72Y39         CARRY4 (Prop_carry4_S[0]_CO[3])
                                                      0.532     8.013 r  u_spear/spear/sl_sc_reg[0][15]_i_74/CO[3]
                         net (fo=1, routed)           0.000     8.013    u_spear/spear/sl_sc_reg[0][15]_i_74_n_0
    SLICE_X72Y40         CARRY4 (Prop_carry4_CI_CO[1])
                                                      0.157     8.170 r  u_spear/spear/sl_sc_reg[0][15]_i_21/CO[1]
                         net (fo=2, routed)           0.886     9.056    u_spear/spear/sl_sc_reg[0][15]_i_21_n_2
    SLICE_X69Y46         LUT6 (Prop_lut6_I1_O)        0.329     9.385 r  u_spear/spear/sl_sc[0][15]_i_19/O
                         net (fo=1, routed)           0.436     9.821    u_spear/spear/sl_sc[0][15]_i_19_n_0
    SLICE_X69Y45         LUT6 (Prop_lut6_I2_O)        0.124     9.945 f  u_spear/spear/sl_sc[0][15]_i_9/O
                         net (fo=2, routed)           0.815    10.760    u_spear/spear/sl_sc[0][15]_i_9_n_0
    SLICE_X70Y45         LUT3 (Prop_lut3_I2_O)        0.150    10.910 r  u_spear/spear/sl_sc[0][15]_i_8/O
                         net (fo=9, routed)           1.155    12.065    u_spear/spear/sl_sc[0][15]_i_8_n_0
    SLICE_X69Y47         LUT6 (Prop_lut6_I0_O)        0.355    12.420 f  u_spear/spear/sl_sc[3][15]_i_3/O
                         net (fo=37, routed)          0.787    13.207    u_spear/spear/sl_sc[3][15]_i_3_n_0
    SLICE_X69Y50         LUT2 (Prop_lut2_I1_O)        0.150    13.357 r  u_spear/spear/sl_sc[3][15]_i_1/O
                         net (fo=38, routed)          1.117    14.474    u_spear/spear/sl_sc_reg[3]0
    SLICE_X77Y40         FDRE                                         r  u_spear/spear/sl_sc_reg[3][11]/CE
  -------------------------------------------------------------------    -------------------

                         (clock sys_clk_pin rise edge)
                                                     10.000    10.000 r  <hidden>
    E3                                                0.000    10.000 r  CLK100MHZ
                         net (fo=0)                   0.000    10.000    CLK100MHZ
    E3                   IBUF (Prop_ibuf_I_O)         1.411    11.411 r  CLK100MHZ_IBUF_inst/O
                         net (fo=1, routed)           1.920    13.331    CLK100MHZ_IBUF
    BUFGCTRL_X0Y16       BUFG (Prop_bufg_I_O)         0.091    13.422 r  CLK100MHZ_IBUF_BUFG_inst/O
                         net (fo=4603, routed)        1.724    15.146    u_spear/spear/clk
    SLICE_X77Y40         FDRE                                         r  u_spear/spear/sl_sc_reg[3][11]/C
                         clock pessimism              0.267    15.414    <hidden>
                         clock uncertainty           -0.035    15.378    <hidden>
    SLICE_X77Y40         FDRE (Setup_fdre_C_CE)      -0.407    14.971    u_spear/spear/sl_sc_reg[3][11]
  -------------------------------------------------------------------
                         required time                         14.971    <hidden>
                         arrival time                         -14.474    <hidden>
  -------------------------------------------------------------------
                         slack                                  0.497    <hidden>

Slack (MET) :             0.497ns  (required time - arrival time)
  Source:                 u_spear/spear/sl_sc_reg[3][0]/C
                            (rising edge-triggered cell FDRE clocked by sys_clk_pin  {rise@0.000ns fall@5.000ns period=10.000ns})
  Destination:            u_spear/spear/sl_sc_reg[3][12]/CE
                            (rising edge-triggered cell FDRE clocked by sys_clk_pin  {rise@0.000ns fall@5.000ns period=10.000ns})
  Path Group:             sys_clk_pin
  Path Type:              Setup (Max at Slow Process Corner)
  Requirement:            10.000ns  (sys_clk_pin rise@10.000ns - sys_clk_pin rise@0.000ns)
  Data Path Delay:        9.065ns  (logic 2.515ns (27.744%)  route 6.550ns (72.256%))
  Logic Levels:           8  (CARRY4=2 LUT2=1 LUT3=1 LUT6=4)
  Clock Path Skew:        0.005ns (DCD - SCD + CPR)
    Destination Clock Delay (DCD):    5.146ns = ( 15.146 - 10.000 ) 
    Source Clock Delay      (SCD):    5.409ns
    Clock Pessimism Removal (CPR):    0.267ns
  Clock Uncertainty:      0.035ns  ((TSJ^2 + TIJ^2)^1/2 + DJ) / 2 + PE
    Total System Jitter     (TSJ):    0.071ns
    Total Input Jitter      (TIJ):    0.000ns
    Discrete Jitter          (DJ):    0.000ns
    Phase Error              (PE):    0.000ns

    Location             Delay type                Incr(ns)  Path(ns)    Netlist Resource(s)
  -------------------------------------------------------------------    -------------------
                         (clock sys_clk_pin rise edge)
                                                      0.000     0.000 r  <hidden>
    E3                                                0.000     0.000 r  CLK100MHZ
                         net (fo=0)                   0.000     0.000    CLK100MHZ
    E3                   IBUF (Prop_ibuf_I_O)         1.482     1.482 r  CLK100MHZ_IBUF_inst/O
                         net (fo=1, routed)           2.025     3.506    CLK100MHZ_IBUF
    BUFGCTRL_X0Y16       BUFG (Prop_bufg_I_O)         0.096     3.602 r  CLK100MHZ_IBUF_BUFG_inst/O
                         net (fo=4603, routed)        1.806     5.409    u_spear/spear/clk
    SLICE_X71Y43         FDRE                                         r  u_spear/spear/sl_sc_reg[3][0]/C
  -------------------------------------------------------------------    -------------------
    SLICE_X71Y43         FDRE (Prop_fdre_C_Q)         0.419     5.828 r  u_spear/spear/sl_sc_reg[3][0]/Q
                         net (fo=9, routed)           1.354     7.182    u_spear/spear/sl_sc_reg_n_0_[3][0]
    SLICE_X72Y39         LUT6 (Prop_lut6_I1_O)        0.299     7.481 r  u_spear/spear/sl_sc[0][15]_i_298/O
                         net (fo=1, routed)           0.000     7.481    u_spear/spear/sl_sc[0][15]_i_298_n_0
    SLICE_X72Y39         CARRY4 (Prop_carry4_S[0]_CO[3])
                                                      0.532     8.013 r  u_spear/spear/sl_sc_reg[0][15]_i_74/CO[3]
                         net (fo=1, routed)           0.000     8.013    u_spear/spear/sl_sc_reg[0][15]_i_74_n_0
    SLICE_X72Y40         CARRY4 (Prop_carry4_CI_CO[1])
                                                      0.157     8.170 r  u_spear/spear/sl_sc_reg[0][15]_i_21/CO[1]
                         net (fo=2, routed)           0.886     9.056    u_spear/spear/sl_sc_reg[0][15]_i_21_n_2
    SLICE_X69Y46         LUT6 (Prop_lut6_I1_O)        0.329     9.385 r  u_spear/spear/sl_sc[0][15]_i_19/O
                         net (fo=1, routed)           0.436     9.821    u_spear/spear/sl_sc[0][15]_i_19_n_0
    SLICE_X69Y45         LUT6 (Prop_lut6_I2_O)        0.124     9.945 f  u_spear/spear/sl_sc[0][15]_i_9/O
                         net (fo=2, routed)           0.815    10.760    u_spear/spear/sl_sc[0][15]_i_9_n_0
    SLICE_X70Y45         LUT3 (Prop_lut3_I2_O)        0.150    10.910 r  u_spear/spear/sl_sc[0][15]_i_8/O
                         net (fo=9, routed)           1.155    12.065    u_spear/spear/sl_sc[0][15]_i_8_n_0
    SLICE_X69Y47         LUT6 (Prop_lut6_I0_O)        0.355    12.420 f  u_spear/spear/sl_sc[3][15]_i_3/O
                         net (fo=37, routed)          0.787    13.207    u_spear/spear/sl_sc[3][15]_i_3_n_0
    SLICE_X69Y50         LUT2 (Prop_lut2_I1_O)        0.150    13.357 r  u_spear/spear/sl_sc[3][15]_i_1/O
                         net (fo=38, routed)          1.117    14.474    u_spear/spear/sl_sc_reg[3]0
    SLICE_X77Y40         FDRE                                         r  u_spear/spear/sl_sc_reg[3][12]/CE
  -------------------------------------------------------------------    -------------------

                         (clock sys_clk_pin rise edge)
                                                     10.000    10.000 r  <hidden>
    E3                                                0.000    10.000 r  CLK100MHZ
                         net (fo=0)                   0.000    10.000    CLK100MHZ
    E3                   IBUF (Prop_ibuf_I_O)         1.411    11.411 r  CLK100MHZ_IBUF_inst/O
                         net (fo=1, routed)           1.920    13.331    CLK100MHZ_IBUF
    BUFGCTRL_X0Y16       BUFG (Prop_bufg_I_O)         0.091    13.422 r  CLK100MHZ_IBUF_BUFG_inst/O
                         net (fo=4603, routed)        1.724    15.146    u_spear/spear/clk
    SLICE_X77Y40         FDRE                                         r  u_spear/spear/sl_sc_reg[3][12]/C
                         clock pessimism              0.267    15.414    <hidden>
                         clock uncertainty           -0.035    15.378    <hidden>
    SLICE_X77Y40         FDRE (Setup_fdre_C_CE)      -0.407    14.971    u_spear/spear/sl_sc_reg[3][12]
  -------------------------------------------------------------------
                         required time                         14.971    <hidden>
                         arrival time                         -14.474    <hidden>
  -------------------------------------------------------------------
                         slack                                  0.497    <hidden>

Slack (MET) :             0.497ns  (required time - arrival time)
  Source:                 u_spear/spear/sl_sc_reg[3][0]/C
                            (rising edge-triggered cell FDRE clocked by sys_clk_pin  {rise@0.000ns fall@5.000ns period=10.000ns})
  Destination:            u_spear/spear/sl_sc_reg[3][3]/CE
                            (rising edge-triggered cell FDRE clocked by sys_clk_pin  {rise@0.000ns fall@5.000ns period=10.000ns})
  Path Group:             sys_clk_pin
  Path Type:              Setup (Max at Slow Process Corner)
  Requirement:            10.000ns  (sys_clk_pin rise@10.000ns - sys_clk_pin rise@0.000ns)
  Data Path Delay:        9.065ns  (logic 2.515ns (27.744%)  route 6.550ns (72.256%))
  Logic Levels:           8  (CARRY4=2 LUT2=1 LUT3=1 LUT6=4)
  Clock Path Skew:        0.005ns (DCD - SCD + CPR)
    Destination Clock Delay (DCD):    5.146ns = ( 15.146 - 10.000 ) 
    Source Clock Delay      (SCD):    5.409ns
    Clock Pessimism Removal (CPR):    0.267ns
  Clock Uncertainty:      0.035ns  ((TSJ^2 + TIJ^2)^1/2 + DJ) / 2 + PE
    Total System Jitter     (TSJ):    0.071ns
    Total Input Jitter      (TIJ):    0.000ns
    Discrete Jitter          (DJ):    0.000ns
    Phase Error              (PE):    0.000ns

    Location             Delay type                Incr(ns)  Path(ns)    Netlist Resource(s)
  -------------------------------------------------------------------    -------------------
                         (clock sys_clk_pin rise edge)
                                                      0.000     0.000 r  <hidden>
    E3                                                0.000     0.000 r  CLK100MHZ
                         net (fo=0)                   0.000     0.000    CLK100MHZ
    E3                   IBUF (Prop_ibuf_I_O)         1.482     1.482 r  CLK100MHZ_IBUF_inst/O
                         net (fo=1, routed)           2.025     3.506    CLK100MHZ_IBUF
    BUFGCTRL_X0Y16       BUFG (Prop_bufg_I_O)         0.096     3.602 r  CLK100MHZ_IBUF_BUFG_inst/O
                         net (fo=4603, routed)        1.806     5.409    u_spear/spear/clk
    SLICE_X71Y43         FDRE                                         r  u_spear/spear/sl_sc_reg[3][0]/C
  -------------------------------------------------------------------    -------------------
    SLICE_X71Y43         FDRE (Prop_fdre_C_Q)         0.419     5.828 r  u_spear/spear/sl_sc_reg[3][0]/Q
                         net (fo=9, routed)           1.354     7.182    u_spear/spear/sl_sc_reg_n_0_[3][0]
    SLICE_X72Y39         LUT6 (Prop_lut6_I1_O)        0.299     7.481 r  u_spear/spear/sl_sc[0][15]_i_298/O
                         net (fo=1, routed)           0.000     7.481    u_spear/spear/sl_sc[0][15]_i_298_n_0
    SLICE_X72Y39         CARRY4 (Prop_carry4_S[0]_CO[3])
                                                      0.532     8.013 r  u_spear/spear/sl_sc_reg[0][15]_i_74/CO[3]
                         net (fo=1, routed)           0.000     8.013    u_spear/spear/sl_sc_reg[0][15]_i_74_n_0
    SLICE_X72Y40         CARRY4 (Prop_carry4_CI_CO[1])
                                                      0.157     8.170 r  u_spear/spear/sl_sc_reg[0][15]_i_21/CO[1]
                         net (fo=2, routed)           0.886     9.056    u_spear/spear/sl_sc_reg[0][15]_i_21_n_2
    SLICE_X69Y46         LUT6 (Prop_lut6_I1_O)        0.329     9.385 r  u_spear/spear/sl_sc[0][15]_i_19/O
                         net (fo=1, routed)           0.436     9.821    u_spear/spear/sl_sc[0][15]_i_19_n_0
    SLICE_X69Y45         LUT6 (Prop_lut6_I2_O)        0.124     9.945 f  u_spear/spear/sl_sc[0][15]_i_9/O
                         net (fo=2, routed)           0.815    10.760    u_spear/spear/sl_sc[0][15]_i_9_n_0
    SLICE_X70Y45         LUT3 (Prop_lut3_I2_O)        0.150    10.910 r  u_spear/spear/sl_sc[0][15]_i_8/O
                         net (fo=9, routed)           1.155    12.065    u_spear/spear/sl_sc[0][15]_i_8_n_0
    SLICE_X69Y47         LUT6 (Prop_lut6_I0_O)        0.355    12.420 f  u_spear/spear/sl_sc[3][15]_i_3/O
                         net (fo=37, routed)          0.787    13.207    u_spear/spear/sl_sc[3][15]_i_3_n_0
    SLICE_X69Y50         LUT2 (Prop_lut2_I1_O)        0.150    13.357 r  u_spear/spear/sl_sc[3][15]_i_1/O
                         net (fo=38, routed)          1.117    14.474    u_spear/spear/sl_sc_reg[3]0
    SLICE_X77Y40         FDRE                                         r  u_spear/spear/sl_sc_reg[3][3]/CE
  -------------------------------------------------------------------    -------------------

                         (clock sys_clk_pin rise edge)
                                                     10.000    10.000 r  <hidden>
    E3                                                0.000    10.000 r  CLK100MHZ
                         net (fo=0)                   0.000    10.000    CLK100MHZ
    E3                   IBUF (Prop_ibuf_I_O)         1.411    11.411 r  CLK100MHZ_IBUF_inst/O
                         net (fo=1, routed)           1.920    13.331    CLK100MHZ_IBUF
    BUFGCTRL_X0Y16       BUFG (Prop_bufg_I_O)         0.091    13.422 r  CLK100MHZ_IBUF_BUFG_inst/O
                         net (fo=4603, routed)        1.724    15.146    u_spear/spear/clk
    SLICE_X77Y40         FDRE                                         r  u_spear/spear/sl_sc_reg[3][3]/C
                         clock pessimism              0.267    15.414    <hidden>
                         clock uncertainty           -0.035    15.378    <hidden>
    SLICE_X77Y40         FDRE (Setup_fdre_C_CE)      -0.407    14.971    u_spear/spear/sl_sc_reg[3][3]
  -------------------------------------------------------------------
                         required time                         14.971    <hidden>
                         arrival time                         -14.474    <hidden>
  -------------------------------------------------------------------
                         slack                                  0.497    <hidden>

Slack (MET) :             0.497ns  (required time - arrival time)
  Source:                 u_spear/spear/sl_sc_reg[3][0]/C
                            (rising edge-triggered cell FDRE clocked by sys_clk_pin  {rise@0.000ns fall@5.000ns period=10.000ns})
  Destination:            u_spear/spear/sl_sc_reg[3][4]/CE
                            (rising edge-triggered cell FDRE clocked by sys_clk_pin  {rise@0.000ns fall@5.000ns period=10.000ns})
  Path Group:             sys_clk_pin
  Path Type:              Setup (Max at Slow Process Corner)
  Requirement:            10.000ns  (sys_clk_pin rise@10.000ns - sys_clk_pin rise@0.000ns)
  Data Path Delay:        9.065ns  (logic 2.515ns (27.744%)  route 6.550ns (72.256%))
  Logic Levels:           8  (CARRY4=2 LUT2=1 LUT3=1 LUT6=4)
  Clock Path Skew:        0.005ns (DCD - SCD + CPR)
    Destination Clock Delay (DCD):    5.146ns = ( 15.146 - 10.000 ) 
    Source Clock Delay      (SCD):    5.409ns
    Clock Pessimism Removal (CPR):    0.267ns
  Clock Uncertainty:      0.035ns  ((TSJ^2 + TIJ^2)^1/2 + DJ) / 2 + PE
    Total System Jitter     (TSJ):    0.071ns
    Total Input Jitter      (TIJ):    0.000ns
    Discrete Jitter          (DJ):    0.000ns
    Phase Error              (PE):    0.000ns

    Location             Delay type                Incr(ns)  Path(ns)    Netlist Resource(s)
  -------------------------------------------------------------------    -------------------
                         (clock sys_clk_pin rise edge)
                                                      0.000     0.000 r  <hidden>
    E3                                                0.000     0.000 r  CLK100MHZ
                         net (fo=0)                   0.000     0.000    CLK100MHZ
    E3                   IBUF (Prop_ibuf_I_O)         1.482     1.482 r  CLK100MHZ_IBUF_inst/O
                         net (fo=1, routed)           2.025     3.506    CLK100MHZ_IBUF
    BUFGCTRL_X0Y16       BUFG (Prop_bufg_I_O)         0.096     3.602 r  CLK100MHZ_IBUF_BUFG_inst/O
                         net (fo=4603, routed)        1.806     5.409    u_spear/spear/clk
    SLICE_X71Y43         FDRE                                         r  u_spear/spear/sl_sc_reg[3][0]/C
  -------------------------------------------------------------------    -------------------
    SLICE_X71Y43         FDRE (Prop_fdre_C_Q)         0.419     5.828 r  u_spear/spear/sl_sc_reg[3][0]/Q
                         net (fo=9, routed)           1.354     7.182    u_spear/spear/sl_sc_reg_n_0_[3][0]
    SLICE_X72Y39         LUT6 (Prop_lut6_I1_O)        0.299     7.481 r  u_spear/spear/sl_sc[0][15]_i_298/O
                         net (fo=1, routed)           0.000     7.481    u_spear/spear/sl_sc[0][15]_i_298_n_0
    SLICE_X72Y39         CARRY4 (Prop_carry4_S[0]_CO[3])
                                                      0.532     8.013 r  u_spear/spear/sl_sc_reg[0][15]_i_74/CO[3]
                         net (fo=1, routed)           0.000     8.013    u_spear/spear/sl_sc_reg[0][15]_i_74_n_0
    SLICE_X72Y40         CARRY4 (Prop_carry4_CI_CO[1])
                                                      0.157     8.170 r  u_spear/spear/sl_sc_reg[0][15]_i_21/CO[1]
                         net (fo=2, routed)           0.886     9.056    u_spear/spear/sl_sc_reg[0][15]_i_21_n_2
    SLICE_X69Y46         LUT6 (Prop_lut6_I1_O)        0.329     9.385 r  u_spear/spear/sl_sc[0][15]_i_19/O
                         net (fo=1, routed)           0.436     9.821    u_spear/spear/sl_sc[0][15]_i_19_n_0
    SLICE_X69Y45         LUT6 (Prop_lut6_I2_O)        0.124     9.945 f  u_spear/spear/sl_sc[0][15]_i_9/O
                         net (fo=2, routed)           0.815    10.760    u_spear/spear/sl_sc[0][15]_i_9_n_0
    SLICE_X70Y45         LUT3 (Prop_lut3_I2_O)        0.150    10.910 r  u_spear/spear/sl_sc[0][15]_i_8/O
                         net (fo=9, routed)           1.155    12.065    u_spear/spear/sl_sc[0][15]_i_8_n_0
    SLICE_X69Y47         LUT6 (Prop_lut6_I0_O)        0.355    12.420 f  u_spear/spear/sl_sc[3][15]_i_3/O
                         net (fo=37, routed)          0.787    13.207    u_spear/spear/sl_sc[3][15]_i_3_n_0
    SLICE_X69Y50         LUT2 (Prop_lut2_I1_O)        0.150    13.357 r  u_spear/spear/sl_sc[3][15]_i_1/O
                         net (fo=38, routed)          1.117    14.474    u_spear/spear/sl_sc_reg[3]0
    SLICE_X77Y40         FDRE                                         r  u_spear/spear/sl_sc_reg[3][4]/CE
  -------------------------------------------------------------------    -------------------

                         (clock sys_clk_pin rise edge)
                                                     10.000    10.000 r  <hidden>
    E3                                                0.000    10.000 r  CLK100MHZ
                         net (fo=0)                   0.000    10.000    CLK100MHZ
    E3                   IBUF (Prop_ibuf_I_O)         1.411    11.411 r  CLK100MHZ_IBUF_inst/O
                         net (fo=1, routed)           1.920    13.331    CLK100MHZ_IBUF
    BUFGCTRL_X0Y16       BUFG (Prop_bufg_I_O)         0.091    13.422 r  CLK100MHZ_IBUF_BUFG_inst/O
                         net (fo=4603, routed)        1.724    15.146    u_spear/spear/clk
    SLICE_X77Y40         FDRE                                         r  u_spear/spear/sl_sc_reg[3][4]/C
                         clock pessimism              0.267    15.414    <hidden>
                         clock uncertainty           -0.035    15.378    <hidden>
    SLICE_X77Y40         FDRE (Setup_fdre_C_CE)      -0.407    14.971    u_spear/spear/sl_sc_reg[3][4]
  -------------------------------------------------------------------
                         required time                         14.971    <hidden>
                         arrival time                         -14.474    <hidden>
  -------------------------------------------------------------------
                         slack                                  0.497    <hidden>




