Copyright 1986-2022 Xilinx, Inc. All Rights Reserved. Copyright 2022-2026 Advanced Micro Devices, Inc. All Rights Reserved.
---------------------------------------------------------------------------------------------------------------------------------------------
| Tool Version : Vivado v.2026.1 (win64) Build 6511674 Tue Jun 16 11:02:23 MDT 2026
| Date         : Thu Sep 17 05:46:02 2026
| Host         : laptop-Quan running 64-bit major release  (build 9200)
| Command      : report_timing -hold -max_paths 5 -file D:/FPGA/arty_d/m4_mig_clear/reports/hold_route.rpt
| Design       : arty_a7_r2_top_m4_mig_candidate
| Device       : 7a100t-csg324
| Speed File   : -1  PRODUCTION 1.23 2018-06-13
| Design State : Routed
---------------------------------------------------------------------------------------------------------------------------------------------

Timing Report

Slack (MET) :             0.014ns  (arrival time - required time)
  Source:                 u_fem/u_adp/req_wdata_reg[30]/C
                            (rising edge-triggered cell FDCE clocked by clk_pll_i  {rise@0.000ns fall@6.000ns period=12.000ns})
  Destination:            u_fem/u_ui/u_ui/wdata_r_reg[30]/D
                            (rising edge-triggered cell FDCE clocked by clk_pll_i  {rise@0.000ns fall@6.000ns period=12.000ns})
  Path Group:             clk_pll_i
  Path Type:              Hold (Min at Fast Process Corner)
  Requirement:            0.000ns  (clk_pll_i rise@0.000ns - clk_pll_i rise@0.000ns)
  Data Path Delay:        0.293ns  (logic 0.128ns (43.631%)  route 0.165ns (56.369%))
  Logic Levels:           0  
  Clock Path Skew:        0.274ns (DCD - SCD - CPR)
    Destination Clock Delay (DCD):    3.038ns
    Source Clock Delay      (SCD):    2.224ns
    Clock Pessimism Removal (CPR):    0.539ns

    Location             Delay type                Incr(ns)  Path(ns)    Netlist Resource(s)
  -------------------------------------------------------------------    -------------------
                         (clock clk_pll_i rise edge)
                                                      0.000     0.000 r  <hidden>
    E3                                                0.000     0.000 r  CLK100MHZ
                         net (fo=0)                   0.000     0.000    CLK100MHZ
    E3                   IBUF (Prop_ibuf_I_O)         0.250     0.250 r  CLK100MHZ_IBUF_inst/O
                         net (fo=1, routed)           0.644     0.894    CLK100MHZ_IBUF
    BUFGCTRL_X0Y16       BUFG (Prop_bufg_I_O)         0.026     0.920 r  CLK100MHZ_IBUF_BUFG_inst/O
                         net (fo=4603, routed)        0.624     1.544    u_clk/CLK
    MMCME2_ADV_X0Y0      MMCME2_ADV (Prop_mmcme2_adv_CLKIN1_CLKOUT0)
                                                     -1.296     0.248 r  u_clk/mmcm/CLKOUT0
                         net (fo=1, routed)           0.648     0.896    u_clk/clk166_u
    BUFGCTRL_X0Y2        BUFG (Prop_bufg_I_O)         0.026     0.922 r  u_clk/b166/O
                         net (fo=1, routed)           0.564     1.485    u_mig/u_mig0_mig/u_ddr3_infrastructure/mmcm_clk
    PLLE2_ADV_X1Y1       PLLE2_ADV (Prop_plle2_adv_CLKIN1_CLKOUT3)
                                                      0.050     1.535 r  u_mig/u_mig0_mig/u_ddr3_infrastructure/plle2_i/CLKOUT3
                         net (fo=1, routed)           0.394     1.929    u_mig/u_mig0_mig/u_ddr3_infrastructure/pll_clk3_out
    BUFHCE_X1Y12         BUFH (Prop_bufh_I_O)         0.020     1.949 r  u_mig/u_mig0_mig/u_ddr3_infrastructure/u_bufh_pll_clk3/O
                         net (fo=1, routed)           0.269     2.218    u_mig/u_mig0_mig/u_ddr3_infrastructure/pll_clk3
    MMCME2_ADV_X1Y1      MMCME2_ADV (Prop_mmcme2_adv_CLKIN1_CLKFBOUT)
                                                     -1.083     1.135 r  u_mig/u_mig0_mig/u_ddr3_infrastructure/gen_mmcm.mmcm_i/CLKFBOUT
                         net (fo=1, routed)           0.499     1.634    u_mig/u_mig0_mig/u_ddr3_infrastructure/clk_pll_i
    BUFGCTRL_X0Y0        BUFG (Prop_bufg_I_O)         0.026     1.660 r  u_mig/u_mig0_mig/u_ddr3_infrastructure/u_bufg_clkdiv0/O
                         net (fo=6246, routed)        0.565     2.224    u_fem/u_adp/clk
    SLICE_X64Y100        FDCE                                         r  u_fem/u_adp/req_wdata_reg[30]/C
  -------------------------------------------------------------------    -------------------
    SLICE_X64Y100        FDCE (Prop_fdce_C_Q)         0.128     2.352 r  u_fem/u_adp/req_wdata_reg[30]/Q
                         net (fo=1, routed)           0.165     2.518    u_fem/u_ui/u_ui/wdata_r_reg[31]_0[30]
    SLICE_X66Y99         FDCE                                         r  u_fem/u_ui/u_ui/wdata_r_reg[30]/D
  -------------------------------------------------------------------    -------------------

                         (clock clk_pll_i rise edge)
                                                      0.000     0.000 r  <hidden>
    E3                                                0.000     0.000 r  CLK100MHZ
                         net (fo=0)                   0.000     0.000    CLK100MHZ
    E3                   IBUF (Prop_ibuf_I_O)         0.438     0.438 r  CLK100MHZ_IBUF_inst/O
                         net (fo=1, routed)           0.699     1.136    CLK100MHZ_IBUF
    BUFGCTRL_X0Y16       BUFG (Prop_bufg_I_O)         0.029     1.165 r  CLK100MHZ_IBUF_BUFG_inst/O
                         net (fo=4603, routed)        0.898     2.063    u_clk/CLK
    MMCME2_ADV_X0Y0      MMCME2_ADV (Prop_mmcme2_adv_CLKIN1_CLKOUT0)
                                                     -1.625     0.438 r  u_clk/mmcm/CLKOUT0
                         net (fo=1, routed)           0.700     1.138    u_clk/clk166_u
    BUFGCTRL_X0Y2        BUFG (Prop_bufg_I_O)         0.029     1.167 r  u_clk/b166/O
                         net (fo=1, routed)           0.833     2.000    u_mig/u_mig0_mig/u_ddr3_infrastructure/mmcm_clk
    PLLE2_ADV_X1Y1       PLLE2_ADV (Prop_plle2_adv_CLKIN1_CLKOUT3)
                                                      0.053     2.053 r  u_mig/u_mig0_mig/u_ddr3_infrastructure/plle2_i/CLKOUT3
                         net (fo=1, routed)           0.437     2.490    u_mig/u_mig0_mig/u_ddr3_infrastructure/pll_clk3_out
    BUFHCE_X1Y12         BUFH (Prop_bufh_I_O)         0.043     2.533 r  u_mig/u_mig0_mig/u_ddr3_infrastructure/u_bufh_pll_clk3/O
                         net (fo=1, routed)           0.494     3.027    u_mig/u_mig0_mig/u_ddr3_infrastructure/pll_clk3
    MMCME2_ADV_X1Y1      MMCME2_ADV (Prop_mmcme2_adv_CLKIN1_CLKFBOUT)
                                                     -1.400     1.627 r  u_mig/u_mig0_mig/u_ddr3_infrastructure/gen_mmcm.mmcm_i/CLKFBOUT
                         net (fo=1, routed)           0.544     2.170    u_mig/u_mig0_mig/u_ddr3_infrastructure/clk_pll_i
    BUFGCTRL_X0Y0        BUFG (Prop_bufg_I_O)         0.029     2.199 r  u_mig/u_mig0_mig/u_ddr3_infrastructure/u_bufg_clkdiv0/O
                         net (fo=6246, routed)        0.839     3.038    u_fem/u_ui/u_ui/clk
    SLICE_X66Y99         FDCE                                         r  u_fem/u_ui/u_ui/wdata_r_reg[30]/C
                         clock pessimism             -0.539     2.498    <hidden>
    SLICE_X66Y99         FDCE (Hold_fdce_C_D)         0.005     2.503    u_fem/u_ui/u_ui/wdata_r_reg[30]
  -------------------------------------------------------------------
                         required time                         -2.503    <hidden>
                         arrival time                           2.518    <hidden>
  -------------------------------------------------------------------
                         slack                                  0.014    <hidden>

Slack (MET) :             0.026ns  (arrival time - required time)
  Source:                 u_fem/u_fem/crc_p_r_reg[11]/C
                            (rising edge-triggered cell FDRE clocked by clk_pll_i  {rise@0.000ns fall@6.000ns period=12.000ns})
  Destination:            u_fem/u_fem/t2_wdata_reg[11]/D
                            (rising edge-triggered cell FDRE clocked by clk_pll_i  {rise@0.000ns fall@6.000ns period=12.000ns})
  Path Group:             clk_pll_i
  Path Type:              Hold (Min at Fast Process Corner)
  Requirement:            0.000ns  (clk_pll_i rise@0.000ns - clk_pll_i rise@0.000ns)
  Data Path Delay:        0.386ns  (logic 0.186ns (48.245%)  route 0.200ns (51.755%))
  Logic Levels:           1  (LUT6=1)
  Clock Path Skew:        0.269ns (DCD - SCD - CPR)
    Destination Clock Delay (DCD):    3.033ns
    Source Clock Delay      (SCD):    2.224ns
    Clock Pessimism Removal (CPR):    0.539ns

    Location             Delay type                Incr(ns)  Path(ns)    Netlist Resource(s)
  -------------------------------------------------------------------    -------------------
                         (clock clk_pll_i rise edge)
                                                      0.000     0.000 r  <hidden>
    E3                                                0.000     0.000 r  CLK100MHZ
                         net (fo=0)                   0.000     0.000    CLK100MHZ
    E3                   IBUF (Prop_ibuf_I_O)         0.250     0.250 r  CLK100MHZ_IBUF_inst/O
                         net (fo=1, routed)           0.644     0.894    CLK100MHZ_IBUF
    BUFGCTRL_X0Y16       BUFG (Prop_bufg_I_O)         0.026     0.920 r  CLK100MHZ_IBUF_BUFG_inst/O
                         net (fo=4603, routed)        0.624     1.544    u_clk/CLK
    MMCME2_ADV_X0Y0      MMCME2_ADV (Prop_mmcme2_adv_CLKIN1_CLKOUT0)
                                                     -1.296     0.248 r  u_clk/mmcm/CLKOUT0
                         net (fo=1, routed)           0.648     0.896    u_clk/clk166_u
    BUFGCTRL_X0Y2        BUFG (Prop_bufg_I_O)         0.026     0.922 r  u_clk/b166/O
                         net (fo=1, routed)           0.564     1.485    u_mig/u_mig0_mig/u_ddr3_infrastructure/mmcm_clk
    PLLE2_ADV_X1Y1       PLLE2_ADV (Prop_plle2_adv_CLKIN1_CLKOUT3)
                                                      0.050     1.535 r  u_mig/u_mig0_mig/u_ddr3_infrastructure/plle2_i/CLKOUT3
                         net (fo=1, routed)           0.394     1.929    u_mig/u_mig0_mig/u_ddr3_infrastructure/pll_clk3_out
    BUFHCE_X1Y12         BUFH (Prop_bufh_I_O)         0.020     1.949 r  u_mig/u_mig0_mig/u_ddr3_infrastructure/u_bufh_pll_clk3/O
                         net (fo=1, routed)           0.269     2.218    u_mig/u_mig0_mig/u_ddr3_infrastructure/pll_clk3
    MMCME2_ADV_X1Y1      MMCME2_ADV (Prop_mmcme2_adv_CLKIN1_CLKFBOUT)
                                                     -1.083     1.135 r  u_mig/u_mig0_mig/u_ddr3_infrastructure/gen_mmcm.mmcm_i/CLKFBOUT
                         net (fo=1, routed)           0.499     1.634    u_mig/u_mig0_mig/u_ddr3_infrastructure/clk_pll_i
    BUFGCTRL_X0Y0        BUFG (Prop_bufg_I_O)         0.026     1.660 r  u_mig/u_mig0_mig/u_ddr3_infrastructure/u_bufg_clkdiv0/O
                         net (fo=6246, routed)        0.565     2.224    u_fem/u_fem/clk
    SLICE_X59Y99         FDRE                                         r  u_fem/u_fem/crc_p_r_reg[11]/C
  -------------------------------------------------------------------    -------------------
    SLICE_X59Y99         FDRE (Prop_fdre_C_Q)         0.141     2.365 r  u_fem/u_fem/crc_p_r_reg[11]/Q
                         net (fo=1, routed)           0.200     2.565    u_fem/u_fem/in29[11]
    SLICE_X59Y102        LUT6 (Prop_lut6_I2_O)        0.045     2.610 r  u_fem/u_fem/t2_wdata[11]_i_1/O
                         net (fo=1, routed)           0.000     2.610    u_fem/u_fem/t2_wdata[11]_i_1_n_0
    SLICE_X59Y102        FDRE                                         r  u_fem/u_fem/t2_wdata_reg[11]/D
  -------------------------------------------------------------------    -------------------

                         (clock clk_pll_i rise edge)
                                                      0.000     0.000 r  <hidden>
    E3                                                0.000     0.000 r  CLK100MHZ
                         net (fo=0)                   0.000     0.000    CLK100MHZ
    E3                   IBUF (Prop_ibuf_I_O)         0.438     0.438 r  CLK100MHZ_IBUF_inst/O
                         net (fo=1, routed)           0.699     1.136    CLK100MHZ_IBUF
    BUFGCTRL_X0Y16       BUFG (Prop_bufg_I_O)         0.029     1.165 r  CLK100MHZ_IBUF_BUFG_inst/O
                         net (fo=4603, routed)        0.898     2.063    u_clk/CLK
    MMCME2_ADV_X0Y0      MMCME2_ADV (Prop_mmcme2_adv_CLKIN1_CLKOUT0)
                                                     -1.625     0.438 r  u_clk/mmcm/CLKOUT0
                         net (fo=1, routed)           0.700     1.138    u_clk/clk166_u
    BUFGCTRL_X0Y2        BUFG (Prop_bufg_I_O)         0.029     1.167 r  u_clk/b166/O
                         net (fo=1, routed)           0.833     2.000    u_mig/u_mig0_mig/u_ddr3_infrastructure/mmcm_clk
    PLLE2_ADV_X1Y1       PLLE2_ADV (Prop_plle2_adv_CLKIN1_CLKOUT3)
                                                      0.053     2.053 r  u_mig/u_mig0_mig/u_ddr3_infrastructure/plle2_i/CLKOUT3
                         net (fo=1, routed)           0.437     2.490    u_mig/u_mig0_mig/u_ddr3_infrastructure/pll_clk3_out
    BUFHCE_X1Y12         BUFH (Prop_bufh_I_O)         0.043     2.533 r  u_mig/u_mig0_mig/u_ddr3_infrastructure/u_bufh_pll_clk3/O
                         net (fo=1, routed)           0.494     3.027    u_mig/u_mig0_mig/u_ddr3_infrastructure/pll_clk3
    MMCME2_ADV_X1Y1      MMCME2_ADV (Prop_mmcme2_adv_CLKIN1_CLKFBOUT)
                                                     -1.400     1.627 r  u_mig/u_mig0_mig/u_ddr3_infrastructure/gen_mmcm.mmcm_i/CLKFBOUT
                         net (fo=1, routed)           0.544     2.170    u_mig/u_mig0_mig/u_ddr3_infrastructure/clk_pll_i
    BUFGCTRL_X0Y0        BUFG (Prop_bufg_I_O)         0.029     2.199 r  u_mig/u_mig0_mig/u_ddr3_infrastructure/u_bufg_clkdiv0/O
                         net (fo=6246, routed)        0.833     3.033    u_fem/u_fem/clk
    SLICE_X59Y102        FDRE                                         r  u_fem/u_fem/t2_wdata_reg[11]/C
                         clock pessimism             -0.539     2.493    <hidden>
    SLICE_X59Y102        FDRE (Hold_fdre_C_D)         0.091     2.584    u_fem/u_fem/t2_wdata_reg[11]
  -------------------------------------------------------------------
                         required time                         -2.584    <hidden>
                         arrival time                           2.610    <hidden>
  -------------------------------------------------------------------
                         slack                                  0.026    <hidden>

Slack (MET) :             0.029ns  (arrival time - required time)
  Source:                 u_cr/u_walk/sid_reg[27]/C
                            (rising edge-triggered cell FDCE clocked by sys_clk_pin  {rise@0.000ns fall@5.000ns period=10.000ns})
  Destination:            u_cr/u_walk/u_walk/cur_reg[27]/D
                            (rising edge-triggered cell FDRE clocked by sys_clk_pin  {rise@0.000ns fall@5.000ns period=10.000ns})
  Path Group:             sys_clk_pin
  Path Type:              Hold (Min at Fast Process Corner)
  Requirement:            0.000ns  (sys_clk_pin rise@0.000ns - sys_clk_pin rise@0.000ns)
  Data Path Delay:        0.423ns  (logic 0.212ns (50.144%)  route 0.211ns (49.856%))
  Logic Levels:           1  (LUT3=1)
  Clock Path Skew:        0.263ns (DCD - SCD - CPR)
    Destination Clock Delay (DCD):    1.998ns
    Source Clock Delay      (SCD):    1.484ns
    Clock Pessimism Removal (CPR):    0.250ns

    Location             Delay type                Incr(ns)  Path(ns)    Netlist Resource(s)
  -------------------------------------------------------------------    -------------------
                         (clock sys_clk_pin rise edge)
                                                      0.000     0.000 r  <hidden>
    E3                                                0.000     0.000 r  CLK100MHZ
                         net (fo=0)                   0.000     0.000    CLK100MHZ
    E3                   IBUF (Prop_ibuf_I_O)         0.250     0.250 r  CLK100MHZ_IBUF_inst/O
                         net (fo=1, routed)           0.644     0.894    CLK100MHZ_IBUF
    BUFGCTRL_X0Y16       BUFG (Prop_bufg_I_O)         0.026     0.920 r  CLK100MHZ_IBUF_BUFG_inst/O
                         net (fo=4603, routed)        0.565     1.484    u_cr/u_walk/clk
    SLICE_X50Y54         FDCE                                         r  u_cr/u_walk/sid_reg[27]/C
  -------------------------------------------------------------------    -------------------
    SLICE_X50Y54         FDCE (Prop_fdce_C_Q)         0.164     1.648 r  u_cr/u_walk/sid_reg[27]/Q
                         net (fo=1, routed)           0.211     1.859    u_cr/u_walk/u_walk/walk/cur_reg[31][27]
    SLICE_X54Y57         LUT3 (Prop_lut3_I2_O)        0.048     1.907 r  u_cr/u_walk/u_walk/walk/cur[27]_i_1/O
                         net (fo=1, routed)           0.000     1.907    u_cr/u_walk/u_walk/cur0_in[27]
    SLICE_X54Y57         FDRE                                         r  u_cr/u_walk/u_walk/cur_reg[27]/D
  -------------------------------------------------------------------    -------------------

                         (clock sys_clk_pin rise edge)
                                                      0.000     0.000 r  <hidden>
    E3                                                0.000     0.000 r  CLK100MHZ
                         net (fo=0)                   0.000     0.000    CLK100MHZ
    E3                   IBUF (Prop_ibuf_I_O)         0.438     0.438 r  CLK100MHZ_IBUF_inst/O
                         net (fo=1, routed)           0.699     1.136    CLK100MHZ_IBUF
    BUFGCTRL_X0Y16       BUFG (Prop_bufg_I_O)         0.029     1.165 r  CLK100MHZ_IBUF_BUFG_inst/O
                         net (fo=4603, routed)        0.833     1.998    u_cr/u_walk/u_walk/clk
    SLICE_X54Y57         FDRE                                         r  u_cr/u_walk/u_walk/cur_reg[27]/C
                         clock pessimism             -0.250     1.747    <hidden>
    SLICE_X54Y57         FDRE (Hold_fdre_C_D)         0.131     1.878    u_cr/u_walk/u_walk/cur_reg[27]
  -------------------------------------------------------------------
                         required time                         -1.878    <hidden>
                         arrival time                           1.907    <hidden>
  -------------------------------------------------------------------
                         slack                                  0.029    <hidden>

Slack (MET) :             0.033ns  (arrival time - required time)
  Source:                 u_spear/spear/desc_r_reg[74]/C
                            (rising edge-triggered cell FDRE clocked by sys_clk_pin  {rise@0.000ns fall@5.000ns period=10.000ns})
  Destination:            u_spear/spear/feat_r_reg[62]/D
                            (rising edge-triggered cell FDRE clocked by sys_clk_pin  {rise@0.000ns fall@5.000ns period=10.000ns})
  Path Group:             sys_clk_pin
  Path Type:              Hold (Min at Fast Process Corner)
  Requirement:            0.000ns  (sys_clk_pin rise@0.000ns - sys_clk_pin rise@0.000ns)
  Data Path Delay:        0.468ns  (logic 0.314ns (67.124%)  route 0.154ns (32.876%))
  Logic Levels:           2  (CARRY4=1 LUT6=1)
  Clock Path Skew:        0.335ns (DCD - SCD - CPR)
    Destination Clock Delay (DCD):    2.071ns
    Source Clock Delay      (SCD):    1.485ns
    Clock Pessimism Removal (CPR):    0.250ns

    Location             Delay type                Incr(ns)  Path(ns)    Netlist Resource(s)
  -------------------------------------------------------------------    -------------------
                         (clock sys_clk_pin rise edge)
                                                      0.000     0.000 r  <hidden>
    E3                                                0.000     0.000 r  CLK100MHZ
                         net (fo=0)                   0.000     0.000    CLK100MHZ
    E3                   IBUF (Prop_ibuf_I_O)         0.250     0.250 r  CLK100MHZ_IBUF_inst/O
                         net (fo=1, routed)           0.644     0.894    CLK100MHZ_IBUF
    BUFGCTRL_X0Y16       BUFG (Prop_bufg_I_O)         0.026     0.920 r  CLK100MHZ_IBUF_BUFG_inst/O
                         net (fo=4603, routed)        0.566     1.485    u_spear/spear/clk
    SLICE_X57Y50         FDRE                                         r  u_spear/spear/desc_r_reg[74]/C
  -------------------------------------------------------------------    -------------------
    SLICE_X57Y50         FDRE (Prop_fdre_C_Q)         0.141     1.626 r  u_spear/spear/desc_r_reg[74]/Q
                         net (fo=2, routed)           0.154     1.780    u_spear/spear/d_gen[14]
    SLICE_X57Y48         LUT6 (Prop_lut6_I5_O)        0.045     1.825 r  u_spear/spear/feat_r[62]_i_4/O
                         net (fo=1, routed)           0.000     1.825    u_spear/spear/feat_r[62]_i_4_n_0
    SLICE_X57Y48         CARRY4 (Prop_carry4_S[0]_CO[1])
                                                      0.128     1.953 r  u_spear/spear/feat_r_reg[62]_i_1/CO[1]
                         net (fo=1, routed)           0.000     1.953    u_spear/spear/f71
    SLICE_X57Y48         FDRE                                         r  u_spear/spear/feat_r_reg[62]/D
  -------------------------------------------------------------------    -------------------

                         (clock sys_clk_pin rise edge)
                                                      0.000     0.000 r  <hidden>
    E3                                                0.000     0.000 r  CLK100MHZ
                         net (fo=0)                   0.000     0.000    CLK100MHZ
    E3                   IBUF (Prop_ibuf_I_O)         0.438     0.438 r  CLK100MHZ_IBUF_inst/O
                         net (fo=1, routed)           0.699     1.136    CLK100MHZ_IBUF
    BUFGCTRL_X0Y16       BUFG (Prop_bufg_I_O)         0.029     1.165 r  CLK100MHZ_IBUF_BUFG_inst/O
                         net (fo=4603, routed)        0.906     2.071    u_spear/spear/clk
    SLICE_X57Y48         FDRE                                         r  u_spear/spear/feat_r_reg[62]/C
                         clock pessimism             -0.250     1.820    <hidden>
    SLICE_X57Y48         FDRE (Hold_fdre_C_D)         0.100     1.920    u_spear/spear/feat_r_reg[62]
  -------------------------------------------------------------------
                         required time                         -1.920    <hidden>
                         arrival time                           1.953    <hidden>
  -------------------------------------------------------------------
                         slack                                  0.033    <hidden>

Slack (MET) :             0.035ns  (arrival time - required time)
  Source:                 u_fem/u_adp/req_wdata_reg[6]/C
                            (rising edge-triggered cell FDCE clocked by clk_pll_i  {rise@0.000ns fall@6.000ns period=12.000ns})
  Destination:            u_fem/u_ui/u_ui/wdata_r_reg[6]/D
                            (rising edge-triggered cell FDCE clocked by clk_pll_i  {rise@0.000ns fall@6.000ns period=12.000ns})
  Path Group:             clk_pll_i
  Path Type:              Hold (Min at Fast Process Corner)
  Requirement:            0.000ns  (clk_pll_i rise@0.000ns - clk_pll_i rise@0.000ns)
  Data Path Delay:        0.360ns  (logic 0.141ns (39.119%)  route 0.219ns (60.881%))
  Logic Levels:           0  
  Clock Path Skew:        0.274ns (DCD - SCD - CPR)
    Destination Clock Delay (DCD):    3.038ns
    Source Clock Delay      (SCD):    2.224ns
    Clock Pessimism Removal (CPR):    0.539ns

    Location             Delay type                Incr(ns)  Path(ns)    Netlist Resource(s)
  -------------------------------------------------------------------    -------------------
                         (clock clk_pll_i rise edge)
                                                      0.000     0.000 r  <hidden>
    E3                                                0.000     0.000 r  CLK100MHZ
                         net (fo=0)                   0.000     0.000    CLK100MHZ
    E3                   IBUF (Prop_ibuf_I_O)         0.250     0.250 r  CLK100MHZ_IBUF_inst/O
                         net (fo=1, routed)           0.644     0.894    CLK100MHZ_IBUF
    BUFGCTRL_X0Y16       BUFG (Prop_bufg_I_O)         0.026     0.920 r  CLK100MHZ_IBUF_BUFG_inst/O
                         net (fo=4603, routed)        0.624     1.544    u_clk/CLK
    MMCME2_ADV_X0Y0      MMCME2_ADV (Prop_mmcme2_adv_CLKIN1_CLKOUT0)
                                                     -1.296     0.248 r  u_clk/mmcm/CLKOUT0
                         net (fo=1, routed)           0.648     0.896    u_clk/clk166_u
    BUFGCTRL_X0Y2        BUFG (Prop_bufg_I_O)         0.026     0.922 r  u_clk/b166/O
                         net (fo=1, routed)           0.564     1.485    u_mig/u_mig0_mig/u_ddr3_infrastructure/mmcm_clk
    PLLE2_ADV_X1Y1       PLLE2_ADV (Prop_plle2_adv_CLKIN1_CLKOUT3)
                                                      0.050     1.535 r  u_mig/u_mig0_mig/u_ddr3_infrastructure/plle2_i/CLKOUT3
                         net (fo=1, routed)           0.394     1.929    u_mig/u_mig0_mig/u_ddr3_infrastructure/pll_clk3_out
    BUFHCE_X1Y12         BUFH (Prop_bufh_I_O)         0.020     1.949 r  u_mig/u_mig0_mig/u_ddr3_infrastructure/u_bufh_pll_clk3/O
                         net (fo=1, routed)           0.269     2.218    u_mig/u_mig0_mig/u_ddr3_infrastructure/pll_clk3
    MMCME2_ADV_X1Y1      MMCME2_ADV (Prop_mmcme2_adv_CLKIN1_CLKFBOUT)
                                                     -1.083     1.135 r  u_mig/u_mig0_mig/u_ddr3_infrastructure/gen_mmcm.mmcm_i/CLKFBOUT
                         net (fo=1, routed)           0.499     1.634    u_mig/u_mig0_mig/u_ddr3_infrastructure/clk_pll_i
    BUFGCTRL_X0Y0        BUFG (Prop_bufg_I_O)         0.026     1.660 r  u_mig/u_mig0_mig/u_ddr3_infrastructure/u_bufg_clkdiv0/O
                         net (fo=6246, routed)        0.565     2.224    u_fem/u_adp/clk
    SLICE_X65Y101        FDCE                                         r  u_fem/u_adp/req_wdata_reg[6]/C
  -------------------------------------------------------------------    -------------------
    SLICE_X65Y101        FDCE (Prop_fdce_C_Q)         0.141     2.365 r  u_fem/u_adp/req_wdata_reg[6]/Q
                         net (fo=1, routed)           0.219     2.585    u_fem/u_ui/u_ui/wdata_r_reg[31]_0[6]
    SLICE_X66Y99         FDCE                                         r  u_fem/u_ui/u_ui/wdata_r_reg[6]/D
  -------------------------------------------------------------------    -------------------

                         (clock clk_pll_i rise edge)
                                                      0.000     0.000 r  <hidden>
    E3                                                0.000     0.000 r  CLK100MHZ
                         net (fo=0)                   0.000     0.000    CLK100MHZ
    E3                   IBUF (Prop_ibuf_I_O)         0.438     0.438 r  CLK100MHZ_IBUF_inst/O
                         net (fo=1, routed)           0.699     1.136    CLK100MHZ_IBUF
    BUFGCTRL_X0Y16       BUFG (Prop_bufg_I_O)         0.029     1.165 r  CLK100MHZ_IBUF_BUFG_inst/O
                         net (fo=4603, routed)        0.898     2.063    u_clk/CLK
    MMCME2_ADV_X0Y0      MMCME2_ADV (Prop_mmcme2_adv_CLKIN1_CLKOUT0)
                                                     -1.625     0.438 r  u_clk/mmcm/CLKOUT0
                         net (fo=1, routed)           0.700     1.138    u_clk/clk166_u
    BUFGCTRL_X0Y2        BUFG (Prop_bufg_I_O)         0.029     1.167 r  u_clk/b166/O
                         net (fo=1, routed)           0.833     2.000    u_mig/u_mig0_mig/u_ddr3_infrastructure/mmcm_clk
    PLLE2_ADV_X1Y1       PLLE2_ADV (Prop_plle2_adv_CLKIN1_CLKOUT3)
                                                      0.053     2.053 r  u_mig/u_mig0_mig/u_ddr3_infrastructure/plle2_i/CLKOUT3
                         net (fo=1, routed)           0.437     2.490    u_mig/u_mig0_mig/u_ddr3_infrastructure/pll_clk3_out
    BUFHCE_X1Y12         BUFH (Prop_bufh_I_O)         0.043     2.533 r  u_mig/u_mig0_mig/u_ddr3_infrastructure/u_bufh_pll_clk3/O
                         net (fo=1, routed)           0.494     3.027    u_mig/u_mig0_mig/u_ddr3_infrastructure/pll_clk3
    MMCME2_ADV_X1Y1      MMCME2_ADV (Prop_mmcme2_adv_CLKIN1_CLKFBOUT)
                                                     -1.400     1.627 r  u_mig/u_mig0_mig/u_ddr3_infrastructure/gen_mmcm.mmcm_i/CLKFBOUT
                         net (fo=1, routed)           0.544     2.170    u_mig/u_mig0_mig/u_ddr3_infrastructure/clk_pll_i
    BUFGCTRL_X0Y0        BUFG (Prop_bufg_I_O)         0.029     2.199 r  u_mig/u_mig0_mig/u_ddr3_infrastructure/u_bufg_clkdiv0/O
                         net (fo=6246, routed)        0.839     3.038    u_fem/u_ui/u_ui/clk
    SLICE_X66Y99         FDCE                                         r  u_fem/u_ui/u_ui/wdata_r_reg[6]/C
                         clock pessimism             -0.539     2.498    <hidden>
    SLICE_X66Y99         FDCE (Hold_fdce_C_D)         0.052     2.550    u_fem/u_ui/u_ui/wdata_r_reg[6]
  -------------------------------------------------------------------
                         required time                         -2.550    <hidden>
                         arrival time                           2.585    <hidden>
  -------------------------------------------------------------------
                         slack                                  0.035    <hidden>




