#-----------------------------------------------------------
# xsim v2026.1 (64-bit)
# SW Build 6511674 on Tue Jun 16 11:02:23 MDT 2026
# IP Build 6504888 on Tue Jun 09 09:05:25 MDT 2026
# SharedData Build 6501428 on Mon Jun 08 17:34:18 MDT 2026
# Start of session at: Thu Sep 17 12:32:19 2026
# Process ID         : 6544
# Current directory  : D:/FPGA/arty_d/first_divergence_01/xsim_h12_a01
# Command line       : xsim.exe -log D:\FPGA\arty_d\first_divergence_01\xsim_h12_a01\xsim.log -mode tcl -source {xsim.dir/snap_h12a01/xsim_script.tcl}
# Log file           : D:/FPGA/arty_d/first_divergence_01/xsim_h12_a01/xsim.log
# Journal file       : D:/FPGA/arty_d/first_divergence_01/xsim_h12_a01\xsim.jou
# Running On         : laptop-Quan
# Platform           : Windows 11
# Operating System   : 22621
# Processor Detail   : AMD Ryzen 7 5800HS with Radeon Graphics         
# CPU Frequency      : 3194 MHz
# CPU Physical cores : 8
# CPU Logical cores  : 16
# Host memory        : 16541 MB
# Swap memory        : 27327 MB
# Total Virtual      : 43869 MB
# Available Virtual  : 13206 MB
#-----------------------------------------------------------
source xsim.dir/snap_h12a01/xsim_script.tcl
# xsim {snap_h12a01} -autoloadwcfg -tclbatch {run_all.tcl}
Time resolution is 1 ps
source run_all.tcl
## run -all
A01 i=0 CLEAR1 got=c1ea50a5 bix=0 ld=0
A01 i=0 PACK got=0200025a bix=0 ld=10 qsc=1
A01 i=1 CLEAR1 got=c1ea50a5 bix=0 ld=0
A01 i=1 PACK got=0200025a bix=0 ld=10 qsc=1
A01 i=2 CLEAR1 got=c1ea50a5 bix=0 ld=0
A01 i=2 PACK got=0200025a bix=0 ld=10 qsc=1
A01 i=3 CLEAR1 got=c1ea50a5 bix=0 ld=0
A01 i=3 PACK got=0200025a bix=0 ld=10 qsc=1
A01 i=4 CLEAR1 got=c1ea50a5 bix=0 ld=0
A01 i=4 PACK got=0200025a bix=0 ld=10 qsc=1
A01 i=5 CLEAR1 got=c1ea50a5 bix=0 ld=0
A01 i=5 PACK got=0200025a bix=0 ld=10 qsc=1
A01 POST CLEAR got=c1ea50a5 n_ack=6/6
H12_A01_CLEAR_XSIM_NAK_THEN_ACK (not PACK_ABI_24_24_PASS / not BOARD_PASS)
$finish called at time : 10222325 ns : File "D:/FPGA/NATIVE_AI_DEVELOPMENTAL_HARDWARE_R1_PACKAGE_20260914-20260914T045403Z-1-001/CANON_BLUEPRINT/tb/native_ai/board/tb_h12_a01_clear.sv" Line 133
## exit
INFO: [Common 17-206] Exiting xsim at Thu Sep 17 12:32:22 2026...
