#-----------------------------------------------------------
# xsim v2026.1 (64-bit)
# SW Build 6511674 on Tue Jun 16 11:02:23 MDT 2026
# IP Build 6504888 on Tue Jun 09 09:05:25 MDT 2026
# SharedData Build 6501428 on Mon Jun 08 17:34:18 MDT 2026
# Start of session at: Wed Sep 16 21:37:45 2026
# Process ID         : 13712
# Current directory  : D:/FPGA/NATIVE_AI_DEVELOPMENTAL_HARDWARE_R1_PACKAGE_20260914-20260914T045403Z-1-001/CANON_BLUEPRINT/tb/native_ai/board/build_word_cdc32
# Command line       : xsim.exe -mode tcl -source {xsim.dir/snap_word_cdc32/xsim_script.tcl}
# Log file           : D:/FPGA/NATIVE_AI_DEVELOPMENTAL_HARDWARE_R1_PACKAGE_20260914-20260914T045403Z-1-001/CANON_BLUEPRINT/tb/native_ai/board/build_word_cdc32/xsim.log
# Journal file       : D:/FPGA/NATIVE_AI_DEVELOPMENTAL_HARDWARE_R1_PACKAGE_20260914-20260914T045403Z-1-001/CANON_BLUEPRINT/tb/native_ai/board/build_word_cdc32\xsim.jou
# Running On         : laptop-Quan
# Platform           : Windows 11
# Operating System   : 22621
# Processor Detail   : AMD Ryzen 7 5800HS with Radeon Graphics         
# CPU Frequency      : 3194 MHz
# CPU Physical cores : 8
# CPU Logical cores  : 16
# Host memory        : 16541 MB
# Swap memory        : 27327 MB
# Total Virtual      : 43869 MB
# Available Virtual  : 24426 MB
#-----------------------------------------------------------
source xsim.dir/snap_word_cdc32/xsim_script.tcl
# xsim {snap_word_cdc32} -autoloadwcfg -runall
Time resolution is 1 ps
run -all
MATCH a5000001
MATCH 5a000002
WORD_CDC32_XSIM_PASS 2/2
$finish called at time : 345 ns : File "D:/FPGA/NATIVE_AI_DEVELOPMENTAL_HARDWARE_R1_PACKAGE_20260914-20260914T045403Z-1-001/CANON_BLUEPRINT/tb/native_ai/board/tb_word_cdc32.sv" Line 38
exit
INFO: [Common 17-206] Exiting xsim at Wed Sep 16 21:37:47 2026...
