Copyright 1986-2022 Xilinx, Inc. All Rights Reserved. Copyright 2022-2026 Advanced Micro Devices, Inc. All Rights Reserved.
---------------------------------------------------------------------------------------------------------------------------------------------
| Tool Version : Vivado v.2026.1 (win64) Build 6511674 Tue Jun 16 11:02:23 MDT 2026
| Date         : Sun Sep 20 19:52:42 2026
| Host         : laptop-Quan running 64-bit major release  (build 9200)
| Command      : report_timing -hold -max_paths 5 -file D:/FPGA/arty_d/UART_R2/build_u33obs_rgoff/reports/hold_route.rpt
| Design       : arty_a7_r2_top_m4_mig_candidate
| Device       : 7a100t-csg324
| Speed File   : -1  PRODUCTION 1.23 2018-06-13
| Design State : Routed
---------------------------------------------------------------------------------------------------------------------------------------------

Timing Report

Slack (MET) :             0.022ns  (arrival time - required time)
  Source:                 u_mig/u_mig0_mig/u_memc_ui_top_std/mem_intfc0/ddr_phy_top0/u_ddr_calib_top/ddr_phy_rdlvl_gen.u_ddr_phy_rdlvl/gen_sr_match_div4.gen_sr_match[5].old_sr_match_fall0_r_reg[5]/C
                            (rising edge-triggered cell FDRE clocked by clk_pll_i  {rise@0.000ns fall@6.000ns period=12.000ns})
  Destination:            u_mig/u_mig0_mig/u_memc_ui_top_std/mem_intfc0/ddr_phy_top0/u_ddr_calib_top/ddr_phy_rdlvl_gen.u_ddr_phy_rdlvl/gen_sr_match_div4.gen_sr_match[5].old_sr_match_cyc2_r_reg[5]_inv/D
                            (rising edge-triggered cell FDRE clocked by clk_pll_i  {rise@0.000ns fall@6.000ns period=12.000ns})
  Path Group:             clk_pll_i
  Path Type:              Hold (Min at Fast Process Corner)
  Requirement:            0.000ns  (clk_pll_i rise@0.000ns - clk_pll_i rise@0.000ns)
  Data Path Delay:        0.386ns  (logic 0.186ns (48.245%)  route 0.200ns (51.755%))
  Logic Levels:           1  (LUT5=1)
  Clock Path Skew:        0.273ns (DCD - SCD - CPR)
    Destination Clock Delay (DCD):    3.035ns
    Source Clock Delay      (SCD):    2.222ns
    Clock Pessimism Removal (CPR):    0.539ns

    Location             Delay type                Incr(ns)  Path(ns)    Netlist Resource(s)
  -------------------------------------------------------------------    -------------------
                         (clock clk_pll_i rise edge)
                                                      0.000     0.000 r  <hidden>
    E3                                                0.000     0.000 r  CLK100MHZ
                         net (fo=0)                   0.000     0.000    CLK100MHZ
    E3                   IBUF (Prop_ibuf_I_O)         0.250     0.250 r  CLK100MHZ_IBUF_inst/O
                         net (fo=1, routed)           0.644     0.894    CLK100MHZ_IBUF
    BUFGCTRL_X0Y16       BUFG (Prop_bufg_I_O)         0.026     0.920 r  CLK100MHZ_IBUF_BUFG_inst/O
                         net (fo=3848, routed)        0.624     1.544    u_clk/CLK
    MMCME2_ADV_X0Y0      MMCME2_ADV (Prop_mmcme2_adv_CLKIN1_CLKOUT0)
                                                     -1.296     0.248 r  u_clk/mmcm/CLKOUT0
                         net (fo=1, routed)           0.648     0.896    u_clk/clk166_u
    BUFGCTRL_X0Y2        BUFG (Prop_bufg_I_O)         0.026     0.922 r  u_clk/b166/O
                         net (fo=1, routed)           0.564     1.485    u_mig/u_mig0_mig/u_ddr3_infrastructure/mmcm_clk
    PLLE2_ADV_X1Y1       PLLE2_ADV (Prop_plle2_adv_CLKIN1_CLKOUT3)
                                                      0.050     1.535 r  u_mig/u_mig0_mig/u_ddr3_infrastructure/plle2_i/CLKOUT3
                         net (fo=1, routed)           0.394     1.929    u_mig/u_mig0_mig/u_ddr3_infrastructure/pll_clk3_out
    BUFHCE_X1Y12         BUFH (Prop_bufh_I_O)         0.020     1.949 r  u_mig/u_mig0_mig/u_ddr3_infrastructure/u_bufh_pll_clk3/O
                         net (fo=1, routed)           0.269     2.218    u_mig/u_mig0_mig/u_ddr3_infrastructure/pll_clk3
    MMCME2_ADV_X1Y1      MMCME2_ADV (Prop_mmcme2_adv_CLKIN1_CLKFBOUT)
                                                     -1.083     1.135 r  u_mig/u_mig0_mig/u_ddr3_infrastructure/gen_mmcm.mmcm_i/CLKFBOUT
                         net (fo=1, routed)           0.499     1.634    u_mig/u_mig0_mig/u_ddr3_infrastructure/clk_pll_i
    BUFGCTRL_X0Y0        BUFG (Prop_bufg_I_O)         0.026     1.660 r  u_mig/u_mig0_mig/u_ddr3_infrastructure/u_bufg_clkdiv0/O
                         net (fo=6976, routed)        0.563     2.222    u_mig/u_mig0_mig/u_memc_ui_top_std/mem_intfc0/ddr_phy_top0/u_ddr_calib_top/ddr_phy_rdlvl_gen.u_ddr_phy_rdlvl/CLK
    SLICE_X59Y100        FDRE                                         r  u_mig/u_mig0_mig/u_memc_ui_top_std/mem_intfc0/ddr_phy_top0/u_ddr_calib_top/ddr_phy_rdlvl_gen.u_ddr_phy_rdlvl/gen_sr_match_div4.gen_sr_match[5].old_sr_match_fall0_r_reg[5]/C
  -------------------------------------------------------------------    -------------------
    SLICE_X59Y100        FDRE (Prop_fdre_C_Q)         0.141     2.363 f  u_mig/u_mig0_mig/u_memc_ui_top_std/mem_intfc0/ddr_phy_top0/u_ddr_calib_top/ddr_phy_rdlvl_gen.u_ddr_phy_rdlvl/gen_sr_match_div4.gen_sr_match[5].old_sr_match_fall0_r_reg[5]/Q
                         net (fo=1, routed)           0.200     2.563    u_mig/u_mig0_mig/u_memc_ui_top_std/mem_intfc0/ddr_phy_top0/u_ddr_calib_top/ddr_phy_rdlvl_gen.u_ddr_phy_rdlvl/p_0_in152_in
    SLICE_X59Y99         LUT5 (Prop_lut5_I2_O)        0.045     2.608 r  u_mig/u_mig0_mig/u_memc_ui_top_std/mem_intfc0/ddr_phy_top0/u_ddr_calib_top/ddr_phy_rdlvl_gen.u_ddr_phy_rdlvl/gen_sr_match_div4.gen_sr_match[5].old_sr_match_cyc2_r[5]_inv_i_1/O
                         net (fo=1, routed)           0.000     2.608    u_mig/u_mig0_mig/u_memc_ui_top_std/mem_intfc0/ddr_phy_top0/u_ddr_calib_top/ddr_phy_rdlvl_gen.u_ddr_phy_rdlvl/gen_sr_match_div4.gen_sr_match[5].old_sr_match_cyc2_r_reg0
    SLICE_X59Y99         FDRE                                         r  u_mig/u_mig0_mig/u_memc_ui_top_std/mem_intfc0/ddr_phy_top0/u_ddr_calib_top/ddr_phy_rdlvl_gen.u_ddr_phy_rdlvl/gen_sr_match_div4.gen_sr_match[5].old_sr_match_cyc2_r_reg[5]_inv/D
  -------------------------------------------------------------------    -------------------

                         (clock clk_pll_i rise edge)
                                                      0.000     0.000 r  <hidden>
    E3                                                0.000     0.000 r  CLK100MHZ
                         net (fo=0)                   0.000     0.000    CLK100MHZ
    E3                   IBUF (Prop_ibuf_I_O)         0.438     0.438 r  CLK100MHZ_IBUF_inst/O
                         net (fo=1, routed)           0.699     1.136    CLK100MHZ_IBUF
    BUFGCTRL_X0Y16       BUFG (Prop_bufg_I_O)         0.029     1.165 r  CLK100MHZ_IBUF_BUFG_inst/O
                         net (fo=3848, routed)        0.898     2.063    u_clk/CLK
    MMCME2_ADV_X0Y0      MMCME2_ADV (Prop_mmcme2_adv_CLKIN1_CLKOUT0)
                                                     -1.625     0.438 r  u_clk/mmcm/CLKOUT0
                         net (fo=1, routed)           0.700     1.138    u_clk/clk166_u
    BUFGCTRL_X0Y2        BUFG (Prop_bufg_I_O)         0.029     1.167 r  u_clk/b166/O
                         net (fo=1, routed)           0.833     2.000    u_mig/u_mig0_mig/u_ddr3_infrastructure/mmcm_clk
    PLLE2_ADV_X1Y1       PLLE2_ADV (Prop_plle2_adv_CLKIN1_CLKOUT3)
                                                      0.053     2.053 r  u_mig/u_mig0_mig/u_ddr3_infrastructure/plle2_i/CLKOUT3
                         net (fo=1, routed)           0.437     2.490    u_mig/u_mig0_mig/u_ddr3_infrastructure/pll_clk3_out
    BUFHCE_X1Y12         BUFH (Prop_bufh_I_O)         0.043     2.533 r  u_mig/u_mig0_mig/u_ddr3_infrastructure/u_bufh_pll_clk3/O
                         net (fo=1, routed)           0.494     3.027    u_mig/u_mig0_mig/u_ddr3_infrastructure/pll_clk3
    MMCME2_ADV_X1Y1      MMCME2_ADV (Prop_mmcme2_adv_CLKIN1_CLKFBOUT)
                                                     -1.400     1.627 r  u_mig/u_mig0_mig/u_ddr3_infrastructure/gen_mmcm.mmcm_i/CLKFBOUT
                         net (fo=1, routed)           0.544     2.170    u_mig/u_mig0_mig/u_ddr3_infrastructure/clk_pll_i
    BUFGCTRL_X0Y0        BUFG (Prop_bufg_I_O)         0.029     2.199 r  u_mig/u_mig0_mig/u_ddr3_infrastructure/u_bufg_clkdiv0/O
                         net (fo=6976, routed)        0.836     3.035    u_mig/u_mig0_mig/u_memc_ui_top_std/mem_intfc0/ddr_phy_top0/u_ddr_calib_top/ddr_phy_rdlvl_gen.u_ddr_phy_rdlvl/CLK
    SLICE_X59Y99         FDRE                                         r  u_mig/u_mig0_mig/u_memc_ui_top_std/mem_intfc0/ddr_phy_top0/u_ddr_calib_top/ddr_phy_rdlvl_gen.u_ddr_phy_rdlvl/gen_sr_match_div4.gen_sr_match[5].old_sr_match_cyc2_r_reg[5]_inv/C
                         clock pessimism             -0.539     2.495    <hidden>
    SLICE_X59Y99         FDRE (Hold_fdre_C_D)         0.091     2.586    u_mig/u_mig0_mig/u_memc_ui_top_std/mem_intfc0/ddr_phy_top0/u_ddr_calib_top/ddr_phy_rdlvl_gen.u_ddr_phy_rdlvl/gen_sr_match_div4.gen_sr_match[5].old_sr_match_cyc2_r_reg[5]_inv
  -------------------------------------------------------------------
                         required time                         -2.586    <hidden>
                         arrival time                           2.608    <hidden>
  -------------------------------------------------------------------
                         slack                                  0.022    <hidden>

Slack (MET) :             0.024ns  (arrival time - required time)
  Source:                 u_q/delta_r_reg[4]/C
                            (rising edge-triggered cell FDRE clocked by sys_clk_pin  {rise@0.000ns fall@5.000ns period=10.000ns})
  Destination:            u_q/delta_out_reg[4]/D
                            (rising edge-triggered cell FDRE clocked by sys_clk_pin  {rise@0.000ns fall@5.000ns period=10.000ns})
  Path Group:             sys_clk_pin
  Path Type:              Hold (Min at Fast Process Corner)
  Requirement:            0.000ns  (sys_clk_pin rise@0.000ns - sys_clk_pin rise@0.000ns)
  Data Path Delay:        0.395ns  (logic 0.187ns (47.283%)  route 0.208ns (52.717%))
  Logic Levels:           1  (LUT4=1)
  Clock Path Skew:        0.264ns (DCD - SCD - CPR)
    Destination Clock Delay (DCD):    2.070ns
    Source Clock Delay      (SCD):    1.552ns
    Clock Pessimism Removal (CPR):    0.254ns

    Location             Delay type                Incr(ns)  Path(ns)    Netlist Resource(s)
  -------------------------------------------------------------------    -------------------
                         (clock sys_clk_pin rise edge)
                                                      0.000     0.000 r  <hidden>
    E3                                                0.000     0.000 r  CLK100MHZ
                         net (fo=0)                   0.000     0.000    CLK100MHZ
    E3                   IBUF (Prop_ibuf_I_O)         0.250     0.250 r  CLK100MHZ_IBUF_inst/O
                         net (fo=1, routed)           0.644     0.894    CLK100MHZ_IBUF
    BUFGCTRL_X0Y16       BUFG (Prop_bufg_I_O)         0.026     0.920 r  CLK100MHZ_IBUF_BUFG_inst/O
                         net (fo=3848, routed)        0.632     1.552    u_q/clk
    SLICE_X51Y49         FDRE                                         r  u_q/delta_r_reg[4]/C
  -------------------------------------------------------------------    -------------------
    SLICE_X51Y49         FDRE (Prop_fdre_C_Q)         0.141     1.693 r  u_q/delta_r_reg[4]/Q
                         net (fo=1, routed)           0.208     1.901    u_q/delta_r_reg_n_0_[4]
    SLICE_X52Y49         LUT4 (Prop_lut4_I0_O)        0.046     1.947 r  u_q/delta_out[4]_i_1/O
                         net (fo=1, routed)           0.000     1.947    u_q/delta_out1_in[4]
    SLICE_X52Y49         FDRE                                         r  u_q/delta_out_reg[4]/D
  -------------------------------------------------------------------    -------------------

                         (clock sys_clk_pin rise edge)
                                                      0.000     0.000 r  <hidden>
    E3                                                0.000     0.000 r  CLK100MHZ
                         net (fo=0)                   0.000     0.000    CLK100MHZ
    E3                   IBUF (Prop_ibuf_I_O)         0.438     0.438 r  CLK100MHZ_IBUF_inst/O
                         net (fo=1, routed)           0.699     1.136    CLK100MHZ_IBUF
    BUFGCTRL_X0Y16       BUFG (Prop_bufg_I_O)         0.029     1.165 r  CLK100MHZ_IBUF_BUFG_inst/O
                         net (fo=3848, routed)        0.905     2.070    u_q/clk
    SLICE_X52Y49         FDRE                                         r  u_q/delta_out_reg[4]/C
                         clock pessimism             -0.254     1.816    <hidden>
    SLICE_X52Y49         FDRE (Hold_fdre_C_D)         0.107     1.923    u_q/delta_out_reg[4]
  -------------------------------------------------------------------
                         required time                         -1.923    <hidden>
                         arrival time                           1.947    <hidden>
  -------------------------------------------------------------------
                         slack                                  0.024    <hidden>

Slack (MET) :             0.026ns  (arrival time - required time)
  Source:                 u_mig/u_mig0_mig/u_memc_ui_top_std/mem_intfc0/ddr_phy_top0/u_ddr_calib_top/ddr_phy_rdlvl_gen.u_ddr_phy_rdlvl/gen_old_sr_div4.gen_old_sr[5].old_sr_fall1_r_reg[5][0]/C
                            (rising edge-triggered cell FDRE clocked by clk_pll_i  {rise@0.000ns fall@6.000ns period=12.000ns})
  Destination:            u_mig/u_mig0_mig/u_memc_ui_top_std/mem_intfc0/ddr_phy_top0/u_ddr_calib_top/ddr_phy_rdlvl_gen.u_ddr_phy_rdlvl/gen_sr_match_div4.gen_sr_match[5].old_sr_match_fall1_r_reg[5]/D
                            (rising edge-triggered cell FDRE clocked by clk_pll_i  {rise@0.000ns fall@6.000ns period=12.000ns})
  Path Group:             clk_pll_i
  Path Type:              Hold (Min at Fast Process Corner)
  Requirement:            0.000ns  (clk_pll_i rise@0.000ns - clk_pll_i rise@0.000ns)
  Data Path Delay:        0.386ns  (logic 0.186ns (48.245%)  route 0.200ns (51.755%))
  Logic Levels:           1  (LUT4=1)
  Clock Path Skew:        0.269ns (DCD - SCD - CPR)
    Destination Clock Delay (DCD):    3.033ns
    Source Clock Delay      (SCD):    2.224ns
    Clock Pessimism Removal (CPR):    0.539ns

    Location             Delay type                Incr(ns)  Path(ns)    Netlist Resource(s)
  -------------------------------------------------------------------    -------------------
                         (clock clk_pll_i rise edge)
                                                      0.000     0.000 r  <hidden>
    E3                                                0.000     0.000 r  CLK100MHZ
                         net (fo=0)                   0.000     0.000    CLK100MHZ
    E3                   IBUF (Prop_ibuf_I_O)         0.250     0.250 r  CLK100MHZ_IBUF_inst/O
                         net (fo=1, routed)           0.644     0.894    CLK100MHZ_IBUF
    BUFGCTRL_X0Y16       BUFG (Prop_bufg_I_O)         0.026     0.920 r  CLK100MHZ_IBUF_BUFG_inst/O
                         net (fo=3848, routed)        0.624     1.544    u_clk/CLK
    MMCME2_ADV_X0Y0      MMCME2_ADV (Prop_mmcme2_adv_CLKIN1_CLKOUT0)
                                                     -1.296     0.248 r  u_clk/mmcm/CLKOUT0
                         net (fo=1, routed)           0.648     0.896    u_clk/clk166_u
    BUFGCTRL_X0Y2        BUFG (Prop_bufg_I_O)         0.026     0.922 r  u_clk/b166/O
                         net (fo=1, routed)           0.564     1.485    u_mig/u_mig0_mig/u_ddr3_infrastructure/mmcm_clk
    PLLE2_ADV_X1Y1       PLLE2_ADV (Prop_plle2_adv_CLKIN1_CLKOUT3)
                                                      0.050     1.535 r  u_mig/u_mig0_mig/u_ddr3_infrastructure/plle2_i/CLKOUT3
                         net (fo=1, routed)           0.394     1.929    u_mig/u_mig0_mig/u_ddr3_infrastructure/pll_clk3_out
    BUFHCE_X1Y12         BUFH (Prop_bufh_I_O)         0.020     1.949 r  u_mig/u_mig0_mig/u_ddr3_infrastructure/u_bufh_pll_clk3/O
                         net (fo=1, routed)           0.269     2.218    u_mig/u_mig0_mig/u_ddr3_infrastructure/pll_clk3
    MMCME2_ADV_X1Y1      MMCME2_ADV (Prop_mmcme2_adv_CLKIN1_CLKFBOUT)
                                                     -1.083     1.135 r  u_mig/u_mig0_mig/u_ddr3_infrastructure/gen_mmcm.mmcm_i/CLKFBOUT
                         net (fo=1, routed)           0.499     1.634    u_mig/u_mig0_mig/u_ddr3_infrastructure/clk_pll_i
    BUFGCTRL_X0Y0        BUFG (Prop_bufg_I_O)         0.026     1.660 r  u_mig/u_mig0_mig/u_ddr3_infrastructure/u_bufg_clkdiv0/O
                         net (fo=6976, routed)        0.565     2.224    u_mig/u_mig0_mig/u_memc_ui_top_std/mem_intfc0/ddr_phy_top0/u_ddr_calib_top/ddr_phy_rdlvl_gen.u_ddr_phy_rdlvl/CLK
    SLICE_X61Y99         FDRE                                         r  u_mig/u_mig0_mig/u_memc_ui_top_std/mem_intfc0/ddr_phy_top0/u_ddr_calib_top/ddr_phy_rdlvl_gen.u_ddr_phy_rdlvl/gen_old_sr_div4.gen_old_sr[5].old_sr_fall1_r_reg[5][0]/C
  -------------------------------------------------------------------    -------------------
    SLICE_X61Y99         FDRE (Prop_fdre_C_Q)         0.141     2.365 r  u_mig/u_mig0_mig/u_memc_ui_top_std/mem_intfc0/ddr_phy_top0/u_ddr_calib_top/ddr_phy_rdlvl_gen.u_ddr_phy_rdlvl/gen_old_sr_div4.gen_old_sr[5].old_sr_fall1_r_reg[5][0]/Q
                         net (fo=1, routed)           0.200     2.565    u_mig/u_mig0_mig/u_memc_ui_top_std/mem_intfc0/ddr_phy_top0/u_ddr_calib_top/ddr_phy_rdlvl_gen.u_ddr_phy_rdlvl/gen_old_sr_div4.gen_old_sr[5].old_sr_fall1_r_reg[5]_160
    SLICE_X61Y100        LUT4 (Prop_lut4_I3_O)        0.045     2.610 r  u_mig/u_mig0_mig/u_memc_ui_top_std/mem_intfc0/ddr_phy_top0/u_ddr_calib_top/ddr_phy_rdlvl_gen.u_ddr_phy_rdlvl/gen_sr_match_div4.gen_sr_match[5].old_sr_match_fall1_r[5]_i_1/O
                         net (fo=1, routed)           0.000     2.610    u_mig/u_mig0_mig/u_memc_ui_top_std/mem_intfc0/ddr_phy_top0/u_ddr_calib_top/ddr_phy_rdlvl_gen.u_ddr_phy_rdlvl/gen_sr_match_div4.gen_sr_match[5].old_sr_match_fall1_r[5]_i_1_n_0
    SLICE_X61Y100        FDRE                                         r  u_mig/u_mig0_mig/u_memc_ui_top_std/mem_intfc0/ddr_phy_top0/u_ddr_calib_top/ddr_phy_rdlvl_gen.u_ddr_phy_rdlvl/gen_sr_match_div4.gen_sr_match[5].old_sr_match_fall1_r_reg[5]/D
  -------------------------------------------------------------------    -------------------

                         (clock clk_pll_i rise edge)
                                                      0.000     0.000 r  <hidden>
    E3                                                0.000     0.000 r  CLK100MHZ
                         net (fo=0)                   0.000     0.000    CLK100MHZ
    E3                   IBUF (Prop_ibuf_I_O)         0.438     0.438 r  CLK100MHZ_IBUF_inst/O
                         net (fo=1, routed)           0.699     1.136    CLK100MHZ_IBUF
    BUFGCTRL_X0Y16       BUFG (Prop_bufg_I_O)         0.029     1.165 r  CLK100MHZ_IBUF_BUFG_inst/O
                         net (fo=3848, routed)        0.898     2.063    u_clk/CLK
    MMCME2_ADV_X0Y0      MMCME2_ADV (Prop_mmcme2_adv_CLKIN1_CLKOUT0)
                                                     -1.625     0.438 r  u_clk/mmcm/CLKOUT0
                         net (fo=1, routed)           0.700     1.138    u_clk/clk166_u
    BUFGCTRL_X0Y2        BUFG (Prop_bufg_I_O)         0.029     1.167 r  u_clk/b166/O
                         net (fo=1, routed)           0.833     2.000    u_mig/u_mig0_mig/u_ddr3_infrastructure/mmcm_clk
    PLLE2_ADV_X1Y1       PLLE2_ADV (Prop_plle2_adv_CLKIN1_CLKOUT3)
                                                      0.053     2.053 r  u_mig/u_mig0_mig/u_ddr3_infrastructure/plle2_i/CLKOUT3
                         net (fo=1, routed)           0.437     2.490    u_mig/u_mig0_mig/u_ddr3_infrastructure/pll_clk3_out
    BUFHCE_X1Y12         BUFH (Prop_bufh_I_O)         0.043     2.533 r  u_mig/u_mig0_mig/u_ddr3_infrastructure/u_bufh_pll_clk3/O
                         net (fo=1, routed)           0.494     3.027    u_mig/u_mig0_mig/u_ddr3_infrastructure/pll_clk3
    MMCME2_ADV_X1Y1      MMCME2_ADV (Prop_mmcme2_adv_CLKIN1_CLKFBOUT)
                                                     -1.400     1.627 r  u_mig/u_mig0_mig/u_ddr3_infrastructure/gen_mmcm.mmcm_i/CLKFBOUT
                         net (fo=1, routed)           0.544     2.170    u_mig/u_mig0_mig/u_ddr3_infrastructure/clk_pll_i
    BUFGCTRL_X0Y0        BUFG (Prop_bufg_I_O)         0.029     2.199 r  u_mig/u_mig0_mig/u_ddr3_infrastructure/u_bufg_clkdiv0/O
                         net (fo=6976, routed)        0.833     3.033    u_mig/u_mig0_mig/u_memc_ui_top_std/mem_intfc0/ddr_phy_top0/u_ddr_calib_top/ddr_phy_rdlvl_gen.u_ddr_phy_rdlvl/CLK
    SLICE_X61Y100        FDRE                                         r  u_mig/u_mig0_mig/u_memc_ui_top_std/mem_intfc0/ddr_phy_top0/u_ddr_calib_top/ddr_phy_rdlvl_gen.u_ddr_phy_rdlvl/gen_sr_match_div4.gen_sr_match[5].old_sr_match_fall1_r_reg[5]/C
                         clock pessimism             -0.539     2.493    <hidden>
    SLICE_X61Y100        FDRE (Hold_fdre_C_D)         0.091     2.584    u_mig/u_mig0_mig/u_memc_ui_top_std/mem_intfc0/ddr_phy_top0/u_ddr_calib_top/ddr_phy_rdlvl_gen.u_ddr_phy_rdlvl/gen_sr_match_div4.gen_sr_match[5].old_sr_match_fall1_r_reg[5]
  -------------------------------------------------------------------
                         required time                         -2.584    <hidden>
                         arrival time                           2.610    <hidden>
  -------------------------------------------------------------------
                         slack                                  0.026    <hidden>

Slack (MET) :             0.037ns  (arrival time - required time)
  Source:                 u_ld/u_ld/hw3_reg[31]/C
                            (rising edge-triggered cell FDCE clocked by clk_pll_i  {rise@0.000ns fall@6.000ns period=12.000ns})
  Destination:            u_ld/u_ld/man_generation_reg[31]/D
                            (rising edge-triggered cell FDCE clocked by clk_pll_i  {rise@0.000ns fall@6.000ns period=12.000ns})
  Path Group:             clk_pll_i
  Path Type:              Hold (Min at Fast Process Corner)
  Requirement:            0.000ns  (clk_pll_i rise@0.000ns - clk_pll_i rise@0.000ns)
  Data Path Delay:        0.314ns  (logic 0.141ns (44.843%)  route 0.173ns (55.157%))
  Logic Levels:           0  
  Clock Path Skew:        0.207ns (DCD - SCD - CPR)
    Destination Clock Delay (DCD):    3.065ns
    Source Clock Delay      (SCD):    2.313ns
    Clock Pessimism Removal (CPR):    0.544ns

    Location             Delay type                Incr(ns)  Path(ns)    Netlist Resource(s)
  -------------------------------------------------------------------    -------------------
                         (clock clk_pll_i rise edge)
                                                      0.000     0.000 r  <hidden>
    E3                                                0.000     0.000 r  CLK100MHZ
                         net (fo=0)                   0.000     0.000    CLK100MHZ
    E3                   IBUF (Prop_ibuf_I_O)         0.250     0.250 r  CLK100MHZ_IBUF_inst/O
                         net (fo=1, routed)           0.644     0.894    CLK100MHZ_IBUF
    BUFGCTRL_X0Y16       BUFG (Prop_bufg_I_O)         0.026     0.920 r  CLK100MHZ_IBUF_BUFG_inst/O
                         net (fo=3848, routed)        0.624     1.544    u_clk/CLK
    MMCME2_ADV_X0Y0      MMCME2_ADV (Prop_mmcme2_adv_CLKIN1_CLKOUT0)
                                                     -1.296     0.248 r  u_clk/mmcm/CLKOUT0
                         net (fo=1, routed)           0.648     0.896    u_clk/clk166_u
    BUFGCTRL_X0Y2        BUFG (Prop_bufg_I_O)         0.026     0.922 r  u_clk/b166/O
                         net (fo=1, routed)           0.564     1.485    u_mig/u_mig0_mig/u_ddr3_infrastructure/mmcm_clk
    PLLE2_ADV_X1Y1       PLLE2_ADV (Prop_plle2_adv_CLKIN1_CLKOUT3)
                                                      0.050     1.535 r  u_mig/u_mig0_mig/u_ddr3_infrastructure/plle2_i/CLKOUT3
                         net (fo=1, routed)           0.394     1.929    u_mig/u_mig0_mig/u_ddr3_infrastructure/pll_clk3_out
    BUFHCE_X1Y12         BUFH (Prop_bufh_I_O)         0.020     1.949 r  u_mig/u_mig0_mig/u_ddr3_infrastructure/u_bufh_pll_clk3/O
                         net (fo=1, routed)           0.269     2.218    u_mig/u_mig0_mig/u_ddr3_infrastructure/pll_clk3
    MMCME2_ADV_X1Y1      MMCME2_ADV (Prop_mmcme2_adv_CLKIN1_CLKFBOUT)
                                                     -1.083     1.135 r  u_mig/u_mig0_mig/u_ddr3_infrastructure/gen_mmcm.mmcm_i/CLKFBOUT
                         net (fo=1, routed)           0.499     1.634    u_mig/u_mig0_mig/u_ddr3_infrastructure/clk_pll_i
    BUFGCTRL_X0Y0        BUFG (Prop_bufg_I_O)         0.026     1.660 r  u_mig/u_mig0_mig/u_ddr3_infrastructure/u_bufg_clkdiv0/O
                         net (fo=6976, routed)        0.653     2.313    u_ld/u_ld/clk
    SLICE_X72Y49         FDCE                                         r  u_ld/u_ld/hw3_reg[31]/C
  -------------------------------------------------------------------    -------------------
    SLICE_X72Y49         FDCE (Prop_fdce_C_Q)         0.141     2.454 r  u_ld/u_ld/hw3_reg[31]/Q
                         net (fo=6, routed)           0.173     2.627    u_ld/u_ld/hw3__0[31]
    SLICE_X73Y50         FDCE                                         r  u_ld/u_ld/man_generation_reg[31]/D
  -------------------------------------------------------------------    -------------------

                         (clock clk_pll_i rise edge)
                                                      0.000     0.000 r  <hidden>
    E3                                                0.000     0.000 r  CLK100MHZ
                         net (fo=0)                   0.000     0.000    CLK100MHZ
    E3                   IBUF (Prop_ibuf_I_O)         0.438     0.438 r  CLK100MHZ_IBUF_inst/O
                         net (fo=1, routed)           0.699     1.136    CLK100MHZ_IBUF
    BUFGCTRL_X0Y16       BUFG (Prop_bufg_I_O)         0.029     1.165 r  CLK100MHZ_IBUF_BUFG_inst/O
                         net (fo=3848, routed)        0.898     2.063    u_clk/CLK
    MMCME2_ADV_X0Y0      MMCME2_ADV (Prop_mmcme2_adv_CLKIN1_CLKOUT0)
                                                     -1.625     0.438 r  u_clk/mmcm/CLKOUT0
                         net (fo=1, routed)           0.700     1.138    u_clk/clk166_u
    BUFGCTRL_X0Y2        BUFG (Prop_bufg_I_O)         0.029     1.167 r  u_clk/b166/O
                         net (fo=1, routed)           0.833     2.000    u_mig/u_mig0_mig/u_ddr3_infrastructure/mmcm_clk
    PLLE2_ADV_X1Y1       PLLE2_ADV (Prop_plle2_adv_CLKIN1_CLKOUT3)
                                                      0.053     2.053 r  u_mig/u_mig0_mig/u_ddr3_infrastructure/plle2_i/CLKOUT3
                         net (fo=1, routed)           0.437     2.490    u_mig/u_mig0_mig/u_ddr3_infrastructure/pll_clk3_out
    BUFHCE_X1Y12         BUFH (Prop_bufh_I_O)         0.043     2.533 r  u_mig/u_mig0_mig/u_ddr3_infrastructure/u_bufh_pll_clk3/O
                         net (fo=1, routed)           0.494     3.027    u_mig/u_mig0_mig/u_ddr3_infrastructure/pll_clk3
    MMCME2_ADV_X1Y1      MMCME2_ADV (Prop_mmcme2_adv_CLKIN1_CLKFBOUT)
                                                     -1.400     1.627 r  u_mig/u_mig0_mig/u_ddr3_infrastructure/gen_mmcm.mmcm_i/CLKFBOUT
                         net (fo=1, routed)           0.544     2.170    u_mig/u_mig0_mig/u_ddr3_infrastructure/clk_pll_i
    BUFGCTRL_X0Y0        BUFG (Prop_bufg_I_O)         0.029     2.199 r  u_mig/u_mig0_mig/u_ddr3_infrastructure/u_bufg_clkdiv0/O
                         net (fo=6976, routed)        0.866     3.065    u_ld/u_ld/clk
    SLICE_X73Y50         FDCE                                         r  u_ld/u_ld/man_generation_reg[31]/C
                         clock pessimism             -0.544     2.520    <hidden>
    SLICE_X73Y50         FDCE (Hold_fdce_C_D)         0.070     2.590    u_ld/u_ld/man_generation_reg[31]
  -------------------------------------------------------------------
                         required time                         -2.590    <hidden>
                         arrival time                           2.627    <hidden>
  -------------------------------------------------------------------
                         slack                                  0.037    <hidden>

Slack (MET) :             0.040ns  (arrival time - required time)
  Source:                 u_mig/u_mig0_mig/u_memc_ui_top_std/mem_intfc0/ddr_phy_top0/u_ddr_calib_top/ddr_phy_rdlvl_gen.u_ddr_phy_rdlvl/gen_sr_match_div4.gen_sr_match[3].old_sr_match_cyc2_r_reg[3]_inv/C
                            (rising edge-triggered cell FDRE clocked by clk_pll_i  {rise@0.000ns fall@6.000ns period=12.000ns})
  Destination:            u_mig/u_mig0_mig/u_memc_ui_top_std/mem_intfc0/ddr_phy_top0/u_ddr_calib_top/ddr_phy_rdlvl_gen.u_ddr_phy_rdlvl/gen_sr_match_div4.gen_sr_match[3].old_sr_diff_r_reg[3]/D
                            (rising edge-triggered cell FDRE clocked by clk_pll_i  {rise@0.000ns fall@6.000ns period=12.000ns})
  Path Group:             clk_pll_i
  Path Type:              Hold (Min at Fast Process Corner)
  Requirement:            0.000ns  (clk_pll_i rise@0.000ns - clk_pll_i rise@0.000ns)
  Data Path Delay:        0.365ns  (logic 0.141ns (38.601%)  route 0.224ns (61.399%))
  Logic Levels:           0  
  Clock Path Skew:        0.266ns (DCD - SCD - CPR)
    Destination Clock Delay (DCD):    3.032ns
    Source Clock Delay      (SCD):    2.221ns
    Clock Pessimism Removal (CPR):    0.544ns

    Location             Delay type                Incr(ns)  Path(ns)    Netlist Resource(s)
  -------------------------------------------------------------------    -------------------
                         (clock clk_pll_i rise edge)
                                                      0.000     0.000 r  <hidden>
    E3                                                0.000     0.000 r  CLK100MHZ
                         net (fo=0)                   0.000     0.000    CLK100MHZ
    E3                   IBUF (Prop_ibuf_I_O)         0.250     0.250 r  CLK100MHZ_IBUF_inst/O
                         net (fo=1, routed)           0.644     0.894    CLK100MHZ_IBUF
    BUFGCTRL_X0Y16       BUFG (Prop_bufg_I_O)         0.026     0.920 r  CLK100MHZ_IBUF_BUFG_inst/O
                         net (fo=3848, routed)        0.624     1.544    u_clk/CLK
    MMCME2_ADV_X0Y0      MMCME2_ADV (Prop_mmcme2_adv_CLKIN1_CLKOUT0)
                                                     -1.296     0.248 r  u_clk/mmcm/CLKOUT0
                         net (fo=1, routed)           0.648     0.896    u_clk/clk166_u
    BUFGCTRL_X0Y2        BUFG (Prop_bufg_I_O)         0.026     0.922 r  u_clk/b166/O
                         net (fo=1, routed)           0.564     1.485    u_mig/u_mig0_mig/u_ddr3_infrastructure/mmcm_clk
    PLLE2_ADV_X1Y1       PLLE2_ADV (Prop_plle2_adv_CLKIN1_CLKOUT3)
                                                      0.050     1.535 r  u_mig/u_mig0_mig/u_ddr3_infrastructure/plle2_i/CLKOUT3
                         net (fo=1, routed)           0.394     1.929    u_mig/u_mig0_mig/u_ddr3_infrastructure/pll_clk3_out
    BUFHCE_X1Y12         BUFH (Prop_bufh_I_O)         0.020     1.949 r  u_mig/u_mig0_mig/u_ddr3_infrastructure/u_bufh_pll_clk3/O
                         net (fo=1, routed)           0.269     2.218    u_mig/u_mig0_mig/u_ddr3_infrastructure/pll_clk3
    MMCME2_ADV_X1Y1      MMCME2_ADV (Prop_mmcme2_adv_CLKIN1_CLKFBOUT)
                                                     -1.083     1.135 r  u_mig/u_mig0_mig/u_ddr3_infrastructure/gen_mmcm.mmcm_i/CLKFBOUT
                         net (fo=1, routed)           0.499     1.634    u_mig/u_mig0_mig/u_ddr3_infrastructure/clk_pll_i
    BUFGCTRL_X0Y0        BUFG (Prop_bufg_I_O)         0.026     1.660 r  u_mig/u_mig0_mig/u_ddr3_infrastructure/u_bufg_clkdiv0/O
                         net (fo=6976, routed)        0.562     2.221    u_mig/u_mig0_mig/u_memc_ui_top_std/mem_intfc0/ddr_phy_top0/u_ddr_calib_top/ddr_phy_rdlvl_gen.u_ddr_phy_rdlvl/CLK
    SLICE_X55Y93         FDRE                                         r  u_mig/u_mig0_mig/u_memc_ui_top_std/mem_intfc0/ddr_phy_top0/u_ddr_calib_top/ddr_phy_rdlvl_gen.u_ddr_phy_rdlvl/gen_sr_match_div4.gen_sr_match[3].old_sr_match_cyc2_r_reg[3]_inv/C
  -------------------------------------------------------------------    -------------------
    SLICE_X55Y93         FDRE (Prop_fdre_C_Q)         0.141     2.362 r  u_mig/u_mig0_mig/u_memc_ui_top_std/mem_intfc0/ddr_phy_top0/u_ddr_calib_top/ddr_phy_rdlvl_gen.u_ddr_phy_rdlvl/gen_sr_match_div4.gen_sr_match[3].old_sr_match_cyc2_r_reg[3]_inv/Q
                         net (fo=1, routed)           0.224     2.587    u_mig/u_mig0_mig/u_memc_ui_top_std/mem_intfc0/ddr_phy_top0/u_ddr_calib_top/ddr_phy_rdlvl_gen.u_ddr_phy_rdlvl/gen_sr_match_div4.gen_sr_match[3].old_sr_match_cyc2_r_reg
    SLICE_X50Y95         FDRE                                         r  u_mig/u_mig0_mig/u_memc_ui_top_std/mem_intfc0/ddr_phy_top0/u_ddr_calib_top/ddr_phy_rdlvl_gen.u_ddr_phy_rdlvl/gen_sr_match_div4.gen_sr_match[3].old_sr_diff_r_reg[3]/D
  -------------------------------------------------------------------    -------------------

                         (clock clk_pll_i rise edge)
                                                      0.000     0.000 r  <hidden>
    E3                                                0.000     0.000 r  CLK100MHZ
                         net (fo=0)                   0.000     0.000    CLK100MHZ
    E3                   IBUF (Prop_ibuf_I_O)         0.438     0.438 r  CLK100MHZ_IBUF_inst/O
                         net (fo=1, routed)           0.699     1.136    CLK100MHZ_IBUF
    BUFGCTRL_X0Y16       BUFG (Prop_bufg_I_O)         0.029     1.165 r  CLK100MHZ_IBUF_BUFG_inst/O
                         net (fo=3848, routed)        0.898     2.063    u_clk/CLK
    MMCME2_ADV_X0Y0      MMCME2_ADV (Prop_mmcme2_adv_CLKIN1_CLKOUT0)
                                                     -1.625     0.438 r  u_clk/mmcm/CLKOUT0
                         net (fo=1, routed)           0.700     1.138    u_clk/clk166_u
    BUFGCTRL_X0Y2        BUFG (Prop_bufg_I_O)         0.029     1.167 r  u_clk/b166/O
                         net (fo=1, routed)           0.833     2.000    u_mig/u_mig0_mig/u_ddr3_infrastructure/mmcm_clk
    PLLE2_ADV_X1Y1       PLLE2_ADV (Prop_plle2_adv_CLKIN1_CLKOUT3)
                                                      0.053     2.053 r  u_mig/u_mig0_mig/u_ddr3_infrastructure/plle2_i/CLKOUT3
                         net (fo=1, routed)           0.437     2.490    u_mig/u_mig0_mig/u_ddr3_infrastructure/pll_clk3_out
    BUFHCE_X1Y12         BUFH (Prop_bufh_I_O)         0.043     2.533 r  u_mig/u_mig0_mig/u_ddr3_infrastructure/u_bufh_pll_clk3/O
                         net (fo=1, routed)           0.494     3.027    u_mig/u_mig0_mig/u_ddr3_infrastructure/pll_clk3
    MMCME2_ADV_X1Y1      MMCME2_ADV (Prop_mmcme2_adv_CLKIN1_CLKFBOUT)
                                                     -1.400     1.627 r  u_mig/u_mig0_mig/u_ddr3_infrastructure/gen_mmcm.mmcm_i/CLKFBOUT
                         net (fo=1, routed)           0.544     2.170    u_mig/u_mig0_mig/u_ddr3_infrastructure/clk_pll_i
    BUFGCTRL_X0Y0        BUFG (Prop_bufg_I_O)         0.029     2.199 r  u_mig/u_mig0_mig/u_ddr3_infrastructure/u_bufg_clkdiv0/O
                         net (fo=6976, routed)        0.833     3.032    u_mig/u_mig0_mig/u_memc_ui_top_std/mem_intfc0/ddr_phy_top0/u_ddr_calib_top/ddr_phy_rdlvl_gen.u_ddr_phy_rdlvl/CLK
    SLICE_X50Y95         FDRE                                         r  u_mig/u_mig0_mig/u_memc_ui_top_std/mem_intfc0/ddr_phy_top0/u_ddr_calib_top/ddr_phy_rdlvl_gen.u_ddr_phy_rdlvl/gen_sr_match_div4.gen_sr_match[3].old_sr_diff_r_reg[3]/C
                         clock pessimism             -0.544     2.487    <hidden>
    SLICE_X50Y95         FDRE (Hold_fdre_C_D)         0.059     2.546    u_mig/u_mig0_mig/u_memc_ui_top_std/mem_intfc0/ddr_phy_top0/u_ddr_calib_top/ddr_phy_rdlvl_gen.u_ddr_phy_rdlvl/gen_sr_match_div4.gen_sr_match[3].old_sr_diff_r_reg[3]
  -------------------------------------------------------------------
                         required time                         -2.546    <hidden>
                         arrival time                           2.587    <hidden>
  -------------------------------------------------------------------
                         slack                                  0.040    <hidden>




