Copyright 1986-2022 Xilinx, Inc. All Rights Reserved. Copyright 2022-2026 Advanced Micro Devices, Inc. All Rights Reserved.
---------------------------------------------------------------------------------------------------------------------------------------------
| Tool Version : Vivado v.2026.1 (win64) Build 6511674 Tue Jun 16 11:02:23 MDT 2026
| Date         : Thu Sep 17 00:22:22 2026
| Host         : laptop-Quan running 64-bit major release  (build 9200)
| Command      : report_timing -max_paths 5 -file D:/FPGA/arty_d/m4_query_result_shadow/reports/crit_route.rpt
| Design       : arty_a7_r2_top_m4_query_result_candidate
| Device       : 7a100t-csg324
| Speed File   : -1  PRODUCTION 1.23 2018-06-13
| Design State : Routed
---------------------------------------------------------------------------------------------------------------------------------------------

Timing Report

Slack (MET) :             0.555ns  (required time - arrival time)
  Source:                 u_spear/spear/feat_r_reg[22]/C
                            (rising edge-triggered cell FDRE clocked by sys_clk_pin  {rise@0.000ns fall@5.000ns period=10.000ns})
  Destination:            u_spear/spear/sl_seq_reg[2][0]/CE
                            (rising edge-triggered cell FDRE clocked by sys_clk_pin  {rise@0.000ns fall@5.000ns period=10.000ns})
  Path Group:             sys_clk_pin
  Path Type:              Setup (Max at Slow Process Corner)
  Requirement:            10.000ns  (sys_clk_pin rise@10.000ns - sys_clk_pin rise@0.000ns)
  Data Path Delay:        8.710ns  (logic 2.135ns (24.512%)  route 6.575ns (75.488%))
  Logic Levels:           7  (CARRY4=1 LUT2=2 LUT3=1 LUT6=3)
  Clock Path Skew:        -0.287ns (DCD - SCD + CPR)
    Destination Clock Delay (DCD):    4.944ns = ( 14.944 - 10.000 ) 
    Source Clock Delay      (SCD):    5.418ns
    Clock Pessimism Removal (CPR):    0.187ns
  Clock Uncertainty:      0.035ns  ((TSJ^2 + TIJ^2)^1/2 + DJ) / 2 + PE
    Total System Jitter     (TSJ):    0.071ns
    Total Input Jitter      (TIJ):    0.000ns
    Discrete Jitter          (DJ):    0.000ns
    Phase Error              (PE):    0.000ns

    Location             Delay type                Incr(ns)  Path(ns)    Netlist Resource(s)
  -------------------------------------------------------------------    -------------------
                         (clock sys_clk_pin rise edge)
                                                      0.000     0.000 r  <hidden>
    E3                                                0.000     0.000 r  CLK100MHZ
                         net (fo=0)                   0.000     0.000    CLK100MHZ
    E3                   IBUF (Prop_ibuf_I_O)         1.482     1.482 r  CLK100MHZ_IBUF_inst/O
                         net (fo=1, routed)           2.025     3.506    CLK100MHZ_IBUF
    BUFGCTRL_X0Y16       BUFG (Prop_bufg_I_O)         0.096     3.602 r  CLK100MHZ_IBUF_BUFG_inst/O
                         net (fo=6326, routed)        1.815     5.418    u_spear/spear/clk
    SLICE_X33Y46         FDRE                                         r  u_spear/spear/feat_r_reg[22]/C
  -------------------------------------------------------------------    -------------------
    SLICE_X33Y46         FDRE (Prop_fdre_C_Q)         0.419     5.837 r  u_spear/spear/feat_r_reg[22]/Q
                         net (fo=94, routed)          1.358     7.194    u_spear/spear/data2[6]
    SLICE_X30Y62         LUT2 (Prop_lut2_I1_O)        0.299     7.493 r  u_spear/spear/sl_sc[0][15]_i_276/O
                         net (fo=1, routed)           0.000     7.493    u_spear/spear/sl_sc[0][15]_i_276_n_0
    SLICE_X30Y62         CARRY4 (Prop_carry4_S[1]_CO[3])
                                                      0.533     8.026 f  u_spear/spear/sl_sc_reg[0][15]_i_63/CO[3]
                         net (fo=1, routed)           1.030     9.056    u_spear/spear/sl_sc_reg[0][15]_i_63_n_0
    SLICE_X30Y63         LUT6 (Prop_lut6_I0_O)        0.124     9.180 f  u_spear/spear/sl_sc[0][15]_i_18/O
                         net (fo=1, routed)           0.716     9.897    u_spear/spear/sl_sc[0][15]_i_18_n_0
    SLICE_X31Y67         LUT6 (Prop_lut6_I0_O)        0.124    10.021 f  u_spear/spear/sl_sc[0][15]_i_9/O
                         net (fo=2, routed)           0.820    10.840    u_spear/spear/sl_sc[0][15]_i_9_n_0
    SLICE_X32Y68         LUT3 (Prop_lut3_I2_O)        0.152    10.992 r  u_spear/spear/sl_sc[0][15]_i_8/O
                         net (fo=9, routed)           0.797    11.790    u_spear/spear/sl_sc[0][15]_i_8_n_0
    SLICE_X31Y66         LUT6 (Prop_lut6_I5_O)        0.332    12.122 f  u_spear/spear/sl_sc[2][15]_i_3/O
                         net (fo=41, routed)          0.848    12.969    u_spear/spear/sl_sc[2][15]_i_3_n_0
    SLICE_X33Y64         LUT2 (Prop_lut2_I1_O)        0.152    13.121 r  u_spear/spear/sl_sc[2][15]_i_1/O
                         net (fo=38, routed)          1.007    14.128    u_spear/spear/sl_sc_reg[2]0
    SLICE_X31Y52         FDRE                                         r  u_spear/spear/sl_seq_reg[2][0]/CE
  -------------------------------------------------------------------    -------------------

                         (clock sys_clk_pin rise edge)
                                                     10.000    10.000 r  <hidden>
    E3                                                0.000    10.000 r  CLK100MHZ
                         net (fo=0)                   0.000    10.000    CLK100MHZ
    E3                   IBUF (Prop_ibuf_I_O)         1.411    11.411 r  CLK100MHZ_IBUF_inst/O
                         net (fo=1, routed)           1.920    13.331    CLK100MHZ_IBUF
    BUFGCTRL_X0Y16       BUFG (Prop_bufg_I_O)         0.091    13.422 r  CLK100MHZ_IBUF_BUFG_inst/O
                         net (fo=6326, routed)        1.521    14.944    u_spear/spear/clk
    SLICE_X31Y52         FDRE                                         r  u_spear/spear/sl_seq_reg[2][0]/C
                         clock pessimism              0.187    15.131    <hidden>
                         clock uncertainty           -0.035    15.095    <hidden>
    SLICE_X31Y52         FDRE (Setup_fdre_C_CE)      -0.413    14.682    u_spear/spear/sl_seq_reg[2][0]
  -------------------------------------------------------------------
                         required time                         14.682    <hidden>
                         arrival time                         -14.128    <hidden>
  -------------------------------------------------------------------
                         slack                                  0.555    <hidden>

Slack (MET) :             0.555ns  (required time - arrival time)
  Source:                 u_spear/spear/feat_r_reg[22]/C
                            (rising edge-triggered cell FDRE clocked by sys_clk_pin  {rise@0.000ns fall@5.000ns period=10.000ns})
  Destination:            u_spear/spear/sl_seq_reg[2][10]/CE
                            (rising edge-triggered cell FDRE clocked by sys_clk_pin  {rise@0.000ns fall@5.000ns period=10.000ns})
  Path Group:             sys_clk_pin
  Path Type:              Setup (Max at Slow Process Corner)
  Requirement:            10.000ns  (sys_clk_pin rise@10.000ns - sys_clk_pin rise@0.000ns)
  Data Path Delay:        8.710ns  (logic 2.135ns (24.512%)  route 6.575ns (75.488%))
  Logic Levels:           7  (CARRY4=1 LUT2=2 LUT3=1 LUT6=3)
  Clock Path Skew:        -0.287ns (DCD - SCD + CPR)
    Destination Clock Delay (DCD):    4.944ns = ( 14.944 - 10.000 ) 
    Source Clock Delay      (SCD):    5.418ns
    Clock Pessimism Removal (CPR):    0.187ns
  Clock Uncertainty:      0.035ns  ((TSJ^2 + TIJ^2)^1/2 + DJ) / 2 + PE
    Total System Jitter     (TSJ):    0.071ns
    Total Input Jitter      (TIJ):    0.000ns
    Discrete Jitter          (DJ):    0.000ns
    Phase Error              (PE):    0.000ns

    Location             Delay type                Incr(ns)  Path(ns)    Netlist Resource(s)
  -------------------------------------------------------------------    -------------------
                         (clock sys_clk_pin rise edge)
                                                      0.000     0.000 r  <hidden>
    E3                                                0.000     0.000 r  CLK100MHZ
                         net (fo=0)                   0.000     0.000    CLK100MHZ
    E3                   IBUF (Prop_ibuf_I_O)         1.482     1.482 r  CLK100MHZ_IBUF_inst/O
                         net (fo=1, routed)           2.025     3.506    CLK100MHZ_IBUF
    BUFGCTRL_X0Y16       BUFG (Prop_bufg_I_O)         0.096     3.602 r  CLK100MHZ_IBUF_BUFG_inst/O
                         net (fo=6326, routed)        1.815     5.418    u_spear/spear/clk
    SLICE_X33Y46         FDRE                                         r  u_spear/spear/feat_r_reg[22]/C
  -------------------------------------------------------------------    -------------------
    SLICE_X33Y46         FDRE (Prop_fdre_C_Q)         0.419     5.837 r  u_spear/spear/feat_r_reg[22]/Q
                         net (fo=94, routed)          1.358     7.194    u_spear/spear/data2[6]
    SLICE_X30Y62         LUT2 (Prop_lut2_I1_O)        0.299     7.493 r  u_spear/spear/sl_sc[0][15]_i_276/O
                         net (fo=1, routed)           0.000     7.493    u_spear/spear/sl_sc[0][15]_i_276_n_0
    SLICE_X30Y62         CARRY4 (Prop_carry4_S[1]_CO[3])
                                                      0.533     8.026 f  u_spear/spear/sl_sc_reg[0][15]_i_63/CO[3]
                         net (fo=1, routed)           1.030     9.056    u_spear/spear/sl_sc_reg[0][15]_i_63_n_0
    SLICE_X30Y63         LUT6 (Prop_lut6_I0_O)        0.124     9.180 f  u_spear/spear/sl_sc[0][15]_i_18/O
                         net (fo=1, routed)           0.716     9.897    u_spear/spear/sl_sc[0][15]_i_18_n_0
    SLICE_X31Y67         LUT6 (Prop_lut6_I0_O)        0.124    10.021 f  u_spear/spear/sl_sc[0][15]_i_9/O
                         net (fo=2, routed)           0.820    10.840    u_spear/spear/sl_sc[0][15]_i_9_n_0
    SLICE_X32Y68         LUT3 (Prop_lut3_I2_O)        0.152    10.992 r  u_spear/spear/sl_sc[0][15]_i_8/O
                         net (fo=9, routed)           0.797    11.790    u_spear/spear/sl_sc[0][15]_i_8_n_0
    SLICE_X31Y66         LUT6 (Prop_lut6_I5_O)        0.332    12.122 f  u_spear/spear/sl_sc[2][15]_i_3/O
                         net (fo=41, routed)          0.848    12.969    u_spear/spear/sl_sc[2][15]_i_3_n_0
    SLICE_X33Y64         LUT2 (Prop_lut2_I1_O)        0.152    13.121 r  u_spear/spear/sl_sc[2][15]_i_1/O
                         net (fo=38, routed)          1.007    14.128    u_spear/spear/sl_sc_reg[2]0
    SLICE_X31Y52         FDRE                                         r  u_spear/spear/sl_seq_reg[2][10]/CE
  -------------------------------------------------------------------    -------------------

                         (clock sys_clk_pin rise edge)
                                                     10.000    10.000 r  <hidden>
    E3                                                0.000    10.000 r  CLK100MHZ
                         net (fo=0)                   0.000    10.000    CLK100MHZ
    E3                   IBUF (Prop_ibuf_I_O)         1.411    11.411 r  CLK100MHZ_IBUF_inst/O
                         net (fo=1, routed)           1.920    13.331    CLK100MHZ_IBUF
    BUFGCTRL_X0Y16       BUFG (Prop_bufg_I_O)         0.091    13.422 r  CLK100MHZ_IBUF_BUFG_inst/O
                         net (fo=6326, routed)        1.521    14.944    u_spear/spear/clk
    SLICE_X31Y52         FDRE                                         r  u_spear/spear/sl_seq_reg[2][10]/C
                         clock pessimism              0.187    15.131    <hidden>
                         clock uncertainty           -0.035    15.095    <hidden>
    SLICE_X31Y52         FDRE (Setup_fdre_C_CE)      -0.413    14.682    u_spear/spear/sl_seq_reg[2][10]
  -------------------------------------------------------------------
                         required time                         14.682    <hidden>
                         arrival time                         -14.128    <hidden>
  -------------------------------------------------------------------
                         slack                                  0.555    <hidden>

Slack (MET) :             0.555ns  (required time - arrival time)
  Source:                 u_spear/spear/feat_r_reg[22]/C
                            (rising edge-triggered cell FDRE clocked by sys_clk_pin  {rise@0.000ns fall@5.000ns period=10.000ns})
  Destination:            u_spear/spear/sl_seq_reg[2][11]/CE
                            (rising edge-triggered cell FDRE clocked by sys_clk_pin  {rise@0.000ns fall@5.000ns period=10.000ns})
  Path Group:             sys_clk_pin
  Path Type:              Setup (Max at Slow Process Corner)
  Requirement:            10.000ns  (sys_clk_pin rise@10.000ns - sys_clk_pin rise@0.000ns)
  Data Path Delay:        8.710ns  (logic 2.135ns (24.512%)  route 6.575ns (75.488%))
  Logic Levels:           7  (CARRY4=1 LUT2=2 LUT3=1 LUT6=3)
  Clock Path Skew:        -0.287ns (DCD - SCD + CPR)
    Destination Clock Delay (DCD):    4.944ns = ( 14.944 - 10.000 ) 
    Source Clock Delay      (SCD):    5.418ns
    Clock Pessimism Removal (CPR):    0.187ns
  Clock Uncertainty:      0.035ns  ((TSJ^2 + TIJ^2)^1/2 + DJ) / 2 + PE
    Total System Jitter     (TSJ):    0.071ns
    Total Input Jitter      (TIJ):    0.000ns
    Discrete Jitter          (DJ):    0.000ns
    Phase Error              (PE):    0.000ns

    Location             Delay type                Incr(ns)  Path(ns)    Netlist Resource(s)
  -------------------------------------------------------------------    -------------------
                         (clock sys_clk_pin rise edge)
                                                      0.000     0.000 r  <hidden>
    E3                                                0.000     0.000 r  CLK100MHZ
                         net (fo=0)                   0.000     0.000    CLK100MHZ
    E3                   IBUF (Prop_ibuf_I_O)         1.482     1.482 r  CLK100MHZ_IBUF_inst/O
                         net (fo=1, routed)           2.025     3.506    CLK100MHZ_IBUF
    BUFGCTRL_X0Y16       BUFG (Prop_bufg_I_O)         0.096     3.602 r  CLK100MHZ_IBUF_BUFG_inst/O
                         net (fo=6326, routed)        1.815     5.418    u_spear/spear/clk
    SLICE_X33Y46         FDRE                                         r  u_spear/spear/feat_r_reg[22]/C
  -------------------------------------------------------------------    -------------------
    SLICE_X33Y46         FDRE (Prop_fdre_C_Q)         0.419     5.837 r  u_spear/spear/feat_r_reg[22]/Q
                         net (fo=94, routed)          1.358     7.194    u_spear/spear/data2[6]
    SLICE_X30Y62         LUT2 (Prop_lut2_I1_O)        0.299     7.493 r  u_spear/spear/sl_sc[0][15]_i_276/O
                         net (fo=1, routed)           0.000     7.493    u_spear/spear/sl_sc[0][15]_i_276_n_0
    SLICE_X30Y62         CARRY4 (Prop_carry4_S[1]_CO[3])
                                                      0.533     8.026 f  u_spear/spear/sl_sc_reg[0][15]_i_63/CO[3]
                         net (fo=1, routed)           1.030     9.056    u_spear/spear/sl_sc_reg[0][15]_i_63_n_0
    SLICE_X30Y63         LUT6 (Prop_lut6_I0_O)        0.124     9.180 f  u_spear/spear/sl_sc[0][15]_i_18/O
                         net (fo=1, routed)           0.716     9.897    u_spear/spear/sl_sc[0][15]_i_18_n_0
    SLICE_X31Y67         LUT6 (Prop_lut6_I0_O)        0.124    10.021 f  u_spear/spear/sl_sc[0][15]_i_9/O
                         net (fo=2, routed)           0.820    10.840    u_spear/spear/sl_sc[0][15]_i_9_n_0
    SLICE_X32Y68         LUT3 (Prop_lut3_I2_O)        0.152    10.992 r  u_spear/spear/sl_sc[0][15]_i_8/O
                         net (fo=9, routed)           0.797    11.790    u_spear/spear/sl_sc[0][15]_i_8_n_0
    SLICE_X31Y66         LUT6 (Prop_lut6_I5_O)        0.332    12.122 f  u_spear/spear/sl_sc[2][15]_i_3/O
                         net (fo=41, routed)          0.848    12.969    u_spear/spear/sl_sc[2][15]_i_3_n_0
    SLICE_X33Y64         LUT2 (Prop_lut2_I1_O)        0.152    13.121 r  u_spear/spear/sl_sc[2][15]_i_1/O
                         net (fo=38, routed)          1.007    14.128    u_spear/spear/sl_sc_reg[2]0
    SLICE_X31Y52         FDRE                                         r  u_spear/spear/sl_seq_reg[2][11]/CE
  -------------------------------------------------------------------    -------------------

                         (clock sys_clk_pin rise edge)
                                                     10.000    10.000 r  <hidden>
    E3                                                0.000    10.000 r  CLK100MHZ
                         net (fo=0)                   0.000    10.000    CLK100MHZ
    E3                   IBUF (Prop_ibuf_I_O)         1.411    11.411 r  CLK100MHZ_IBUF_inst/O
                         net (fo=1, routed)           1.920    13.331    CLK100MHZ_IBUF
    BUFGCTRL_X0Y16       BUFG (Prop_bufg_I_O)         0.091    13.422 r  CLK100MHZ_IBUF_BUFG_inst/O
                         net (fo=6326, routed)        1.521    14.944    u_spear/spear/clk
    SLICE_X31Y52         FDRE                                         r  u_spear/spear/sl_seq_reg[2][11]/C
                         clock pessimism              0.187    15.131    <hidden>
                         clock uncertainty           -0.035    15.095    <hidden>
    SLICE_X31Y52         FDRE (Setup_fdre_C_CE)      -0.413    14.682    u_spear/spear/sl_seq_reg[2][11]
  -------------------------------------------------------------------
                         required time                         14.682    <hidden>
                         arrival time                         -14.128    <hidden>
  -------------------------------------------------------------------
                         slack                                  0.555    <hidden>

Slack (MET) :             0.555ns  (required time - arrival time)
  Source:                 u_spear/spear/feat_r_reg[22]/C
                            (rising edge-triggered cell FDRE clocked by sys_clk_pin  {rise@0.000ns fall@5.000ns period=10.000ns})
  Destination:            u_spear/spear/sl_seq_reg[2][1]/CE
                            (rising edge-triggered cell FDRE clocked by sys_clk_pin  {rise@0.000ns fall@5.000ns period=10.000ns})
  Path Group:             sys_clk_pin
  Path Type:              Setup (Max at Slow Process Corner)
  Requirement:            10.000ns  (sys_clk_pin rise@10.000ns - sys_clk_pin rise@0.000ns)
  Data Path Delay:        8.710ns  (logic 2.135ns (24.512%)  route 6.575ns (75.488%))
  Logic Levels:           7  (CARRY4=1 LUT2=2 LUT3=1 LUT6=3)
  Clock Path Skew:        -0.287ns (DCD - SCD + CPR)
    Destination Clock Delay (DCD):    4.944ns = ( 14.944 - 10.000 ) 
    Source Clock Delay      (SCD):    5.418ns
    Clock Pessimism Removal (CPR):    0.187ns
  Clock Uncertainty:      0.035ns  ((TSJ^2 + TIJ^2)^1/2 + DJ) / 2 + PE
    Total System Jitter     (TSJ):    0.071ns
    Total Input Jitter      (TIJ):    0.000ns
    Discrete Jitter          (DJ):    0.000ns
    Phase Error              (PE):    0.000ns

    Location             Delay type                Incr(ns)  Path(ns)    Netlist Resource(s)
  -------------------------------------------------------------------    -------------------
                         (clock sys_clk_pin rise edge)
                                                      0.000     0.000 r  <hidden>
    E3                                                0.000     0.000 r  CLK100MHZ
                         net (fo=0)                   0.000     0.000    CLK100MHZ
    E3                   IBUF (Prop_ibuf_I_O)         1.482     1.482 r  CLK100MHZ_IBUF_inst/O
                         net (fo=1, routed)           2.025     3.506    CLK100MHZ_IBUF
    BUFGCTRL_X0Y16       BUFG (Prop_bufg_I_O)         0.096     3.602 r  CLK100MHZ_IBUF_BUFG_inst/O
                         net (fo=6326, routed)        1.815     5.418    u_spear/spear/clk
    SLICE_X33Y46         FDRE                                         r  u_spear/spear/feat_r_reg[22]/C
  -------------------------------------------------------------------    -------------------
    SLICE_X33Y46         FDRE (Prop_fdre_C_Q)         0.419     5.837 r  u_spear/spear/feat_r_reg[22]/Q
                         net (fo=94, routed)          1.358     7.194    u_spear/spear/data2[6]
    SLICE_X30Y62         LUT2 (Prop_lut2_I1_O)        0.299     7.493 r  u_spear/spear/sl_sc[0][15]_i_276/O
                         net (fo=1, routed)           0.000     7.493    u_spear/spear/sl_sc[0][15]_i_276_n_0
    SLICE_X30Y62         CARRY4 (Prop_carry4_S[1]_CO[3])
                                                      0.533     8.026 f  u_spear/spear/sl_sc_reg[0][15]_i_63/CO[3]
                         net (fo=1, routed)           1.030     9.056    u_spear/spear/sl_sc_reg[0][15]_i_63_n_0
    SLICE_X30Y63         LUT6 (Prop_lut6_I0_O)        0.124     9.180 f  u_spear/spear/sl_sc[0][15]_i_18/O
                         net (fo=1, routed)           0.716     9.897    u_spear/spear/sl_sc[0][15]_i_18_n_0
    SLICE_X31Y67         LUT6 (Prop_lut6_I0_O)        0.124    10.021 f  u_spear/spear/sl_sc[0][15]_i_9/O
                         net (fo=2, routed)           0.820    10.840    u_spear/spear/sl_sc[0][15]_i_9_n_0
    SLICE_X32Y68         LUT3 (Prop_lut3_I2_O)        0.152    10.992 r  u_spear/spear/sl_sc[0][15]_i_8/O
                         net (fo=9, routed)           0.797    11.790    u_spear/spear/sl_sc[0][15]_i_8_n_0
    SLICE_X31Y66         LUT6 (Prop_lut6_I5_O)        0.332    12.122 f  u_spear/spear/sl_sc[2][15]_i_3/O
                         net (fo=41, routed)          0.848    12.969    u_spear/spear/sl_sc[2][15]_i_3_n_0
    SLICE_X33Y64         LUT2 (Prop_lut2_I1_O)        0.152    13.121 r  u_spear/spear/sl_sc[2][15]_i_1/O
                         net (fo=38, routed)          1.007    14.128    u_spear/spear/sl_sc_reg[2]0
    SLICE_X31Y52         FDRE                                         r  u_spear/spear/sl_seq_reg[2][1]/CE
  -------------------------------------------------------------------    -------------------

                         (clock sys_clk_pin rise edge)
                                                     10.000    10.000 r  <hidden>
    E3                                                0.000    10.000 r  CLK100MHZ
                         net (fo=0)                   0.000    10.000    CLK100MHZ
    E3                   IBUF (Prop_ibuf_I_O)         1.411    11.411 r  CLK100MHZ_IBUF_inst/O
                         net (fo=1, routed)           1.920    13.331    CLK100MHZ_IBUF
    BUFGCTRL_X0Y16       BUFG (Prop_bufg_I_O)         0.091    13.422 r  CLK100MHZ_IBUF_BUFG_inst/O
                         net (fo=6326, routed)        1.521    14.944    u_spear/spear/clk
    SLICE_X31Y52         FDRE                                         r  u_spear/spear/sl_seq_reg[2][1]/C
                         clock pessimism              0.187    15.131    <hidden>
                         clock uncertainty           -0.035    15.095    <hidden>
    SLICE_X31Y52         FDRE (Setup_fdre_C_CE)      -0.413    14.682    u_spear/spear/sl_seq_reg[2][1]
  -------------------------------------------------------------------
                         required time                         14.682    <hidden>
                         arrival time                         -14.128    <hidden>
  -------------------------------------------------------------------
                         slack                                  0.555    <hidden>

Slack (MET) :             0.555ns  (required time - arrival time)
  Source:                 u_spear/spear/feat_r_reg[22]/C
                            (rising edge-triggered cell FDRE clocked by sys_clk_pin  {rise@0.000ns fall@5.000ns period=10.000ns})
  Destination:            u_spear/spear/sl_seq_reg[2][2]/CE
                            (rising edge-triggered cell FDRE clocked by sys_clk_pin  {rise@0.000ns fall@5.000ns period=10.000ns})
  Path Group:             sys_clk_pin
  Path Type:              Setup (Max at Slow Process Corner)
  Requirement:            10.000ns  (sys_clk_pin rise@10.000ns - sys_clk_pin rise@0.000ns)
  Data Path Delay:        8.710ns  (logic 2.135ns (24.512%)  route 6.575ns (75.488%))
  Logic Levels:           7  (CARRY4=1 LUT2=2 LUT3=1 LUT6=3)
  Clock Path Skew:        -0.287ns (DCD - SCD + CPR)
    Destination Clock Delay (DCD):    4.944ns = ( 14.944 - 10.000 ) 
    Source Clock Delay      (SCD):    5.418ns
    Clock Pessimism Removal (CPR):    0.187ns
  Clock Uncertainty:      0.035ns  ((TSJ^2 + TIJ^2)^1/2 + DJ) / 2 + PE
    Total System Jitter     (TSJ):    0.071ns
    Total Input Jitter      (TIJ):    0.000ns
    Discrete Jitter          (DJ):    0.000ns
    Phase Error              (PE):    0.000ns

    Location             Delay type                Incr(ns)  Path(ns)    Netlist Resource(s)
  -------------------------------------------------------------------    -------------------
                         (clock sys_clk_pin rise edge)
                                                      0.000     0.000 r  <hidden>
    E3                                                0.000     0.000 r  CLK100MHZ
                         net (fo=0)                   0.000     0.000    CLK100MHZ
    E3                   IBUF (Prop_ibuf_I_O)         1.482     1.482 r  CLK100MHZ_IBUF_inst/O
                         net (fo=1, routed)           2.025     3.506    CLK100MHZ_IBUF
    BUFGCTRL_X0Y16       BUFG (Prop_bufg_I_O)         0.096     3.602 r  CLK100MHZ_IBUF_BUFG_inst/O
                         net (fo=6326, routed)        1.815     5.418    u_spear/spear/clk
    SLICE_X33Y46         FDRE                                         r  u_spear/spear/feat_r_reg[22]/C
  -------------------------------------------------------------------    -------------------
    SLICE_X33Y46         FDRE (Prop_fdre_C_Q)         0.419     5.837 r  u_spear/spear/feat_r_reg[22]/Q
                         net (fo=94, routed)          1.358     7.194    u_spear/spear/data2[6]
    SLICE_X30Y62         LUT2 (Prop_lut2_I1_O)        0.299     7.493 r  u_spear/spear/sl_sc[0][15]_i_276/O
                         net (fo=1, routed)           0.000     7.493    u_spear/spear/sl_sc[0][15]_i_276_n_0
    SLICE_X30Y62         CARRY4 (Prop_carry4_S[1]_CO[3])
                                                      0.533     8.026 f  u_spear/spear/sl_sc_reg[0][15]_i_63/CO[3]
                         net (fo=1, routed)           1.030     9.056    u_spear/spear/sl_sc_reg[0][15]_i_63_n_0
    SLICE_X30Y63         LUT6 (Prop_lut6_I0_O)        0.124     9.180 f  u_spear/spear/sl_sc[0][15]_i_18/O
                         net (fo=1, routed)           0.716     9.897    u_spear/spear/sl_sc[0][15]_i_18_n_0
    SLICE_X31Y67         LUT6 (Prop_lut6_I0_O)        0.124    10.021 f  u_spear/spear/sl_sc[0][15]_i_9/O
                         net (fo=2, routed)           0.820    10.840    u_spear/spear/sl_sc[0][15]_i_9_n_0
    SLICE_X32Y68         LUT3 (Prop_lut3_I2_O)        0.152    10.992 r  u_spear/spear/sl_sc[0][15]_i_8/O
                         net (fo=9, routed)           0.797    11.790    u_spear/spear/sl_sc[0][15]_i_8_n_0
    SLICE_X31Y66         LUT6 (Prop_lut6_I5_O)        0.332    12.122 f  u_spear/spear/sl_sc[2][15]_i_3/O
                         net (fo=41, routed)          0.848    12.969    u_spear/spear/sl_sc[2][15]_i_3_n_0
    SLICE_X33Y64         LUT2 (Prop_lut2_I1_O)        0.152    13.121 r  u_spear/spear/sl_sc[2][15]_i_1/O
                         net (fo=38, routed)          1.007    14.128    u_spear/spear/sl_sc_reg[2]0
    SLICE_X31Y52         FDRE                                         r  u_spear/spear/sl_seq_reg[2][2]/CE
  -------------------------------------------------------------------    -------------------

                         (clock sys_clk_pin rise edge)
                                                     10.000    10.000 r  <hidden>
    E3                                                0.000    10.000 r  CLK100MHZ
                         net (fo=0)                   0.000    10.000    CLK100MHZ
    E3                   IBUF (Prop_ibuf_I_O)         1.411    11.411 r  CLK100MHZ_IBUF_inst/O
                         net (fo=1, routed)           1.920    13.331    CLK100MHZ_IBUF
    BUFGCTRL_X0Y16       BUFG (Prop_bufg_I_O)         0.091    13.422 r  CLK100MHZ_IBUF_BUFG_inst/O
                         net (fo=6326, routed)        1.521    14.944    u_spear/spear/clk
    SLICE_X31Y52         FDRE                                         r  u_spear/spear/sl_seq_reg[2][2]/C
                         clock pessimism              0.187    15.131    <hidden>
                         clock uncertainty           -0.035    15.095    <hidden>
    SLICE_X31Y52         FDRE (Setup_fdre_C_CE)      -0.413    14.682    u_spear/spear/sl_seq_reg[2][2]
  -------------------------------------------------------------------
                         required time                         14.682    <hidden>
                         arrival time                         -14.128    <hidden>
  -------------------------------------------------------------------
                         slack                                  0.555    <hidden>




