#-----------------------------------------------------------
# xsim v2026.1 (64-bit)
# SW Build 6511674 on Tue Jun 16 11:02:23 MDT 2026
# IP Build 6504888 on Tue Jun 09 09:05:25 MDT 2026
# SharedData Build 6501428 on Mon Jun 08 17:34:18 MDT 2026
# Start of session at: Thu Sep 17 11:52:43 2026
# Process ID         : 34300
# Current directory  : D:/FPGA/arty_d/first_divergence_01/xsim_h17_stall
# Command line       : xsim.exe -log D:\FPGA\arty_d\first_divergence_01\xsim_h17_stall\xsim.log -mode tcl -source {xsim.dir/snap_h17st/xsim_script.tcl}
# Log file           : D:/FPGA/arty_d/first_divergence_01/xsim_h17_stall/xsim.log
# Journal file       : D:/FPGA/arty_d/first_divergence_01/xsim_h17_stall\xsim.jou
# Running On         : laptop-Quan
# Platform           : Windows 11
# Operating System   : 22621
# Processor Detail   : AMD Ryzen 7 5800HS with Radeon Graphics         
# CPU Frequency      : 3194 MHz
# CPU Physical cores : 8
# CPU Logical cores  : 16
# Host memory        : 16541 MB
# Swap memory        : 27327 MB
# Total Virtual      : 43869 MB
# Available Virtual  : 15076 MB
#-----------------------------------------------------------
source xsim.dir/snap_h17st/xsim_script.tcl
# xsim {snap_h17st} -autoloadwcfg -tclbatch {run_all.tcl}
Time resolution is 1 ps
source run_all.tcl
## run -all
STALL idle CLEAR got=c1ea50a5 qsc=1 out=0 busy=0
STALL release idle CLEAR got=c1ea50a5
STALL midpack CLEAR got=c1ea50b5 qsc=0 out=0 busy=0 reason=00
STALL after release leftover tok got=00000000 (may be pack status or mute)
STALL post-release CLEAR got=c1ea50b5 qsc=0 out=0
STALL drain CLEAR got=c1ea50b5
H17_MIG_STALL_XSIM ack=2 busy=2 gold=0 sen=0 mute=1 other=0 (not PACK_ABI_24_24_PASS / not MIG_PASS / not BOARD_PASS)
$finish called at time : 31329885 ns : File "D:/FPGA/NATIVE_AI_DEVELOPMENTAL_HARDWARE_R1_PACKAGE_20260914-20260914T045403Z-1-001/CANON_BLUEPRINT/tb/native_ai/board/tb_h17_mig_stall.sv" Line 189
## exit
INFO: [Common 17-206] Exiting xsim at Thu Sep 17 11:52:50 2026...
