Copyright 1986-2022 Xilinx, Inc. All Rights Reserved. Copyright 2022-2026 Advanced Micro Devices, Inc. All Rights Reserved.
---------------------------------------------------------------------------------------------------------------------------------------------
| Tool Version : Vivado v.2026.1 (win64) Build 6511674 Tue Jun 16 11:02:23 MDT 2026
| Date         : Wed Sep 16 18:43:01 2026
| Host         : laptop-Quan running 64-bit major release  (build 9200)
| Command      : report_timing -max_paths 5 -file D:/FPGA/arty_d/mig_bind/reports/crit_route.rpt
| Design       : arty_a7_mig_top
| Device       : 7a100t-csg324
| Speed File   : -1  PRODUCTION 1.23 2018-06-13
| Design State : Routed
---------------------------------------------------------------------------------------------------------------------------------------------

Timing Report

Slack (VIOLATED) :        -1.160ns  (required time - arrival time)
  Source:                 u_q/mask_r_reg[5]_replica/C
                            (rising edge-triggered cell FDRE clocked by sys_clk_pin  {rise@0.000ns fall@5.000ns period=10.000ns})
  Destination:            u_q/q_sel_reg[26]/D
                            (rising edge-triggered cell FDRE clocked by sys_clk_pin  {rise@0.000ns fall@5.000ns period=10.000ns})
  Path Group:             sys_clk_pin
  Path Type:              Setup (Max at Slow Process Corner)
  Requirement:            10.000ns  (sys_clk_pin rise@10.000ns - sys_clk_pin rise@0.000ns)
  Data Path Delay:        11.121ns  (logic 2.316ns (20.826%)  route 8.805ns (79.174%))
  Logic Levels:           15  (LUT2=1 LUT3=2 LUT4=1 LUT5=1 LUT6=10)
  Clock Path Skew:        -0.035ns (DCD - SCD + CPR)
    Destination Clock Delay (DCD):    4.941ns = ( 14.941 - 10.000 ) 
    Source Clock Delay      (SCD):    5.235ns
    Clock Pessimism Removal (CPR):    0.259ns
  Clock Uncertainty:      0.035ns  ((TSJ^2 + TIJ^2)^1/2 + DJ) / 2 + PE
    Total System Jitter     (TSJ):    0.071ns
    Total Input Jitter      (TIJ):    0.000ns
    Discrete Jitter          (DJ):    0.000ns
    Phase Error              (PE):    0.000ns

    Location             Delay type                Incr(ns)  Path(ns)    Netlist Resource(s)
  -------------------------------------------------------------------    -------------------
                         (clock sys_clk_pin rise edge)
                                                      0.000     0.000 r  <hidden>
    E3                                                0.000     0.000 r  CLK100MHZ
                         net (fo=0)                   0.000     0.000    CLK100MHZ
    E3                   IBUF (Prop_ibuf_I_O)         1.482     1.482 r  CLK100MHZ_IBUF_inst/O
                         net (fo=1, routed)           2.025     3.506    CLK100MHZ_IBUF
    BUFGCTRL_X0Y16       BUFG (Prop_bufg_I_O)         0.096     3.602 r  CLK100MHZ_IBUF_BUFG_inst/O
                         net (fo=3262, routed)        1.632     5.235    u_q/clk
    SLICE_X45Y88         FDRE                                         r  u_q/mask_r_reg[5]_replica/C
  -------------------------------------------------------------------    -------------------
    SLICE_X45Y88         FDRE (Prop_fdre_C_Q)         0.456     5.691 r  u_q/mask_r_reg[5]_replica/Q
                         net (fo=1, routed)           0.741     6.431    u_q/p_0_in3_in_repN
    SLICE_X44Y89         LUT3 (Prop_lut3_I0_O)        0.124     6.555 r  u_q/proposed_action[1]_i_29/O
                         net (fo=6, routed)           0.833     7.388    u_q/proposed_action[1]_i_29_n_0
    SLICE_X44Y91         LUT6 (Prop_lut6_I2_O)        0.124     7.512 r  u_q/proposed_action[1]_i_50/O
                         net (fo=1, routed)           0.553     8.065    u_q/proposed_action[1]_i_50_n_0
    SLICE_X45Y87         LUT6 (Prop_lut6_I3_O)        0.124     8.189 r  u_q/proposed_action[1]_i_44/O
                         net (fo=2, routed)           0.820     9.009    u_q/proposed_action[1]_i_44_n_0
    SLICE_X42Y88         LUT6 (Prop_lut6_I4_O)        0.124     9.133 r  u_q/proposed_action[1]_i_49/O
                         net (fo=1, routed)           0.286     9.420    u_q/proposed_action[1]_i_49_n_0
    SLICE_X42Y88         LUT6 (Prop_lut6_I3_O)        0.124     9.544 r  u_q/proposed_action[1]_i_39/O
                         net (fo=1, routed)           0.283     9.827    u_q/proposed_action[1]_i_39_n_0
    SLICE_X45Y88         LUT4 (Prop_lut4_I1_O)        0.124     9.951 r  u_q/proposed_action[1]_i_24/O
                         net (fo=2, routed)           0.455    10.405    u_q/proposed_action[1]_i_24_n_0
    SLICE_X44Y89         LUT6 (Prop_lut6_I5_O)        0.124    10.529 r  u_q/proposed_action[1]_i_41/O
                         net (fo=4, routed)           0.512    11.041    u_q/proposed_action[1]_i_41_n_0
    SLICE_X45Y90         LUT3 (Prop_lut3_I2_O)        0.124    11.165 r  u_q/proposed_action[1]_i_25/O
                         net (fo=1, routed)           0.575    11.740    u_q/proposed_action[1]_i_25_n_0
    SLICE_X45Y91         LUT6 (Prop_lut6_I0_O)        0.124    11.864 r  u_q/proposed_action[1]_i_8/O
                         net (fo=8, routed)           0.483    12.348    u_q/proposed_action[1]_i_8_n_0
    SLICE_X44Y92         LUT6 (Prop_lut6_I2_O)        0.124    12.472 f  u_q/proposed_action[2]_i_7/O
                         net (fo=4, routed)           0.326    12.798    u_q/proposed_action[2]_i_7_n_0
    SLICE_X45Y92         LUT2 (Prop_lut2_I1_O)        0.124    12.922 r  u_q/proposed_action[1]_i_9/O
                         net (fo=2, routed)           0.815    13.737    u_q/proposed_action[1]_i_9_n_0
    SLICE_X42Y92         LUT6 (Prop_lut6_I0_O)        0.124    13.861 r  u_q/proposed_action[1]_i_4/O
                         net (fo=2, routed)           0.670    14.531    u_q/proposed_action[1]_i_4_n_0
    SLICE_X41Y91         LUT5 (Prop_lut5_I3_O)        0.124    14.655 r  u_q/proposed_action[1]_i_2/O
                         net (fo=65, routed)          0.869    15.524    u_q/proposed_action[1]_i_2_n_0
    SLICE_X38Y91         LUT6 (Prop_lut6_I2_O)        0.124    15.648 f  u_q/q_sel[26]_i_4/O
                         net (fo=1, routed)           0.583    16.231    u_q/q_sel[26]_i_4_n_0
    SLICE_X36Y91         LUT6 (Prop_lut6_I4_O)        0.124    16.355 r  u_q/q_sel[26]_i_1/O
                         net (fo=1, routed)           0.000    16.355    u_q/q_sel[26]_i_1_n_0
    SLICE_X36Y91         FDRE                                         r  u_q/q_sel_reg[26]/D
  -------------------------------------------------------------------    -------------------

                         (clock sys_clk_pin rise edge)
                                                     10.000    10.000 r  <hidden>
    E3                                                0.000    10.000 r  CLK100MHZ
                         net (fo=0)                   0.000    10.000    CLK100MHZ
    E3                   IBUF (Prop_ibuf_I_O)         1.411    11.411 r  CLK100MHZ_IBUF_inst/O
                         net (fo=1, routed)           1.920    13.331    CLK100MHZ_IBUF
    BUFGCTRL_X0Y16       BUFG (Prop_bufg_I_O)         0.091    13.422 r  CLK100MHZ_IBUF_BUFG_inst/O
                         net (fo=3262, routed)        1.518    14.941    u_q/clk
    SLICE_X36Y91         FDRE                                         r  u_q/q_sel_reg[26]/C
                         clock pessimism              0.259    15.200    <hidden>
                         clock uncertainty           -0.035    15.164    <hidden>
    SLICE_X36Y91         FDRE (Setup_fdre_C_D)        0.031    15.195    u_q/q_sel_reg[26]
  -------------------------------------------------------------------
                         required time                         15.195    <hidden>
                         arrival time                         -16.355    <hidden>
  -------------------------------------------------------------------
                         slack                                 -1.160    <hidden>

Slack (VIOLATED) :        -1.000ns  (required time - arrival time)
  Source:                 u_q/mask_r_reg[5]_replica/C
                            (rising edge-triggered cell FDRE clocked by sys_clk_pin  {rise@0.000ns fall@5.000ns period=10.000ns})
  Destination:            u_q/q_sel_reg[30]/D
                            (rising edge-triggered cell FDRE clocked by sys_clk_pin  {rise@0.000ns fall@5.000ns period=10.000ns})
  Path Group:             sys_clk_pin
  Path Type:              Setup (Max at Slow Process Corner)
  Requirement:            10.000ns  (sys_clk_pin rise@10.000ns - sys_clk_pin rise@0.000ns)
  Data Path Delay:        10.962ns  (logic 2.316ns (21.128%)  route 8.646ns (78.872%))
  Logic Levels:           15  (LUT2=1 LUT3=2 LUT4=1 LUT5=1 LUT6=10)
  Clock Path Skew:        -0.035ns (DCD - SCD + CPR)
    Destination Clock Delay (DCD):    4.941ns = ( 14.941 - 10.000 ) 
    Source Clock Delay      (SCD):    5.235ns
    Clock Pessimism Removal (CPR):    0.259ns
  Clock Uncertainty:      0.035ns  ((TSJ^2 + TIJ^2)^1/2 + DJ) / 2 + PE
    Total System Jitter     (TSJ):    0.071ns
    Total Input Jitter      (TIJ):    0.000ns
    Discrete Jitter          (DJ):    0.000ns
    Phase Error              (PE):    0.000ns

    Location             Delay type                Incr(ns)  Path(ns)    Netlist Resource(s)
  -------------------------------------------------------------------    -------------------
                         (clock sys_clk_pin rise edge)
                                                      0.000     0.000 r  <hidden>
    E3                                                0.000     0.000 r  CLK100MHZ
                         net (fo=0)                   0.000     0.000    CLK100MHZ
    E3                   IBUF (Prop_ibuf_I_O)         1.482     1.482 r  CLK100MHZ_IBUF_inst/O
                         net (fo=1, routed)           2.025     3.506    CLK100MHZ_IBUF
    BUFGCTRL_X0Y16       BUFG (Prop_bufg_I_O)         0.096     3.602 r  CLK100MHZ_IBUF_BUFG_inst/O
                         net (fo=3262, routed)        1.632     5.235    u_q/clk
    SLICE_X45Y88         FDRE                                         r  u_q/mask_r_reg[5]_replica/C
  -------------------------------------------------------------------    -------------------
    SLICE_X45Y88         FDRE (Prop_fdre_C_Q)         0.456     5.691 r  u_q/mask_r_reg[5]_replica/Q
                         net (fo=1, routed)           0.741     6.431    u_q/p_0_in3_in_repN
    SLICE_X44Y89         LUT3 (Prop_lut3_I0_O)        0.124     6.555 r  u_q/proposed_action[1]_i_29/O
                         net (fo=6, routed)           0.833     7.388    u_q/proposed_action[1]_i_29_n_0
    SLICE_X44Y91         LUT6 (Prop_lut6_I2_O)        0.124     7.512 r  u_q/proposed_action[1]_i_50/O
                         net (fo=1, routed)           0.553     8.065    u_q/proposed_action[1]_i_50_n_0
    SLICE_X45Y87         LUT6 (Prop_lut6_I3_O)        0.124     8.189 r  u_q/proposed_action[1]_i_44/O
                         net (fo=2, routed)           0.820     9.009    u_q/proposed_action[1]_i_44_n_0
    SLICE_X42Y88         LUT6 (Prop_lut6_I4_O)        0.124     9.133 r  u_q/proposed_action[1]_i_49/O
                         net (fo=1, routed)           0.286     9.420    u_q/proposed_action[1]_i_49_n_0
    SLICE_X42Y88         LUT6 (Prop_lut6_I3_O)        0.124     9.544 r  u_q/proposed_action[1]_i_39/O
                         net (fo=1, routed)           0.283     9.827    u_q/proposed_action[1]_i_39_n_0
    SLICE_X45Y88         LUT4 (Prop_lut4_I1_O)        0.124     9.951 r  u_q/proposed_action[1]_i_24/O
                         net (fo=2, routed)           0.455    10.405    u_q/proposed_action[1]_i_24_n_0
    SLICE_X44Y89         LUT6 (Prop_lut6_I5_O)        0.124    10.529 r  u_q/proposed_action[1]_i_41/O
                         net (fo=4, routed)           0.512    11.041    u_q/proposed_action[1]_i_41_n_0
    SLICE_X45Y90         LUT3 (Prop_lut3_I2_O)        0.124    11.165 r  u_q/proposed_action[1]_i_25/O
                         net (fo=1, routed)           0.575    11.740    u_q/proposed_action[1]_i_25_n_0
    SLICE_X45Y91         LUT6 (Prop_lut6_I0_O)        0.124    11.864 r  u_q/proposed_action[1]_i_8/O
                         net (fo=8, routed)           0.483    12.348    u_q/proposed_action[1]_i_8_n_0
    SLICE_X44Y92         LUT6 (Prop_lut6_I2_O)        0.124    12.472 f  u_q/proposed_action[2]_i_7/O
                         net (fo=4, routed)           0.326    12.798    u_q/proposed_action[2]_i_7_n_0
    SLICE_X45Y92         LUT2 (Prop_lut2_I1_O)        0.124    12.922 r  u_q/proposed_action[1]_i_9/O
                         net (fo=2, routed)           0.815    13.737    u_q/proposed_action[1]_i_9_n_0
    SLICE_X42Y92         LUT6 (Prop_lut6_I0_O)        0.124    13.861 r  u_q/proposed_action[1]_i_4/O
                         net (fo=2, routed)           0.670    14.531    u_q/proposed_action[1]_i_4_n_0
    SLICE_X41Y91         LUT5 (Prop_lut5_I3_O)        0.124    14.655 r  u_q/proposed_action[1]_i_2/O
                         net (fo=65, routed)          0.886    15.541    u_q/proposed_action[1]_i_2_n_0
    SLICE_X35Y91         LUT6 (Prop_lut6_I2_O)        0.124    15.665 f  u_q/q_sel[30]_i_2/O
                         net (fo=1, routed)           0.407    16.072    u_q/q_sel[30]_i_2_n_0
    SLICE_X36Y91         LUT6 (Prop_lut6_I2_O)        0.124    16.196 r  u_q/q_sel[30]_i_1/O
                         net (fo=1, routed)           0.000    16.196    u_q/q_sel[30]_i_1_n_0
    SLICE_X36Y91         FDRE                                         r  u_q/q_sel_reg[30]/D
  -------------------------------------------------------------------    -------------------

                         (clock sys_clk_pin rise edge)
                                                     10.000    10.000 r  <hidden>
    E3                                                0.000    10.000 r  CLK100MHZ
                         net (fo=0)                   0.000    10.000    CLK100MHZ
    E3                   IBUF (Prop_ibuf_I_O)         1.411    11.411 r  CLK100MHZ_IBUF_inst/O
                         net (fo=1, routed)           1.920    13.331    CLK100MHZ_IBUF
    BUFGCTRL_X0Y16       BUFG (Prop_bufg_I_O)         0.091    13.422 r  CLK100MHZ_IBUF_BUFG_inst/O
                         net (fo=3262, routed)        1.518    14.941    u_q/clk
    SLICE_X36Y91         FDRE                                         r  u_q/q_sel_reg[30]/C
                         clock pessimism              0.259    15.200    <hidden>
                         clock uncertainty           -0.035    15.164    <hidden>
    SLICE_X36Y91         FDRE (Setup_fdre_C_D)        0.032    15.196    u_q/q_sel_reg[30]
  -------------------------------------------------------------------
                         required time                         15.196    <hidden>
                         arrival time                         -16.196    <hidden>
  -------------------------------------------------------------------
                         slack                                 -1.000    <hidden>

Slack (VIOLATED) :        -0.951ns  (required time - arrival time)
  Source:                 u_q/mask_r_reg[5]_replica/C
                            (rising edge-triggered cell FDRE clocked by sys_clk_pin  {rise@0.000ns fall@5.000ns period=10.000ns})
  Destination:            u_q/q_sel_reg[19]/D
                            (rising edge-triggered cell FDRE clocked by sys_clk_pin  {rise@0.000ns fall@5.000ns period=10.000ns})
  Path Group:             sys_clk_pin
  Path Type:              Setup (Max at Slow Process Corner)
  Requirement:            10.000ns  (sys_clk_pin rise@10.000ns - sys_clk_pin rise@0.000ns)
  Data Path Delay:        10.913ns  (logic 2.316ns (21.222%)  route 8.597ns (78.778%))
  Logic Levels:           15  (LUT2=1 LUT3=2 LUT4=1 LUT5=1 LUT6=10)
  Clock Path Skew:        -0.035ns (DCD - SCD + CPR)
    Destination Clock Delay (DCD):    4.941ns = ( 14.941 - 10.000 ) 
    Source Clock Delay      (SCD):    5.235ns
    Clock Pessimism Removal (CPR):    0.259ns
  Clock Uncertainty:      0.035ns  ((TSJ^2 + TIJ^2)^1/2 + DJ) / 2 + PE
    Total System Jitter     (TSJ):    0.071ns
    Total Input Jitter      (TIJ):    0.000ns
    Discrete Jitter          (DJ):    0.000ns
    Phase Error              (PE):    0.000ns

    Location             Delay type                Incr(ns)  Path(ns)    Netlist Resource(s)
  -------------------------------------------------------------------    -------------------
                         (clock sys_clk_pin rise edge)
                                                      0.000     0.000 r  <hidden>
    E3                                                0.000     0.000 r  CLK100MHZ
                         net (fo=0)                   0.000     0.000    CLK100MHZ
    E3                   IBUF (Prop_ibuf_I_O)         1.482     1.482 r  CLK100MHZ_IBUF_inst/O
                         net (fo=1, routed)           2.025     3.506    CLK100MHZ_IBUF
    BUFGCTRL_X0Y16       BUFG (Prop_bufg_I_O)         0.096     3.602 r  CLK100MHZ_IBUF_BUFG_inst/O
                         net (fo=3262, routed)        1.632     5.235    u_q/clk
    SLICE_X45Y88         FDRE                                         r  u_q/mask_r_reg[5]_replica/C
  -------------------------------------------------------------------    -------------------
    SLICE_X45Y88         FDRE (Prop_fdre_C_Q)         0.456     5.691 r  u_q/mask_r_reg[5]_replica/Q
                         net (fo=1, routed)           0.741     6.431    u_q/p_0_in3_in_repN
    SLICE_X44Y89         LUT3 (Prop_lut3_I0_O)        0.124     6.555 r  u_q/proposed_action[1]_i_29/O
                         net (fo=6, routed)           0.833     7.388    u_q/proposed_action[1]_i_29_n_0
    SLICE_X44Y91         LUT6 (Prop_lut6_I2_O)        0.124     7.512 r  u_q/proposed_action[1]_i_50/O
                         net (fo=1, routed)           0.553     8.065    u_q/proposed_action[1]_i_50_n_0
    SLICE_X45Y87         LUT6 (Prop_lut6_I3_O)        0.124     8.189 r  u_q/proposed_action[1]_i_44/O
                         net (fo=2, routed)           0.820     9.009    u_q/proposed_action[1]_i_44_n_0
    SLICE_X42Y88         LUT6 (Prop_lut6_I4_O)        0.124     9.133 r  u_q/proposed_action[1]_i_49/O
                         net (fo=1, routed)           0.286     9.420    u_q/proposed_action[1]_i_49_n_0
    SLICE_X42Y88         LUT6 (Prop_lut6_I3_O)        0.124     9.544 r  u_q/proposed_action[1]_i_39/O
                         net (fo=1, routed)           0.283     9.827    u_q/proposed_action[1]_i_39_n_0
    SLICE_X45Y88         LUT4 (Prop_lut4_I1_O)        0.124     9.951 r  u_q/proposed_action[1]_i_24/O
                         net (fo=2, routed)           0.455    10.405    u_q/proposed_action[1]_i_24_n_0
    SLICE_X44Y89         LUT6 (Prop_lut6_I5_O)        0.124    10.529 r  u_q/proposed_action[1]_i_41/O
                         net (fo=4, routed)           0.512    11.041    u_q/proposed_action[1]_i_41_n_0
    SLICE_X45Y90         LUT3 (Prop_lut3_I2_O)        0.124    11.165 r  u_q/proposed_action[1]_i_25/O
                         net (fo=1, routed)           0.575    11.740    u_q/proposed_action[1]_i_25_n_0
    SLICE_X45Y91         LUT6 (Prop_lut6_I0_O)        0.124    11.864 r  u_q/proposed_action[1]_i_8/O
                         net (fo=8, routed)           0.483    12.348    u_q/proposed_action[1]_i_8_n_0
    SLICE_X44Y92         LUT6 (Prop_lut6_I2_O)        0.124    12.472 f  u_q/proposed_action[2]_i_7/O
                         net (fo=4, routed)           0.326    12.798    u_q/proposed_action[2]_i_7_n_0
    SLICE_X45Y92         LUT2 (Prop_lut2_I1_O)        0.124    12.922 r  u_q/proposed_action[1]_i_9/O
                         net (fo=2, routed)           0.815    13.737    u_q/proposed_action[1]_i_9_n_0
    SLICE_X42Y92         LUT6 (Prop_lut6_I0_O)        0.124    13.861 r  u_q/proposed_action[1]_i_4/O
                         net (fo=2, routed)           0.670    14.531    u_q/proposed_action[1]_i_4_n_0
    SLICE_X41Y91         LUT5 (Prop_lut5_I3_O)        0.124    14.655 r  u_q/proposed_action[1]_i_2/O
                         net (fo=65, routed)          0.586    15.241    u_q/proposed_action[1]_i_2_n_0
    SLICE_X36Y91         LUT6 (Prop_lut6_I2_O)        0.124    15.365 f  u_q/q_sel[19]_i_4/O
                         net (fo=1, routed)           0.658    16.024    u_q/q_sel[19]_i_4_n_0
    SLICE_X37Y91         LUT6 (Prop_lut6_I4_O)        0.124    16.148 r  u_q/q_sel[19]_i_1/O
                         net (fo=1, routed)           0.000    16.148    u_q/q_sel[19]_i_1_n_0
    SLICE_X37Y91         FDRE                                         r  u_q/q_sel_reg[19]/D
  -------------------------------------------------------------------    -------------------

                         (clock sys_clk_pin rise edge)
                                                     10.000    10.000 r  <hidden>
    E3                                                0.000    10.000 r  CLK100MHZ
                         net (fo=0)                   0.000    10.000    CLK100MHZ
    E3                   IBUF (Prop_ibuf_I_O)         1.411    11.411 r  CLK100MHZ_IBUF_inst/O
                         net (fo=1, routed)           1.920    13.331    CLK100MHZ_IBUF
    BUFGCTRL_X0Y16       BUFG (Prop_bufg_I_O)         0.091    13.422 r  CLK100MHZ_IBUF_BUFG_inst/O
                         net (fo=3262, routed)        1.518    14.941    u_q/clk
    SLICE_X37Y91         FDRE                                         r  u_q/q_sel_reg[19]/C
                         clock pessimism              0.259    15.200    <hidden>
                         clock uncertainty           -0.035    15.164    <hidden>
    SLICE_X37Y91         FDRE (Setup_fdre_C_D)        0.032    15.196    u_q/q_sel_reg[19]
  -------------------------------------------------------------------
                         required time                         15.196    <hidden>
                         arrival time                         -16.148    <hidden>
  -------------------------------------------------------------------
                         slack                                 -0.951    <hidden>

Slack (VIOLATED) :        -0.924ns  (required time - arrival time)
  Source:                 u_q/mask_r_reg[5]_replica/C
                            (rising edge-triggered cell FDRE clocked by sys_clk_pin  {rise@0.000ns fall@5.000ns period=10.000ns})
  Destination:            u_q/q_sel_reg[24]/D
                            (rising edge-triggered cell FDRE clocked by sys_clk_pin  {rise@0.000ns fall@5.000ns period=10.000ns})
  Path Group:             sys_clk_pin
  Path Type:              Setup (Max at Slow Process Corner)
  Requirement:            10.000ns  (sys_clk_pin rise@10.000ns - sys_clk_pin rise@0.000ns)
  Data Path Delay:        10.929ns  (logic 2.316ns (21.192%)  route 8.613ns (78.808%))
  Logic Levels:           15  (LUT2=1 LUT3=2 LUT4=1 LUT5=1 LUT6=10)
  Clock Path Skew:        -0.037ns (DCD - SCD + CPR)
    Destination Clock Delay (DCD):    4.939ns = ( 14.939 - 10.000 ) 
    Source Clock Delay      (SCD):    5.235ns
    Clock Pessimism Removal (CPR):    0.259ns
  Clock Uncertainty:      0.035ns  ((TSJ^2 + TIJ^2)^1/2 + DJ) / 2 + PE
    Total System Jitter     (TSJ):    0.071ns
    Total Input Jitter      (TIJ):    0.000ns
    Discrete Jitter          (DJ):    0.000ns
    Phase Error              (PE):    0.000ns

    Location             Delay type                Incr(ns)  Path(ns)    Netlist Resource(s)
  -------------------------------------------------------------------    -------------------
                         (clock sys_clk_pin rise edge)
                                                      0.000     0.000 r  <hidden>
    E3                                                0.000     0.000 r  CLK100MHZ
                         net (fo=0)                   0.000     0.000    CLK100MHZ
    E3                   IBUF (Prop_ibuf_I_O)         1.482     1.482 r  CLK100MHZ_IBUF_inst/O
                         net (fo=1, routed)           2.025     3.506    CLK100MHZ_IBUF
    BUFGCTRL_X0Y16       BUFG (Prop_bufg_I_O)         0.096     3.602 r  CLK100MHZ_IBUF_BUFG_inst/O
                         net (fo=3262, routed)        1.632     5.235    u_q/clk
    SLICE_X45Y88         FDRE                                         r  u_q/mask_r_reg[5]_replica/C
  -------------------------------------------------------------------    -------------------
    SLICE_X45Y88         FDRE (Prop_fdre_C_Q)         0.456     5.691 r  u_q/mask_r_reg[5]_replica/Q
                         net (fo=1, routed)           0.741     6.431    u_q/p_0_in3_in_repN
    SLICE_X44Y89         LUT3 (Prop_lut3_I0_O)        0.124     6.555 r  u_q/proposed_action[1]_i_29/O
                         net (fo=6, routed)           0.833     7.388    u_q/proposed_action[1]_i_29_n_0
    SLICE_X44Y91         LUT6 (Prop_lut6_I2_O)        0.124     7.512 r  u_q/proposed_action[1]_i_50/O
                         net (fo=1, routed)           0.553     8.065    u_q/proposed_action[1]_i_50_n_0
    SLICE_X45Y87         LUT6 (Prop_lut6_I3_O)        0.124     8.189 r  u_q/proposed_action[1]_i_44/O
                         net (fo=2, routed)           0.820     9.009    u_q/proposed_action[1]_i_44_n_0
    SLICE_X42Y88         LUT6 (Prop_lut6_I4_O)        0.124     9.133 r  u_q/proposed_action[1]_i_49/O
                         net (fo=1, routed)           0.286     9.420    u_q/proposed_action[1]_i_49_n_0
    SLICE_X42Y88         LUT6 (Prop_lut6_I3_O)        0.124     9.544 r  u_q/proposed_action[1]_i_39/O
                         net (fo=1, routed)           0.283     9.827    u_q/proposed_action[1]_i_39_n_0
    SLICE_X45Y88         LUT4 (Prop_lut4_I1_O)        0.124     9.951 r  u_q/proposed_action[1]_i_24/O
                         net (fo=2, routed)           0.455    10.405    u_q/proposed_action[1]_i_24_n_0
    SLICE_X44Y89         LUT6 (Prop_lut6_I5_O)        0.124    10.529 r  u_q/proposed_action[1]_i_41/O
                         net (fo=4, routed)           0.512    11.041    u_q/proposed_action[1]_i_41_n_0
    SLICE_X45Y90         LUT3 (Prop_lut3_I2_O)        0.124    11.165 r  u_q/proposed_action[1]_i_25/O
                         net (fo=1, routed)           0.575    11.740    u_q/proposed_action[1]_i_25_n_0
    SLICE_X45Y91         LUT6 (Prop_lut6_I0_O)        0.124    11.864 r  u_q/proposed_action[1]_i_8/O
                         net (fo=8, routed)           0.483    12.348    u_q/proposed_action[1]_i_8_n_0
    SLICE_X44Y92         LUT6 (Prop_lut6_I2_O)        0.124    12.472 f  u_q/proposed_action[2]_i_7/O
                         net (fo=4, routed)           0.326    12.798    u_q/proposed_action[2]_i_7_n_0
    SLICE_X45Y92         LUT2 (Prop_lut2_I1_O)        0.124    12.922 r  u_q/proposed_action[1]_i_9/O
                         net (fo=2, routed)           0.815    13.737    u_q/proposed_action[1]_i_9_n_0
    SLICE_X42Y92         LUT6 (Prop_lut6_I0_O)        0.124    13.861 r  u_q/proposed_action[1]_i_4/O
                         net (fo=2, routed)           0.670    14.531    u_q/proposed_action[1]_i_4_n_0
    SLICE_X41Y91         LUT5 (Prop_lut5_I3_O)        0.124    14.655 r  u_q/proposed_action[1]_i_2/O
                         net (fo=65, routed)          0.796    15.451    u_q/proposed_action[1]_i_2_n_0
    SLICE_X38Y89         LUT6 (Prop_lut6_I2_O)        0.124    15.575 f  u_q/q_sel[24]_i_4/O
                         net (fo=1, routed)           0.464    16.040    u_q/q_sel[24]_i_4_n_0
    SLICE_X38Y90         LUT6 (Prop_lut6_I4_O)        0.124    16.164 r  u_q/q_sel[24]_i_1/O
                         net (fo=1, routed)           0.000    16.164    u_q/q_sel[24]_i_1_n_0
    SLICE_X38Y90         FDRE                                         r  u_q/q_sel_reg[24]/D
  -------------------------------------------------------------------    -------------------

                         (clock sys_clk_pin rise edge)
                                                     10.000    10.000 r  <hidden>
    E3                                                0.000    10.000 r  CLK100MHZ
                         net (fo=0)                   0.000    10.000    CLK100MHZ
    E3                   IBUF (Prop_ibuf_I_O)         1.411    11.411 r  CLK100MHZ_IBUF_inst/O
                         net (fo=1, routed)           1.920    13.331    CLK100MHZ_IBUF
    BUFGCTRL_X0Y16       BUFG (Prop_bufg_I_O)         0.091    13.422 r  CLK100MHZ_IBUF_BUFG_inst/O
                         net (fo=3262, routed)        1.516    14.939    u_q/clk
    SLICE_X38Y90         FDRE                                         r  u_q/q_sel_reg[24]/C
                         clock pessimism              0.259    15.198    <hidden>
                         clock uncertainty           -0.035    15.162    <hidden>
    SLICE_X38Y90         FDRE (Setup_fdre_C_D)        0.077    15.239    u_q/q_sel_reg[24]
  -------------------------------------------------------------------
                         required time                         15.239    <hidden>
                         arrival time                         -16.164    <hidden>
  -------------------------------------------------------------------
                         slack                                 -0.924    <hidden>

Slack (VIOLATED) :        -0.888ns  (required time - arrival time)
  Source:                 u_q/mask_r_reg[5]_replica/C
                            (rising edge-triggered cell FDRE clocked by sys_clk_pin  {rise@0.000ns fall@5.000ns period=10.000ns})
  Destination:            u_q/q_sel_reg[8]/D
                            (rising edge-triggered cell FDRE clocked by sys_clk_pin  {rise@0.000ns fall@5.000ns period=10.000ns})
  Path Group:             sys_clk_pin
  Path Type:              Setup (Max at Slow Process Corner)
  Requirement:            10.000ns  (sys_clk_pin rise@10.000ns - sys_clk_pin rise@0.000ns)
  Data Path Delay:        10.859ns  (logic 2.316ns (21.328%)  route 8.543ns (78.672%))
  Logic Levels:           15  (LUT2=1 LUT3=2 LUT4=1 LUT5=1 LUT6=10)
  Clock Path Skew:        -0.025ns (DCD - SCD + CPR)
    Destination Clock Delay (DCD):    4.935ns = ( 14.935 - 10.000 ) 
    Source Clock Delay      (SCD):    5.235ns
    Clock Pessimism Removal (CPR):    0.275ns
  Clock Uncertainty:      0.035ns  ((TSJ^2 + TIJ^2)^1/2 + DJ) / 2 + PE
    Total System Jitter     (TSJ):    0.071ns
    Total Input Jitter      (TIJ):    0.000ns
    Discrete Jitter          (DJ):    0.000ns
    Phase Error              (PE):    0.000ns

    Location             Delay type                Incr(ns)  Path(ns)    Netlist Resource(s)
  -------------------------------------------------------------------    -------------------
                         (clock sys_clk_pin rise edge)
                                                      0.000     0.000 r  <hidden>
    E3                                                0.000     0.000 r  CLK100MHZ
                         net (fo=0)                   0.000     0.000    CLK100MHZ
    E3                   IBUF (Prop_ibuf_I_O)         1.482     1.482 r  CLK100MHZ_IBUF_inst/O
                         net (fo=1, routed)           2.025     3.506    CLK100MHZ_IBUF
    BUFGCTRL_X0Y16       BUFG (Prop_bufg_I_O)         0.096     3.602 r  CLK100MHZ_IBUF_BUFG_inst/O
                         net (fo=3262, routed)        1.632     5.235    u_q/clk
    SLICE_X45Y88         FDRE                                         r  u_q/mask_r_reg[5]_replica/C
  -------------------------------------------------------------------    -------------------
    SLICE_X45Y88         FDRE (Prop_fdre_C_Q)         0.456     5.691 r  u_q/mask_r_reg[5]_replica/Q
                         net (fo=1, routed)           0.741     6.431    u_q/p_0_in3_in_repN
    SLICE_X44Y89         LUT3 (Prop_lut3_I0_O)        0.124     6.555 r  u_q/proposed_action[1]_i_29/O
                         net (fo=6, routed)           0.833     7.388    u_q/proposed_action[1]_i_29_n_0
    SLICE_X44Y91         LUT6 (Prop_lut6_I2_O)        0.124     7.512 r  u_q/proposed_action[1]_i_50/O
                         net (fo=1, routed)           0.553     8.065    u_q/proposed_action[1]_i_50_n_0
    SLICE_X45Y87         LUT6 (Prop_lut6_I3_O)        0.124     8.189 r  u_q/proposed_action[1]_i_44/O
                         net (fo=2, routed)           0.820     9.009    u_q/proposed_action[1]_i_44_n_0
    SLICE_X42Y88         LUT6 (Prop_lut6_I4_O)        0.124     9.133 r  u_q/proposed_action[1]_i_49/O
                         net (fo=1, routed)           0.286     9.420    u_q/proposed_action[1]_i_49_n_0
    SLICE_X42Y88         LUT6 (Prop_lut6_I3_O)        0.124     9.544 r  u_q/proposed_action[1]_i_39/O
                         net (fo=1, routed)           0.283     9.827    u_q/proposed_action[1]_i_39_n_0
    SLICE_X45Y88         LUT4 (Prop_lut4_I1_O)        0.124     9.951 r  u_q/proposed_action[1]_i_24/O
                         net (fo=2, routed)           0.455    10.405    u_q/proposed_action[1]_i_24_n_0
    SLICE_X44Y89         LUT6 (Prop_lut6_I5_O)        0.124    10.529 r  u_q/proposed_action[1]_i_41/O
                         net (fo=4, routed)           0.512    11.041    u_q/proposed_action[1]_i_41_n_0
    SLICE_X45Y90         LUT3 (Prop_lut3_I2_O)        0.124    11.165 r  u_q/proposed_action[1]_i_25/O
                         net (fo=1, routed)           0.575    11.740    u_q/proposed_action[1]_i_25_n_0
    SLICE_X45Y91         LUT6 (Prop_lut6_I0_O)        0.124    11.864 r  u_q/proposed_action[1]_i_8/O
                         net (fo=8, routed)           0.483    12.348    u_q/proposed_action[1]_i_8_n_0
    SLICE_X44Y92         LUT6 (Prop_lut6_I2_O)        0.124    12.472 f  u_q/proposed_action[2]_i_7/O
                         net (fo=4, routed)           0.326    12.798    u_q/proposed_action[2]_i_7_n_0
    SLICE_X45Y92         LUT2 (Prop_lut2_I1_O)        0.124    12.922 r  u_q/proposed_action[1]_i_9/O
                         net (fo=2, routed)           0.815    13.737    u_q/proposed_action[1]_i_9_n_0
    SLICE_X42Y92         LUT6 (Prop_lut6_I0_O)        0.124    13.861 r  u_q/proposed_action[1]_i_4/O
                         net (fo=2, routed)           0.670    14.531    u_q/proposed_action[1]_i_4_n_0
    SLICE_X41Y91         LUT5 (Prop_lut5_I3_O)        0.124    14.655 r  u_q/proposed_action[1]_i_2/O
                         net (fo=65, routed)          0.928    15.583    u_q/proposed_action[1]_i_2_n_0
    SLICE_X43Y88         LUT6 (Prop_lut6_I2_O)        0.124    15.707 f  u_q/q_sel[8]_i_2/O
                         net (fo=1, routed)           0.263    15.970    u_q/q_sel[8]_i_2_n_0
    SLICE_X43Y88         LUT6 (Prop_lut6_I2_O)        0.124    16.094 r  u_q/q_sel[8]_i_1/O
                         net (fo=1, routed)           0.000    16.094    u_q/q_sel[8]_i_1_n_0
    SLICE_X43Y88         FDRE                                         r  u_q/q_sel_reg[8]/D
  -------------------------------------------------------------------    -------------------

                         (clock sys_clk_pin rise edge)
                                                     10.000    10.000 r  <hidden>
    E3                                                0.000    10.000 r  CLK100MHZ
                         net (fo=0)                   0.000    10.000    CLK100MHZ
    E3                   IBUF (Prop_ibuf_I_O)         1.411    11.411 r  CLK100MHZ_IBUF_inst/O
                         net (fo=1, routed)           1.920    13.331    CLK100MHZ_IBUF
    BUFGCTRL_X0Y16       BUFG (Prop_bufg_I_O)         0.091    13.422 r  CLK100MHZ_IBUF_BUFG_inst/O
                         net (fo=3262, routed)        1.512    14.935    u_q/clk
    SLICE_X43Y88         FDRE                                         r  u_q/q_sel_reg[8]/C
                         clock pessimism              0.275    15.210    <hidden>
                         clock uncertainty           -0.035    15.174    <hidden>
    SLICE_X43Y88         FDRE (Setup_fdre_C_D)        0.031    15.205    u_q/q_sel_reg[8]
  -------------------------------------------------------------------
                         required time                         15.205    <hidden>
                         arrival time                         -16.094    <hidden>
  -------------------------------------------------------------------
                         slack                                 -0.888    <hidden>




