Copyright 1986-2022 Xilinx, Inc. All Rights Reserved. Copyright 2022-2026 Advanced Micro Devices, Inc. All Rights Reserved.
---------------------------------------------------------------------------------------------------------------------------------------------
| Tool Version : Vivado v.2026.1 (win64) Build 6511674 Tue Jun 16 11:02:23 MDT 2026
| Date         : Wed Sep 16 18:29:54 2026
| Host         : laptop-Quan running 64-bit major release  (build 9200)
| Command      : report_timing -max_paths 5 -file D:/FPGA/arty_d/mig_bind/reports/crit.rpt
| Design       : arty_a7_mig_top
| Device       : 7a100t-csg324
| Speed File   : -1  PRODUCTION 1.23 2018-06-13
| Design State : Synthesized
---------------------------------------------------------------------------------------------------------------------------------------------

Timing Report

Slack (VIOLATED) :        -1.482ns  (required time - arrival time)
  Source:                 u_q/mask_r_reg[5]/C
                            (rising edge-triggered cell FDRE clocked by sys_clk_pin  {rise@0.000ns fall@5.000ns period=10.000ns})
  Destination:            u_q/q_sel_reg[0]/D
                            (rising edge-triggered cell FDRE clocked by sys_clk_pin  {rise@0.000ns fall@5.000ns period=10.000ns})
  Path Group:             sys_clk_pin
  Path Type:              Setup (Max at Slow Process Corner)
  Requirement:            10.000ns  (sys_clk_pin rise@10.000ns - sys_clk_pin rise@0.000ns)
  Data Path Delay:        11.346ns  (logic 2.609ns (22.995%)  route 8.737ns (77.005%))
  Logic Levels:           16  (LUT2=2 LUT3=2 LUT4=1 LUT5=1 LUT6=10)
  Clock Path Skew:        -0.145ns (DCD - SCD + CPR)
    Destination Clock Delay (DCD):    2.704ns = ( 12.704 - 10.000 ) 
    Source Clock Delay      (SCD):    2.965ns
    Clock Pessimism Removal (CPR):    0.116ns
  Clock Uncertainty:      0.035ns  ((TSJ^2 + TIJ^2)^1/2 + DJ) / 2 + PE
    Total System Jitter     (TSJ):    0.071ns
    Total Input Jitter      (TIJ):    0.000ns
    Discrete Jitter          (DJ):    0.000ns
    Phase Error              (PE):    0.000ns

    Location             Delay type                Incr(ns)  Path(ns)    Netlist Resource(s)
  -------------------------------------------------------------------    -------------------
                         (clock sys_clk_pin rise edge)
                                                      0.000     0.000 r  <hidden>
    E3                                                0.000     0.000 r  CLK100MHZ
                         net (fo=0)                   0.000     0.000    CLK100MHZ
    E3                   IBUF (Prop_ibuf_I_O)         1.482     1.482 r  CLK100MHZ_IBUF_inst/O
                         net (fo=1, unplaced)         0.803     2.285    CLK100MHZ_IBUF
                         BUFG (Prop_bufg_I_O)         0.096     2.381 r  CLK100MHZ_IBUF_BUFG_inst/O
                         net (fo=3261, unplaced)      0.584     2.965    u_q/clk
                         FDRE                                         r  u_q/mask_r_reg[5]/C
  -------------------------------------------------------------------    -------------------
                         FDRE (Prop_fdre_C_Q)         0.478     3.443 r  u_q/mask_r_reg[5]/Q
                         net (fo=8, unplaced)         0.801     4.244    u_q/p_0_in3_in
                         LUT3 (Prop_lut3_I0_O)        0.295     4.539 r  u_q/proposed_action[1]_i_29/O
                         net (fo=6, unplaced)         0.764     5.303    u_q/proposed_action[1]_i_29_n_0
                         LUT6 (Prop_lut6_I2_O)        0.124     5.427 f  u_q/proposed_action[1]_i_38/O
                         net (fo=7, unplaced)         0.484     5.911    u_q/proposed_action[1]_i_38_n_0
                         LUT3 (Prop_lut3_I2_O)        0.116     6.027 r  u_q/proposed_action[1]_i_48/O
                         net (fo=2, unplaced)         0.460     6.487    u_q/proposed_action[1]_i_48_n_0
                         LUT6 (Prop_lut6_I3_O)        0.124     6.611 f  u_q/proposed_action[1]_i_46/O
                         net (fo=3, unplaced)         0.467     7.078    u_q/proposed_action[1]_i_46_n_0
                         LUT2 (Prop_lut2_I1_O)        0.124     7.202 r  u_q/proposed_action[1]_i_36/O
                         net (fo=4, unplaced)         0.473     7.675    u_q/proposed_action[1]_i_36_n_0
                         LUT6 (Prop_lut6_I5_O)        0.124     7.799 f  u_q/proposed_action[1]_i_20/O
                         net (fo=4, unplaced)         0.756     8.555    u_q/proposed_action[1]_i_20_n_0
                         LUT6 (Prop_lut6_I2_O)        0.124     8.679 r  u_q/proposed_action[1]_i_41/O
                         net (fo=4, unplaced)         0.473     9.152    u_q/proposed_action[1]_i_41_n_0
                         LUT4 (Prop_lut4_I3_O)        0.116     9.268 r  u_q/proposed_action[1]_i_32/O
                         net (fo=2, unplaced)         0.460     9.728    u_q/proposed_action[1]_i_32_n_0
                         LUT6 (Prop_lut6_I2_O)        0.124     9.852 r  u_q/proposed_action[1]_i_18/O
                         net (fo=1, unplaced)         0.449    10.301    u_q/proposed_action[1]_i_18_n_0
                         LUT5 (Prop_lut5_I4_O)        0.124    10.425 f  u_q/proposed_action[1]_i_6/O
                         net (fo=8, unplaced)         0.487    10.912    u_q/proposed_action[1]_i_6_n_0
                         LUT6 (Prop_lut6_I4_O)        0.124    11.036 f  u_q/proposed_action[2]_i_7/O
                         net (fo=4, unplaced)         0.473    11.509    u_q/proposed_action[2]_i_7_n_0
                         LUT2 (Prop_lut2_I1_O)        0.116    11.625 r  u_q/proposed_action[1]_i_9/O
                         net (fo=2, unplaced)         0.743    12.368    u_q/proposed_action[1]_i_9_n_0
                         LUT6 (Prop_lut6_I0_O)        0.124    12.492 f  u_q/proposed_action[1]_i_4/O
                         net (fo=2, unplaced)         0.460    12.952    u_q/proposed_action[1]_i_4_n_0
                         LUT6 (Prop_lut6_I4_O)        0.124    13.076 r  u_q/proposed_action[0]_i_2/O
                         net (fo=65, unplaced)        0.538    13.614    u_q/proposed_action[0]_i_2_n_0
                         LUT6 (Prop_lut6_I4_O)        0.124    13.738 f  u_q/q_sel[0]_i_4/O
                         net (fo=1, unplaced)         0.449    14.187    u_q/q_sel[0]_i_4_n_0
                         LUT6 (Prop_lut6_I4_O)        0.124    14.311 r  u_q/q_sel[0]_i_1/O
                         net (fo=1, unplaced)         0.000    14.311    u_q/q_sel[0]_i_1_n_0
                         FDRE                                         r  u_q/q_sel_reg[0]/D
  -------------------------------------------------------------------    -------------------

                         (clock sys_clk_pin rise edge)
                                                     10.000    10.000 r  <hidden>
    E3                                                0.000    10.000 r  CLK100MHZ
                         net (fo=0)                   0.000    10.000    CLK100MHZ
    E3                   IBUF (Prop_ibuf_I_O)         1.411    11.411 r  CLK100MHZ_IBUF_inst/O
                         net (fo=1, unplaced)         0.763    12.174    CLK100MHZ_IBUF
                         BUFG (Prop_bufg_I_O)         0.091    12.265 r  CLK100MHZ_IBUF_BUFG_inst/O
                         net (fo=3261, unplaced)      0.439    12.704    u_q/clk
                         FDRE                                         r  u_q/q_sel_reg[0]/C
                         clock pessimism              0.116    12.820    <hidden>
                         clock uncertainty           -0.035    12.784    <hidden>
                         FDRE (Setup_fdre_C_D)        0.044    12.828    u_q/q_sel_reg[0]
  -------------------------------------------------------------------
                         required time                         12.828    <hidden>
                         arrival time                         -14.311    <hidden>
  -------------------------------------------------------------------
                         slack                                 -1.482    <hidden>

Slack (VIOLATED) :        -1.482ns  (required time - arrival time)
  Source:                 u_q/mask_r_reg[5]/C
                            (rising edge-triggered cell FDRE clocked by sys_clk_pin  {rise@0.000ns fall@5.000ns period=10.000ns})
  Destination:            u_q/q_sel_reg[10]/D
                            (rising edge-triggered cell FDRE clocked by sys_clk_pin  {rise@0.000ns fall@5.000ns period=10.000ns})
  Path Group:             sys_clk_pin
  Path Type:              Setup (Max at Slow Process Corner)
  Requirement:            10.000ns  (sys_clk_pin rise@10.000ns - sys_clk_pin rise@0.000ns)
  Data Path Delay:        11.346ns  (logic 2.609ns (22.995%)  route 8.737ns (77.005%))
  Logic Levels:           16  (LUT2=2 LUT3=2 LUT4=1 LUT5=1 LUT6=10)
  Clock Path Skew:        -0.145ns (DCD - SCD + CPR)
    Destination Clock Delay (DCD):    2.704ns = ( 12.704 - 10.000 ) 
    Source Clock Delay      (SCD):    2.965ns
    Clock Pessimism Removal (CPR):    0.116ns
  Clock Uncertainty:      0.035ns  ((TSJ^2 + TIJ^2)^1/2 + DJ) / 2 + PE
    Total System Jitter     (TSJ):    0.071ns
    Total Input Jitter      (TIJ):    0.000ns
    Discrete Jitter          (DJ):    0.000ns
    Phase Error              (PE):    0.000ns

    Location             Delay type                Incr(ns)  Path(ns)    Netlist Resource(s)
  -------------------------------------------------------------------    -------------------
                         (clock sys_clk_pin rise edge)
                                                      0.000     0.000 r  <hidden>
    E3                                                0.000     0.000 r  CLK100MHZ
                         net (fo=0)                   0.000     0.000    CLK100MHZ
    E3                   IBUF (Prop_ibuf_I_O)         1.482     1.482 r  CLK100MHZ_IBUF_inst/O
                         net (fo=1, unplaced)         0.803     2.285    CLK100MHZ_IBUF
                         BUFG (Prop_bufg_I_O)         0.096     2.381 r  CLK100MHZ_IBUF_BUFG_inst/O
                         net (fo=3261, unplaced)      0.584     2.965    u_q/clk
                         FDRE                                         r  u_q/mask_r_reg[5]/C
  -------------------------------------------------------------------    -------------------
                         FDRE (Prop_fdre_C_Q)         0.478     3.443 r  u_q/mask_r_reg[5]/Q
                         net (fo=8, unplaced)         0.801     4.244    u_q/p_0_in3_in
                         LUT3 (Prop_lut3_I0_O)        0.295     4.539 r  u_q/proposed_action[1]_i_29/O
                         net (fo=6, unplaced)         0.764     5.303    u_q/proposed_action[1]_i_29_n_0
                         LUT6 (Prop_lut6_I2_O)        0.124     5.427 f  u_q/proposed_action[1]_i_38/O
                         net (fo=7, unplaced)         0.484     5.911    u_q/proposed_action[1]_i_38_n_0
                         LUT3 (Prop_lut3_I2_O)        0.116     6.027 r  u_q/proposed_action[1]_i_48/O
                         net (fo=2, unplaced)         0.460     6.487    u_q/proposed_action[1]_i_48_n_0
                         LUT6 (Prop_lut6_I3_O)        0.124     6.611 f  u_q/proposed_action[1]_i_46/O
                         net (fo=3, unplaced)         0.467     7.078    u_q/proposed_action[1]_i_46_n_0
                         LUT2 (Prop_lut2_I1_O)        0.124     7.202 r  u_q/proposed_action[1]_i_36/O
                         net (fo=4, unplaced)         0.473     7.675    u_q/proposed_action[1]_i_36_n_0
                         LUT6 (Prop_lut6_I5_O)        0.124     7.799 f  u_q/proposed_action[1]_i_20/O
                         net (fo=4, unplaced)         0.756     8.555    u_q/proposed_action[1]_i_20_n_0
                         LUT6 (Prop_lut6_I2_O)        0.124     8.679 r  u_q/proposed_action[1]_i_41/O
                         net (fo=4, unplaced)         0.473     9.152    u_q/proposed_action[1]_i_41_n_0
                         LUT4 (Prop_lut4_I3_O)        0.116     9.268 r  u_q/proposed_action[1]_i_32/O
                         net (fo=2, unplaced)         0.460     9.728    u_q/proposed_action[1]_i_32_n_0
                         LUT6 (Prop_lut6_I2_O)        0.124     9.852 r  u_q/proposed_action[1]_i_18/O
                         net (fo=1, unplaced)         0.449    10.301    u_q/proposed_action[1]_i_18_n_0
                         LUT5 (Prop_lut5_I4_O)        0.124    10.425 f  u_q/proposed_action[1]_i_6/O
                         net (fo=8, unplaced)         0.487    10.912    u_q/proposed_action[1]_i_6_n_0
                         LUT6 (Prop_lut6_I4_O)        0.124    11.036 f  u_q/proposed_action[2]_i_7/O
                         net (fo=4, unplaced)         0.473    11.509    u_q/proposed_action[2]_i_7_n_0
                         LUT2 (Prop_lut2_I1_O)        0.116    11.625 r  u_q/proposed_action[1]_i_9/O
                         net (fo=2, unplaced)         0.743    12.368    u_q/proposed_action[1]_i_9_n_0
                         LUT6 (Prop_lut6_I0_O)        0.124    12.492 f  u_q/proposed_action[1]_i_4/O
                         net (fo=2, unplaced)         0.460    12.952    u_q/proposed_action[1]_i_4_n_0
                         LUT6 (Prop_lut6_I4_O)        0.124    13.076 r  u_q/proposed_action[0]_i_2/O
                         net (fo=65, unplaced)        0.538    13.614    u_q/proposed_action[0]_i_2_n_0
                         LUT6 (Prop_lut6_I4_O)        0.124    13.738 f  u_q/q_sel[10]_i_4/O
                         net (fo=1, unplaced)         0.449    14.187    u_q/q_sel[10]_i_4_n_0
                         LUT6 (Prop_lut6_I4_O)        0.124    14.311 r  u_q/q_sel[10]_i_1/O
                         net (fo=1, unplaced)         0.000    14.311    u_q/q_sel[10]_i_1_n_0
                         FDRE                                         r  u_q/q_sel_reg[10]/D
  -------------------------------------------------------------------    -------------------

                         (clock sys_clk_pin rise edge)
                                                     10.000    10.000 r  <hidden>
    E3                                                0.000    10.000 r  CLK100MHZ
                         net (fo=0)                   0.000    10.000    CLK100MHZ
    E3                   IBUF (Prop_ibuf_I_O)         1.411    11.411 r  CLK100MHZ_IBUF_inst/O
                         net (fo=1, unplaced)         0.763    12.174    CLK100MHZ_IBUF
                         BUFG (Prop_bufg_I_O)         0.091    12.265 r  CLK100MHZ_IBUF_BUFG_inst/O
                         net (fo=3261, unplaced)      0.439    12.704    u_q/clk
                         FDRE                                         r  u_q/q_sel_reg[10]/C
                         clock pessimism              0.116    12.820    <hidden>
                         clock uncertainty           -0.035    12.784    <hidden>
                         FDRE (Setup_fdre_C_D)        0.044    12.828    u_q/q_sel_reg[10]
  -------------------------------------------------------------------
                         required time                         12.828    <hidden>
                         arrival time                         -14.311    <hidden>
  -------------------------------------------------------------------
                         slack                                 -1.482    <hidden>

Slack (VIOLATED) :        -1.482ns  (required time - arrival time)
  Source:                 u_q/mask_r_reg[5]/C
                            (rising edge-triggered cell FDRE clocked by sys_clk_pin  {rise@0.000ns fall@5.000ns period=10.000ns})
  Destination:            u_q/q_sel_reg[11]/D
                            (rising edge-triggered cell FDRE clocked by sys_clk_pin  {rise@0.000ns fall@5.000ns period=10.000ns})
  Path Group:             sys_clk_pin
  Path Type:              Setup (Max at Slow Process Corner)
  Requirement:            10.000ns  (sys_clk_pin rise@10.000ns - sys_clk_pin rise@0.000ns)
  Data Path Delay:        11.346ns  (logic 2.609ns (22.995%)  route 8.737ns (77.005%))
  Logic Levels:           16  (LUT2=2 LUT3=2 LUT4=1 LUT5=1 LUT6=10)
  Clock Path Skew:        -0.145ns (DCD - SCD + CPR)
    Destination Clock Delay (DCD):    2.704ns = ( 12.704 - 10.000 ) 
    Source Clock Delay      (SCD):    2.965ns
    Clock Pessimism Removal (CPR):    0.116ns
  Clock Uncertainty:      0.035ns  ((TSJ^2 + TIJ^2)^1/2 + DJ) / 2 + PE
    Total System Jitter     (TSJ):    0.071ns
    Total Input Jitter      (TIJ):    0.000ns
    Discrete Jitter          (DJ):    0.000ns
    Phase Error              (PE):    0.000ns

    Location             Delay type                Incr(ns)  Path(ns)    Netlist Resource(s)
  -------------------------------------------------------------------    -------------------
                         (clock sys_clk_pin rise edge)
                                                      0.000     0.000 r  <hidden>
    E3                                                0.000     0.000 r  CLK100MHZ
                         net (fo=0)                   0.000     0.000    CLK100MHZ
    E3                   IBUF (Prop_ibuf_I_O)         1.482     1.482 r  CLK100MHZ_IBUF_inst/O
                         net (fo=1, unplaced)         0.803     2.285    CLK100MHZ_IBUF
                         BUFG (Prop_bufg_I_O)         0.096     2.381 r  CLK100MHZ_IBUF_BUFG_inst/O
                         net (fo=3261, unplaced)      0.584     2.965    u_q/clk
                         FDRE                                         r  u_q/mask_r_reg[5]/C
  -------------------------------------------------------------------    -------------------
                         FDRE (Prop_fdre_C_Q)         0.478     3.443 r  u_q/mask_r_reg[5]/Q
                         net (fo=8, unplaced)         0.801     4.244    u_q/p_0_in3_in
                         LUT3 (Prop_lut3_I0_O)        0.295     4.539 r  u_q/proposed_action[1]_i_29/O
                         net (fo=6, unplaced)         0.764     5.303    u_q/proposed_action[1]_i_29_n_0
                         LUT6 (Prop_lut6_I2_O)        0.124     5.427 f  u_q/proposed_action[1]_i_38/O
                         net (fo=7, unplaced)         0.484     5.911    u_q/proposed_action[1]_i_38_n_0
                         LUT3 (Prop_lut3_I2_O)        0.116     6.027 r  u_q/proposed_action[1]_i_48/O
                         net (fo=2, unplaced)         0.460     6.487    u_q/proposed_action[1]_i_48_n_0
                         LUT6 (Prop_lut6_I3_O)        0.124     6.611 f  u_q/proposed_action[1]_i_46/O
                         net (fo=3, unplaced)         0.467     7.078    u_q/proposed_action[1]_i_46_n_0
                         LUT2 (Prop_lut2_I1_O)        0.124     7.202 r  u_q/proposed_action[1]_i_36/O
                         net (fo=4, unplaced)         0.473     7.675    u_q/proposed_action[1]_i_36_n_0
                         LUT6 (Prop_lut6_I5_O)        0.124     7.799 f  u_q/proposed_action[1]_i_20/O
                         net (fo=4, unplaced)         0.756     8.555    u_q/proposed_action[1]_i_20_n_0
                         LUT6 (Prop_lut6_I2_O)        0.124     8.679 r  u_q/proposed_action[1]_i_41/O
                         net (fo=4, unplaced)         0.473     9.152    u_q/proposed_action[1]_i_41_n_0
                         LUT4 (Prop_lut4_I3_O)        0.116     9.268 r  u_q/proposed_action[1]_i_32/O
                         net (fo=2, unplaced)         0.460     9.728    u_q/proposed_action[1]_i_32_n_0
                         LUT6 (Prop_lut6_I2_O)        0.124     9.852 r  u_q/proposed_action[1]_i_18/O
                         net (fo=1, unplaced)         0.449    10.301    u_q/proposed_action[1]_i_18_n_0
                         LUT5 (Prop_lut5_I4_O)        0.124    10.425 f  u_q/proposed_action[1]_i_6/O
                         net (fo=8, unplaced)         0.487    10.912    u_q/proposed_action[1]_i_6_n_0
                         LUT6 (Prop_lut6_I4_O)        0.124    11.036 f  u_q/proposed_action[2]_i_7/O
                         net (fo=4, unplaced)         0.473    11.509    u_q/proposed_action[2]_i_7_n_0
                         LUT2 (Prop_lut2_I1_O)        0.116    11.625 r  u_q/proposed_action[1]_i_9/O
                         net (fo=2, unplaced)         0.743    12.368    u_q/proposed_action[1]_i_9_n_0
                         LUT6 (Prop_lut6_I0_O)        0.124    12.492 f  u_q/proposed_action[1]_i_4/O
                         net (fo=2, unplaced)         0.460    12.952    u_q/proposed_action[1]_i_4_n_0
                         LUT6 (Prop_lut6_I4_O)        0.124    13.076 r  u_q/proposed_action[0]_i_2/O
                         net (fo=65, unplaced)        0.538    13.614    u_q/proposed_action[0]_i_2_n_0
                         LUT6 (Prop_lut6_I4_O)        0.124    13.738 f  u_q/q_sel[11]_i_4/O
                         net (fo=1, unplaced)         0.449    14.187    u_q/q_sel[11]_i_4_n_0
                         LUT6 (Prop_lut6_I4_O)        0.124    14.311 r  u_q/q_sel[11]_i_1/O
                         net (fo=1, unplaced)         0.000    14.311    u_q/q_sel[11]_i_1_n_0
                         FDRE                                         r  u_q/q_sel_reg[11]/D
  -------------------------------------------------------------------    -------------------

                         (clock sys_clk_pin rise edge)
                                                     10.000    10.000 r  <hidden>
    E3                                                0.000    10.000 r  CLK100MHZ
                         net (fo=0)                   0.000    10.000    CLK100MHZ
    E3                   IBUF (Prop_ibuf_I_O)         1.411    11.411 r  CLK100MHZ_IBUF_inst/O
                         net (fo=1, unplaced)         0.763    12.174    CLK100MHZ_IBUF
                         BUFG (Prop_bufg_I_O)         0.091    12.265 r  CLK100MHZ_IBUF_BUFG_inst/O
                         net (fo=3261, unplaced)      0.439    12.704    u_q/clk
                         FDRE                                         r  u_q/q_sel_reg[11]/C
                         clock pessimism              0.116    12.820    <hidden>
                         clock uncertainty           -0.035    12.784    <hidden>
                         FDRE (Setup_fdre_C_D)        0.044    12.828    u_q/q_sel_reg[11]
  -------------------------------------------------------------------
                         required time                         12.828    <hidden>
                         arrival time                         -14.311    <hidden>
  -------------------------------------------------------------------
                         slack                                 -1.482    <hidden>

Slack (VIOLATED) :        -1.482ns  (required time - arrival time)
  Source:                 u_q/mask_r_reg[5]/C
                            (rising edge-triggered cell FDRE clocked by sys_clk_pin  {rise@0.000ns fall@5.000ns period=10.000ns})
  Destination:            u_q/q_sel_reg[12]/D
                            (rising edge-triggered cell FDRE clocked by sys_clk_pin  {rise@0.000ns fall@5.000ns period=10.000ns})
  Path Group:             sys_clk_pin
  Path Type:              Setup (Max at Slow Process Corner)
  Requirement:            10.000ns  (sys_clk_pin rise@10.000ns - sys_clk_pin rise@0.000ns)
  Data Path Delay:        11.346ns  (logic 2.609ns (22.995%)  route 8.737ns (77.005%))
  Logic Levels:           16  (LUT2=2 LUT3=2 LUT4=1 LUT5=1 LUT6=10)
  Clock Path Skew:        -0.145ns (DCD - SCD + CPR)
    Destination Clock Delay (DCD):    2.704ns = ( 12.704 - 10.000 ) 
    Source Clock Delay      (SCD):    2.965ns
    Clock Pessimism Removal (CPR):    0.116ns
  Clock Uncertainty:      0.035ns  ((TSJ^2 + TIJ^2)^1/2 + DJ) / 2 + PE
    Total System Jitter     (TSJ):    0.071ns
    Total Input Jitter      (TIJ):    0.000ns
    Discrete Jitter          (DJ):    0.000ns
    Phase Error              (PE):    0.000ns

    Location             Delay type                Incr(ns)  Path(ns)    Netlist Resource(s)
  -------------------------------------------------------------------    -------------------
                         (clock sys_clk_pin rise edge)
                                                      0.000     0.000 r  <hidden>
    E3                                                0.000     0.000 r  CLK100MHZ
                         net (fo=0)                   0.000     0.000    CLK100MHZ
    E3                   IBUF (Prop_ibuf_I_O)         1.482     1.482 r  CLK100MHZ_IBUF_inst/O
                         net (fo=1, unplaced)         0.803     2.285    CLK100MHZ_IBUF
                         BUFG (Prop_bufg_I_O)         0.096     2.381 r  CLK100MHZ_IBUF_BUFG_inst/O
                         net (fo=3261, unplaced)      0.584     2.965    u_q/clk
                         FDRE                                         r  u_q/mask_r_reg[5]/C
  -------------------------------------------------------------------    -------------------
                         FDRE (Prop_fdre_C_Q)         0.478     3.443 r  u_q/mask_r_reg[5]/Q
                         net (fo=8, unplaced)         0.801     4.244    u_q/p_0_in3_in
                         LUT3 (Prop_lut3_I0_O)        0.295     4.539 r  u_q/proposed_action[1]_i_29/O
                         net (fo=6, unplaced)         0.764     5.303    u_q/proposed_action[1]_i_29_n_0
                         LUT6 (Prop_lut6_I2_O)        0.124     5.427 f  u_q/proposed_action[1]_i_38/O
                         net (fo=7, unplaced)         0.484     5.911    u_q/proposed_action[1]_i_38_n_0
                         LUT3 (Prop_lut3_I2_O)        0.116     6.027 r  u_q/proposed_action[1]_i_48/O
                         net (fo=2, unplaced)         0.460     6.487    u_q/proposed_action[1]_i_48_n_0
                         LUT6 (Prop_lut6_I3_O)        0.124     6.611 f  u_q/proposed_action[1]_i_46/O
                         net (fo=3, unplaced)         0.467     7.078    u_q/proposed_action[1]_i_46_n_0
                         LUT2 (Prop_lut2_I1_O)        0.124     7.202 r  u_q/proposed_action[1]_i_36/O
                         net (fo=4, unplaced)         0.473     7.675    u_q/proposed_action[1]_i_36_n_0
                         LUT6 (Prop_lut6_I5_O)        0.124     7.799 f  u_q/proposed_action[1]_i_20/O
                         net (fo=4, unplaced)         0.756     8.555    u_q/proposed_action[1]_i_20_n_0
                         LUT6 (Prop_lut6_I2_O)        0.124     8.679 r  u_q/proposed_action[1]_i_41/O
                         net (fo=4, unplaced)         0.473     9.152    u_q/proposed_action[1]_i_41_n_0
                         LUT4 (Prop_lut4_I3_O)        0.116     9.268 r  u_q/proposed_action[1]_i_32/O
                         net (fo=2, unplaced)         0.460     9.728    u_q/proposed_action[1]_i_32_n_0
                         LUT6 (Prop_lut6_I2_O)        0.124     9.852 r  u_q/proposed_action[1]_i_18/O
                         net (fo=1, unplaced)         0.449    10.301    u_q/proposed_action[1]_i_18_n_0
                         LUT5 (Prop_lut5_I4_O)        0.124    10.425 f  u_q/proposed_action[1]_i_6/O
                         net (fo=8, unplaced)         0.487    10.912    u_q/proposed_action[1]_i_6_n_0
                         LUT6 (Prop_lut6_I4_O)        0.124    11.036 f  u_q/proposed_action[2]_i_7/O
                         net (fo=4, unplaced)         0.473    11.509    u_q/proposed_action[2]_i_7_n_0
                         LUT2 (Prop_lut2_I1_O)        0.116    11.625 r  u_q/proposed_action[1]_i_9/O
                         net (fo=2, unplaced)         0.743    12.368    u_q/proposed_action[1]_i_9_n_0
                         LUT6 (Prop_lut6_I0_O)        0.124    12.492 f  u_q/proposed_action[1]_i_4/O
                         net (fo=2, unplaced)         0.460    12.952    u_q/proposed_action[1]_i_4_n_0
                         LUT6 (Prop_lut6_I4_O)        0.124    13.076 r  u_q/proposed_action[0]_i_2/O
                         net (fo=65, unplaced)        0.538    13.614    u_q/proposed_action[0]_i_2_n_0
                         LUT6 (Prop_lut6_I4_O)        0.124    13.738 f  u_q/q_sel[12]_i_4/O
                         net (fo=1, unplaced)         0.449    14.187    u_q/q_sel[12]_i_4_n_0
                         LUT6 (Prop_lut6_I4_O)        0.124    14.311 r  u_q/q_sel[12]_i_1/O
                         net (fo=1, unplaced)         0.000    14.311    u_q/q_sel[12]_i_1_n_0
                         FDRE                                         r  u_q/q_sel_reg[12]/D
  -------------------------------------------------------------------    -------------------

                         (clock sys_clk_pin rise edge)
                                                     10.000    10.000 r  <hidden>
    E3                                                0.000    10.000 r  CLK100MHZ
                         net (fo=0)                   0.000    10.000    CLK100MHZ
    E3                   IBUF (Prop_ibuf_I_O)         1.411    11.411 r  CLK100MHZ_IBUF_inst/O
                         net (fo=1, unplaced)         0.763    12.174    CLK100MHZ_IBUF
                         BUFG (Prop_bufg_I_O)         0.091    12.265 r  CLK100MHZ_IBUF_BUFG_inst/O
                         net (fo=3261, unplaced)      0.439    12.704    u_q/clk
                         FDRE                                         r  u_q/q_sel_reg[12]/C
                         clock pessimism              0.116    12.820    <hidden>
                         clock uncertainty           -0.035    12.784    <hidden>
                         FDRE (Setup_fdre_C_D)        0.044    12.828    u_q/q_sel_reg[12]
  -------------------------------------------------------------------
                         required time                         12.828    <hidden>
                         arrival time                         -14.311    <hidden>
  -------------------------------------------------------------------
                         slack                                 -1.482    <hidden>

Slack (VIOLATED) :        -1.482ns  (required time - arrival time)
  Source:                 u_q/mask_r_reg[5]/C
                            (rising edge-triggered cell FDRE clocked by sys_clk_pin  {rise@0.000ns fall@5.000ns period=10.000ns})
  Destination:            u_q/q_sel_reg[13]/D
                            (rising edge-triggered cell FDRE clocked by sys_clk_pin  {rise@0.000ns fall@5.000ns period=10.000ns})
  Path Group:             sys_clk_pin
  Path Type:              Setup (Max at Slow Process Corner)
  Requirement:            10.000ns  (sys_clk_pin rise@10.000ns - sys_clk_pin rise@0.000ns)
  Data Path Delay:        11.346ns  (logic 2.609ns (22.995%)  route 8.737ns (77.005%))
  Logic Levels:           16  (LUT2=2 LUT3=2 LUT4=1 LUT5=1 LUT6=10)
  Clock Path Skew:        -0.145ns (DCD - SCD + CPR)
    Destination Clock Delay (DCD):    2.704ns = ( 12.704 - 10.000 ) 
    Source Clock Delay      (SCD):    2.965ns
    Clock Pessimism Removal (CPR):    0.116ns
  Clock Uncertainty:      0.035ns  ((TSJ^2 + TIJ^2)^1/2 + DJ) / 2 + PE
    Total System Jitter     (TSJ):    0.071ns
    Total Input Jitter      (TIJ):    0.000ns
    Discrete Jitter          (DJ):    0.000ns
    Phase Error              (PE):    0.000ns

    Location             Delay type                Incr(ns)  Path(ns)    Netlist Resource(s)
  -------------------------------------------------------------------    -------------------
                         (clock sys_clk_pin rise edge)
                                                      0.000     0.000 r  <hidden>
    E3                                                0.000     0.000 r  CLK100MHZ
                         net (fo=0)                   0.000     0.000    CLK100MHZ
    E3                   IBUF (Prop_ibuf_I_O)         1.482     1.482 r  CLK100MHZ_IBUF_inst/O
                         net (fo=1, unplaced)         0.803     2.285    CLK100MHZ_IBUF
                         BUFG (Prop_bufg_I_O)         0.096     2.381 r  CLK100MHZ_IBUF_BUFG_inst/O
                         net (fo=3261, unplaced)      0.584     2.965    u_q/clk
                         FDRE                                         r  u_q/mask_r_reg[5]/C
  -------------------------------------------------------------------    -------------------
                         FDRE (Prop_fdre_C_Q)         0.478     3.443 r  u_q/mask_r_reg[5]/Q
                         net (fo=8, unplaced)         0.801     4.244    u_q/p_0_in3_in
                         LUT3 (Prop_lut3_I0_O)        0.295     4.539 r  u_q/proposed_action[1]_i_29/O
                         net (fo=6, unplaced)         0.764     5.303    u_q/proposed_action[1]_i_29_n_0
                         LUT6 (Prop_lut6_I2_O)        0.124     5.427 f  u_q/proposed_action[1]_i_38/O
                         net (fo=7, unplaced)         0.484     5.911    u_q/proposed_action[1]_i_38_n_0
                         LUT3 (Prop_lut3_I2_O)        0.116     6.027 r  u_q/proposed_action[1]_i_48/O
                         net (fo=2, unplaced)         0.460     6.487    u_q/proposed_action[1]_i_48_n_0
                         LUT6 (Prop_lut6_I3_O)        0.124     6.611 f  u_q/proposed_action[1]_i_46/O
                         net (fo=3, unplaced)         0.467     7.078    u_q/proposed_action[1]_i_46_n_0
                         LUT2 (Prop_lut2_I1_O)        0.124     7.202 r  u_q/proposed_action[1]_i_36/O
                         net (fo=4, unplaced)         0.473     7.675    u_q/proposed_action[1]_i_36_n_0
                         LUT6 (Prop_lut6_I5_O)        0.124     7.799 f  u_q/proposed_action[1]_i_20/O
                         net (fo=4, unplaced)         0.756     8.555    u_q/proposed_action[1]_i_20_n_0
                         LUT6 (Prop_lut6_I2_O)        0.124     8.679 r  u_q/proposed_action[1]_i_41/O
                         net (fo=4, unplaced)         0.473     9.152    u_q/proposed_action[1]_i_41_n_0
                         LUT4 (Prop_lut4_I3_O)        0.116     9.268 r  u_q/proposed_action[1]_i_32/O
                         net (fo=2, unplaced)         0.460     9.728    u_q/proposed_action[1]_i_32_n_0
                         LUT6 (Prop_lut6_I2_O)        0.124     9.852 r  u_q/proposed_action[1]_i_18/O
                         net (fo=1, unplaced)         0.449    10.301    u_q/proposed_action[1]_i_18_n_0
                         LUT5 (Prop_lut5_I4_O)        0.124    10.425 f  u_q/proposed_action[1]_i_6/O
                         net (fo=8, unplaced)         0.487    10.912    u_q/proposed_action[1]_i_6_n_0
                         LUT6 (Prop_lut6_I4_O)        0.124    11.036 f  u_q/proposed_action[2]_i_7/O
                         net (fo=4, unplaced)         0.473    11.509    u_q/proposed_action[2]_i_7_n_0
                         LUT2 (Prop_lut2_I1_O)        0.116    11.625 r  u_q/proposed_action[1]_i_9/O
                         net (fo=2, unplaced)         0.743    12.368    u_q/proposed_action[1]_i_9_n_0
                         LUT6 (Prop_lut6_I0_O)        0.124    12.492 f  u_q/proposed_action[1]_i_4/O
                         net (fo=2, unplaced)         0.460    12.952    u_q/proposed_action[1]_i_4_n_0
                         LUT6 (Prop_lut6_I4_O)        0.124    13.076 r  u_q/proposed_action[0]_i_2/O
                         net (fo=65, unplaced)        0.538    13.614    u_q/proposed_action[0]_i_2_n_0
                         LUT6 (Prop_lut6_I4_O)        0.124    13.738 f  u_q/q_sel[13]_i_4/O
                         net (fo=1, unplaced)         0.449    14.187    u_q/q_sel[13]_i_4_n_0
                         LUT6 (Prop_lut6_I4_O)        0.124    14.311 r  u_q/q_sel[13]_i_1/O
                         net (fo=1, unplaced)         0.000    14.311    u_q/q_sel[13]_i_1_n_0
                         FDRE                                         r  u_q/q_sel_reg[13]/D
  -------------------------------------------------------------------    -------------------

                         (clock sys_clk_pin rise edge)
                                                     10.000    10.000 r  <hidden>
    E3                                                0.000    10.000 r  CLK100MHZ
                         net (fo=0)                   0.000    10.000    CLK100MHZ
    E3                   IBUF (Prop_ibuf_I_O)         1.411    11.411 r  CLK100MHZ_IBUF_inst/O
                         net (fo=1, unplaced)         0.763    12.174    CLK100MHZ_IBUF
                         BUFG (Prop_bufg_I_O)         0.091    12.265 r  CLK100MHZ_IBUF_BUFG_inst/O
                         net (fo=3261, unplaced)      0.439    12.704    u_q/clk
                         FDRE                                         r  u_q/q_sel_reg[13]/C
                         clock pessimism              0.116    12.820    <hidden>
                         clock uncertainty           -0.035    12.784    <hidden>
                         FDRE (Setup_fdre_C_D)        0.044    12.828    u_q/q_sel_reg[13]
  -------------------------------------------------------------------
                         required time                         12.828    <hidden>
                         arrival time                         -14.311    <hidden>
  -------------------------------------------------------------------
                         slack                                 -1.482    <hidden>




