#-----------------------------------------------------------
# xsim v2026.1 (64-bit)
# SW Build 6511674 on Tue Jun 16 11:02:23 MDT 2026
# IP Build 6504888 on Tue Jun 09 09:05:25 MDT 2026
# SharedData Build 6501428 on Mon Jun 08 17:34:18 MDT 2026
# Start of session at: Thu Sep 17 00:13:49 2026
# Process ID         : 244
# Current directory  : D:/FPGA/arty_d/m4_query_result_shadow/xsim
# Command line       : xsim.exe -log D:\FPGA\arty_d\m4_query_result_shadow\xsim\xsim.log -mode tcl -source {xsim.dir/tb_m4_shadow/xsim_script.tcl}
# Log file           : D:/FPGA/arty_d/m4_query_result_shadow/xsim/xsim.log
# Journal file       : D:/FPGA/arty_d/m4_query_result_shadow/xsim\xsim.jou
# Running On         : laptop-Quan
# Platform           : Windows 11
# Operating System   : 22621
# Processor Detail   : AMD Ryzen 7 5800HS with Radeon Graphics         
# CPU Frequency      : 3194 MHz
# CPU Physical cores : 8
# CPU Logical cores  : 16
# Host memory        : 16541 MB
# Swap memory        : 27327 MB
# Total Virtual      : 43869 MB
# Available Virtual  : 17803 MB
#-----------------------------------------------------------
source xsim.dir/tb_m4_shadow/xsim_script.tcl
# xsim {tb_m4_shadow} -autoloadwcfg -tclbatch {run_all.tcl}
Time resolution is 1 ps
source run_all.tcl
## run -all
M4_QUERY_RESULT_SHADOW_XSIM_PASS  hop1=122 (simulation only; not ASTRA_PASS)
$finish called at time : 199735 ns : File "D:/FPGA/NATIVE_AI_DEVELOPMENTAL_HARDWARE_R1_PACKAGE_20260914-20260914T045403Z-1-001/CANON_BLUEPRINT/tb/native_ai/board/tb_m4_query_result_shadow_bind.sv" Line 193
## exit
INFO: [Common 17-206] Exiting xsim at Thu Sep 17 00:13:52 2026...
