#-----------------------------------------------------------
# xsim v2026.1 (64-bit)
# SW Build 6511674 on Tue Jun 16 11:02:23 MDT 2026
# IP Build 6504888 on Tue Jun 09 09:05:25 MDT 2026
# SharedData Build 6501428 on Mon Jun 08 17:34:18 MDT 2026
# Start of session at: Tue Sep 22 19:22:00 2026
# Process ID         : 27532
# Current directory  : D:/FPGA/arty_d/UART_R2/experience_after_cmd_r1/xsim
# Command line       : xsim.exe -log D:\FPGA\arty_d\UART_R2\experience_after_cmd_r1\xsim\experience_after_command_r1_xsim.log -mode tcl -source {xsim.dir/tb_experience_after_command_r1/xsim_script.tcl}
# Log file           : D:/FPGA/arty_d/UART_R2/experience_after_cmd_r1/xsim/experience_after_command_r1_xsim.log
# Journal file       : D:/FPGA/arty_d/UART_R2/experience_after_cmd_r1/xsim\xsim.jou
# Running On         : laptop-Quan
# Platform           : Windows 11
# Operating System   : 22621
# Processor Detail   : AMD Ryzen 7 5800HS with Radeon Graphics         
# CPU Frequency      : 3194 MHz
# CPU Physical cores : 8
# CPU Logical cores  : 16
# Host memory        : 16541 MB
# Swap memory        : 22421 MB
# Total Virtual      : 38963 MB
# Available Virtual  : 21504 MB
#-----------------------------------------------------------
source xsim.dir/tb_experience_after_command_r1/xsim_script.tcl
# xsim {tb_experience_after_command_r1} -autoloadwcfg -tclbatch {run_ac.tcl}
Time resolution is 1 ps
source run_ac.tcl
## run -all
D_IMPLEMENTED=YES
INDEPENDENT_C_AUDIT=NOT_RUN
PROGRAM=NO
OBS seen=0 accepted=0 feat=0 effect=3
PROP seen=0 feat=0 action=0 valid=1 cmdv=0
CMD root=1 valid=1 prim=0 id=0000c001
PROP seen=1 feat=0 action=0 valid=1 cmdv=1
OBS seen=1 accepted=1 feat=1 effect=3
PROP seen=1 feat=1 action=1 valid=1 cmdv=1
EXPERIENCE_AFTER_COMMITTED_COMMAND_XSIM_CANDIDATE=SUPPORTED
D_SELF_AUDITED=YES
FEM_PERSIST_PASS=NO MIG_PASS=NO BOARD_PASS=NO
$finish called at time : 8125 ns : File "D:/FPGA/arty_d/UART_R2/experience_after_cmd_r1/tb_experience_after_command_r1.sv" Line 222
## exit
INFO: [Common 17-206] Exiting xsim at Tue Sep 22 19:22:02 2026...
