#-----------------------------------------------------------
# xsim v2026.1 (64-bit)
# SW Build 6511674 on Tue Jun 16 11:02:23 MDT 2026
# IP Build 6504888 on Tue Jun 09 09:05:25 MDT 2026
# SharedData Build 6501428 on Mon Jun 08 17:34:18 MDT 2026
# Start of session at: Tue Sep 22 19:04:32 2026
# Process ID         : 9840
# Current directory  : D:/FPGA/arty_d/UART_R2/experience_next_r1/xsim
# Command line       : xsim.exe -log D:\FPGA\arty_d\UART_R2\experience_next_r1\xsim\experience_next_r1_xsim.log -mode tcl -source {xsim.dir/tb_experience_next_r1/xsim_script.tcl}
# Log file           : D:/FPGA/arty_d/UART_R2/experience_next_r1/xsim/experience_next_r1_xsim.log
# Journal file       : D:/FPGA/arty_d/UART_R2/experience_next_r1/xsim\xsim.jou
# Running On         : laptop-Quan
# Platform           : Windows 11
# Operating System   : 22621
# Processor Detail   : AMD Ryzen 7 5800HS with Radeon Graphics         
# CPU Frequency      : 3194 MHz
# CPU Physical cores : 8
# CPU Logical cores  : 16
# Host memory        : 16541 MB
# Swap memory        : 21774 MB
# Total Virtual      : 38315 MB
# Available Virtual  : 14373 MB
#-----------------------------------------------------------
source xsim.dir/tb_experience_next_r1/xsim_script.tcl
# xsim {tb_experience_next_r1} -autoloadwcfg -tclbatch {run_exp.tcl}
Time resolution is 1 ps
source run_exp.tcl
## run -all
D_IMPLEMENTED=YES
INDEPENDENT_C_AUDIT=NOT_RUN
T2_READY=TIED_1_LOCAL_MODEL
PROGRAM=NO
PROP feat=0 action=0 valid=1 cmd=1
ING effect=3 accepted=1 feat=1
PROP feat=1 action=1 valid=1 cmd=1
PROP feat=1 action=1 valid=1 cmd=1
EXPERIENCE_CHANGES_NEXT_DECISION_XSIM_CANDIDATE=SUPPORTED
D_SELF_AUDITED=YES
FEM_PERSIST_PASS=NO
BOARD_BUILT=NO
$finish called at time : 4415 ns : File "D:/FPGA/arty_d/UART_R2/experience_next_r1/tb_experience_next_r1.sv" Line 135
## exit
INFO: [Common 17-206] Exiting xsim at Tue Sep 22 19:04:34 2026...
