#-----------------------------------------------------------
# xsim v2026.1 (64-bit)
# SW Build 6511674 on Tue Jun 16 11:02:23 MDT 2026
# IP Build 6504888 on Tue Jun 09 09:05:25 MDT 2026
# SharedData Build 6501428 on Mon Jun 08 17:34:18 MDT 2026
# Start of session at: Tue Sep 22 20:14:41 2026
# Process ID         : 23596
# Current directory  : D:/FPGA/arty_d/UART_R2/fetch_active_r1/xsim
# Command line       : xsim.exe -log D:\FPGA\arty_d\UART_R2\fetch_active_r1\xsim\fetch_active_r1_xsim.log -mode tcl -source {xsim.dir/tb_fetch_active_r1/xsim_script.tcl}
# Log file           : D:/FPGA/arty_d/UART_R2/fetch_active_r1/xsim/fetch_active_r1_xsim.log
# Journal file       : D:/FPGA/arty_d/UART_R2/fetch_active_r1/xsim\xsim.jou
# Running On         : laptop-Quan
# Platform           : Windows 11
# Operating System   : 22621
# Processor Detail   : AMD Ryzen 7 5800HS with Radeon Graphics         
# CPU Frequency      : 3194 MHz
# CPU Physical cores : 8
# CPU Logical cores  : 16
# Host memory        : 16541 MB
# Swap memory        : 22421 MB
# Total Virtual      : 38963 MB
# Available Virtual  : 18841 MB
#-----------------------------------------------------------
source xsim.dir/tb_fetch_active_r1/xsim_script.tcl
# xsim {tb_fetch_active_r1} -autoloadwcfg -tclbatch {run_fa.tcl}
Time resolution is 1 ps
source run_fa.tcl
## run -all
D_IMPLEMENTED=YES
INDEPENDENT_C_AUDIT=NOT_RUN
PROGRAM=NO
Q root=4294967295 slot=0 ref=00000000 dir=0000 qgen=00ab dvalid=0
FEED ack=1 rej=0 reason=00 root=1 writes=12
Q root=1 slot=0 ref=025bb7b4 dir=0001 qgen=00ab dvalid=1
FEED ack=1 rej=0 reason=00 root=2 writes=24
Q root=2 slot=1 ref=f2a071fe dir=0002 qgen=00ab dvalid=1
FEED ack=0 rej=1 reason=0e root=2 writes=24
Q root=2 slot=1 ref=f2a071fe dir=0002 qgen=00ab dvalid=1
FETCH_ACTIVE_SLOT_XSIM_CANDIDATE=SUPPORTED
D_SELF_AUDITED=YES
MIG_PASS=NO BOARD_PASS=NO
$finish called at time : 3165 ns : File "D:/FPGA/arty_d/UART_R2/fetch_active_r1/tb_fetch_active_r1.sv" Line 100
## exit
INFO: [Common 17-206] Exiting xsim at Tue Sep 22 20:14:45 2026...
