#-----------------------------------------------------------
# xsim v2026.1 (64-bit)
# SW Build 6511674 on Tue Jun 16 11:02:23 MDT 2026
# IP Build 6504888 on Tue Jun 09 09:05:25 MDT 2026
# SharedData Build 6501428 on Mon Jun 08 17:34:18 MDT 2026
# Start of session at: Tue Sep 22 16:24:35 2026
# Process ID         : 20600
# Current directory  : D:/FPGA/arty_d/UART_R2/skill_effect_r1/xsim
# Command line       : xsim.exe -log D:\FPGA\arty_d\UART_R2\skill_effect_r1\xsim\primitive_executor_r1_xsim.log -mode tcl -source {xsim.dir/tb_primitive_executor_r1/xsim_script.tcl}
# Log file           : D:/FPGA/arty_d/UART_R2/skill_effect_r1/xsim/primitive_executor_r1_xsim.log
# Journal file       : D:/FPGA/arty_d/UART_R2/skill_effect_r1/xsim\xsim.jou
# Running On         : laptop-Quan
# Platform           : Windows 11
# Operating System   : 22621
# Processor Detail   : AMD Ryzen 7 5800HS with Radeon Graphics         
# CPU Frequency      : 3194 MHz
# CPU Physical cores : 8
# CPU Logical cores  : 16
# Host memory        : 16541 MB
# Swap memory        : 21774 MB
# Total Virtual      : 38315 MB
# Available Virtual  : 13335 MB
#-----------------------------------------------------------
source xsim.dir/tb_primitive_executor_r1/xsim_script.tcl
# xsim {tb_primitive_executor_r1} -autoloadwcfg -tclbatch {run_effect.tcl}
Time resolution is 1 ps
source run_effect.tcl
## run -all
EFFECT_TABLE_SUBSTITUTE=YES
D_IMPLEMENTED=YES
INDEPENDENT_C_AUDIT=NOT_RUN
ARM_TABLE_BOTH_SUCCESS skill 0x20 prim 1 then 0
EFFECT prim=1 valid=1 id=0000c001 result=0
EFFECT prim=0 valid=1 id=0000c002 result=0
ARM_TABLE_SECOND_FAIL command stays valid
EFFECT prim=1 valid=1 id=0000c001 result=0
EFFECT prim=0 valid=1 id=0000c002 result=1
ARM_NO_COMMAND_IS_NO_BINDING table would have said SUCCESS
EFFECT prim=0 valid=0 id=00000000 result=3
PRIMITIVE_EXECUTOR_EFFECT_XSIM_CANDIDATE=SUPPORTED
D_SELF_AUDITED=YES
command_valid_is_not_SUCCESS=YES
PrimitiveCommand_is_not_ObservedEffect=YES
$finish called at time : 915 ns : File "D:/FPGA/arty_d/UART_R2/skill_effect_r1/tb_primitive_executor_r1.sv" Line 326
## exit
INFO: [Common 17-206] Exiting xsim at Tue Sep 22 16:24:38 2026...
