#-----------------------------------------------------------
# xsim v2026.1 (64-bit)
# SW Build 6511674 on Tue Jun 16 11:02:23 MDT 2026
# IP Build 6504888 on Tue Jun 09 09:05:25 MDT 2026
# SharedData Build 6501428 on Mon Jun 08 17:34:18 MDT 2026
# Start of session at: Tue Sep 22 19:49:47 2026
# Process ID         : 12444
# Current directory  : D:/FPGA/arty_d/UART_R2/readback_r1/xsim
# Command line       : xsim.exe -log D:\FPGA\arty_d\UART_R2\readback_r1\xsim\readback_not_command_r1_xsim.log -mode tcl -source {xsim.dir/tb_readback_not_command_r1/xsim_script.tcl}
# Log file           : D:/FPGA/arty_d/UART_R2/readback_r1/xsim/readback_not_command_r1_xsim.log
# Journal file       : D:/FPGA/arty_d/UART_R2/readback_r1/xsim\xsim.jou
# Running On         : laptop-Quan
# Platform           : Windows 11
# Operating System   : 22621
# Processor Detail   : AMD Ryzen 7 5800HS with Radeon Graphics         
# CPU Frequency      : 3194 MHz
# CPU Physical cores : 8
# CPU Logical cores  : 16
# Host memory        : 16541 MB
# Swap memory        : 22421 MB
# Total Virtual      : 38963 MB
# Available Virtual  : 19313 MB
#-----------------------------------------------------------
source xsim.dir/tb_readback_not_command_r1/xsim_script.tcl
# xsim {tb_readback_not_command_r1} -autoloadwcfg -tclbatch {run_rb.tcl}
Time resolution is 1 ps
source run_rb.tcl
## run -all
D_IMPLEMENTED=YES
INDEPENDENT_C_AUDIT=NOT_RUN
READBACK_IS_NOT_A_PIN=YES
PROGRAM=NO
PROP action=0 feat=0 cmdv=0
SAMPLE value=0 admitted=0 acc=0 feat=0 prim=0
PROP action=0 feat=0 cmdv=1
SAMPLE value=a admitted=1 acc=1 feat=1 prim=0
PROP action=1 feat=1 cmdv=1
READBACK_NOT_COMMAND_XSIM_CANDIDATE=SUPPORTED
D_SELF_AUDITED=YES
FEM_PERSIST_PASS=NO BOARD_PASS=NO
$finish called at time : 8045 ns : File "D:/FPGA/arty_d/UART_R2/readback_r1/tb_readback_not_command_r1.sv" Line 167
## exit
INFO: [Common 17-206] Exiting xsim at Tue Sep 22 19:49:48 2026...
