#-----------------------------------------------------------
# xsim v2026.1 (64-bit)
# SW Build 6511674 on Tue Jun 16 11:02:23 MDT 2026
# IP Build 6504888 on Tue Jun 09 09:05:25 MDT 2026
# SharedData Build 6501428 on Mon Jun 08 17:34:18 MDT 2026
# Start of session at: Tue Sep 22 16:56:05 2026
# Process ID         : 11844
# Current directory  : D:/FPGA/arty_d/UART_R2/shared_gen_r1/xsim
# Command line       : xsim.exe -log D:\FPGA\arty_d\UART_R2\shared_gen_r1\xsim\shared_generation_r1_xsim.log -mode tcl -source {xsim.dir/tb_shared_generation_r1/xsim_script.tcl}
# Log file           : D:/FPGA/arty_d/UART_R2/shared_gen_r1/xsim/shared_generation_r1_xsim.log
# Journal file       : D:/FPGA/arty_d/UART_R2/shared_gen_r1/xsim\xsim.jou
# Running On         : laptop-Quan
# Platform           : Windows 11
# Operating System   : 22621
# Processor Detail   : AMD Ryzen 7 5800HS with Radeon Graphics         
# CPU Frequency      : 3194 MHz
# CPU Physical cores : 8
# CPU Logical cores  : 16
# Host memory        : 16541 MB
# Swap memory        : 21774 MB
# Total Virtual      : 38315 MB
# Available Virtual  : 13965 MB
#-----------------------------------------------------------
source xsim.dir/tb_shared_generation_r1/xsim_script.tcl
# xsim {tb_shared_generation_r1} -autoloadwcfg -tclbatch {run_sgen.tcl}
Time resolution is 1 ps
source run_sgen.tcl
## run -all
D_IMPLEMENTED=YES
INDEPENDENT_C_AUDIT=NOT_RUN
ANSWER_EMITTED=NO
ARM UNCOMMITTED qgen=00ab root=ffffffff dir=0000 evgen=0000 eref=00000000 status=02 reason=00 prim=0 verd=00
ARM G1 qgen=00ab root=00000001 dir=0001 evgen=0001 eref=025bb7b4 status=04 reason=20 prim=0 verd=b0
ARM G2 qgen=00ab root=00000002 dir=0002 evgen=0002 eref=f2a071fe status=04 reason=20 prim=1 verd=b0
ARM STALE_HELD qgen=00ab root=00000002 dir=0002 evgen=0002 eref=f2a071fe status=04 reason=20 prim=1 verd=b0
SHARED_ACTIVE_GENERATION_XSIM_CANDIDATE=SUPPORTED
D_SELF_AUDITED=YES
ASTRA_PASS=NO PACK_ABI_24_24_PASS=NO MIG_PASS=NO BOARD_PASS=NO
$finish called at time : 10085 ns : File "D:/FPGA/arty_d/UART_R2/shared_gen_r1/tb_shared_generation_r1.sv" Line 226
## exit
INFO: [Common 17-206] Exiting xsim at Tue Sep 22 16:56:07 2026...
