#-----------------------------------------------------------
# xsim v2026.1 (64-bit)
# SW Build 6511674 on Tue Jun 16 11:02:23 MDT 2026
# IP Build 6504888 on Tue Jun 09 09:05:25 MDT 2026
# SharedData Build 6501428 on Mon Jun 08 17:34:18 MDT 2026
# Start of session at: Tue Sep 22 20:06:31 2026
# Process ID         : 22176
# Current directory  : D:/FPGA/arty_d/UART_R2/single_policy_r1/xsim
# Command line       : xsim.exe -log D:\FPGA\arty_d\UART_R2\single_policy_r1\xsim\single_policy_r1_xsim.log -mode tcl -source {xsim.dir/tb_single_policy_r1/xsim_script.tcl}
# Log file           : D:/FPGA/arty_d/UART_R2/single_policy_r1/xsim/single_policy_r1_xsim.log
# Journal file       : D:/FPGA/arty_d/UART_R2/single_policy_r1/xsim\xsim.jou
# Running On         : laptop-Quan
# Platform           : Windows 11
# Operating System   : 22621
# Processor Detail   : AMD Ryzen 7 5800HS with Radeon Graphics         
# CPU Frequency      : 3194 MHz
# CPU Physical cores : 8
# CPU Logical cores  : 16
# Host memory        : 16541 MB
# Swap memory        : 22421 MB
# Total Virtual      : 38963 MB
# Available Virtual  : 19408 MB
#-----------------------------------------------------------
source xsim.dir/tb_single_policy_r1/xsim_script.tcl
# xsim {tb_single_policy_r1} -autoloadwcfg -tclbatch {run_sp.tcl}
Time resolution is 1 ps
source run_sp.tcl
## run -all
D_IMPLEMENTED=YES
QSTAR_INSTANCES=1
ANSWER_EMITTED=NO
PROGRAM=NO
Q root=4294967295 st=02 ref=00000000 evgen=0000 qgen=00ab
COMMIT ack=1 rej=0 root=1 writes=12
Q root=1 st=04 ref=025bb7b4 evgen=0001 qgen=00ab
CMD valid=1 prim=0 id=0000c001 prop=0
UART first=00 nibble=0 feat=0 acc=0
UART first=0a nibble=a feat=1 acc=1
SINGLE_POLICY_XSIM_CANDIDATE=SUPPORTED
D_SELF_AUDITED=YES
ASTRA_PASS=NO BOARD_PASS=NO MIG_PASS=NO FEM_PERSIST_PASS=NO
$finish called at time : 730075 ns : File "D:/FPGA/arty_d/UART_R2/single_policy_r1/tb_single_policy_r1.sv" Line 157
## exit
INFO: [Common 17-206] Exiting xsim at Tue Sep 22 20:06:33 2026...
