#-----------------------------------------------------------
# xsim v2026.1 (64-bit)
# SW Build 6511674 on Tue Jun 16 11:02:23 MDT 2026
# IP Build 6504888 on Tue Jun 09 09:05:25 MDT 2026
# SharedData Build 6501428 on Mon Jun 08 17:34:18 MDT 2026
# Start of session at: Tue Sep 22 15:52:47 2026
# Process ID         : 10524
# Current directory  : D:/FPGA/arty_d/UART_R2/skill_option_r1/xsim
# Command line       : xsim.exe -log D:\FPGA\arty_d\UART_R2\skill_option_r1\xsim\skill_sequence_r1_xsim.log -mode tcl -source {xsim.dir/tb_skill_option_engine_r1/xsim_script.tcl}
# Log file           : D:/FPGA/arty_d/UART_R2/skill_option_r1/xsim/skill_sequence_r1_xsim.log
# Journal file       : D:/FPGA/arty_d/UART_R2/skill_option_r1/xsim\xsim.jou
# Running On         : laptop-Quan
# Platform           : Windows 11
# Operating System   : 22621
# Processor Detail   : AMD Ryzen 7 5800HS with Radeon Graphics         
# CPU Frequency      : 3194 MHz
# CPU Physical cores : 8
# CPU Logical cores  : 16
# Host memory        : 16541 MB
# Swap memory        : 21774 MB
# Total Virtual      : 38315 MB
# Available Virtual  : 12345 MB
#-----------------------------------------------------------
source xsim.dir/tb_skill_option_engine_r1/xsim_script.tcl
# xsim {tb_skill_option_engine_r1} -autoloadwcfg -tclbatch {run_skill.tcl}
Time resolution is 1 ps
source run_skill.tcl
## run -all
ARM A two-step SUCCESS done held
ARM B duplicate txn did not advance
ARM C illegal step_tag FAIL and no step
ARM D FAILURE terminates and does not continue
ARM E record mismatch REJECT_RECORD
ARM F response delay 3 still completes
ARM G skill 20 sequence ref B000 order 1 then 0
ARM H step payload held while step_ready is low
ARM I wrong txn_id does not advance
ARM J wrong step_id and generation do not advance
SKILL_SEQUENCE_XSIM_CANDIDATE=SUPPORTED
BOARD_PASS=NO PROGRAM_PASS=NO TIMING_PASS=NO MIG_PASS=NO PACK_ABI_24_24_PASS=NO ASTRA_PASS=NO
$finish called at time : 2375 ns : File "D:/FPGA/arty_d/UART_R2/skill_option_r1/tb_skill_option_engine_r1.sv" Line 447
## exit
INFO: [Common 17-206] Exiting xsim at Tue Sep 22 15:52:49 2026...
