#-----------------------------------------------------------
# xsim v2026.1 (64-bit)
# SW Build 6511674 on Tue Jun 16 11:02:23 MDT 2026
# IP Build 6504888 on Tue Jun 09 09:05:25 MDT 2026
# SharedData Build 6501428 on Mon Jun 08 17:34:18 MDT 2026
# Start of session at: Sat Sep 19 23:58:15 2026
# Process ID         : 66632
# Current directory  : D:/FPGA/Native_SymAI/docs/audits/20260919_u33_discriminator/sim
# Command line       : xsim.exe -log xsim.log -mode tcl -source {xsim.dir/auditdisc/xsim_script.tcl}
# Log file           : D:/FPGA/Native_SymAI/docs/audits/20260919_u33_discriminator/sim/xsim.log
# Journal file       : D:/FPGA/Native_SymAI/docs/audits/20260919_u33_discriminator/sim\xsim.jou
# Running On         : laptop-Quan
# Platform           : Windows 11
# Operating System   : 22621
# Processor Detail   : AMD Ryzen 7 5800HS with Radeon Graphics         
# CPU Frequency      : 3194 MHz
# CPU Physical cores : 8
# CPU Logical cores  : 16
# Host memory        : 16541 MB
# Swap memory        : 26013 MB
# Total Virtual      : 42554 MB
# Available Virtual  : 5696 MB
#-----------------------------------------------------------
source xsim.dir/auditdisc/xsim_script.tcl
# xsim {auditdisc} -autoloadwcfg -runall
Time resolution is 1 ps
run -all
CASE=0 PHASE=1 mute=1 token=00000000 total_p=32 begin_p=1 p0=00800001 p1=3149414e state=1 rx_words=31 hw0=3149414e writes=0
CASE=0 PHASE=2 mute=1 token=00000000 total_p=33 begin_p=1 p0=00800001 p1=3149414e state=0 rx_words=31 hw0=3149414e writes=0
CASE=0 PHASE=3 mute=0 token=0200075a total_p=34 begin_p=1 p0=00800001 p1=3149414e state=10 rx_words=0 hw0=3149414e writes=0
CASE_DONE=0
CASE=1 PHASE=1 mute=0 token=0200015a total_p=33 begin_p=2 p0=00800001 p1=00800001 state=10 rx_words=31 hw0=00800001 writes=0
CASE_DONE=1
CASE=2 PHASE=1 mute=1 token=00000000 total_p=32 begin_p=1 p0=00800001 p1=12345678 state=1 rx_words=31 hw0=12345678 writes=0
CASE=2 PHASE=2 mute=0 token=0200015a total_p=33 begin_p=1 p0=00800001 p1=12345678 state=10 rx_words=31 hw0=12345678 writes=0
CASE_DONE=2
CASE=3 PHASE=1 mute=1 token=00000000 total_p=31 begin_p=1 p0=00800001 p1=00010001 state=1 rx_words=30 hw0=00010001 writes=0
CASE=3 PHASE=2 mute=1 token=00000000 total_p=32 begin_p=1 p0=00800001 p1=00010001 state=1 rx_words=31 hw0=00010001 writes=0
CASE=3 PHASE=3 mute=0 token=0200015a total_p=33 begin_p=1 p0=00800001 p1=00010001 state=10 rx_words=31 hw0=00010001 writes=0
CASE_DONE=3
CASE=4 PHASE=1 mute=1 token=00000000 total_p=31 begin_p=1 p0=00800001 p1=01314941 state=1 rx_words=30 hw0=01314941 writes=0
CASE=4 PHASE=2 mute=1 token=00000000 total_p=32 begin_p=1 p0=00800001 p1=01314941 state=1 rx_words=31 hw0=01314941 writes=0
CASE=4 PHASE=3 mute=0 token=0200015a total_p=33 begin_p=1 p0=00800001 p1=01314941 state=10 rx_words=31 hw0=01314941 writes=0
CASE_DONE=4
DISCRIMINATOR_SIGNATURES_VERIFIED_XSIM_ONLY cases=5 PACK_ABI_24_24_PASS=NO BOARD_PASS=NO
$finish called at time : 79493835 ns : File "D:/FPGA/Native_SymAI/docs/audits/20260919_u33_discriminator/tb_u33_discriminator.sv" Line 216
run: Time (s): cpu = 00:00:00 ; elapsed = 00:00:38 . Memory (MB): peak = 230.824 ; gain = 0.000
exit
INFO: xsimkernel Simulation Memory Usage: 18836 KB (Peak: 18836 KB), Simulation CPU Usage: 26374 ms
INFO: [Common 17-206] Exiting xsim at Sat Sep 19 23:58:56 2026...
