INFO: [VRFC 10-2263] Analyzing SystemVerilog file "D:/FPGA/NATIVE_AI_DEVELOPMENTAL_HARDWARE_R1_PACKAGE_20260914-20260914T045403Z-1-001/CANON_BLUEPRINT/rtl/native_ai/common/crc32_iso_hdlc.sv" into library auditdisc
INFO: [VRFC 10-311] analyzing module crc32_iso_hdlc
INFO: [VRFC 10-2263] Analyzing SystemVerilog file "D:/FPGA/NATIVE_AI_DEVELOPMENTAL_HARDWARE_R1_PACKAGE_20260914-20260914T045403Z-1-001/CANON_BLUEPRINT/rtl/native_ai/loader/pack_loader.sv" into library auditdisc
INFO: [VRFC 10-311] analyzing module pack_loader
INFO: [VRFC 10-2263] Analyzing SystemVerilog file "D:/FPGA/NATIVE_AI_DEVELOPMENTAL_HARDWARE_R1_PACKAGE_20260914-20260914T045403Z-1-001/CANON_BLUEPRINT/rtl/native_ai/memory/mig_ui32.sv" into library auditdisc
INFO: [VRFC 10-311] analyzing module mig_ui32
INFO: [VRFC 10-2263] Analyzing SystemVerilog file "D:/FPGA/arty_d/UART_R2/u33/pack_mig_bind.sv" into library auditdisc
INFO: [VRFC 10-311] analyzing module pack_mig_bind
INFO: [VRFC 10-2263] Analyzing SystemVerilog file "D:/FPGA/NATIVE_AI_DEVELOPMENTAL_HARDWARE_R1_PACKAGE_20260914-20260914T045403Z-1-001/CANON_BLUEPRINT/rtl/native_ai/memory/mig_ui_mux.sv" into library auditdisc
INFO: [VRFC 10-311] analyzing module mig_ui_mux
INFO: [VRFC 10-2263] Analyzing SystemVerilog file "D:/FPGA/NATIVE_AI_DEVELOPMENTAL_HARDWARE_R1_PACKAGE_20260914-20260914T045403Z-1-001/CANON_BLUEPRINT/rtl/native_ai/memory/mig_ui_bram.sv" into library auditdisc
INFO: [VRFC 10-311] analyzing module mig_ui_bram
INFO: [VRFC 10-2263] Analyzing SystemVerilog file "D:/FPGA/arty_d/UART_R2/u11/uart_rx_word.sv" into library auditdisc
INFO: [VRFC 10-311] analyzing module uart_rx_word
INFO: [VRFC 10-2263] Analyzing SystemVerilog file "D:/FPGA/arty_d/UART_R2/u14/uart_tx_word.sv" into library auditdisc
INFO: [VRFC 10-311] analyzing module uart_tx_word
INFO: [VRFC 10-2263] Analyzing SystemVerilog file "D:/FPGA/NATIVE_AI_DEVELOPMENTAL_HARDWARE_R1_PACKAGE_20260914-20260914T045403Z-1-001/CANON_BLUEPRINT/rtl/native_ai/board/uart_fe256_host.sv" into library auditdisc
INFO: [VRFC 10-311] analyzing module uart_fe256_host
INFO: [VRFC 10-2263] Analyzing SystemVerilog file "D:/FPGA/NATIVE_AI_DEVELOPMENTAL_HARDWARE_R1_PACKAGE_20260914-20260914T045403Z-1-001/CANON_BLUEPRINT/rtl/native_ai/board/word_cdc32.sv" into library auditdisc
INFO: [VRFC 10-311] analyzing module word_cdc32
INFO: [VRFC 10-2263] Analyzing SystemVerilog file "D:/FPGA/NATIVE_AI_DEVELOPMENTAL_HARDWARE_R1_PACKAGE_20260914-20260914T045403Z-1-001/CANON_BLUEPRINT/rtl/native_ai/board/word_fifo32.sv" into library auditdisc
INFO: [VRFC 10-311] analyzing module word_fifo32
INFO: [VRFC 10-2263] Analyzing SystemVerilog file "D:/FPGA/arty_d/UART_R2/u32/pack_debug_clear.sv" into library auditdisc
INFO: [VRFC 10-311] analyzing module pack_debug_clear
INFO: [VRFC 10-2263] Analyzing SystemVerilog file "D:/FPGA/arty_d/UART_R2/u32/pack_clear_ui.sv" into library auditdisc
INFO: [VRFC 10-311] analyzing module pack_clear_ui
INFO: [VRFC 10-2263] Analyzing SystemVerilog file "D:/FPGA/arty_d/UART_R2/u32/pack_uart_dualclk_harness.sv" into library auditdisc
INFO: [VRFC 10-311] analyzing module pack_uart_dualclk_harness
INFO: [VRFC 10-2263] Analyzing SystemVerilog file "D:/FPGA/Native_SymAI/docs/audits/20260919_u33_discriminator/tb_u33_discriminator.sv" into library auditdisc
INFO: [VRFC 10-311] analyzing module tb_u33_discriminator
