#-----------------------------------------------------------
# xsim v2026.1 (64-bit)
# SW Build 6511674 on Tue Jun 16 11:02:23 MDT 2026
# IP Build 6504888 on Tue Jun 09 09:05:25 MDT 2026
# SharedData Build 6501428 on Mon Jun 08 17:34:18 MDT 2026
# Start of session at: Wed Sep 16 14:15:25 2026
# Process ID         : 48876
# Current directory  : D:/FPGA/NATIVE_AI_DEVELOPMENTAL_HARDWARE_R1_PACKAGE_20260914-20260914T045403Z-1-001/CANON_BLUEPRINT/vivado/pack_abi24/xsim
# Command line       : xsim.exe -log D:\FPGA\NATIVE_AI_DEVELOPMENTAL_HARDWARE_R1_PACKAGE_20260914-20260914T045403Z-1-001\CANON_BLUEPRINT\vivado\pack_abi24\xsim\xsim.log -mode tcl -source {xsim.dir/tb_pack_abi24_snap/xsim_script.tcl}
# Log file           : D:/FPGA/NATIVE_AI_DEVELOPMENTAL_HARDWARE_R1_PACKAGE_20260914-20260914T045403Z-1-001/CANON_BLUEPRINT/vivado/pack_abi24/xsim/xsim.log
# Journal file       : D:/FPGA/NATIVE_AI_DEVELOPMENTAL_HARDWARE_R1_PACKAGE_20260914-20260914T045403Z-1-001/CANON_BLUEPRINT/vivado/pack_abi24/xsim\xsim.jou
# Running On         : laptop-Quan
# Platform           : Windows 11
# Operating System   : 22621
# Processor Detail   : AMD Ryzen 7 5800HS with Radeon Graphics         
# CPU Frequency      : 3194 MHz
# CPU Physical cores : 8
# CPU Logical cores  : 16
# Host memory        : 16541 MB
# Swap memory        : 29027 MB
# Total Virtual      : 45569 MB
# Available Virtual  : 10565 MB
#-----------------------------------------------------------
source xsim.dir/tb_pack_abi24_snap/xsim_script.tcl
# xsim {tb_pack_abi24_snap} -autoloadwcfg -tclbatch {run_all.tcl}
Time resolution is 1 ps
source run_all.tcl
## run -all
FAIL    PA24-V-01 ack=0/1 rej=1/0 reason=05/00
FAIL    PA24-V-02 ack=0/1 rej=1/0 reason=05/00
FAIL    PA24-V-03 ack=0/1 rej=1/0 reason=05/00
FAIL    PA24-V-04 ack=0/1 rej=1/0 reason=05/00
FAIL    PA24-C-01 ack=0/0 rej=1/1 reason=05/0d
FAIL    PA24-C-02 ack=0/0 rej=1/1 reason=05/0d
FAIL    PA24-C-03 ack=0/0 rej=1/1 reason=05/0d
FAIL    PA24-C-04 ack=0/0 rej=1/1 reason=05/0d
FAIL    PA24-R-04 ack=0/1 rej=1/0 reason=05/00
FAIL    PA24-G-01 ack=0/1 rej=1/0 reason=05/00
PACK_ABI24_XSIM_FAIL  pass=14 fail=10 (simulation only)
$finish called at time : 14195 ns : File "D:/FPGA/NATIVE_AI_DEVELOPMENTAL_HARDWARE_R1_PACKAGE_20260914-20260914T045403Z-1-001/CANON_BLUEPRINT/verification/pack_abi24/tb_pack_abi24_xsim_compare.sv" Line 158
## exit
INFO: [Common 17-206] Exiting xsim at Wed Sep 16 14:15:28 2026...
