#-----------------------------------------------------------
# xsim v2026.1 (64-bit)
# SW Build 6511674 on Tue Jun 16 11:02:23 MDT 2026
# IP Build 6504888 on Tue Jun 09 09:05:25 MDT 2026
# SharedData Build 6501428 on Mon Jun 08 17:34:18 MDT 2026
# Start of session at: Wed Sep 16 14:13:13 2026
# Process ID         : 53252
# Current directory  : D:/FPGA/NATIVE_AI_DEVELOPMENTAL_HARDWARE_R1_PACKAGE_20260914-20260914T045403Z-1-001/CANON_BLUEPRINT/vivado/pack_abi24/xsim
# Command line       : xsim.exe -log D:\FPGA\NATIVE_AI_DEVELOPMENTAL_HARDWARE_R1_PACKAGE_20260914-20260914T045403Z-1-001\CANON_BLUEPRINT\vivado\pack_abi24\xsim\xsim.log -mode tcl -source {xsim.dir/tb_pack_abi24_snap/xsim_script.tcl}
# Log file           : D:/FPGA/NATIVE_AI_DEVELOPMENTAL_HARDWARE_R1_PACKAGE_20260914-20260914T045403Z-1-001/CANON_BLUEPRINT/vivado/pack_abi24/xsim/xsim.log
# Journal file       : D:/FPGA/NATIVE_AI_DEVELOPMENTAL_HARDWARE_R1_PACKAGE_20260914-20260914T045403Z-1-001/CANON_BLUEPRINT/vivado/pack_abi24/xsim\xsim.jou
# Running On         : laptop-Quan
# Platform           : Windows 11
# Operating System   : 22621
# Processor Detail   : AMD Ryzen 7 5800HS with Radeon Graphics         
# CPU Frequency      : 3194 MHz
# CPU Physical cores : 8
# CPU Logical cores  : 16
# Host memory        : 16541 MB
# Swap memory        : 29027 MB
# Total Virtual      : 45569 MB
# Available Virtual  : 12635 MB
#-----------------------------------------------------------
source xsim.dir/tb_pack_abi24_snap/xsim_script.tcl
# xsim {tb_pack_abi24_snap} -autoloadwcfg -tclbatch {run_all.tcl}
Time resolution is 1 ps
source run_all.tcl
## run -all
CRCI cmd=00800001
CRCV rx=0 d=3149414e crc_out=00000000
CRCV rx=1 d=00010001 crc_out=a27b2032
CRCV rx=2 d=00000001 crc_out=cdcef7a0
CRCV rx=3 d=00000001 crc_out=cdafb1a5
CRCV rx=4 d=00000001 crc_out=eb9bdb42
CRCV rx=5 d=00000000 crc_out=8c549a3f
CRCV rx=6 d=00000000 crc_out=fbed3af3
CRCV rx=7 d=00000000 crc_out=5dd4a026
CRCV rx=8 d=00000000 crc_out=8deb5fcc
CRCV rx=9 d=00000001 crc_out=54bc3295
CRCV rx=10 d=99ad9e68 crc_out=a8438b2d
CRCV rx=11 d=01826099 crc_out=25990ce7
CRCV rx=12 d=d4c9916c crc_out=131419bf
CRCV rx=13 d=4b05ed1c crc_out=2b9f20f5
CRCV rx=14 d=025e9d1c crc_out=e473f04a
CRCV rx=15 d=b61462d8 crc_out=e4d0df48
CRCV rx=16 d=ba99454e crc_out=fa5ceccf
CRCV rx=17 d=205a5abd crc_out=40eb4e06
CRCV rx=18 d=8dd9c85f crc_out=33d04059
CRCV rx=19 d=a287b1fc crc_out=2c3a1eca
CRCV rx=20 d=5f0d8ee1 crc_out=f65cb459
CRCV rx=21 d=4764ac69 crc_out=53f07df9
CRCV rx=22 d=a6386386 crc_out=abcfbe3e
CRCV rx=23 d=d5c12b61 crc_out=8c735468
CRCV rx=24 d=990f8cc5 crc_out=fef6451a
CRCV rx=25 d=529208bf crc_out=e38847df
CRCV rx=26 d=00000100 crc_out=470887e8
CRCV rx=27 d=00010080 crc_out=7b8432c1
CRCV rx=28 d=f6ae4824 crc_out=51a0f84d
CRCV rx=29 d=00000000 crc_out=51a0f84d
CRCV rx=30 d=00000000 crc_out=51a0f84d
CRCV rx=31 d=00000000 crc_out=51a0f84d
D03 BEGIN crc_out=51a0f84d hw28=f6ae4824
FAIL    PA24-V-01 ack=0/1 rej=1/0 reason=04/00
CRCI cmd=00800001
CRCV rx=0 d=3149414e crc_out=00000000
CRCV rx=1 d=00010001 crc_out=a27b2032
CRCV rx=2 d=00000001 crc_out=cdcef7a0
CRCV rx=3 d=00000002 crc_out=cdafb1a5
CRCV rx=4 d=00000001 crc_out=eb9bdb42
CRCV rx=5 d=00000000 crc_out=9ee135d1
CRCV rx=6 d=00000000 crc_out=75623d10
CRCV rx=7 d=00000000 crc_out=2a4a72d6
CRCV rx=8 d=00000000 crc_out=a423eb3e
CRCV rx=9 d=00000001 crc_out=fb157f5f
CRCV rx=10 d=99ad9e68 crc_out=f05d2205
CRCV rx=11 d=01826099 crc_out=27470bc0
CRCV rx=12 d=d4c9916c crc_out=da0b1100
CRCV rx=13 d=4b05ed1c crc_out=4f7f5b0b
CRCV rx=14 d=025e9d1c crc_out=cecf40c2
CRCV rx=15 d=b61462d8 crc_out=9aa897ee
CRCV rx=16 d=ba99454e crc_out=bc8ed9ab
CRCV rx=17 d=205a5abd crc_out=fabe4a11
CRCV rx=18 d=3c3b0f4c crc_out=156f7420
CRCV rx=19 d=f85c3258 crc_out=a83f8b1a
CRCV rx=20 d=d085645b crc_out=ba10ae67
CRCV rx=21 d=ac97295e crc_out=b91b56ca
CRCV rx=22 d=fce324d7 crc_out=d8fb164b
CRCV rx=23 d=4d947be7 crc_out=f7944b92
CRCV rx=24 d=eb484de1 crc_out=39a9cdb7
CRCV rx=25 d=8ae9861c crc_out=161aaf87
CRCV rx=26 d=00000100 crc_out=deeec27a
CRCV rx=27 d=00010080 crc_out=6bdd51f5
CRCV rx=28 d=06168d66 crc_out=12b614bb
CRCV rx=29 d=00000000 crc_out=12b614bb
CRCV rx=30 d=00000000 crc_out=12b614bb
CRCV rx=31 d=00000000 crc_out=12b614bb
D03 BEGIN crc_out=12b614bb hw28=06168d66
FAIL    PA24-V-02 ack=0/1 rej=1/0 reason=04/00
CRCI cmd=00800001
CRCV rx=0 d=3149414e crc_out=00000000
CRCV rx=1 d=00010001 crc_out=a27b2032
CRCV rx=2 d=00000001 crc_out=cdcef7a0
CRCV rx=3 d=00000003 crc_out=cdafb1a5
CRCV rx=4 d=00000001 crc_out=eb9bdb42
CRCV rx=5 d=00000000 crc_out=265d52b4
CRCV rx=6 d=00000000 crc_out=b9c83d8e
CRCV rx=7 d=00000000 crc_out=b1ef3eb9
CRCV rx=8 d=00000000 crc_out=0a4b7aaf
CRCV rx=9 d=00000002 crc_out=9e724419
CRCV rx=10 d=99ad9e68 crc_out=71784722
CRCV rx=11 d=01826099 crc_out=34475933
CRCV rx=12 d=d4c9916c crc_out=a55e1349
CRCV rx=13 d=4b05ed1c crc_out=ad915d6e
CRCV rx=14 d=025e9d1c crc_out=48436677
CRCV rx=15 d=b61462d8 crc_out=1f29e246
CRCV rx=16 d=ba99454e crc_out=d9219c5f
CRCV rx=17 d=205a5abd crc_out=91acb13b
CRCV rx=18 d=0b90af67 crc_out=c1e56f48
CRCV rx=19 d=bd24ee83 crc_out=060c7e6b
CRCV rx=20 d=80c8e83e crc_out=449c8608
CRCV rx=21 d=2a59800c crc_out=b5a51ab6
CRCV rx=22 d=a0e102b0 crc_out=390937bf
CRCV rx=23 d=c7e34621 crc_out=d097ca77
CRCV rx=24 d=188c6e3d crc_out=7c026117
CRCV rx=25 d=7a9e6f25 crc_out=d2d080ad
CRCV rx=26 d=00000100 crc_out=52c7fae4
CRCV rx=27 d=00010080 crc_out=4aa16283
CRCV rx=28 d=75e361b0 crc_out=b52c9696
CRCV rx=29 d=00000000 crc_out=b52c9696
CRCV rx=30 d=00000000 crc_out=b52c9696
CRCV rx=31 d=00000000 crc_out=b52c9696
D03 BEGIN crc_out=b52c9696 hw28=75e361b0
FAIL    PA24-V-03 ack=0/1 rej=1/0 reason=04/00
CRCI cmd=00800001
CRCV rx=0 d=3149414e crc_out=00000000
CRCV rx=1 d=00010001 crc_out=a27b2032
CRCV rx=2 d=00000001 crc_out=cdcef7a0
CRCV rx=3 d=0000ffff crc_out=cdafb1a5
CRCV rx=4 d=00000001 crc_out=eb9bdb42
CRCV rx=5 d=00000000 crc_out=5475cf46
CRCV rx=6 d=00000000 crc_out=833a76bb
CRCV rx=7 d=00000000 crc_out=ea530e86
CRCV rx=8 d=00000000 crc_out=32a11e00
CRCV rx=9 d=00000001 crc_out=48378d4e
CRCV rx=10 d=99ad9e68 crc_out=5b621157
CRCV rx=11 d=01826099 crc_out=79b4c77c
CRCV rx=12 d=d4c9916c crc_out=a658418b
CRCV rx=13 d=4b05ed1c crc_out=d1be7701
CRCV rx=14 d=025e9d1c crc_out=5573476e
CRCV rx=15 d=b61462d8 crc_out=b7f78cae
CRCV rx=16 d=ba99454e crc_out=4f15d0e9
CRCV rx=17 d=205a5abd crc_out=7273115f
CRCV rx=18 d=8dd9c85f crc_out=937a386e
CRCV rx=19 d=a287b1fc crc_out=991a10b1
CRCV rx=20 d=5f0d8ee1 crc_out=6e73dd6f
CRCV rx=21 d=4764ac69 crc_out=2d7e0930
CRCV rx=22 d=a6386386 crc_out=e1cf36c0
CRCV rx=23 d=d5c12b61 crc_out=93e5d74a
CRCV rx=24 d=990f8cc5 crc_out=bdada71f
CRCV rx=25 d=529208bf crc_out=c8aa2796
CRCV rx=26 d=00000100 crc_out=e2cde41f
CRCV rx=27 d=00010080 crc_out=3a951dca
CRCV rx=28 d=3f28bdc0 crc_out=e7b22c87
CRCV rx=29 d=00000000 crc_out=e7b22c87
CRCV rx=30 d=00000000 crc_out=e7b22c87
CRCV rx=31 d=00000000 crc_out=e7b22c87
D03 BEGIN crc_out=e7b22c87 hw28=3f28bdc0
FAIL    PA24-V-04 ack=0/1 rej=1/0 reason=04/00
CRCI cmd=00800001
CRCV rx=0 d=3149414e crc_out=00000000
CRCV rx=1 d=00010001 crc_out=a27b2032
CRCV rx=2 d=00000001 crc_out=cdcef7a0
CRCV rx=3 d=0000000a crc_out=cdafb1a5
CRCV rx=4 d=00000001 crc_out=eb9bdb42
CRCV rx=5 d=00000000 crc_out=5b551d3e
CRCV rx=6 d=00000000 crc_out=a68726a5
CRCV rx=7 d=00000000 crc_out=2c460428
CRCV rx=8 d=00000000 crc_out=d7307471
CRCV rx=9 d=00000001 crc_out=66cea9ed
CRCV rx=10 d=99ad9e69 crc_out=22501ebb
CRCV rx=11 d=01826099 crc_out=2ae8e328
CRCV rx=12 d=d4c9916c crc_out=81a34231
CRCV rx=13 d=4b05ed1c crc_out=f375eabb
CRCV rx=14 d=025e9d1c crc_out=2f198d52
CRCV rx=15 d=b61462d8 crc_out=bef0c32e
CRCV rx=16 d=ba99454e crc_out=ef17824c
CRCV rx=17 d=205a5abd crc_out=831ec3dc
CRCV rx=18 d=8dd9c85f crc_out=f8721785
CRCV rx=19 d=a287b1fc crc_out=b9cce58d
CRCV rx=20 d=5f0d8ee1 crc_out=8b8d691c
CRCV rx=21 d=4764ac69 crc_out=ccfc8a4a
CRCV rx=22 d=a6386386 crc_out=d886fbc6
CRCV rx=23 d=d5c12b61 crc_out=5147f1c1
CRCV rx=24 d=990f8cc5 crc_out=526ed180
CRCV rx=25 d=529208bf crc_out=ad97b9e2
CRCV rx=26 d=00000100 crc_out=a62d9b47
CRCV rx=27 d=00010080 crc_out=444e638f
CRCV rx=28 d=dc19687d crc_out=c066813d
CRCV rx=29 d=00000000 crc_out=c066813d
CRCV rx=30 d=00000000 crc_out=c066813d
CRCV rx=31 d=00000000 crc_out=c066813d
D03 BEGIN crc_out=c066813d hw28=dc19687d
CRCI cmd=00800001
CRCV rx=0 d=3149414e crc_out=00000000
CRCV rx=1 d=00010001 crc_out=a27b2032
CRCV rx=2 d=00000001 crc_out=cdcef7a0
CRCV rx=3 d=0000000b crc_out=cdafb1a5
CRCV rx=4 d=00000001 crc_out=eb9bdb42
CRCV rx=5 d=00000000 crc_out=e3e97a5b
CRCV rx=6 d=00000000 crc_out=6a2d263b
CRCV rx=7 d=00000000 crc_out=b7e34847
CRCV rx=8 d=00000000 crc_out=7958e5e0
CRCV rx=9 d=00000001 crc_out=03a992ab
CRCV rx=10 d=00000000 crc_out=a3757b9c
CRCV rx=11 d=00000000 crc_out=2b5d1e35
CRCV rx=12 d=00000000 crc_out=53a083ac
CRCV rx=13 d=00000000 crc_out=99ef60df
CRCV rx=14 d=00000000 crc_out=47917930
CRCV rx=15 d=00000000 crc_out=0aad1b0a
CRCV rx=16 d=00000000 crc_out=a5f65853
CRCV rx=17 d=00000000 crc_out=7e091104
CRCV rx=18 d=8dd9c85f crc_out=d5bd667e
CRCV rx=19 d=a287b1fc crc_out=412c498f
CRCV rx=20 d=5f0d8ee1 crc_out=1cfe8c51
CRCV rx=21 d=4764ac69 crc_out=60d23433
CRCV rx=22 d=a6386386 crc_out=d5162125
CRCV rx=23 d=d5c12b61 crc_out=1a635956
CRCV rx=24 d=990f8cc5 crc_out=b5747dfb
CRCV rx=25 d=529208bf crc_out=4f88b77b
CRCV rx=26 d=00000100 crc_out=efa595a9
CRCV rx=27 d=00010080 crc_out=842a93f9
CRCV rx=28 d=a8286f24 crc_out=a10361be
CRCV rx=29 d=00000000 crc_out=a10361be
CRCV rx=30 d=00000000 crc_out=a10361be
CRCV rx=31 d=00000000 crc_out=a10361be
D03 BEGIN crc_out=a10361be hw28=a8286f24
CRCI cmd=00800001
CRCV rx=0 d=3149414e crc_out=00000000
CRCV rx=1 d=00010001 crc_out=a27b2032
CRCV rx=2 d=00000001 crc_out=cdcef7a0
CRCV rx=3 d=0000000c crc_out=cdafb1a5
CRCV rx=4 d=00000001 crc_out=eb9bdb42
CRCV rx=5 d=00000000 crc_out=7e3e42e2
CRCV rx=6 d=00000000 crc_out=60e82f22
CRCV rx=7 d=00000000 crc_out=c37ba1c8
CRCV rx=8 d=00000000 crc_out=84a11d95
CRCV rx=9 d=00000001 crc_out=e2ed3438
CRCV rx=10 d=256ae32c crc_out=926d4ceb
CRCV rx=11 d=b60b9dc4 crc_out=2f54ed66
CRCV rx=12 d=33d587ce crc_out=7e63b82c
CRCV rx=13 d=e527e198 crc_out=349299ed
CRCV rx=14 d=8711b134 crc_out=a4271dd7
CRCV rx=15 d=ed19b5c5 crc_out=5f366cc5
CRCV rx=16 d=c1a1ca20 crc_out=c802e03e
CRCV rx=17 d=883ef494 crc_out=f866bd3c
CRCV rx=18 d=8dd9c85f crc_out=b18b806f
CRCV rx=19 d=a287b1fc crc_out=e56c5cc3
CRCV rx=20 d=5f0d8ee1 crc_out=f61322bb
CRCV rx=21 d=4764ac69 crc_out=a1f963c2
CRCV rx=22 d=a6386386 crc_out=182c679d
CRCV rx=23 d=d5c12b61 crc_out=76ceae25
CRCV rx=24 d=990f8cc5 crc_out=23d8f80b
CRCV rx=25 d=529208bf crc_out=35cebd23
CRCV rx=26 d=00000100 crc_out=fa784793
CRCV rx=27 d=00010080 crc_out=ccfa35db
CRCV rx=28 d=4dbde3fc crc_out=8ff22b64
CRCV rx=29 d=00000000 crc_out=8ff22b64
CRCV rx=30 d=00000000 crc_out=8ff22b64
CRCV rx=31 d=00000000 crc_out=8ff22b64
D03 BEGIN crc_out=8ff22b64 hw28=4dbde3fc
CRCI cmd=00800001
CRCV rx=0 d=3149414e crc_out=00000000
CRCV rx=1 d=00010001 crc_out=a27b2032
CRCV rx=2 d=00000063 crc_out=cdcef7a0
CRCV rx=3 d=0000000d crc_out=cdafb1a5
CRCV rx=4 d=00000001 crc_out=7ab4e4ca
CRCV rx=5 d=00000000 crc_out=544c8241
CRCV rx=6 d=00000000 crc_out=682bdd2b
CRCV rx=7 d=00000000 crc_out=e63f4543
CRCV rx=8 d=00000000 crc_out=cf030a95
CRCV rx=9 d=00000001 crc_out=86bbc7be
CRCV rx=10 d=99ad9e68 crc_out=4be33716
CRCV rx=11 d=01826099 crc_out=59f37b18
CRCV rx=12 d=d4c9916c crc_out=5a0edfa1
CRCV rx=13 d=4b05ed1c crc_out=b156e944
CRCV rx=14 d=025e9d1c crc_out=d5216227
CRCV rx=15 d=b61462d8 crc_out=0a58a3e4
CRCV rx=16 d=ba99454e crc_out=14e2067a
CRCV rx=17 d=205a5abd crc_out=f3c6e991
CRCV rx=18 d=8dd9c85f crc_out=bd326a78
CRCV rx=19 d=a287b1fc crc_out=67262aee
CRCV rx=20 d=5f0d8ee1 crc_out=fd170439
CRCV rx=21 d=4764ac69 crc_out=29d73bac
CRCV rx=22 d=a6386386 crc_out=491e9a9b
CRCV rx=23 d=d5c12b61 crc_out=1fa52469
CRCV rx=24 d=990f8cc5 crc_out=acdfea48
CRCV rx=25 d=529208bf crc_out=918b3598
CRCV rx=26 d=00000100 crc_out=83981881
CRCV rx=27 d=00010080 crc_out=26adf936
CRCV rx=28 d=2d3ac182 crc_out=86771d50
CRCV rx=29 d=00000000 crc_out=86771d50
CRCV rx=30 d=00000000 crc_out=86771d50
CRCV rx=31 d=00000000 crc_out=86771d50
D03 BEGIN crc_out=86771d50 hw28=2d3ac182
CRCI cmd=00800001
CRCV rx=0 d=3149414e crc_out=00000000
CRCV rx=1 d=00630001 crc_out=a27b2032
CRCV rx=2 d=00000001 crc_out=cdcef7a0
CRCV rx=3 d=00000014 crc_out=9a64b880
CRCV rx=4 d=00000001 crc_out=aea77513
CRCV rx=5 d=00000000 crc_out=3e81e9df
CRCV rx=6 d=00000000 crc_out=a2054e38
CRCV rx=7 d=00000000 crc_out=2b709919
CRCV rx=8 d=00000000 crc_out=7d14c4c0
CRCV rx=9 d=00000001 crc_out=c1b5d552
CRCV rx=10 d=99ad9e68 crc_out=bed34735
CRCV rx=11 d=01826099 crc_out=ad1423f8
CRCV rx=12 d=d4c9916c crc_out=4531b2bf
CRCV rx=13 d=4b05ed1c crc_out=9449b652
CRCV rx=14 d=025e9d1c crc_out=41edd930
CRCV rx=15 d=b61462d8 crc_out=9eb0122c
CRCV rx=16 d=ba99454e crc_out=02427a0d
CRCV rx=17 d=205a5abd crc_out=0216e938
CRCV rx=18 d=8dd9c85f crc_out=c6d33b62
CRCV rx=19 d=a287b1fc crc_out=b54eb38b
CRCV rx=20 d=5f0d8ee1 crc_out=c6d4d220
CRCV rx=21 d=4764ac69 crc_out=dc1e0792
CRCV rx=22 d=a6386386 crc_out=a3746369
CRCV rx=23 d=d5c12b61 crc_out=56123a51
CRCV rx=24 d=990f8cc5 crc_out=2b7c7537
CRCV rx=25 d=529208bf crc_out=a26e8336
CRCV rx=26 d=00000100 crc_out=732692aa
CRCV rx=27 d=00010080 crc_out=7ac73e75
CRCV rx=28 d=d71eab7f crc_out=66f9f4b4
CRCV rx=29 d=00000000 crc_out=66f9f4b4
CRCV rx=30 d=00000000 crc_out=66f9f4b4
CRCV rx=31 d=00000000 crc_out=66f9f4b4
D03 BEGIN crc_out=66f9f4b4 hw28=d71eab7f
CRCI cmd=00800001
CRCV rx=0 d=4e414931 crc_out=00000000
CRCV rx=1 d=01000100 crc_out=a27b2032
CRCV rx=2 d=00000100 crc_out=f8e2f077
CRCV rx=3 d=15000000 crc_out=cb838508
CRCV rx=4 d=01000000 crc_out=1ed4941f
CRCV rx=5 d=00000000 crc_out=a1a2516a
CRCV rx=6 d=00000000 crc_out=5246f17f
CRCV rx=7 d=00000000 crc_out=8558ae6a
CRCV rx=8 d=00000000 crc_out=498918e2
CRCV rx=9 d=01000000 crc_out=aa467e51
CRCV rx=10 d=99ad9e68 crc_out=9cba50f4
CRCV rx=11 d=01826099 crc_out=d468d997
CRCV rx=12 d=d4c9916c crc_out=34745c8e
CRCV rx=13 d=4b05ed1c crc_out=d5ae2ed6
CRCV rx=14 d=025e9d1c crc_out=c0320539
CRCV rx=15 d=b61462d8 crc_out=fb34fb94
CRCV rx=16 d=ba99454e crc_out=1e803fcf
CRCV rx=17 d=205a5abd crc_out=45ce691d
CRCV rx=18 d=8dd9c85f crc_out=1153e4ca
CRCV rx=19 d=a287b1fc crc_out=98702f50
CRCV rx=20 d=5f0d8ee1 crc_out=c792ea24
CRCV rx=21 d=4764ac69 crc_out=a820fcf8
CRCV rx=22 d=a6386386 crc_out=58d34667
CRCV rx=23 d=d5c12b61 crc_out=4362c8d3
CRCV rx=24 d=990f8cc5 crc_out=988e3124
CRCV rx=25 d=529208bf crc_out=e3b33f52
CRCV rx=26 d=00010000 crc_out=3e6b3fde
CRCV rx=27 d=01008000 crc_out=0280cbe8
CRCV rx=28 d=86fa7981 crc_out=63e3074c
CRCV rx=29 d=00000000 crc_out=63e3074c
CRCV rx=30 d=00000000 crc_out=63e3074c
CRCV rx=31 d=00000000 crc_out=63e3074c
D03 BEGIN crc_out=63e3074c hw28=86fa7981
CRCI cmd=00840001
CRCV rx=0 d=3149414e crc_out=00000000
CRCV rx=1 d=00010001 crc_out=c617e536
CRCV rx=2 d=00000001 crc_out=565fb5b6
CRCV rx=3 d=00000016 crc_out=c44411df
CRCV rx=4 d=00000001 crc_out=f2375459
CRCV rx=5 d=00000000 crc_out=4a32221f
CRCV rx=6 d=00000000 crc_out=d13291c1
CRCV rx=7 d=00000000 crc_out=0fc0328b
CRCV rx=8 d=00000000 crc_out=67b61507
CRCV rx=9 d=00000001 crc_out=c7377bfb
CRCV rx=10 d=99ad9e68 crc_out=bd803e2c
CRCV rx=11 d=01826099 crc_out=d3ba371f
CRCV rx=12 d=d4c9916c crc_out=928f0dce
CRCV rx=13 d=4b05ed1c crc_out=eb390cc7
CRCV rx=14 d=025e9d1c crc_out=ec3fa63b
CRCV rx=15 d=b61462d8 crc_out=0d75c288
CRCV rx=16 d=ba99454e crc_out=9249209a
CRCV rx=17 d=205a5abd crc_out=5051d1cc
CRCV rx=18 d=8dd9c85f crc_out=dff2e7a0
CRCV rx=19 d=a287b1fc crc_out=056de471
CRCV rx=20 d=5f0d8ee1 crc_out=3334d83b
CRCV rx=21 d=4764ac69 crc_out=c538a7a5
CRCV rx=22 d=a6386386 crc_out=b045d5f5
CRCV rx=23 d=d5c12b61 crc_out=22b4a083
CRCV rx=24 d=990f8cc5 crc_out=f8909749
CRCV rx=25 d=529208bf crc_out=6ef96fd9
CRCV rx=26 d=00000100 crc_out=f1107846
CRCV rx=27 d=00010084 crc_out=c8b1e6fa
CRCV rx=28 d=de5af835 crc_out=0c533a81
CRCV rx=29 d=00000000 crc_out=0c533a81
CRCV rx=30 d=00000000 crc_out=0c533a81
CRCV rx=31 d=00000000 crc_out=0c533a81
D03 BEGIN crc_out=0c533a81 hw28=de5af835
CRCI cmd=00400001
CRCV rx=0 d=3149414e crc_out=00000000
CRCV rx=1 d=00010001 crc_out=6981f77c
CRCV rx=2 d=00000001 crc_out=dc26e914
CRCV rx=3 d=00000017 crc_out=b510bf04
CRCV rx=4 d=00000001 crc_out=2951c351
CRCV rx=5 d=00000000 crc_out=edc0049d
CRCV rx=6 d=00000000 crc_out=c49a6057
CRCV rx=7 d=00000000 crc_out=28ee471e
CRCV rx=8 d=00000000 crc_out=111f126d
CRCV rx=9 d=00000001 crc_out=5040a9b0
CRCV rx=10 d=99ad9e68 crc_out=718de998
CRCV rx=11 d=01826099 crc_out=ee103db1
CRCV rx=12 d=d4c9916c crc_out=3e2cfe5c
CRCV rx=13 d=4b05ed1c crc_out=11b8e888
CRCV rx=14 d=025e9d1c crc_out=fe532424
CRCV rx=15 d=b61462d8 crc_out=dd4f1f4c
D03 BEGIN crc_out=4d4df305 hw28=00000000
CRCI cmd=00800001
CRCV rx=0 d=3149414e crc_out=00000000
CRCV rx=1 d=00010001 crc_out=a27b2032
CRCV rx=2 d=00000001 crc_out=cdcef7a0
CRCV rx=3 d=0000001e crc_out=cdafb1a5
CRCV rx=4 d=00000001 crc_out=eb9bdb42
CRCV rx=5 d=00000000 crc_out=842eddf6
CRCV rx=6 d=00000000 crc_out=5e761974
CRCV rx=7 d=00000000 crc_out=2358d2ab
CRCV rx=8 d=00000000 crc_out=e5260668
CRCV rx=9 d=00000001 crc_out=c8e5e991
CRCV rx=10 d=99ad9e68 crc_out=343dffd9
CRCV rx=11 d=01826099 crc_out=3760c68c
CRCV rx=12 d=d4c9916c crc_out=55cc5197
CRCV rx=13 d=4b05ed1c crc_out=e6ced0ee
CRCV rx=14 d=025e9d1c crc_out=90da811c
CRCV rx=15 d=b61462d8 crc_out=77283fd4
CRCV rx=16 d=ba99454e crc_out=114bcb38
CRCV rx=17 d=205a5abd crc_out=54038f1b
CRCV rx=18 d=eeeeeeee crc_out=8db39ef5
CRCV rx=19 d=eeeeeeee crc_out=ce9906a2
CRCV rx=20 d=eeeeeeee crc_out=0c677678
CRCV rx=21 d=eeeeeeee crc_out=ee2a287a
CRCV rx=22 d=eeeeeeee crc_out=29d25157
CRCV rx=23 d=eeeeeeee crc_out=f9cf49cd
CRCV rx=24 d=eeeeeeee crc_out=40b8040d
CRCV rx=25 d=eeeeeeee crc_out=9c741081
CRCV rx=26 d=00000100 crc_out=c8fe1413
CRCV rx=27 d=00010080 crc_out=75d470cc
CRCV rx=28 d=0d818f33 crc_out=8dd7096d
CRCV rx=29 d=00000000 crc_out=8dd7096d
CRCV rx=30 d=00000000 crc_out=8dd7096d
CRCV rx=31 d=00000000 crc_out=8dd7096d
D03 BEGIN crc_out=8dd7096d hw28=0d818f33
FAIL    PA24-C-01 ack=0/0 rej=1/1 reason=04/0d
CRCI cmd=00800001
CRCV rx=0 d=3149414e crc_out=00000000
CRCV rx=1 d=00010001 crc_out=a27b2032
CRCV rx=2 d=00000001 crc_out=cdcef7a0
CRCV rx=3 d=0000001f crc_out=cdafb1a5
CRCV rx=4 d=00000001 crc_out=eb9bdb42
CRCV rx=5 d=00000000 crc_out=3c92ba93
CRCV rx=6 d=00000000 crc_out=92dc19ea
CRCV rx=7 d=00000000 crc_out=b8fd9ec4
CRCV rx=8 d=00000000 crc_out=4b4e97f9
CRCV rx=9 d=00000001 crc_out=ad82d2d7
CRCV rx=10 d=99ad9e68 crc_out=b5189afe
CRCV rx=11 d=01826099 crc_out=36d53b91
CRCV rx=12 d=d4c9916c crc_out=a416543d
CRCV rx=13 d=4b05ed1c crc_out=73be047b
CRCV rx=14 d=025e9d1c crc_out=3f9e135b
CRCV rx=15 d=b61462d8 crc_out=5d0007b6
CRCV rx=16 d=ba99454e crc_out=2cfa27e4
CRCV rx=17 d=205a5abd crc_out=3dcf7316
CRCV rx=18 d=00000000 crc_out=90268d22
CRCV rx=19 d=00000000 crc_out=044a882d
CRCV rx=20 d=00000000 crc_out=91c18151
CRCV rx=21 d=00000000 crc_out=e7eb83b1
CRCV rx=22 d=00000000 crc_out=e41d0ec6
CRCV rx=23 d=00000000 crc_out=20f709b1
CRCV rx=24 d=00000000 crc_out=ebc89ade
CRCV rx=25 d=00000000 crc_out=23b04a26
CRCV rx=26 d=00000100 crc_out=9fb2f822
CRCV rx=27 d=00010080 crc_out=26ebd82e
CRCV rx=28 d=32af3045 crc_out=8c76a674
CRCV rx=29 d=00000000 crc_out=8c76a674
CRCV rx=30 d=00000000 crc_out=8c76a674
CRCV rx=31 d=00000000 crc_out=8c76a674
D03 BEGIN crc_out=8c76a674 hw28=32af3045
FAIL    PA24-C-02 ack=0/0 rej=1/1 reason=04/0d
CRCI cmd=00800001
CRCV rx=0 d=3149414e crc_out=00000000
CRCV rx=1 d=00010001 crc_out=a27b2032
CRCV rx=2 d=00000001 crc_out=cdcef7a0
CRCV rx=3 d=00000020 crc_out=cdafb1a5
CRCV rx=4 d=00000001 crc_out=eb9bdb42
CRCV rx=5 d=00000000 crc_out=94da5264
CRCV rx=6 d=00000000 crc_out=ce31583b
CRCV rx=7 d=00000000 crc_out=de4037b1
CRCV rx=8 d=00000000 crc_out=34bcb520
CRCV rx=9 d=00000001 crc_out=2b2759d8
CRCV rx=10 d=99ad9e68 crc_out=d7b01070
CRCV rx=11 d=01826099 crc_out=1293525a
CRCV rx=12 d=d4c9916c crc_out=d87cc1c7
CRCV rx=13 d=4b05ed1c crc_out=a71c3699
CRCV rx=14 d=025e9d1c crc_out=798863b0
CRCV rx=15 d=b61462d8 crc_out=8ba8f8ad
CRCV rx=16 d=ba99454e crc_out=1c148297
CRCV rx=17 d=205a5abd crc_out=7dd20d21
CRCV rx=18 d=3c3b0f4c crc_out=2a0525ec
CRCV rx=19 d=f85c3258 crc_out=d0ae3033
CRCV rx=20 d=d085645b crc_out=98a51d77
CRCV rx=21 d=ac97295e crc_out=62c85a05
CRCV rx=22 d=fce324d7 crc_out=44db8cff
CRCV rx=23 d=4d947be7 crc_out=f93d54b4
CRCV rx=24 d=eb484de1 crc_out=33f7f3bf
CRCV rx=25 d=8ae9861c crc_out=39b6d636
CRCV rx=26 d=00000100 crc_out=896376e6
CRCV rx=27 d=00010080 crc_out=253e7b74
CRCV rx=28 d=8559e1f4 crc_out=96beca6b
CRCV rx=29 d=00000000 crc_out=96beca6b
CRCV rx=30 d=00000000 crc_out=96beca6b
CRCV rx=31 d=00000000 crc_out=96beca6b
D03 BEGIN crc_out=96beca6b hw28=8559e1f4
FAIL    PA24-C-03 ack=0/0 rej=1/1 reason=04/0d
CRCI cmd=00800001
CRCV rx=0 d=3149414e crc_out=00000000
CRCV rx=1 d=00010001 crc_out=a27b2032
CRCV rx=2 d=00000001 crc_out=cdcef7a0
CRCV rx=3 d=00000021 crc_out=cdafb1a5
CRCV rx=4 d=00000001 crc_out=eb9bdb42
CRCV rx=5 d=00000000 crc_out=2c663501
CRCV rx=6 d=00000000 crc_out=029b58a5
CRCV rx=7 d=00000000 crc_out=45e57bde
CRCV rx=8 d=00000000 crc_out=9ad424b1
CRCV rx=9 d=00000001 crc_out=4e40629e
CRCV rx=10 d=99ad9e68 crc_out=56957557
CRCV rx=11 d=01826099 crc_out=1326af47
CRCV rx=12 d=d4c9916c crc_out=29a6c46d
CRCV rx=13 d=4b05ed1c crc_out=326ce20c
CRCV rx=14 d=025e9d1c crc_out=d6ccf1f7
CRCV rx=15 d=b61462d8 crc_out=a180c0cf
CRCV rx=16 d=ba99454e crc_out=21a56e4b
CRCV rx=17 d=205a5abd crc_out=141ef12c
CRCV rx=18 d=475fbd7c crc_out=3790363b
CRCV rx=19 d=87a0fecd crc_out=1a7dbebc
CRCV rx=20 d=de57f9db crc_out=e727e42a
CRCV rx=21 d=fcb8d4bc crc_out=422defef
CRCV rx=22 d=2e8f2e5f crc_out=6acf213b
CRCV rx=23 d=7fc480f0 crc_out=9bd739e5
CRCV rx=24 d=b30c1041 crc_out=838b5448
CRCV rx=25 d=b38be7c1 crc_out=b0e8c978
CRCV rx=26 d=00000100 crc_out=8d2401da
CRCV rx=27 d=00010080 crc_out=e3cd1e1d
CRCV rx=28 d=66204fea crc_out=d31aaed2
CRCV rx=29 d=00000000 crc_out=d31aaed2
CRCV rx=30 d=00000000 crc_out=d31aaed2
CRCV rx=31 d=00000000 crc_out=d31aaed2
D03 BEGIN crc_out=d31aaed2 hw28=66204fea
FAIL    PA24-C-04 ack=0/0 rej=1/1 reason=04/0d
CRCI cmd=00800001
CRCV rx=0 d=3149414e crc_out=00000000
CRCV rx=1 d=00010001 crc_out=a27b2032
CRCV rx=2 d=00000001 crc_out=cdcef7a0
CRCV rx=3 d=00000028 crc_out=cdafb1a5
CRCV rx=4 d=00000001 crc_out=eb9bdb42
CRCV rx=5 d=00000000 crc_out=516e7a8b
CRCV rx=6 d=00000000 crc_out=1dd4438e
CRCV rx=7 d=00000000 crc_out=d84c414f
CRCV rx=8 d=00000000 crc_out=47af2a6f
CRCV rx=9 d=00000001 crc_out=b6fc8f6a
CRCV rx=10 d=99ad9e68 crc_out=05bd2cce
CRCV rx=11 d=01826099 crc_out=1f3cbab2
CRCV rx=12 d=d4c9916c crc_out=3b68f593
CRCV rx=13 d=4b05ed1c crc_out=d7bc87b7
CRCV rx=14 d=025e9d1c crc_out=03fbe24f
CRCV rx=15 d=b61462d8 crc_out=01983dfc
CRCV rx=16 d=ba99454e crc_out=2aeae236
CRCV rx=17 d=205a5abd crc_out=8557e1cb
CRCV rx=18 d=8dd9c85f crc_out=c6adbb54
CRCV rx=19 d=a287b1fc crc_out=30875b0e
CRCV rx=20 d=5f0d8ee1 crc_out=3c480e99
CRCV rx=21 d=4764ac69 crc_out=b86b14c2
CRCV rx=22 d=a6386386 crc_out=6e8e5910
CRCV rx=23 d=d5c12b61 crc_out=625f023b
CRCV rx=24 d=990f8cc5 crc_out=31fc1385
CRCV rx=25 d=529208bf crc_out=9faed384
CRCV rx=26 d=00000100 crc_out=3b73a154
CRCV rx=27 d=00010080 crc_out=8598649b
CRCV rx=28 d=f15d577b crc_out=2153c7cf
CRCV rx=29 d=00000000 crc_out=2153c7cf
CRCV rx=30 d=00000000 crc_out=2153c7cf
CRCV rx=31 d=00000000 crc_out=2153c7cf
D03 BEGIN crc_out=2153c7cf hw28=f15d577b
FAIL    PA24-R-01 ack=0/0 rej=1/1 reason=04/05
CRCI cmd=00800001
CRCV rx=0 d=3149414e crc_out=00000000
CRCV rx=1 d=00010001 crc_out=a27b2032
CRCV rx=2 d=00000001 crc_out=cdcef7a0
CRCV rx=3 d=00000029 crc_out=cdafb1a5
CRCV rx=4 d=00000001 crc_out=eb9bdb42
CRCV rx=5 d=00000000 crc_out=e9d21dee
CRCV rx=6 d=00000000 crc_out=d17e4310
CRCV rx=7 d=00000000 crc_out=43e90d20
CRCV rx=8 d=00000000 crc_out=e9c7bbfe
CRCV rx=9 d=00000001 crc_out=d39bb42c
CRCV rx=10 d=99ad9e68 crc_out=849849e9
CRCV rx=11 d=01826099 crc_out=1e8947af
CRCV rx=12 d=d4c9916c crc_out=cab2f039
CRCV rx=13 d=4b05ed1c crc_out=42cc5322
CRCV rx=14 d=025e9d1c crc_out=acbf7008
CRCV rx=15 d=b61462d8 crc_out=2bb0059e
CRCV rx=16 d=ba99454e crc_out=175b0eea
CRCV rx=17 d=205a5abd crc_out=ec9b1dc6
CRCV rx=18 d=8dd9c85f crc_out=db38a883
CRCV rx=19 d=a287b1fc crc_out=fa54d581
CRCV rx=20 d=5f0d8ee1 crc_out=b37d230c
CRCV rx=21 d=4764ac69 crc_out=dd568ce0
CRCV rx=22 d=a6386386 crc_out=c0850a84
CRCV rx=23 d=d5c12b61 crc_out=ec1db305
CRCV rx=24 d=990f8cc5 crc_out=2ddb8b90
CRCV rx=25 d=529208bf crc_out=c5ad734b
CRCV rx=26 d=00000100 crc_out=6cb6e94d
CRCV rx=27 d=00010080 crc_out=958247aa
CRCV rx=28 d=7b3d6e19 crc_out=fe554a0d
CRCV rx=29 d=00000000 crc_out=fe554a0d
CRCV rx=30 d=00000000 crc_out=fe554a0d
CRCV rx=31 d=00000000 crc_out=fe554a0d
D03 BEGIN crc_out=fe554a0d hw28=7b3d6e19
CRCI cmd=00800001
CRCV rx=0 d=3149414e crc_out=00000000
CRCV rx=1 d=00010001 crc_out=a27b2032
CRCV rx=2 d=00000001 crc_out=cdcef7a0
CRCV rx=3 d=0000002a crc_out=cdafb1a5
CRCV rx=4 d=00000001 crc_out=eb9bdb42
CRCV rx=5 d=00000000 crc_out=fb67b200
CRCV rx=6 d=00000000 crc_out=5ff144f3
CRCV rx=7 d=00000000 crc_out=3477dfd0
CRCV rx=8 d=00000000 crc_out=c00f0f0c
CRCV rx=9 d=00000001 crc_out=7c32f9e6
CRCV rx=10 d=99ad9e68 crc_out=dc86e0c1
CRCV rx=11 d=01826099 crc_out=1c574088
CRCV rx=12 d=d4c9916c crc_out=03adf886
CRCV rx=13 d=4b05ed1c crc_out=262c28dc
CRCV rx=14 d=025e9d1c crc_out=8603c080
CRCV rx=15 d=b61462d8 crc_out=55c84d38
CRCV rx=16 d=ba99454e crc_out=51893b8e
CRCV rx=17 d=205a5abd crc_out=56ce19d1
CRCV rx=18 d=8dd9c85f crc_out=fd879cfa
CRCV rx=19 d=a287b1fc crc_out=7e514051
CRCV rx=20 d=5f0d8ee1 crc_out=f95353f2
CRCV rx=21 d=4764ac69 crc_out=72102486
CRCV rx=22 d=a6386386 crc_out=e9e9f879
CRCV rx=23 d=d5c12b61 crc_out=a5ab6606
CRCV rx=24 d=990f8cc5 crc_out=09b323af
CRCV rx=25 d=529208bf crc_out=2ba9921a
CRCV rx=26 d=00000100 crc_out=94f93166
CRCV rx=27 d=00010080 crc_out=a5ac22f9
CRCV rx=28 d=1a62da41 crc_out=442fda0a
CRCV rx=29 d=00000000 crc_out=442fda0a
CRCV rx=30 d=00000000 crc_out=442fda0a
CRCV rx=31 d=00000000 crc_out=442fda0a
D03 BEGIN crc_out=442fda0a hw28=1a62da41
FAIL    PA24-R-03 ack=0/0 rej=1/1 reason=04/05
CRCI cmd=00800001
CRCV rx=0 d=3149414e crc_out=00000000
CRCV rx=1 d=00010001 crc_out=a27b2032
CRCV rx=2 d=00000001 crc_out=cdcef7a0
CRCV rx=3 d=0000002b crc_out=cdafb1a5
CRCV rx=4 d=00000001 crc_out=eb9bdb42
CRCV rx=5 d=00000000 crc_out=43dbd565
CRCV rx=6 d=00000000 crc_out=935b446d
CRCV rx=7 d=00000000 crc_out=afd293bf
CRCV rx=8 d=00000000 crc_out=6e679e9d
CRCV rx=9 d=00000001 crc_out=1955c2a0
CRCV rx=10 d=99ad9e68 crc_out=5da385e6
CRCV rx=11 d=01826099 crc_out=1de2bd95
CRCV rx=12 d=d4c9916c crc_out=f277fd2c
CRCV rx=13 d=4b05ed1c crc_out=b35cfc49
CRCV rx=14 d=025e9d1c crc_out=294752c7
CRCV rx=15 d=b61462d8 crc_out=7fe0755a
CRCV rx=16 d=ba99454e crc_out=6c38d752
CRCV rx=17 d=205a5abd crc_out=3f02e5dc
CRCV rx=18 d=e3bb5071 crc_out=e0128f2d
CRCV rx=19 d=62e679d4 crc_out=b482cede
CRCV rx=20 d=364ae6af crc_out=384a0a58
CRCV rx=21 d=30eb236c crc_out=59704b99
CRCV rx=22 d=8a8d7ab3 crc_out=dd0014e2
CRCV rx=23 d=ed58d4ce crc_out=6ed759e3
CRCV rx=24 d=7319902e crc_out=3771bbb8
CRCV rx=25 d=2e5e6491 crc_out=0edb0860
CRCV rx=26 d=00000100 crc_out=7ef7a117
CRCV rx=27 d=00010080 crc_out=6abc3404
CRCV rx=28 d=12910fbf crc_out=699106c2
CRCV rx=29 d=00000000 crc_out=699106c2
CRCV rx=30 d=00000000 crc_out=699106c2
CRCV rx=31 d=00000000 crc_out=699106c2
D03 BEGIN crc_out=699106c2 hw28=12910fbf
FAIL    PA24-R-04 ack=0/1 rej=1/0 reason=04/00
CRCI cmd=00800001
CRCV rx=0 d=3149414e crc_out=00000000
CRCV rx=1 d=00010001 crc_out=a27b2032
CRCV rx=2 d=00000001 crc_out=cdcef7a0
CRCV rx=3 d=00000002 crc_out=cdafb1a5
CRCV rx=4 d=00000001 crc_out=eb9bdb42
CRCV rx=5 d=00000000 crc_out=9ee135d1
CRCV rx=6 d=00000000 crc_out=75623d10
CRCV rx=7 d=00000000 crc_out=2a4a72d6
CRCV rx=8 d=00000000 crc_out=a423eb3e
CRCV rx=9 d=00000001 crc_out=fb157f5f
CRCV rx=10 d=99ad9e68 crc_out=f05d2205
CRCV rx=11 d=01826099 crc_out=27470bc0
CRCV rx=12 d=d4c9916c crc_out=da0b1100
CRCV rx=13 d=4b05ed1c crc_out=4f7f5b0b
CRCV rx=14 d=025e9d1c crc_out=cecf40c2
CRCV rx=15 d=b61462d8 crc_out=9aa897ee
CRCV rx=16 d=ba99454e crc_out=bc8ed9ab
CRCV rx=17 d=205a5abd crc_out=fabe4a11
CRCV rx=18 d=3c3b0f4c crc_out=156f7420
CRCV rx=19 d=f85c3258 crc_out=a83f8b1a
CRCV rx=20 d=d085645b crc_out=ba10ae67
CRCV rx=21 d=ac97295e crc_out=b91b56ca
CRCV rx=22 d=fce324d7 crc_out=d8fb164b
CRCV rx=23 d=4d947be7 crc_out=f7944b92
CRCV rx=24 d=eb484de1 crc_out=39a9cdb7
CRCV rx=25 d=8ae9861c crc_out=161aaf87
CRCV rx=26 d=00000100 crc_out=deeec27a
CRCV rx=27 d=00010080 crc_out=6bdd51f5
CRCV rx=28 d=06168d66 crc_out=12b614bb
CRCV rx=29 d=00000000 crc_out=12b614bb
CRCV rx=30 d=00000000 crc_out=12b614bb
CRCV rx=31 d=00000000 crc_out=12b614bb
D03 BEGIN crc_out=12b614bb hw28=06168d66
FAIL    PA24-G-01 ack=0/1 rej=1/0 reason=04/00
CRCI cmd=00800001
CRCV rx=0 d=3149414e crc_out=00000000
CRCV rx=1 d=00010001 crc_out=a27b2032
CRCV rx=2 d=00000001 crc_out=cdcef7a0
CRCV rx=3 d=00000000 crc_out=cdafb1a5
CRCV rx=4 d=00000001 crc_out=eb9bdb42
CRCV rx=5 d=00000000 crc_out=34e8fd5a
CRCV rx=6 d=00000000 crc_out=37473a6d
CRCV rx=7 d=00000000 crc_out=c671ec49
CRCV rx=8 d=00000000 crc_out=2383ce5d
CRCV rx=9 d=00000001 crc_out=31db09d3
CRCV rx=10 d=99ad9e68 crc_out=2966ee0a
CRCV rx=11 d=01826099 crc_out=242cf1fa
CRCV rx=12 d=d4c9916c crc_out=e2ce1c15
CRCV rx=13 d=4b05ed1c crc_out=beeff460
CRCV rx=14 d=025e9d1c crc_out=4b37620d
CRCV rx=15 d=b61462d8 crc_out=cef8e72a
CRCV rx=16 d=ba99454e crc_out=c7ed0013
CRCV rx=17 d=205a5abd crc_out=2927b20b
CRCV rx=18 d=8dd9c85f crc_out=2e45538e
CRCV rx=19 d=a287b1fc crc_out=e6e99045
CRCV rx=20 d=5f0d8ee1 crc_out=796999cc
CRCV rx=21 d=4764ac69 crc_out=36cde5db
CRCV rx=22 d=a6386386 crc_out=05c4edaa
CRCV rx=23 d=d5c12b61 crc_out=0231e556
CRCV rx=24 d=990f8cc5 crc_out=e2d1dd0f
CRCV rx=25 d=529208bf crc_out=b98be710
CRCV rx=26 d=00000100 crc_out=10cdcff1
CRCV rx=27 d=00010080 crc_out=6b9e11f0
CRCV rx=28 d=83318eb9 crc_out=8ea6758f
CRCV rx=29 d=00000000 crc_out=8ea6758f
CRCV rx=30 d=00000000 crc_out=8ea6758f
CRCV rx=31 d=00000000 crc_out=8ea6758f
D03 BEGIN crc_out=8ea6758f hw28=83318eb9
FAIL    PA24-G-02 ack=0/0 rej=1/1 reason=04/07
CRCI cmd=00800001
CRCV rx=0 d=3149414e crc_out=00000000
CRCV rx=1 d=00010001 crc_out=a27b2032
CRCV rx=2 d=00000001 crc_out=cdcef7a0
CRCV rx=3 d=00010000 crc_out=cdafb1a5
CRCV rx=4 d=00000001 crc_out=eb9bdb42
CRCV rx=5 d=00000000 crc_out=2df3cc1b
CRCV rx=6 d=00000000 crc_out=fc1be9c8
CRCV rx=7 d=00000000 crc_out=29b38777
CRCV rx=8 d=00000000 crc_out=be8c2f2b
CRCV rx=9 d=00000001 crc_out=de89bf32
CRCV rx=10 d=99ad9e68 crc_out=3e4e8aca
CRCV rx=11 d=01826099 crc_out=c331576d
CRCV rx=12 d=d4c9916c crc_out=deaeff1d
CRCV rx=13 d=4b05ed1c crc_out=9a6da556
CRCV rx=14 d=025e9d1c crc_out=c6bf9fef
CRCV rx=15 d=b61462d8 crc_out=6fc163c4
CRCV rx=16 d=ba99454e crc_out=b8249b80
CRCV rx=17 d=205a5abd crc_out=ad16abfa
CRCV rx=18 d=8dd9c85f crc_out=2fe0fa38
CRCV rx=19 d=a287b1fc crc_out=ac2e9fd6
CRCV rx=20 d=5f0d8ee1 crc_out=cf7279bc
CRCV rx=21 d=4764ac69 crc_out=7f2448c4
CRCV rx=22 d=a6386386 crc_out=5ca2d5c1
CRCV rx=23 d=d5c12b61 crc_out=e57e040d
CRCV rx=24 d=990f8cc5 crc_out=1f72cb2a
CRCV rx=25 d=529208bf crc_out=70ea0655
CRCV rx=26 d=00000100 crc_out=8a79fd9b
CRCV rx=27 d=00010080 crc_out=8899268f
CRCV rx=28 d=e9f41bee crc_out=ea9c1355
CRCV rx=29 d=00000000 crc_out=ea9c1355
CRCV rx=30 d=00000000 crc_out=ea9c1355
CRCV rx=31 d=00000000 crc_out=ea9c1355
D03 BEGIN crc_out=ea9c1355 hw28=e9f41bee
FAIL    PA24-G-03 ack=0/0 rej=1/1 reason=04/07
CRCI cmd=00800001
CRCV rx=0 d=3149414e crc_out=00000000
CRCV rx=1 d=00010001 crc_out=a27b2032
CRCV rx=2 d=00000001 crc_out=cdcef7a0
CRCV rx=3 d=00000003 crc_out=cdafb1a5
CRCV rx=4 d=00000001 crc_out=eb9bdb42
CRCV rx=5 d=00000000 crc_out=265d52b4
CRCV rx=6 d=00000000 crc_out=b9c83d8e
CRCV rx=7 d=00000000 crc_out=b1ef3eb9
CRCV rx=8 d=00000000 crc_out=0a4b7aaf
CRCV rx=9 d=00000001 crc_out=9e724419
CRCV rx=10 d=99ad9e68 crc_out=71784722
CRCV rx=11 d=01826099 crc_out=26f2f6dd
CRCV rx=12 d=d4c9916c crc_out=2bd114aa
CRCV rx=13 d=4b05ed1c crc_out=da0f8f9e
CRCV rx=14 d=025e9d1c crc_out=618bd285
CRCV rx=15 d=b61462d8 crc_out=b080af8c
CRCV rx=16 d=ba99454e crc_out=813f3577
CRCV rx=17 d=205a5abd crc_out=9372b61c
CRCV rx=18 d=8dd9c85f crc_out=08fa67f7
CRCV rx=19 d=a287b1fc crc_out=62ec0595
CRCV rx=20 d=5f0d8ee1 crc_out=3347e932
CRCV rx=21 d=4764ac69 crc_out=998b4dbd
CRCV rx=22 d=a6386386 crc_out=2ca81f57
CRCV rx=23 d=d5c12b61 crc_out=4b873055
CRCV rx=24 d=990f8cc5 crc_out=c6b97530
CRCV rx=25 d=529208bf crc_out=578f0641
CRCV rx=26 d=00000100 crc_out=e88217da
CRCV rx=27 d=00010080 crc_out=5bb074a3
CRCV rx=28 d=1d91c51e crc_out=34dce588
CRCV rx=29 d=00000000 crc_out=34dce588
CRCV rx=30 d=00000000 crc_out=34dce588
CRCV rx=31 d=00000000 crc_out=34dce588
D03 BEGIN crc_out=34dce588 hw28=1d91c51e
FAIL    PA24-G-04 ack=0/0 rej=1/1 reason=04/05
PACK_ABI24_XSIM_FAIL  pass=9 fail=15 (simulation only)
$finish called at time : 13535 ns : File "D:/FPGA/NATIVE_AI_DEVELOPMENTAL_HARDWARE_R1_PACKAGE_20260914-20260914T045403Z-1-001/CANON_BLUEPRINT/verification/pack_abi24/tb_pack_abi24_xsim_compare.sv" Line 158
## exit
INFO: [Common 17-206] Exiting xsim at Wed Sep 16 14:13:15 2026...
