#-----------------------------------------------------------
# xsim v2026.1 (64-bit)
# SW Build 6511674 on Tue Jun 16 11:02:23 MDT 2026
# IP Build 6504888 on Tue Jun 09 09:05:25 MDT 2026
# SharedData Build 6501428 on Mon Jun 08 17:34:18 MDT 2026
# Start of session at: Sat Sep 19 20:18:41 2026
# Process ID         : 64440
# Current directory  : D:/FPGA/arty_d/UART_R2/xsim_u33dup
# Command line       : xsim.exe -log xsim_u33dup.log -mode tcl -source {xsim.dir/tb_u33dup/xsim_script.tcl}
# Log file           : D:/FPGA/arty_d/UART_R2/xsim_u33dup/xsim_u33dup.log
# Journal file       : D:/FPGA/arty_d/UART_R2/xsim_u33dup\xsim.jou
# Running On         : laptop-Quan
# Platform           : Windows 11
# Operating System   : 22621
# Processor Detail   : AMD Ryzen 7 5800HS with Radeon Graphics         
# CPU Frequency      : 3194 MHz
# CPU Physical cores : 8
# CPU Logical cores  : 16
# Host memory        : 16541 MB
# Swap memory        : 26013 MB
# Total Virtual      : 42554 MB
# Available Virtual  : 9069 MB
#-----------------------------------------------------------
source xsim.dir/tb_u33dup/xsim_script.tcl
# xsim {tb_u33dup} -autoloadwcfg -tclbatch {run.tcl}
Time resolution is 1 ps
source run.tcl
## run -all
U33_DUP nwords=52 PACK_ABI_24_24_PASS=NO
DUP4 mute=0 got=0200015a n_p=8 p0=00800001 p1=00800001 p2=3149414e rej=1 rsn=01
DUP4_MAG 4-byte BEGIN dup is sufficient p1=BEGIN
DUP16 mute=0 got=0200035a n_p=8 p0=00800001 p1=3149414e p2=00010001 rej=1 rsn=03
DUP16_OTHER got=0200035a
LATE_PRE_GOLD mute=0 got=010000a5 n_p=8 p0=00800001 p1=3149414e p2=00010001 rej=0 rsn=00
FAIL CLEAR mute=0 got=c1ea50b5
$finish called at time : 7978465 ns : File "D:/FPGA/arty_d/UART_R2/u33/tb_u33_dup_begin.sv" Line 142
## puts DONE
DONE
## exit
INFO: [Common 17-206] Exiting xsim at Sat Sep 19 20:18:45 2026...
