Copyright 1986-2022 Xilinx, Inc. All Rights Reserved. Copyright 2022-2026 Advanced Micro Devices, Inc. All Rights Reserved.
------------------------------------------------------------------------------------------------------------------------------------------------------------------------------------
| Tool Version : Vivado v.2026.1 (win64) Build 6511674 Tue Jun 16 11:02:23 MDT 2026
| Date         : Wed Sep 16 13:34:22 2026
| Host         : laptop-Quan running 64-bit major release  (build 9200)
| Command      : report_ram_utilization -file D:/FPGA/NATIVE_AI_DEVELOPMENTAL_HARDWARE_R1_PACKAGE_20260914-20260914T045403Z-1-001/CANON_BLUEPRINT/vivado/m1_pack_loader/ooc/ram.rpt
| Design       : pack_loader
| Device       : xc7a100tcsg324-1
| Speed File   : -1
------------------------------------------------------------------------------------------------------------------------------------------------------------------------------------

RAM Usage Information

Table of Contents
-----------------
1. Summary
2. Memory Description
3. Memory Utilization - Inferred
4. Memory Performance - Inferred
5. Block Ram / URAM Memory Power - Inferred

1. Summary
----------

+--------------------------+------------+-----------+-------+-----------+
| Memory Type              | Total Used | Available | Util% | Inferred% |
+--------------------------+------------+-----------+-------+-----------+
| BlockRAM                 |        0.5 |       135 |  0.37 |    100.00 |
|  RAMB18E1                |          1 |           |       |    100.00 |
| LUTMs as Distributed RAM |          0 |     19000 |  0.00 |      0.00 |
+--------------------------+------------+-----------+-------+-----------+
*  Each RAMB18 is calculated as 0.5 BlockRAM
**  Tables 2, 3, 4 and 5 cover RAMs inferred by Vivado Synthesis using XPMs or RTL inference
***  XRAMs are not reported for detailed tables


2. Memory Description
---------------------

+---------------+------------+-----------+-------------+------------------------+------------------------+
| Memory Name   | Array Size | RAM_STYLE | Memory Type | Port 1 Dimension / Map | Port 2 Dimension / Map |
+---------------+------------+-----------+-------------+------------------------+------------------------+
| page_ram      |      16384 |           | RAM_SDP     | 512x32                 | 512x32                 |
|  page_ram_reg |      16384 |     BLOCK |             |  B:B:64x32             |  A:A:64x32             |
+---------------+------------+-----------+-------------+------------------------+------------------------+


3. Memory Utilization - Inferred
--------------------------------

+---------------+-----------+-----------+----------------+-----------+-----------+---------+---------------+---------------+---------+---------------+---------------+---------+---------------+---------------+---------+---------------+---------------+
| Memory Name   | Primitive | RAM STYLE | Available Bits | Used Bits | Bit Util% | A Depth | A Depth Avail | A Depth Util% | A Width | A Width Avail | A Width Util% | B Depth | B Depth Avail | B Depth Util% | B Width | B Width Avail | B Width Util% |
+---------------+-----------+-----------+----------------+-----------+-----------+---------+---------------+---------------+---------+---------------+---------------+---------+---------------+---------------+---------+---------------+---------------+
| page_ram      |           |           |                |           |           |         |               |               |         |               |               |         |               |               |         |               |               |
|  page_ram_reg | RAMB18E1  |     BLOCK |          18432 |      2048 |     11.11 |      64 |           512 |         12.50 |      32 |            36 |         88.89 |      64 |           512 |         12.50 |      32 |            36 |         88.89 |
+---------------+-----------+-----------+----------------+-----------+-----------+---------+---------------+---------------+---------+---------------+---------------+---------+---------------+---------------+---------+---------------+---------------+


4. Memory Performance - Inferred
--------------------------------

+---------------+-----------+------------------------+------------------------+-------------+-------------------------+-------------+-------------------------+-----------+--------+--------+---------+-----------+--------+--------+---------+
| Memory Name   | Primitive | Port 1 Dimension / Map | Port 2 Dimension / Map | Port A Type | Port A Requirement (ns) | Port B Type | Port B Requirement (ns) | A Cascade | IREG_A | OREG_A | DOA_REG | B Cascade | IREG_B | OREG_B | DOB_REG |
+---------------+-----------+------------------------+------------------------+-------------+-------------------------+-------------+-------------------------+-----------+--------+--------+---------+-----------+--------+--------+---------+
| page_ram      |           | 512x32                 | 512x32                 |             |                         |             |                         |           |        |        |         |           |        |        |         |
|  page_ram_reg | RAMB18E1  |  B:B:64x32             |  A:A:64x32             |        Read |                    10.0 |       Write |                    10.0 |           |        |        |       0 |           |        |        |       0 |
+---------------+-----------+------------------------+------------------------+-------------+-------------------------+-------------+-------------------------+-----------+--------+--------+---------+-----------+--------+--------+---------+


5. Block Ram / URAM Memory Power - Inferred
-------------------------------------------

+---------------+-----------+------------------------+------------------------+--------------------+---------------+-------------------+-----------+--------------------+---------------+-------------------+-----------+
| Memory Name   | Primitive | Port 1 Dimension / Map | Port 2 Dimension / Map | Port A Power Gated | Port A Enable | Port A WRITE_MODE | A Cascade | Port B Power Gated | Port B Enable | Port B WRITE_MODE | B Cascade |
+---------------+-----------+------------------------+------------------------+--------------------+---------------+-------------------+-----------+--------------------+---------------+-------------------+-----------+
| page_ram      |           | 512x32                 | 512x32                 |                    |               |                   |           |                    |               |                   |           |
|  page_ram_reg | RAMB18E1  |  B:B:64x32             |  A:A:64x32             |                    |         POWER |        READ_FIRST |           |                    |         POWER |        READ_FIRST |           |
+---------------+-----------+------------------------+------------------------+--------------------+---------------+-------------------+-----------+--------------------+---------------+-------------------+-----------+


