Copyright 1986-2022 Xilinx, Inc. All Rights Reserved. Copyright 2022-2026 Advanced Micro Devices, Inc. All Rights Reserved.
-----------------------------------------------------------------------------------------------------------------------------------------------------------------------------------------------------------------
| Tool Version : Vivado v.2026.1 (win64) Build 6511674 Tue Jun 16 11:02:23 MDT 2026
| Date         : Wed Sep 16 13:34:23 2026
| Host         : laptop-Quan running 64-bit major release  (build 9200)
| Command      : report_timing -delay_type max -max_paths 5 -file D:/FPGA/NATIVE_AI_DEVELOPMENTAL_HARDWARE_R1_PACKAGE_20260914-20260914T045403Z-1-001/CANON_BLUEPRINT/vivado/m1_pack_loader/ooc/timing_paths.rpt
| Design       : pack_loader
| Device       : 7a100t-csg324
| Speed File   : -1  PRODUCTION 1.23 2018-06-13
| Design State : Synthesized
-----------------------------------------------------------------------------------------------------------------------------------------------------------------------------------------------------------------

Timing Report

Slack (MET) :             2.004ns  (required time - arrival time)
  Source:                 rx_words_reg[1]/C
                            (rising edge-triggered cell FDCE clocked by clk  {rise@0.000ns fall@5.000ns period=10.000ns})
  Destination:            u_crc/acc_reg[19]/D
                            (rising edge-triggered cell FDPE clocked by clk  {rise@0.000ns fall@5.000ns period=10.000ns})
  Path Group:             clk
  Path Type:              Setup (Max at Slow Process Corner)
  Requirement:            10.000ns  (clk rise@10.000ns - clk rise@0.000ns)
  Data Path Delay:        7.956ns  (logic 3.382ns (42.509%)  route 4.574ns (57.491%))
  Logic Levels:           10  (CARRY4=4 LUT4=1 LUT5=1 LUT6=4)
  Clock Path Skew:        -0.049ns (DCD - SCD + CPR)
    Destination Clock Delay (DCD):    0.924ns = ( 10.924 - 10.000 ) 
    Source Clock Delay      (SCD):    0.973ns
    Clock Pessimism Removal (CPR):    0.000ns
  Clock Uncertainty:      0.035ns  ((TSJ^2 + TIJ^2)^1/2 + DJ) / 2 + PE
    Total System Jitter     (TSJ):    0.071ns
    Total Input Jitter      (TIJ):    0.000ns
    Discrete Jitter          (DJ):    0.000ns
    Phase Error              (PE):    0.000ns

    Location             Delay type                Incr(ns)  Path(ns)    Netlist Resource(s)
  -------------------------------------------------------------------    -------------------
                         (clock clk rise edge)        0.000     0.000 r  <hidden>
                                                      0.000     0.000 r  clk
                         net (fo=679, unset)          0.973     0.973    clk
                         FDCE                                         r  rx_words_reg[1]/C
  -------------------------------------------------------------------    -------------------
                         FDCE (Prop_fdce_C_Q)         0.478     1.451 r  rx_words_reg[1]/Q
                         net (fo=15, unplaced)        0.719     2.170    u_crc/page_ram_reg[1]
                         CARRY4 (Prop_carry4_S[0]_CO[3])
                                                      0.808     2.978 r  u_crc/nleft_reg[0]_i_22/CO[3]
                         net (fo=1, unplaced)         0.000     2.978    u_crc/nleft_reg[0]_i_22_n_0
                         CARRY4 (Prop_carry4_CI_O[1])
                                                      0.337     3.315 r  u_crc/nleft_reg[0]_i_21/O[1]
                         net (fo=5, unplaced)         0.639     3.954    u_crc/payload_byte_pos[8]
                         LUT4 (Prop_lut4_I0_O)        0.306     4.260 r  u_crc/nleft[1]_i_33/O
                         net (fo=1, unplaced)         0.000     4.260    u_crc/nleft[1]_i_33_n_0
                         CARRY4 (Prop_carry4_S[3]_CO[3])
                                                      0.376     4.636 r  u_crc/nleft_reg[1]_i_17/CO[3]
                         net (fo=1, unplaced)         0.000     4.636    u_crc/nleft_reg[1]_i_17_n_0
                         CARRY4 (Prop_carry4_CI_O[2])
                                                      0.256     4.892 f  u_crc/nleft_reg[1]_i_18/O[2]
                         net (fo=1, unplaced)         0.735     5.627    u_crc/nleft_reg[1]_i_18_n_5
                         LUT6 (Prop_lut6_I0_O)        0.301     5.928 r  u_crc/nleft[1]_i_13/O
                         net (fo=3, unplaced)         0.750     6.678    u_crc/nleft[1]_i_13_n_0
                         LUT6 (Prop_lut6_I3_O)        0.124     6.802 r  u_crc/nleft[1]_i_8/O
                         net (fo=7, unplaced)         0.484     7.286    u_crc/nleft[1]_i_8_n_0
                         LUT6 (Prop_lut6_I3_O)        0.124     7.410 r  u_crc/acc[31]_i_2/O
                         net (fo=8, unplaced)         0.770     8.180    u_crc/acc[31]_i_2_n_0
                         LUT5 (Prop_lut5_I0_O)        0.148     8.328 r  u_crc/acc[30]_i_2/O
                         net (fo=5, unplaced)         0.477     8.805    u_crc/acc[30]_i_2_n_0
                         LUT6 (Prop_lut6_I4_O)        0.124     8.929 r  u_crc/acc[19]_i_1/O
                         net (fo=1, unplaced)         0.000     8.929    u_crc/acc[19]_i_1_n_0
                         FDPE                                         r  u_crc/acc_reg[19]/D
  -------------------------------------------------------------------    -------------------

                         (clock clk rise edge)       10.000    10.000 r  <hidden>
                                                      0.000    10.000 r  clk
                         net (fo=679, unset)          0.924    10.924    u_crc/clk
                         FDPE                                         r  u_crc/acc_reg[19]/C
                         clock pessimism              0.000    10.924    <hidden>
                         clock uncertainty           -0.035    10.889    <hidden>
                         FDPE (Setup_fdpe_C_D)        0.044    10.933    u_crc/acc_reg[19]
  -------------------------------------------------------------------
                         required time                         10.933    <hidden>
                         arrival time                          -8.929    <hidden>
  -------------------------------------------------------------------
                         slack                                  2.004    <hidden>

Slack (MET) :             2.004ns  (required time - arrival time)
  Source:                 rx_words_reg[1]/C
                            (rising edge-triggered cell FDCE clocked by clk  {rise@0.000ns fall@5.000ns period=10.000ns})
  Destination:            u_crc/acc_reg[29]/D
                            (rising edge-triggered cell FDPE clocked by clk  {rise@0.000ns fall@5.000ns period=10.000ns})
  Path Group:             clk
  Path Type:              Setup (Max at Slow Process Corner)
  Requirement:            10.000ns  (clk rise@10.000ns - clk rise@0.000ns)
  Data Path Delay:        7.956ns  (logic 3.382ns (42.509%)  route 4.574ns (57.491%))
  Logic Levels:           10  (CARRY4=4 LUT4=1 LUT5=1 LUT6=4)
  Clock Path Skew:        -0.049ns (DCD - SCD + CPR)
    Destination Clock Delay (DCD):    0.924ns = ( 10.924 - 10.000 ) 
    Source Clock Delay      (SCD):    0.973ns
    Clock Pessimism Removal (CPR):    0.000ns
  Clock Uncertainty:      0.035ns  ((TSJ^2 + TIJ^2)^1/2 + DJ) / 2 + PE
    Total System Jitter     (TSJ):    0.071ns
    Total Input Jitter      (TIJ):    0.000ns
    Discrete Jitter          (DJ):    0.000ns
    Phase Error              (PE):    0.000ns

    Location             Delay type                Incr(ns)  Path(ns)    Netlist Resource(s)
  -------------------------------------------------------------------    -------------------
                         (clock clk rise edge)        0.000     0.000 r  <hidden>
                                                      0.000     0.000 r  clk
                         net (fo=679, unset)          0.973     0.973    clk
                         FDCE                                         r  rx_words_reg[1]/C
  -------------------------------------------------------------------    -------------------
                         FDCE (Prop_fdce_C_Q)         0.478     1.451 r  rx_words_reg[1]/Q
                         net (fo=15, unplaced)        0.719     2.170    u_crc/page_ram_reg[1]
                         CARRY4 (Prop_carry4_S[0]_CO[3])
                                                      0.808     2.978 r  u_crc/nleft_reg[0]_i_22/CO[3]
                         net (fo=1, unplaced)         0.000     2.978    u_crc/nleft_reg[0]_i_22_n_0
                         CARRY4 (Prop_carry4_CI_O[1])
                                                      0.337     3.315 r  u_crc/nleft_reg[0]_i_21/O[1]
                         net (fo=5, unplaced)         0.639     3.954    u_crc/payload_byte_pos[8]
                         LUT4 (Prop_lut4_I0_O)        0.306     4.260 r  u_crc/nleft[1]_i_33/O
                         net (fo=1, unplaced)         0.000     4.260    u_crc/nleft[1]_i_33_n_0
                         CARRY4 (Prop_carry4_S[3]_CO[3])
                                                      0.376     4.636 r  u_crc/nleft_reg[1]_i_17/CO[3]
                         net (fo=1, unplaced)         0.000     4.636    u_crc/nleft_reg[1]_i_17_n_0
                         CARRY4 (Prop_carry4_CI_O[2])
                                                      0.256     4.892 f  u_crc/nleft_reg[1]_i_18/O[2]
                         net (fo=1, unplaced)         0.735     5.627    u_crc/nleft_reg[1]_i_18_n_5
                         LUT6 (Prop_lut6_I0_O)        0.301     5.928 r  u_crc/nleft[1]_i_13/O
                         net (fo=3, unplaced)         0.750     6.678    u_crc/nleft[1]_i_13_n_0
                         LUT6 (Prop_lut6_I3_O)        0.124     6.802 r  u_crc/nleft[1]_i_8/O
                         net (fo=7, unplaced)         0.484     7.286    u_crc/nleft[1]_i_8_n_0
                         LUT6 (Prop_lut6_I3_O)        0.124     7.410 r  u_crc/acc[31]_i_2/O
                         net (fo=8, unplaced)         0.770     8.180    u_crc/acc[31]_i_2_n_0
                         LUT5 (Prop_lut5_I0_O)        0.148     8.328 r  u_crc/acc[30]_i_2/O
                         net (fo=5, unplaced)         0.477     8.805    u_crc/acc[30]_i_2_n_0
                         LUT6 (Prop_lut6_I2_O)        0.124     8.929 r  u_crc/acc[29]_i_1/O
                         net (fo=1, unplaced)         0.000     8.929    u_crc/acc[29]_i_1_n_0
                         FDPE                                         r  u_crc/acc_reg[29]/D
  -------------------------------------------------------------------    -------------------

                         (clock clk rise edge)       10.000    10.000 r  <hidden>
                                                      0.000    10.000 r  clk
                         net (fo=679, unset)          0.924    10.924    u_crc/clk
                         FDPE                                         r  u_crc/acc_reg[29]/C
                         clock pessimism              0.000    10.924    <hidden>
                         clock uncertainty           -0.035    10.889    <hidden>
                         FDPE (Setup_fdpe_C_D)        0.044    10.933    u_crc/acc_reg[29]
  -------------------------------------------------------------------
                         required time                         10.933    <hidden>
                         arrival time                          -8.929    <hidden>
  -------------------------------------------------------------------
                         slack                                  2.004    <hidden>

Slack (MET) :             2.004ns  (required time - arrival time)
  Source:                 rx_words_reg[1]/C
                            (rising edge-triggered cell FDCE clocked by clk  {rise@0.000ns fall@5.000ns period=10.000ns})
  Destination:            u_crc/acc_reg[30]/D
                            (rising edge-triggered cell FDPE clocked by clk  {rise@0.000ns fall@5.000ns period=10.000ns})
  Path Group:             clk
  Path Type:              Setup (Max at Slow Process Corner)
  Requirement:            10.000ns  (clk rise@10.000ns - clk rise@0.000ns)
  Data Path Delay:        7.956ns  (logic 3.382ns (42.509%)  route 4.574ns (57.491%))
  Logic Levels:           10  (CARRY4=4 LUT4=1 LUT5=2 LUT6=3)
  Clock Path Skew:        -0.049ns (DCD - SCD + CPR)
    Destination Clock Delay (DCD):    0.924ns = ( 10.924 - 10.000 ) 
    Source Clock Delay      (SCD):    0.973ns
    Clock Pessimism Removal (CPR):    0.000ns
  Clock Uncertainty:      0.035ns  ((TSJ^2 + TIJ^2)^1/2 + DJ) / 2 + PE
    Total System Jitter     (TSJ):    0.071ns
    Total Input Jitter      (TIJ):    0.000ns
    Discrete Jitter          (DJ):    0.000ns
    Phase Error              (PE):    0.000ns

    Location             Delay type                Incr(ns)  Path(ns)    Netlist Resource(s)
  -------------------------------------------------------------------    -------------------
                         (clock clk rise edge)        0.000     0.000 r  <hidden>
                                                      0.000     0.000 r  clk
                         net (fo=679, unset)          0.973     0.973    clk
                         FDCE                                         r  rx_words_reg[1]/C
  -------------------------------------------------------------------    -------------------
                         FDCE (Prop_fdce_C_Q)         0.478     1.451 r  rx_words_reg[1]/Q
                         net (fo=15, unplaced)        0.719     2.170    u_crc/page_ram_reg[1]
                         CARRY4 (Prop_carry4_S[0]_CO[3])
                                                      0.808     2.978 r  u_crc/nleft_reg[0]_i_22/CO[3]
                         net (fo=1, unplaced)         0.000     2.978    u_crc/nleft_reg[0]_i_22_n_0
                         CARRY4 (Prop_carry4_CI_O[1])
                                                      0.337     3.315 r  u_crc/nleft_reg[0]_i_21/O[1]
                         net (fo=5, unplaced)         0.639     3.954    u_crc/payload_byte_pos[8]
                         LUT4 (Prop_lut4_I0_O)        0.306     4.260 r  u_crc/nleft[1]_i_33/O
                         net (fo=1, unplaced)         0.000     4.260    u_crc/nleft[1]_i_33_n_0
                         CARRY4 (Prop_carry4_S[3]_CO[3])
                                                      0.376     4.636 r  u_crc/nleft_reg[1]_i_17/CO[3]
                         net (fo=1, unplaced)         0.000     4.636    u_crc/nleft_reg[1]_i_17_n_0
                         CARRY4 (Prop_carry4_CI_O[2])
                                                      0.256     4.892 f  u_crc/nleft_reg[1]_i_18/O[2]
                         net (fo=1, unplaced)         0.735     5.627    u_crc/nleft_reg[1]_i_18_n_5
                         LUT6 (Prop_lut6_I0_O)        0.301     5.928 r  u_crc/nleft[1]_i_13/O
                         net (fo=3, unplaced)         0.750     6.678    u_crc/nleft[1]_i_13_n_0
                         LUT6 (Prop_lut6_I3_O)        0.124     6.802 r  u_crc/nleft[1]_i_8/O
                         net (fo=7, unplaced)         0.484     7.286    u_crc/nleft[1]_i_8_n_0
                         LUT6 (Prop_lut6_I3_O)        0.124     7.410 r  u_crc/acc[31]_i_2/O
                         net (fo=8, unplaced)         0.770     8.180    u_crc/acc[31]_i_2_n_0
                         LUT5 (Prop_lut5_I0_O)        0.148     8.328 f  u_crc/acc[30]_i_2/O
                         net (fo=5, unplaced)         0.477     8.805    u_crc/acc[30]_i_2_n_0
                         LUT5 (Prop_lut5_I0_O)        0.124     8.929 r  u_crc/acc[30]_i_1/O
                         net (fo=1, unplaced)         0.000     8.929    u_crc/acc[30]_i_1_n_0
                         FDPE                                         r  u_crc/acc_reg[30]/D
  -------------------------------------------------------------------    -------------------

                         (clock clk rise edge)       10.000    10.000 r  <hidden>
                                                      0.000    10.000 r  clk
                         net (fo=679, unset)          0.924    10.924    u_crc/clk
                         FDPE                                         r  u_crc/acc_reg[30]/C
                         clock pessimism              0.000    10.924    <hidden>
                         clock uncertainty           -0.035    10.889    <hidden>
                         FDPE (Setup_fdpe_C_D)        0.044    10.933    u_crc/acc_reg[30]
  -------------------------------------------------------------------
                         required time                         10.933    <hidden>
                         arrival time                          -8.929    <hidden>
  -------------------------------------------------------------------
                         slack                                  2.004    <hidden>

Slack (MET) :             2.030ns  (required time - arrival time)
  Source:                 rx_words_reg[1]/C
                            (rising edge-triggered cell FDCE clocked by clk  {rise@0.000ns fall@5.000ns period=10.000ns})
  Destination:            u_crc/acc_reg[24]/D
                            (rising edge-triggered cell FDPE clocked by clk  {rise@0.000ns fall@5.000ns period=10.000ns})
  Path Group:             clk
  Path Type:              Setup (Max at Slow Process Corner)
  Requirement:            10.000ns  (clk rise@10.000ns - clk rise@0.000ns)
  Data Path Delay:        7.930ns  (logic 3.374ns (42.547%)  route 4.556ns (57.453%))
  Logic Levels:           10  (CARRY4=4 LUT4=2 LUT5=1 LUT6=3)
  Clock Path Skew:        -0.049ns (DCD - SCD + CPR)
    Destination Clock Delay (DCD):    0.924ns = ( 10.924 - 10.000 ) 
    Source Clock Delay      (SCD):    0.973ns
    Clock Pessimism Removal (CPR):    0.000ns
  Clock Uncertainty:      0.035ns  ((TSJ^2 + TIJ^2)^1/2 + DJ) / 2 + PE
    Total System Jitter     (TSJ):    0.071ns
    Total Input Jitter      (TIJ):    0.000ns
    Discrete Jitter          (DJ):    0.000ns
    Phase Error              (PE):    0.000ns

    Location             Delay type                Incr(ns)  Path(ns)    Netlist Resource(s)
  -------------------------------------------------------------------    -------------------
                         (clock clk rise edge)        0.000     0.000 r  <hidden>
                                                      0.000     0.000 r  clk
                         net (fo=679, unset)          0.973     0.973    clk
                         FDCE                                         r  rx_words_reg[1]/C
  -------------------------------------------------------------------    -------------------
                         FDCE (Prop_fdce_C_Q)         0.478     1.451 r  rx_words_reg[1]/Q
                         net (fo=15, unplaced)        0.719     2.170    u_crc/page_ram_reg[1]
                         CARRY4 (Prop_carry4_S[0]_CO[3])
                                                      0.808     2.978 r  u_crc/nleft_reg[0]_i_22/CO[3]
                         net (fo=1, unplaced)         0.000     2.978    u_crc/nleft_reg[0]_i_22_n_0
                         CARRY4 (Prop_carry4_CI_O[1])
                                                      0.337     3.315 r  u_crc/nleft_reg[0]_i_21/O[1]
                         net (fo=5, unplaced)         0.639     3.954    u_crc/payload_byte_pos[8]
                         LUT4 (Prop_lut4_I0_O)        0.306     4.260 r  u_crc/nleft[1]_i_33/O
                         net (fo=1, unplaced)         0.000     4.260    u_crc/nleft[1]_i_33_n_0
                         CARRY4 (Prop_carry4_S[3]_CO[3])
                                                      0.376     4.636 r  u_crc/nleft_reg[1]_i_17/CO[3]
                         net (fo=1, unplaced)         0.000     4.636    u_crc/nleft_reg[1]_i_17_n_0
                         CARRY4 (Prop_carry4_CI_O[2])
                                                      0.256     4.892 f  u_crc/nleft_reg[1]_i_18/O[2]
                         net (fo=1, unplaced)         0.735     5.627    u_crc/nleft_reg[1]_i_18_n_5
                         LUT6 (Prop_lut6_I0_O)        0.301     5.928 r  u_crc/nleft[1]_i_13/O
                         net (fo=3, unplaced)         0.750     6.678    u_crc/nleft[1]_i_13_n_0
                         LUT6 (Prop_lut6_I3_O)        0.124     6.802 r  u_crc/nleft[1]_i_8/O
                         net (fo=7, unplaced)         0.484     7.286    u_crc/nleft[1]_i_8_n_0
                         LUT4 (Prop_lut4_I1_O)        0.116     7.402 r  u_crc/acc[16]_i_2/O
                         net (fo=12, unplaced)        0.780     8.182    u_crc/acc[16]_i_2_n_0
                         LUT5 (Prop_lut5_I0_O)        0.148     8.330 r  u_crc/acc[24]_i_3/O
                         net (fo=1, unplaced)         0.449     8.779    u_crc/acc[24]_i_3_n_0
                         LUT6 (Prop_lut6_I2_O)        0.124     8.903 r  u_crc/acc[24]_i_1/O
                         net (fo=1, unplaced)         0.000     8.903    u_crc/acc[24]_i_1_n_0
                         FDPE                                         r  u_crc/acc_reg[24]/D
  -------------------------------------------------------------------    -------------------

                         (clock clk rise edge)       10.000    10.000 r  <hidden>
                                                      0.000    10.000 r  clk
                         net (fo=679, unset)          0.924    10.924    u_crc/clk
                         FDPE                                         r  u_crc/acc_reg[24]/C
                         clock pessimism              0.000    10.924    <hidden>
                         clock uncertainty           -0.035    10.889    <hidden>
                         FDPE (Setup_fdpe_C_D)        0.044    10.933    u_crc/acc_reg[24]
  -------------------------------------------------------------------
                         required time                         10.933    <hidden>
                         arrival time                          -8.903    <hidden>
  -------------------------------------------------------------------
                         slack                                  2.030    <hidden>

Slack (MET) :             2.034ns  (required time - arrival time)
  Source:                 rx_words_reg[1]/C
                            (rising edge-triggered cell FDCE clocked by clk  {rise@0.000ns fall@5.000ns period=10.000ns})
  Destination:            u_crc/acc_reg[20]/D
                            (rising edge-triggered cell FDPE clocked by clk  {rise@0.000ns fall@5.000ns period=10.000ns})
  Path Group:             clk
  Path Type:              Setup (Max at Slow Process Corner)
  Requirement:            10.000ns  (clk rise@10.000ns - clk rise@0.000ns)
  Data Path Delay:        7.926ns  (logic 3.382ns (42.670%)  route 4.544ns (57.330%))
  Logic Levels:           10  (CARRY4=4 LUT4=1 LUT5=1 LUT6=4)
  Clock Path Skew:        -0.049ns (DCD - SCD + CPR)
    Destination Clock Delay (DCD):    0.924ns = ( 10.924 - 10.000 ) 
    Source Clock Delay      (SCD):    0.973ns
    Clock Pessimism Removal (CPR):    0.000ns
  Clock Uncertainty:      0.035ns  ((TSJ^2 + TIJ^2)^1/2 + DJ) / 2 + PE
    Total System Jitter     (TSJ):    0.071ns
    Total Input Jitter      (TIJ):    0.000ns
    Discrete Jitter          (DJ):    0.000ns
    Phase Error              (PE):    0.000ns

    Location             Delay type                Incr(ns)  Path(ns)    Netlist Resource(s)
  -------------------------------------------------------------------    -------------------
                         (clock clk rise edge)        0.000     0.000 r  <hidden>
                                                      0.000     0.000 r  clk
                         net (fo=679, unset)          0.973     0.973    clk
                         FDCE                                         r  rx_words_reg[1]/C
  -------------------------------------------------------------------    -------------------
                         FDCE (Prop_fdce_C_Q)         0.478     1.451 r  rx_words_reg[1]/Q
                         net (fo=15, unplaced)        0.719     2.170    u_crc/page_ram_reg[1]
                         CARRY4 (Prop_carry4_S[0]_CO[3])
                                                      0.808     2.978 r  u_crc/nleft_reg[0]_i_22/CO[3]
                         net (fo=1, unplaced)         0.000     2.978    u_crc/nleft_reg[0]_i_22_n_0
                         CARRY4 (Prop_carry4_CI_O[1])
                                                      0.337     3.315 r  u_crc/nleft_reg[0]_i_21/O[1]
                         net (fo=5, unplaced)         0.639     3.954    u_crc/payload_byte_pos[8]
                         LUT4 (Prop_lut4_I0_O)        0.306     4.260 r  u_crc/nleft[1]_i_33/O
                         net (fo=1, unplaced)         0.000     4.260    u_crc/nleft[1]_i_33_n_0
                         CARRY4 (Prop_carry4_S[3]_CO[3])
                                                      0.376     4.636 r  u_crc/nleft_reg[1]_i_17/CO[3]
                         net (fo=1, unplaced)         0.000     4.636    u_crc/nleft_reg[1]_i_17_n_0
                         CARRY4 (Prop_carry4_CI_O[2])
                                                      0.256     4.892 f  u_crc/nleft_reg[1]_i_18/O[2]
                         net (fo=1, unplaced)         0.735     5.627    u_crc/nleft_reg[1]_i_18_n_5
                         LUT6 (Prop_lut6_I0_O)        0.301     5.928 r  u_crc/nleft[1]_i_13/O
                         net (fo=3, unplaced)         0.750     6.678    u_crc/nleft[1]_i_13_n_0
                         LUT6 (Prop_lut6_I3_O)        0.124     6.802 r  u_crc/nleft[1]_i_8/O
                         net (fo=7, unplaced)         0.484     7.286    u_crc/nleft[1]_i_8_n_0
                         LUT6 (Prop_lut6_I3_O)        0.124     7.410 r  u_crc/acc[31]_i_2/O
                         net (fo=8, unplaced)         0.770     8.180    u_crc/acc[31]_i_2_n_0
                         LUT5 (Prop_lut5_I0_O)        0.148     8.328 r  u_crc/acc[30]_i_2/O
                         net (fo=5, unplaced)         0.447     8.775    u_crc/acc[30]_i_2_n_0
                         LUT6 (Prop_lut6_I1_O)        0.124     8.899 r  u_crc/acc[20]_i_1/O
                         net (fo=1, unplaced)         0.000     8.899    u_crc/acc[20]_i_1_n_0
                         FDPE                                         r  u_crc/acc_reg[20]/D
  -------------------------------------------------------------------    -------------------

                         (clock clk rise edge)       10.000    10.000 r  <hidden>
                                                      0.000    10.000 r  clk
                         net (fo=679, unset)          0.924    10.924    u_crc/clk
                         FDPE                                         r  u_crc/acc_reg[20]/C
                         clock pessimism              0.000    10.924    <hidden>
                         clock uncertainty           -0.035    10.889    <hidden>
                         FDPE (Setup_fdpe_C_D)        0.044    10.933    u_crc/acc_reg[20]
  -------------------------------------------------------------------
                         required time                         10.933    <hidden>
                         arrival time                          -8.899    <hidden>
  -------------------------------------------------------------------
                         slack                                  2.034    <hidden>




