Vivado Simulator v2026.1
Copyright 1986-2022 Xilinx, Inc. All Rights Reserved.
Copyright 2022-2026 Advanced Micro Devices, Inc. All Rights Reserved.
Running: C:/2026.1/Vivado/bin/unwrapped/win64.o/xelab.exe tb_pack_abi24_mig_dut -snapshot tb_pa24_mig -timescale 1ns/1ps 
Multi-threading is on. Using 14 slave threads.
Starting static elaboration
Pass Through NonSizing Optimizer
WARNING: [VRFC 10-3645] port 'pack_quiescent' remains unconnected for this instance [D:/FPGA/NATIVE_AI_DEVELOPMENTAL_HARDWARE_R1_PACKAGE_20260914-20260914T045403Z-1-001/CANON_BLUEPRINT/tb/native_ai/loader/tb_pack_abi24_mig_dut.sv:21]
Completed static elaboration
Starting simulation data flow analysis
Completed simulation data flow analysis
Time Resolution for simulation is 1ps
Compiling package work.$unit_crc32_iso_hdlc_sv_29019895...
Compiling module work.crc32_iso_hdlc
Compiling module work.pack_loader
Compiling module work.mig_ui32
Compiling module work.pack_mig_bind
Compiling module work.mig_ui_bram
Compiling module work.pack_abi24_mig_dut
Compiling module work.tb_pack_abi24_mig_dut
Built simulation snapshot tb_pa24_mig
