Vivado Simulator v2026.1
Copyright 1986-2022 Xilinx, Inc. All Rights Reserved.
Copyright 2022-2026 Advanced Micro Devices, Inc. All Rights Reserved.
Running: C:/2026.1/Vivado/bin/unwrapped/win64.o/xelab.exe tb_uart_pack -snapshot snap_uart_pack -timescale 1ns/1ps 
Multi-threading is on. Using 14 slave threads.
Starting static elaboration
Pass Through NonSizing Optimizer
Completed static elaboration
Starting simulation data flow analysis
Completed simulation data flow analysis
Time Resolution for simulation is 1ps
Compiling module work.uart_rx_word_default
Compiling module work.crc32_iso_hdlc
Compiling module work.pack_loader
Compiling module work.mig_ui32
Compiling module work.pack_mig_bind
Compiling module work.mig_ui_mux
Compiling module work.mig_ui_bram
Compiling module work.uart_tx_word_default
Compiling module work.tb_uart_pack
WARNING: [XSIM 43-3373] "D:/FPGA/NATIVE_AI_DEVELOPMENTAL_HARDWARE_R1_PACKAGE_20260914-20260914T045403Z-1-001/CANON_BLUEPRINT/tb/native_ai/board/tb_uart_pack.sv" Line 111. System function $fscanf is used as system task. This system function should have a LHS e.g. x=$fscanf().
WARNING: [XSIM 43-3373] "D:/FPGA/NATIVE_AI_DEVELOPMENTAL_HARDWARE_R1_PACKAGE_20260914-20260914T045403Z-1-001/CANON_BLUEPRINT/tb/native_ai/board/tb_uart_pack.sv" Line 112. System function $fscanf is used as system task. This system function should have a LHS e.g. x=$fscanf().
Built simulation snapshot snap_uart_pack
