#-----------------------------------------------------------
# xsim v2026.1 (64-bit)
# SW Build 6511674 on Tue Jun 16 11:02:23 MDT 2026
# IP Build 6504888 on Tue Jun 09 09:05:25 MDT 2026
# SharedData Build 6501428 on Mon Jun 08 17:34:18 MDT 2026
# Start of session at: Sat Sep 19 09:20:33 2026
# Process ID         : 25840
# Current directory  : D:/FPGA/arty_d/D_DEST_LIFECYCLE_OBS_01/xsim_mig0
# Command line       : xsim.exe -log xsim_mig0_pkgqsc.log -mode tcl -source {xsim.dir/tb_obs01_mig0_pkgqsc/xsim_script.tcl}
# Log file           : D:/FPGA/arty_d/D_DEST_LIFECYCLE_OBS_01/xsim_mig0/xsim_mig0_pkgqsc.log
# Journal file       : D:/FPGA/arty_d/D_DEST_LIFECYCLE_OBS_01/xsim_mig0\xsim.jou
# Running On         : laptop-Quan
# Platform           : Windows 11
# Operating System   : 22621
# Processor Detail   : AMD Ryzen 7 5800HS with Radeon Graphics         
# CPU Frequency      : 3194 MHz
# CPU Physical cores : 8
# CPU Logical cores  : 16
# Host memory        : 16541 MB
# Swap memory        : 26013 MB
# Total Virtual      : 42554 MB
# Available Virtual  : 12825 MB
#-----------------------------------------------------------
source xsim.dir/tb_obs01_mig0_pkgqsc/xsim_script.tcl
# xsim {tb_obs01_mig0_pkgqsc} -autoloadwcfg -runall
Time resolution is 1 fs
run -all
WARNING: file design.txt could not be opened
 *** Warning: The analog data file design.txt for XADC instance tb_dest_lifecycle_obs_01_mig0.u_mig0.u_mig0_mig.temp_mon_enabled.u_tempmon.xadc_supplied_temperature.XADC_inst was not found. Use the SIM_MONITOR_FILE parameter to specify the analog data file name or use the default name: design.txt.

############# Write Clocks PLLE2_ADV Parameters #############

nCK_PER_CLK      =       4
CLK_PERIOD       =    6000
CLKIN1_PERIOD    =   6.000
DIVCLK_DIVIDE    =       1
CLKFBOUT_MULT    =       8
VCO_PERIOD       =   750.0
CLKOUT0_DIVIDE_F =       2
CLKOUT1_DIVIDE   =       4
CLKOUT2_DIVIDE   =      64
CLKOUT3_DIVIDE   =      16
CLKOUT0_PERIOD   =    1500
CLKOUT1_PERIOD   =    3000
CLKOUT2_PERIOD   =   48000
CLKOUT3_PERIOD   =   12000
CLKOUT4_PERIOD   =    6000
############################################################

############# MMCME2_ADV Parameters #############

MMCM_MULT_F           =           8
MMCM_VCO_FREQ (MHz)   = 666.000
MMCM_VCO_PERIOD       = 1501.502
#################################################

tb_dest_lifecycle_obs_01_mig0.u_mig0.u_mig0_mig.u_memc_ui_top_std.mem_intfc0.ddr_phy_top0.u_ddr_mc_phy_wrapper.u_ddr_mc_phy : BYTE_LANES_B0 = f BYTE_LANES_B1 = 0 DATA_CTL_B0 = c DATA_CTL_B1 = 0
tb_dest_lifecycle_obs_01_mig0.u_mig0.u_mig0_mig.u_memc_ui_top_std.mem_intfc0.ddr_phy_top0.u_ddr_mc_phy_wrapper.u_ddr_mc_phy : HIGHEST_LANE =           4 HIGHEST_LANE_B0 =           4 HIGHEST_LANE_B1 =           0
tb_dest_lifecycle_obs_01_mig0.u_mig0.u_mig0_mig.u_memc_ui_top_std.mem_intfc0.ddr_phy_top0.u_ddr_mc_phy_wrapper.u_ddr_mc_phy : HIGHEST_BANK =           1
tb_dest_lifecycle_obs_01_mig0.u_mig0.u_mig0_mig.u_memc_ui_top_std.mem_intfc0.ddr_phy_top0.u_ddr_mc_phy_wrapper.u_ddr_mc_phy : FREQ_REF_PERIOD         = 1500.00 
tb_dest_lifecycle_obs_01_mig0.u_mig0.u_mig0_mig.u_memc_ui_top_std.mem_intfc0.ddr_phy_top0.u_ddr_mc_phy_wrapper.u_ddr_mc_phy : DDR_TCK                 = 3000 
tb_dest_lifecycle_obs_01_mig0.u_mig0.u_mig0_mig.u_memc_ui_top_std.mem_intfc0.ddr_phy_top0.u_ddr_mc_phy_wrapper.u_ddr_mc_phy : PO_S2_TAPS_SIZE         = 11.72 
tb_dest_lifecycle_obs_01_mig0.u_mig0.u_mig0_mig.u_memc_ui_top_std.mem_intfc0.ddr_phy_top0.u_ddr_mc_phy_wrapper.u_ddr_mc_phy : PO_CIRC_BUF_EARLY       = 1 
tb_dest_lifecycle_obs_01_mig0.u_mig0.u_mig0_mig.u_memc_ui_top_std.mem_intfc0.ddr_phy_top0.u_ddr_mc_phy_wrapper.u_ddr_mc_phy : PO_CIRC_BUF_OFFSET      = 1557.90 
tb_dest_lifecycle_obs_01_mig0.u_mig0.u_mig0_mig.u_memc_ui_top_std.mem_intfc0.ddr_phy_top0.u_ddr_mc_phy_wrapper.u_ddr_mc_phy : PO_CIRC_BUF_META_ZONE   = 200.00 
tb_dest_lifecycle_obs_01_mig0.u_mig0.u_mig0_mig.u_memc_ui_top_std.mem_intfc0.ddr_phy_top0.u_ddr_mc_phy_wrapper.u_ddr_mc_phy : PO_STG2_FINE_INTR_DLY   = 874.70 
tb_dest_lifecycle_obs_01_mig0.u_mig0.u_mig0_mig.u_memc_ui_top_std.mem_intfc0.ddr_phy_top0.u_ddr_mc_phy_wrapper.u_ddr_mc_phy : PO_STG2_COARSE_INTR_DLY = 567.40 
tb_dest_lifecycle_obs_01_mig0.u_mig0.u_mig0_mig.u_memc_ui_top_std.mem_intfc0.ddr_phy_top0.u_ddr_mc_phy_wrapper.u_ddr_mc_phy : PO_STG2_INTRINSIC_DELAY = 1442.10 
tb_dest_lifecycle_obs_01_mig0.u_mig0.u_mig0_mig.u_memc_ui_top_std.mem_intfc0.ddr_phy_top0.u_ddr_mc_phy_wrapper.u_ddr_mc_phy : PO_CIRC_BUF_DELAY       = 60 
tb_dest_lifecycle_obs_01_mig0.u_mig0.u_mig0_mig.u_memc_ui_top_std.mem_intfc0.ddr_phy_top0.u_ddr_mc_phy_wrapper.u_ddr_mc_phy : PO_INTRINSIC_DELAY      = 1442.10 
tb_dest_lifecycle_obs_01_mig0.u_mig0.u_mig0_mig.u_memc_ui_top_std.mem_intfc0.ddr_phy_top0.u_ddr_mc_phy_wrapper.u_ddr_mc_phy : PO_DELAY                = 2145.22 
tb_dest_lifecycle_obs_01_mig0.u_mig0.u_mig0_mig.u_memc_ui_top_std.mem_intfc0.ddr_phy_top0.u_ddr_mc_phy_wrapper.u_ddr_mc_phy : PO_OCLK_DELAY           = 0 
tb_dest_lifecycle_obs_01_mig0.u_mig0.u_mig0_mig.u_memc_ui_top_std.mem_intfc0.ddr_phy_top0.u_ddr_mc_phy_wrapper.u_ddr_mc_phy : L_PHY_0_PO_FINE_DELAY   = 60 
tb_dest_lifecycle_obs_01_mig0.u_mig0.u_mig0_mig.u_memc_ui_top_std.mem_intfc0.ddr_phy_top0.u_ddr_mc_phy_wrapper.u_ddr_mc_phy : PI_STG1_INTRINSIC_DELAY = 0.00 
tb_dest_lifecycle_obs_01_mig0.u_mig0.u_mig0_mig.u_memc_ui_top_std.mem_intfc0.ddr_phy_top0.u_ddr_mc_phy_wrapper.u_ddr_mc_phy : PI_STG2_INTRINSIC_DELAY = 849.45 
tb_dest_lifecycle_obs_01_mig0.u_mig0.u_mig0_mig.u_memc_ui_top_std.mem_intfc0.ddr_phy_top0.u_ddr_mc_phy_wrapper.u_ddr_mc_phy : PI_INTRINSIC_DELAY      = 849.45 
tb_dest_lifecycle_obs_01_mig0.u_mig0.u_mig0_mig.u_memc_ui_top_std.mem_intfc0.ddr_phy_top0.u_ddr_mc_phy_wrapper.u_ddr_mc_phy : PI_MAX_STG2_DELAY       = 738.28 
tb_dest_lifecycle_obs_01_mig0.u_mig0.u_mig0_mig.u_memc_ui_top_std.mem_intfc0.ddr_phy_top0.u_ddr_mc_phy_wrapper.u_ddr_mc_phy : PI_OFFSET               = 96.00 
tb_dest_lifecycle_obs_01_mig0.u_mig0.u_mig0_mig.u_memc_ui_top_std.mem_intfc0.ddr_phy_top0.u_ddr_mc_phy_wrapper.u_ddr_mc_phy : PI_STG2_DELAY           = 96.00 
tb_dest_lifecycle_obs_01_mig0.u_mig0.u_mig0_mig.u_memc_ui_top_std.mem_intfc0.ddr_phy_top0.u_ddr_mc_phy_wrapper.u_ddr_mc_phy :PI_STG2_DELAY_CAND       = 96.00 
tb_dest_lifecycle_obs_01_mig0.u_mig0.u_mig0_mig.u_memc_ui_top_std.mem_intfc0.ddr_phy_top0.u_ddr_mc_phy_wrapper.u_ddr_mc_phy : DEFAULT_RCLK_DELAY      = 8 
tb_dest_lifecycle_obs_01_mig0.u_mig0.u_mig0_mig.u_memc_ui_top_std.mem_intfc0.ddr_phy_top0.u_ddr_mc_phy_wrapper.u_ddr_mc_phy : RCLK_SELECT_EDGE        = 111 
OBS01_MIG0_WAIT_CALIB PACK_ABI_24_24_PASS=NO dest=generated_mig0
tb_dest_lifecycle_obs_01_mig0.u_ddr3.reset at time 1646725.0 ps WARNING: 200 us is required before RST_N goes inactive.
tb_dest_lifecycle_obs_01_mig0.u_ddr3.cmd_task at time 1725466.0 ps WARNING: 500 us is required after RST_N goes inactive before CKE goes active.
PHY_INIT: Memory Initialization completed at 11282725.0 ps
PHY_INIT: Phaser_In Phase Locked at 13142725.0 ps
PHY_INIT: Phaser_In DQSFOUND completed at 41714725.0 ps
tb_dest_lifecycle_obs_01_mig0.u_ddr3.dqs_pos_timing_check: at time 46739136.0 ps WARNING: tWLS violation on DQS bit  0 positive edge.  Indeterminate CK capture is possible.
tb_dest_lifecycle_obs_01_mig0.u_ddr3.dqs_pos_timing_check: at time 46739136.0 ps WARNING: tWLS violation on DQS bit  1 positive edge.  Indeterminate CK capture is possible.
tb_dest_lifecycle_obs_01_mig0.u_ddr3.dqs_pos_timing_check: at time 46742136.0 ps WARNING: tWLS violation on DQS bit  0 positive edge.  Indeterminate CK capture is possible.
tb_dest_lifecycle_obs_01_mig0.u_ddr3.dqs_pos_timing_check: at time 46742136.0 ps WARNING: tWLS violation on DQS bit  1 positive edge.  Indeterminate CK capture is possible.
tb_dest_lifecycle_obs_01_mig0.u_ddr3.dqs_pos_timing_check: at time 46745136.0 ps WARNING: tWLS violation on DQS bit  0 positive edge.  Indeterminate CK capture is possible.
tb_dest_lifecycle_obs_01_mig0.u_ddr3.dqs_pos_timing_check: at time 46745136.0 ps WARNING: tWLS violation on DQS bit  1 positive edge.  Indeterminate CK capture is possible.
tb_dest_lifecycle_obs_01_mig0.u_ddr3.dqs_pos_timing_check: at time 46748136.0 ps WARNING: tWLS violation on DQS bit  0 positive edge.  Indeterminate CK capture is possible.
tb_dest_lifecycle_obs_01_mig0.u_ddr3.dqs_pos_timing_check: at time 46748136.0 ps WARNING: tWLS violation on DQS bit  1 positive edge.  Indeterminate CK capture is possible.
tb_dest_lifecycle_obs_01_mig0.u_ddr3.dqs_pos_timing_check: at time 46751136.0 ps WARNING: tWLS violation on DQS bit  0 positive edge.  Indeterminate CK capture is possible.
tb_dest_lifecycle_obs_01_mig0.u_ddr3.dqs_pos_timing_check: at time 46751136.0 ps WARNING: tWLS violation on DQS bit  1 positive edge.  Indeterminate CK capture is possible.
tb_dest_lifecycle_obs_01_mig0.u_ddr3.dqs_pos_timing_check: at time 46895136.0 ps WARNING: tWLS violation on DQS bit  0 positive edge.  Indeterminate CK capture is possible.
tb_dest_lifecycle_obs_01_mig0.u_ddr3.dqs_pos_timing_check: at time 46895136.0 ps WARNING: tWLS violation on DQS bit  1 positive edge.  Indeterminate CK capture is possible.
tb_dest_lifecycle_obs_01_mig0.u_ddr3.dqs_pos_timing_check: at time 46898136.0 ps WARNING: tWLS violation on DQS bit  0 positive edge.  Indeterminate CK capture is possible.
tb_dest_lifecycle_obs_01_mig0.u_ddr3.dqs_pos_timing_check: at time 46898136.0 ps WARNING: tWLS violation on DQS bit  1 positive edge.  Indeterminate CK capture is possible.
tb_dest_lifecycle_obs_01_mig0.u_ddr3.dqs_pos_timing_check: at time 46901136.0 ps WARNING: tWLS violation on DQS bit  0 positive edge.  Indeterminate CK capture is possible.
tb_dest_lifecycle_obs_01_mig0.u_ddr3.dqs_pos_timing_check: at time 46901136.0 ps WARNING: tWLS violation on DQS bit  1 positive edge.  Indeterminate CK capture is possible.
tb_dest_lifecycle_obs_01_mig0.u_ddr3.dqs_pos_timing_check: at time 46904136.0 ps WARNING: tWLS violation on DQS bit  0 positive edge.  Indeterminate CK capture is possible.
tb_dest_lifecycle_obs_01_mig0.u_ddr3.dqs_pos_timing_check: at time 46904136.0 ps WARNING: tWLS violation on DQS bit  1 positive edge.  Indeterminate CK capture is possible.
tb_dest_lifecycle_obs_01_mig0.u_ddr3.dqs_pos_timing_check: at time 46907136.0 ps WARNING: tWLS violation on DQS bit  0 positive edge.  Indeterminate CK capture is possible.
tb_dest_lifecycle_obs_01_mig0.u_ddr3.dqs_pos_timing_check: at time 46907136.0 ps WARNING: tWLS violation on DQS bit  1 positive edge.  Indeterminate CK capture is possible.
tb_dest_lifecycle_obs_01_mig0.u_ddr3.dqs_pos_timing_check: at time 47051136.0 ps WARNING: tWLS violation on DQS bit  0 positive edge.  Indeterminate CK capture is possible.
tb_dest_lifecycle_obs_01_mig0.u_ddr3.dqs_pos_timing_check: at time 47051136.0 ps WARNING: tWLS violation on DQS bit  1 positive edge.  Indeterminate CK capture is possible.
tb_dest_lifecycle_obs_01_mig0.u_ddr3.dqs_pos_timing_check: at time 47054136.0 ps WARNING: tWLS violation on DQS bit  0 positive edge.  Indeterminate CK capture is possible.
tb_dest_lifecycle_obs_01_mig0.u_ddr3.dqs_pos_timing_check: at time 47054136.0 ps WARNING: tWLS violation on DQS bit  1 positive edge.  Indeterminate CK capture is possible.
tb_dest_lifecycle_obs_01_mig0.u_ddr3.dqs_pos_timing_check: at time 47057136.0 ps WARNING: tWLS violation on DQS bit  0 positive edge.  Indeterminate CK capture is possible.
tb_dest_lifecycle_obs_01_mig0.u_ddr3.dqs_pos_timing_check: at time 47057136.0 ps WARNING: tWLS violation on DQS bit  1 positive edge.  Indeterminate CK capture is possible.
tb_dest_lifecycle_obs_01_mig0.u_ddr3.dqs_pos_timing_check: at time 47060136.0 ps WARNING: tWLS violation on DQS bit  0 positive edge.  Indeterminate CK capture is possible.
tb_dest_lifecycle_obs_01_mig0.u_ddr3.dqs_pos_timing_check: at time 47060136.0 ps WARNING: tWLS violation on DQS bit  1 positive edge.  Indeterminate CK capture is possible.
tb_dest_lifecycle_obs_01_mig0.u_ddr3.dqs_pos_timing_check: at time 47063136.0 ps WARNING: tWLS violation on DQS bit  0 positive edge.  Indeterminate CK capture is possible.
tb_dest_lifecycle_obs_01_mig0.u_ddr3.dqs_pos_timing_check: at time 47063136.0 ps WARNING: tWLS violation on DQS bit  1 positive edge.  Indeterminate CK capture is possible.
tb_dest_lifecycle_obs_01_mig0.u_ddr3.dqs_pos_timing_check: at time 47207160.0 ps WARNING: tWLS violation on DQS bit  0 positive edge.  Indeterminate CK capture is possible.
tb_dest_lifecycle_obs_01_mig0.u_ddr3.dqs_pos_timing_check: at time 47207160.0 ps WARNING: tWLS violation on DQS bit  1 positive edge.  Indeterminate CK capture is possible.
tb_dest_lifecycle_obs_01_mig0.u_ddr3.dqs_pos_timing_check: at time 47210160.0 ps WARNING: tWLS violation on DQS bit  0 positive edge.  Indeterminate CK capture is possible.
tb_dest_lifecycle_obs_01_mig0.u_ddr3.dqs_pos_timing_check: at time 47210160.0 ps WARNING: tWLS violation on DQS bit  1 positive edge.  Indeterminate CK capture is possible.
tb_dest_lifecycle_obs_01_mig0.u_ddr3.dqs_pos_timing_check: at time 47213160.0 ps WARNING: tWLS violation on DQS bit  0 positive edge.  Indeterminate CK capture is possible.
tb_dest_lifecycle_obs_01_mig0.u_ddr3.dqs_pos_timing_check: at time 47213160.0 ps WARNING: tWLS violation on DQS bit  1 positive edge.  Indeterminate CK capture is possible.
tb_dest_lifecycle_obs_01_mig0.u_ddr3.dqs_pos_timing_check: at time 47216160.0 ps WARNING: tWLS violation on DQS bit  0 positive edge.  Indeterminate CK capture is possible.
tb_dest_lifecycle_obs_01_mig0.u_ddr3.dqs_pos_timing_check: at time 47216160.0 ps WARNING: tWLS violation on DQS bit  1 positive edge.  Indeterminate CK capture is possible.
tb_dest_lifecycle_obs_01_mig0.u_ddr3.dqs_pos_timing_check: at time 47219160.0 ps WARNING: tWLS violation on DQS bit  0 positive edge.  Indeterminate CK capture is possible.
tb_dest_lifecycle_obs_01_mig0.u_ddr3.dqs_pos_timing_check: at time 47219160.0 ps WARNING: tWLS violation on DQS bit  1 positive edge.  Indeterminate CK capture is possible.
tb_dest_lifecycle_obs_01_mig0.u_ddr3.dqs_pos_timing_check: at time 48462516.0 ps WARNING: tWLS violation on DQS bit  0 positive edge.  Indeterminate CK capture is possible.
tb_dest_lifecycle_obs_01_mig0.u_ddr3.dqs_pos_timing_check: at time 48462516.0 ps WARNING: tWLS violation on DQS bit  1 positive edge.  Indeterminate CK capture is possible.
tb_dest_lifecycle_obs_01_mig0.u_ddr3.dqs_pos_timing_check: at time 48465516.0 ps WARNING: tWLS violation on DQS bit  0 positive edge.  Indeterminate CK capture is possible.
tb_dest_lifecycle_obs_01_mig0.u_ddr3.dqs_pos_timing_check: at time 48465516.0 ps WARNING: tWLS violation on DQS bit  1 positive edge.  Indeterminate CK capture is possible.
tb_dest_lifecycle_obs_01_mig0.u_ddr3.dqs_pos_timing_check: at time 48468516.0 ps WARNING: tWLS violation on DQS bit  0 positive edge.  Indeterminate CK capture is possible.
tb_dest_lifecycle_obs_01_mig0.u_ddr3.dqs_pos_timing_check: at time 48468516.0 ps WARNING: tWLS violation on DQS bit  1 positive edge.  Indeterminate CK capture is possible.
tb_dest_lifecycle_obs_01_mig0.u_ddr3.dqs_pos_timing_check: at time 48612516.0 ps WARNING: tWLS violation on DQS bit  0 positive edge.  Indeterminate CK capture is possible.
tb_dest_lifecycle_obs_01_mig0.u_ddr3.dqs_pos_timing_check: at time 48612516.0 ps WARNING: tWLS violation on DQS bit  1 positive edge.  Indeterminate CK capture is possible.
tb_dest_lifecycle_obs_01_mig0.u_ddr3.dqs_pos_timing_check: at time 48615516.0 ps WARNING: tWLS violation on DQS bit  0 positive edge.  Indeterminate CK capture is possible.
tb_dest_lifecycle_obs_01_mig0.u_ddr3.dqs_pos_timing_check: at time 48615516.0 ps WARNING: tWLS violation on DQS bit  1 positive edge.  Indeterminate CK capture is possible.
tb_dest_lifecycle_obs_01_mig0.u_ddr3.dqs_pos_timing_check: at time 48618516.0 ps WARNING: tWLS violation on DQS bit  0 positive edge.  Indeterminate CK capture is possible.
tb_dest_lifecycle_obs_01_mig0.u_ddr3.dqs_pos_timing_check: at time 48618516.0 ps WARNING: tWLS violation on DQS bit  1 positive edge.  Indeterminate CK capture is possible.
tb_dest_lifecycle_obs_01_mig0.u_ddr3.dqs_pos_timing_check: at time 48621516.0 ps WARNING: tWLS violation on DQS bit  0 positive edge.  Indeterminate CK capture is possible.
tb_dest_lifecycle_obs_01_mig0.u_ddr3.dqs_pos_timing_check: at time 48621516.0 ps WARNING: tWLS violation on DQS bit  1 positive edge.  Indeterminate CK capture is possible.
tb_dest_lifecycle_obs_01_mig0.u_ddr3.dqs_pos_timing_check: at time 48624516.0 ps WARNING: tWLS violation on DQS bit  0 positive edge.  Indeterminate CK capture is possible.
tb_dest_lifecycle_obs_01_mig0.u_ddr3.dqs_pos_timing_check: at time 48624516.0 ps WARNING: tWLS violation on DQS bit  1 positive edge.  Indeterminate CK capture is possible.
PHY_INIT: Write Leveling completed at 48626725.0 ps
PHY_INIT: Read Leveling Stage 1 completed at 88142725.0 ps
PHY_INIT : PRBS/PER_BIT calibration completed at 88142725.0 ps
PHY_INIT : COMPLEX OCLKDELAY calibration completed at 88142725.0 ps
PHY_INIT: Write Calibration completed at 99062725.0 ps
PHY_INIT: Write Calibration completed at 120074725.0 ps
OBS01_MIG0_CALIB_DONE t=122810625.0 ps
OBS01_START nwords=52 dest=mig0 USE_DEST_RDY=0 PACK_ABI_24_24_PASS=NO MIG0_BOARD_CAUSAL_CLASS=STILL_OPEN
OBS01_CLEAR1 ACK got=c1ea50a5 USE_DEST_RDY=0 dest_rdy=1 dest_wdf=1 qsc_ui=1 qsc_c1=1 dest_accept=1
BRANCH H1_CAUSAL_CLEAR1_ACK PACKAGE_QSC dest_rdy_not_in_qsc
OBS01_CKPT P0_BEGIN_ACCEPT t=451550625.0 ps ui_st=0 ui_out=0 ld_st=0 ld_out=0 cmd_acc=0 wdf_acc=0
OBS01_CKPT P1_MEM_CMD_WRITE_HS t=2451602625.0 ps ui_st=0 ui_out=0 ld_st=3 ld_out=0 cmd_acc=0 wdf_acc=0
OBS01_CKPT P2_APP_EN_RDY_WR t=2451626625.0 ps ui_st=1 ui_out=1 ld_st=3 ld_out=1 cmd_acc=0 wdf_acc=0
OBS01_CKPT P3_APP_WDF_HS_WR t=2451626625.0 ps ui_st=1 ui_out=1 ld_st=3 ld_out=1 cmd_acc=0 wdf_acc=0
OBS01_CKPT P4_ENTER_S_RD_AFTER_P2P3 t=2451638625.0 ps ui_st=2 ui_out=1 ld_st=3 ld_out=1 cmd_acc=1 wdf_acc=1
OBS01_CKPT P5_RD_CMD_ACCEPT t=2452010625.0 ps ui_st=2 ui_out=1 ld_st=3 ld_out=1 cmd_acc=1 wdf_acc=1
OBS01_CKPT P6_APP_RD_DATA_VALID t=2452310625.0 ps ui_st=3 ui_out=1 ld_st=3 ld_out=1 cmd_acc=1 wdf_acc=1
OBS01_CKPT P7_LANE_MATCH_WDATA_R t=2452310625.0 ps ui_st=3 ui_out=1 ld_st=3 ld_out=1 cmd_acc=1 wdf_acc=1
OBS01_CKPT P8_UI_OUTSTANDING_DEC t=2452334625.0 ps ui_st=5 ui_out=0 ld_st=3 ld_out=1 cmd_acc=1 wdf_acc=1
OBS01_CKPT P9_MEM_RESP_CONSUME t=2452706625.0 ps ui_st=5 ui_out=0 ld_st=3 ld_out=1 cmd_acc=1 wdf_acc=1
OBS01_CKPT P10_LOADER_OUT_ZERO t=2491562625.0 ps ui_st=0 ui_out=0 ld_st=4 ld_out=0 cmd_acc=0 wdf_acc=0
OBS01_CKPT P11_SENTINEL_OK t=2491862625.0 ps ui_st=5 ui_out=0 ld_st=6 ld_out=0 cmd_acc=0 wdf_acc=0
OBS01_CKPT P12_S_COMMIT t=2491874625.0 ps ui_st=0 ui_out=0 ld_st=7 ld_out=0 cmd_acc=0 wdf_acc=0
OBS01_CKPT P13_LOAD_ACK_RISE t=2491886625.0 ps ui_st=0 ui_out=0 ld_st=8 ld_out=0 cmd_acc=0 wdf_acc=0
OBS01_CKPT P14_STATUS_VALID_RISE t=2491898625.0 ps ui_st=0 ui_out=0 ld_st=0 ld_out=0 cmd_acc=0 wdf_acc=0
OBS01_CKPT P15_SETTLE_IDLE t=2492666625.0 ps ui_st=0 ui_out=0 ld_st=0 ld_out=0 cmd_acc=0 wdf_acc=0
OBS01_GOLD1 mute=0 got=010000a5 t1_seen=ffff last=P15_SETTLE_IDLE div=NONE
OBS01_AFTER_GOLD1_SETTLE q1_ui_idle=1 ui_st=0 ui_out=0 ld_st=0 t1_seen=ffff
OBS01_BEFORE_CLEAR2 q2_out0=1 ui_st=0 ui_out=0 ld_out=0 ld_busy=0 ui_busy=0
OBS01_QSC_VS_RDY dest_rdy=1 dest_wdf=1 p_rdy=0 p_wdf=0 mux_g=0 qsc_ui=1 qsc_c1=1 dest_accept=1 rst_loc=1 dclr=0
OBS01_QSC0_IDLE_COUNTS n=0 rdy0=0 rdy1=0 (rdy0=H1 window, rdy1=other qsc term)
OBS01_QSC0_WHILE_IDLE t=2581202625.0 ps dest_rdy=1 dest_wdf=1 p_rdy=0 mux_g=0 qsc_c1=1 dest_accept=1

