#-----------------------------------------------------------
# xsim v2026.1 (64-bit)
# SW Build 6511674 on Tue Jun 16 11:02:23 MDT 2026
# IP Build 6504888 on Tue Jun 09 09:05:25 MDT 2026
# SharedData Build 6501428 on Mon Jun 08 17:34:18 MDT 2026
# Start of session at: Wed Sep 16 18:09:12 2026
# Process ID         : 39572
# Current directory  : D:/FPGA/NATIVE_AI_DEVELOPMENTAL_HARDWARE_R1_PACKAGE_20260914-20260914T045403Z-1-001/CANON_BLUEPRINT/tb/native_ai/loader/build_pack_mig
# Command line       : xsim.exe -log D:\FPGA\NATIVE_AI_DEVELOPMENTAL_HARDWARE_R1_PACKAGE_20260914-20260914T045403Z-1-001\CANON_BLUEPRINT\tb\native_ai\loader\build_pack_mig\xsim.log -mode tcl -source {xsim.dir/snap_pack_mig/xsim_script.tcl}
# Log file           : D:/FPGA/NATIVE_AI_DEVELOPMENTAL_HARDWARE_R1_PACKAGE_20260914-20260914T045403Z-1-001/CANON_BLUEPRINT/tb/native_ai/loader/build_pack_mig/xsim.log
# Journal file       : D:/FPGA/NATIVE_AI_DEVELOPMENTAL_HARDWARE_R1_PACKAGE_20260914-20260914T045403Z-1-001/CANON_BLUEPRINT/tb/native_ai/loader/build_pack_mig\xsim.jou
# Running On         : laptop-Quan
# Platform           : Windows 11
# Operating System   : 22621
# Processor Detail   : AMD Ryzen 7 5800HS with Radeon Graphics         
# CPU Frequency      : 3194 MHz
# CPU Physical cores : 8
# CPU Logical cores  : 16
# Host memory        : 16541 MB
# Swap memory        : 31556 MB
# Total Virtual      : 48098 MB
# Available Virtual  : 13636 MB
#-----------------------------------------------------------
source xsim.dir/snap_pack_mig/xsim_script.tcl
# xsim {snap_pack_mig} -autoloadwcfg -tclbatch {run_all.tcl}
Time resolution is 1 ps
source run_all.tcl
## run -all
PASS V1 dest-complete
PASS V2
PASS V3
PASS V4
PASS V5 pre-release (ack=0 out=1 sent=51)
PASS V5 post-release dest-complete
PACK_MIG_UI32_XSIM_PASS 5 vectors dest-complete (not MIG_PASS)
$finish called at time : 25605 ns : File "D:/FPGA/NATIVE_AI_DEVELOPMENTAL_HARDWARE_R1_PACKAGE_20260914-20260914T045403Z-1-001/CANON_BLUEPRINT/tb/native_ai/loader/tb_pack_mig.sv" Line 122
## exit
INFO: [Common 17-206] Exiting xsim at Wed Sep 16 18:09:14 2026...
