#-----------------------------------------------------------
# xsim v2026.1 (64-bit)
# SW Build 6511674 on Tue Jun 16 11:02:23 MDT 2026
# IP Build 6504888 on Tue Jun 09 09:05:25 MDT 2026
# SharedData Build 6501428 on Mon Jun 08 17:34:18 MDT 2026
# Start of session at: Thu Sep 17 04:53:59 2026
# Process ID         : 22000
# Current directory  : D:/FPGA/arty_d/pack_debug_clear/xsim_uart
# Command line       : xsim.exe -log D:\FPGA\arty_d\pack_debug_clear\xsim_uart\xsim.log -mode tcl -source {xsim.dir/snap_clr/xsim_script.tcl}
# Log file           : D:/FPGA/arty_d/pack_debug_clear/xsim_uart/xsim.log
# Journal file       : D:/FPGA/arty_d/pack_debug_clear/xsim_uart\xsim.jou
# Running On         : laptop-Quan
# Platform           : Windows 11
# Operating System   : 22621
# Processor Detail   : AMD Ryzen 7 5800HS with Radeon Graphics         
# CPU Frequency      : 3194 MHz
# CPU Physical cores : 8
# CPU Logical cores  : 16
# Host memory        : 16541 MB
# Swap memory        : 27327 MB
# Total Virtual      : 43869 MB
# Available Virtual  : 17512 MB
#-----------------------------------------------------------
source xsim.dir/snap_clr/xsim_script.tcl
# xsim {snap_clr} -autoloadwcfg -tclbatch {run_all.tcl}
Time resolution is 1 ps
source run_all.tcl
## run -all
MATCH c1ea50a5
MATCH 010000a5
MATCH 02000e5a
MATCH c1ea50a5
MATCH 010000a5
MATCH c1ea50a5
MATCH c1ea50a5
MATCH c1ea50a5
MATCH 010000a5
MATCH c1ea50a5
T8 PASS no ghost after CLEAR_ACK
MATCH c1ea50b5
MATCH 010000a5
MATCH c1ea50a5
MATCH 010000a5
PACK_DEBUG_CLEAR_UART_XSIM_PASS 15 (not PACK_ABI_24_24_PASS)
$finish called at time : 15781665 ns : File "D:/FPGA/NATIVE_AI_DEVELOPMENTAL_HARDWARE_R1_PACKAGE_20260914-20260914T045403Z-1-001/CANON_BLUEPRINT/tb/native_ai/board/tb_pack_debug_clear.sv" Line 357
## exit
INFO: [Common 17-206] Exiting xsim at Thu Sep 17 04:54:05 2026...
