Copyright 1986-2022 Xilinx, Inc. All Rights Reserved. Copyright 2022-2026 Advanced Micro Devices, Inc. All Rights Reserved.
---------------------------------------------------------------------------------------------------------------------------------------------
| Tool Version : Vivado v.2026.1 (win64) Build 6511674 Tue Jun 16 11:02:23 MDT 2026
| Date         : Wed Sep 16 16:23:37 2026
| Host         : laptop-Quan running 64-bit major release  (build 9200)
| Command      : report_timing -max_paths 5 -file D:/FPGA/arty_d/ooc_fem_crcpipe/reports/crit.rpt
| Design       : fem_media_sys
| Device       : 7a100t-csg324
| Speed File   : -1  PRODUCTION 1.23 2018-06-13
| Design State : Synthesized
---------------------------------------------------------------------------------------------------------------------------------------------

Timing Report

Slack (MET) :             3.754ns  (required time - arrival time)
  Source:                 u_fem/key_reg[10]/C
                            (rising edge-triggered cell FDRE clocked by clk  {rise@0.000ns fall@5.000ns period=10.000ns})
  Destination:            u_fem/crc_p_r_reg[7]/D
                            (rising edge-triggered cell FDRE clocked by clk  {rise@0.000ns fall@5.000ns period=10.000ns})
  Path Group:             clk
  Path Type:              Setup (Max at Slow Process Corner)
  Requirement:            10.000ns  (clk rise@10.000ns - clk rise@0.000ns)
  Data Path Delay:        6.206ns  (logic 1.393ns (22.446%)  route 4.813ns (77.554%))
  Logic Levels:           6  (LUT6=6)
  Clock Path Skew:        -0.049ns (DCD - SCD + CPR)
    Destination Clock Delay (DCD):    0.924ns = ( 10.924 - 10.000 ) 
    Source Clock Delay      (SCD):    0.973ns
    Clock Pessimism Removal (CPR):    0.000ns
  Clock Uncertainty:      0.035ns  ((TSJ^2 + TIJ^2)^1/2 + DJ) / 2 + PE
    Total System Jitter     (TSJ):    0.071ns
    Total Input Jitter      (TIJ):    0.000ns
    Discrete Jitter          (DJ):    0.000ns
    Phase Error              (PE):    0.000ns

    Location             Delay type                Incr(ns)  Path(ns)    Netlist Resource(s)
  -------------------------------------------------------------------    -------------------
                         (clock clk rise edge)        0.000     0.000 r  <hidden>
                                                      0.000     0.000 r  clk
                         net (fo=1288, unset)         0.973     0.973    u_fem/clk
                         FDRE                                         r  u_fem/key_reg[10]/C
  -------------------------------------------------------------------    -------------------
                         FDRE (Prop_fdre_C_Q)         0.478     1.451 r  u_fem/key_reg[10]/Q
                         net (fo=13, unplaced)        1.015     2.466    u_fem/key_reg[15]_0[10]
                         LUT6 (Prop_lut6_I0_O)        0.295     2.761 r  u_fem/crc_p_r[15]_i_35/O
                         net (fo=4, unplaced)         0.965     3.726    u_fem/crc_p_r[15]_i_35_n_0
                         LUT6 (Prop_lut6_I0_O)        0.124     3.850 r  u_fem/crc_p_r[15]_i_15/O
                         net (fo=10, unplaced)        0.708     4.558    u_fem/crc_p_r[15]_i_15_n_0
                         LUT6 (Prop_lut6_I2_O)        0.124     4.682 r  u_fem/crc_p_r[15]_i_8/O
                         net (fo=5, unplaced)         0.760     5.442    u_fem/crc_p_r[15]_i_8_n_0
                         LUT6 (Prop_lut6_I3_O)        0.124     5.566 r  u_fem/crc_p_r[15]_i_2/O
                         net (fo=4, unplaced)         0.689     6.255    u_fem/crc_p_r[15]_i_2_n_0
                         LUT6 (Prop_lut6_I2_O)        0.124     6.379 r  u_fem/crc_p_r[12]_i_3/O
                         net (fo=2, unplaced)         0.676     7.055    u_fem/crc_p_r[12]_i_3_n_0
                         LUT6 (Prop_lut6_I0_O)        0.124     7.179 r  u_fem/crc_p_r[7]_i_1/O
                         net (fo=1, unplaced)         0.000     7.179    u_fem/crc_p_r[7]_i_1_n_0
                         FDRE                                         r  u_fem/crc_p_r_reg[7]/D
  -------------------------------------------------------------------    -------------------

                         (clock clk rise edge)       10.000    10.000 r  <hidden>
                                                      0.000    10.000 r  clk
                         net (fo=1288, unset)         0.924    10.924    u_fem/clk
                         FDRE                                         r  u_fem/crc_p_r_reg[7]/C
                         clock pessimism              0.000    10.924    <hidden>
                         clock uncertainty           -0.035    10.889    <hidden>
                         FDRE (Setup_fdre_C_D)        0.044    10.933    u_fem/crc_p_r_reg[7]
  -------------------------------------------------------------------
                         required time                         10.933    <hidden>
                         arrival time                          -7.179    <hidden>
  -------------------------------------------------------------------
                         slack                                  3.754    <hidden>

Slack (MET) :             3.904ns  (required time - arrival time)
  Source:                 u_fem/key_reg[10]/C
                            (rising edge-triggered cell FDRE clocked by clk  {rise@0.000ns fall@5.000ns period=10.000ns})
  Destination:            u_fem/crc_p_r_reg[5]/D
                            (rising edge-triggered cell FDRE clocked by clk  {rise@0.000ns fall@5.000ns period=10.000ns})
  Path Group:             clk
  Path Type:              Setup (Max at Slow Process Corner)
  Requirement:            10.000ns  (clk rise@10.000ns - clk rise@0.000ns)
  Data Path Delay:        6.056ns  (logic 1.409ns (23.266%)  route 4.647ns (76.734%))
  Logic Levels:           6  (LUT4=1 LUT5=2 LUT6=3)
  Clock Path Skew:        -0.049ns (DCD - SCD + CPR)
    Destination Clock Delay (DCD):    0.924ns = ( 10.924 - 10.000 ) 
    Source Clock Delay      (SCD):    0.973ns
    Clock Pessimism Removal (CPR):    0.000ns
  Clock Uncertainty:      0.035ns  ((TSJ^2 + TIJ^2)^1/2 + DJ) / 2 + PE
    Total System Jitter     (TSJ):    0.071ns
    Total Input Jitter      (TIJ):    0.000ns
    Discrete Jitter          (DJ):    0.000ns
    Phase Error              (PE):    0.000ns

    Location             Delay type                Incr(ns)  Path(ns)    Netlist Resource(s)
  -------------------------------------------------------------------    -------------------
                         (clock clk rise edge)        0.000     0.000 r  <hidden>
                                                      0.000     0.000 r  clk
                         net (fo=1288, unset)         0.973     0.973    u_fem/clk
                         FDRE                                         r  u_fem/key_reg[10]/C
  -------------------------------------------------------------------    -------------------
                         FDRE (Prop_fdre_C_Q)         0.478     1.451 r  u_fem/key_reg[10]/Q
                         net (fo=13, unplaced)        1.015     2.466    u_fem/key_reg[15]_0[10]
                         LUT6 (Prop_lut6_I0_O)        0.295     2.761 r  u_fem/crc_p_r[15]_i_35/O
                         net (fo=4, unplaced)         0.965     3.726    u_fem/crc_p_r[15]_i_35_n_0
                         LUT6 (Prop_lut6_I0_O)        0.124     3.850 r  u_fem/crc_p_r[15]_i_15/O
                         net (fo=10, unplaced)        0.775     4.625    u_fem/crc_p_r[15]_i_15_n_0
                         LUT6 (Prop_lut6_I2_O)        0.124     4.749 r  u_fem/crc_p_r[15]_i_4/O
                         net (fo=4, unplaced)         0.473     5.222    u_fem/crc_p_r[15]_i_4_n_0
                         LUT4 (Prop_lut4_I3_O)        0.116     5.338 r  u_fem/crc_p_r[14]_i_9/O
                         net (fo=2, unplaced)         0.676     6.014    u_fem/crc_p_r[14]_i_9_n_0
                         LUT5 (Prop_lut5_I1_O)        0.124     6.138 r  u_fem/crc_p_r[10]_i_2/O
                         net (fo=2, unplaced)         0.743     6.881    u_fem/crc_p_r[10]_i_2_n_0
                         LUT5 (Prop_lut5_I0_O)        0.148     7.029 r  u_fem/crc_p_r[5]_i_1/O
                         net (fo=1, unplaced)         0.000     7.029    u_fem/crc16_n0_return0_in[5]
                         FDRE                                         r  u_fem/crc_p_r_reg[5]/D
  -------------------------------------------------------------------    -------------------

                         (clock clk rise edge)       10.000    10.000 r  <hidden>
                                                      0.000    10.000 r  clk
                         net (fo=1288, unset)         0.924    10.924    u_fem/clk
                         FDRE                                         r  u_fem/crc_p_r_reg[5]/C
                         clock pessimism              0.000    10.924    <hidden>
                         clock uncertainty           -0.035    10.889    <hidden>
                         FDRE (Setup_fdre_C_D)        0.044    10.933    u_fem/crc_p_r_reg[5]
  -------------------------------------------------------------------
                         required time                         10.933    <hidden>
                         arrival time                          -7.029    <hidden>
  -------------------------------------------------------------------
                         slack                                  3.904    <hidden>

Slack (MET) :             3.920ns  (required time - arrival time)
  Source:                 u_fem/key_reg[10]/C
                            (rising edge-triggered cell FDRE clocked by clk  {rise@0.000ns fall@5.000ns period=10.000ns})
  Destination:            u_fem/crc_p_r_reg[12]/D
                            (rising edge-triggered cell FDRE clocked by clk  {rise@0.000ns fall@5.000ns period=10.000ns})
  Path Group:             clk
  Path Type:              Setup (Max at Slow Process Corner)
  Requirement:            10.000ns  (clk rise@10.000ns - clk rise@0.000ns)
  Data Path Delay:        6.040ns  (logic 1.393ns (23.063%)  route 4.647ns (76.937%))
  Logic Levels:           6  (LUT4=1 LUT5=1 LUT6=4)
  Clock Path Skew:        -0.049ns (DCD - SCD + CPR)
    Destination Clock Delay (DCD):    0.924ns = ( 10.924 - 10.000 ) 
    Source Clock Delay      (SCD):    0.973ns
    Clock Pessimism Removal (CPR):    0.000ns
  Clock Uncertainty:      0.035ns  ((TSJ^2 + TIJ^2)^1/2 + DJ) / 2 + PE
    Total System Jitter     (TSJ):    0.071ns
    Total Input Jitter      (TIJ):    0.000ns
    Discrete Jitter          (DJ):    0.000ns
    Phase Error              (PE):    0.000ns

    Location             Delay type                Incr(ns)  Path(ns)    Netlist Resource(s)
  -------------------------------------------------------------------    -------------------
                         (clock clk rise edge)        0.000     0.000 r  <hidden>
                                                      0.000     0.000 r  clk
                         net (fo=1288, unset)         0.973     0.973    u_fem/clk
                         FDRE                                         r  u_fem/key_reg[10]/C
  -------------------------------------------------------------------    -------------------
                         FDRE (Prop_fdre_C_Q)         0.478     1.451 r  u_fem/key_reg[10]/Q
                         net (fo=13, unplaced)        1.015     2.466    u_fem/key_reg[15]_0[10]
                         LUT6 (Prop_lut6_I0_O)        0.295     2.761 r  u_fem/crc_p_r[15]_i_35/O
                         net (fo=4, unplaced)         0.965     3.726    u_fem/crc_p_r[15]_i_35_n_0
                         LUT6 (Prop_lut6_I0_O)        0.124     3.850 r  u_fem/crc_p_r[15]_i_15/O
                         net (fo=10, unplaced)        0.708     4.558    u_fem/crc_p_r[15]_i_15_n_0
                         LUT6 (Prop_lut6_I2_O)        0.124     4.682 r  u_fem/crc_p_r[15]_i_8/O
                         net (fo=5, unplaced)         0.760     5.442    u_fem/crc_p_r[15]_i_8_n_0
                         LUT6 (Prop_lut6_I3_O)        0.124     5.566 r  u_fem/crc_p_r[15]_i_2/O
                         net (fo=4, unplaced)         0.443     6.009    u_fem/crc_p_r[15]_i_2_n_0
                         LUT4 (Prop_lut4_I1_O)        0.124     6.133 r  u_fem/crc_p_r[12]_i_2/O
                         net (fo=4, unplaced)         0.756     6.889    u_fem/crc_p_r[12]_i_2_n_0
                         LUT5 (Prop_lut5_I0_O)        0.124     7.013 r  u_fem/crc_p_r[12]_i_1/O
                         net (fo=1, unplaced)         0.000     7.013    u_fem/crc_p_r[12]_i_1_n_0
                         FDRE                                         r  u_fem/crc_p_r_reg[12]/D
  -------------------------------------------------------------------    -------------------

                         (clock clk rise edge)       10.000    10.000 r  <hidden>
                                                      0.000    10.000 r  clk
                         net (fo=1288, unset)         0.924    10.924    u_fem/clk
                         FDRE                                         r  u_fem/crc_p_r_reg[12]/C
                         clock pessimism              0.000    10.924    <hidden>
                         clock uncertainty           -0.035    10.889    <hidden>
                         FDRE (Setup_fdre_C_D)        0.044    10.933    u_fem/crc_p_r_reg[12]
  -------------------------------------------------------------------
                         required time                         10.933    <hidden>
                         arrival time                          -7.013    <hidden>
  -------------------------------------------------------------------
                         slack                                  3.920    <hidden>

Slack (MET) :             4.043ns  (required time - arrival time)
  Source:                 u_fem/key_reg[11]/C
                            (rising edge-triggered cell FDRE clocked by clk  {rise@0.000ns fall@5.000ns period=10.000ns})
  Destination:            u_fem/crc_p_r_reg[11]/D
                            (rising edge-triggered cell FDRE clocked by clk  {rise@0.000ns fall@5.000ns period=10.000ns})
  Path Group:             clk
  Path Type:              Setup (Max at Slow Process Corner)
  Requirement:            10.000ns  (clk rise@10.000ns - clk rise@0.000ns)
  Data Path Delay:        5.917ns  (logic 1.393ns (23.542%)  route 4.524ns (76.458%))
  Logic Levels:           6  (LUT2=1 LUT4=1 LUT5=1 LUT6=3)
  Clock Path Skew:        -0.049ns (DCD - SCD + CPR)
    Destination Clock Delay (DCD):    0.924ns = ( 10.924 - 10.000 ) 
    Source Clock Delay      (SCD):    0.973ns
    Clock Pessimism Removal (CPR):    0.000ns
  Clock Uncertainty:      0.035ns  ((TSJ^2 + TIJ^2)^1/2 + DJ) / 2 + PE
    Total System Jitter     (TSJ):    0.071ns
    Total Input Jitter      (TIJ):    0.000ns
    Discrete Jitter          (DJ):    0.000ns
    Phase Error              (PE):    0.000ns

    Location             Delay type                Incr(ns)  Path(ns)    Netlist Resource(s)
  -------------------------------------------------------------------    -------------------
                         (clock clk rise edge)        0.000     0.000 r  <hidden>
                                                      0.000     0.000 r  clk
                         net (fo=1288, unset)         0.973     0.973    u_fem/clk
                         FDRE                                         r  u_fem/key_reg[11]/C
  -------------------------------------------------------------------    -------------------
                         FDRE (Prop_fdre_C_Q)         0.478     1.451 r  u_fem/key_reg[11]/Q
                         net (fo=10, unplaced)        0.849     2.300    u_fem/key_reg[15]_0[11]
                         LUT5 (Prop_lut5_I0_O)        0.295     2.595 r  u_fem/crc_p_r[13]_i_13/O
                         net (fo=3, unplaced)         0.750     3.345    u_fem/crc_p_r[13]_i_13_n_0
                         LUT6 (Prop_lut6_I0_O)        0.124     3.469 r  u_fem/crc_p_r[13]_i_11/O
                         net (fo=7, unplaced)         0.999     4.468    u_fem/crc_p_r[13]_i_11_n_0
                         LUT6 (Prop_lut6_I0_O)        0.124     4.592 r  u_fem/crc_p_r[14]_i_6/O
                         net (fo=8, unplaced)         0.457     5.049    u_fem/crc_p_r[14]_i_6_n_0
                         LUT4 (Prop_lut4_I0_O)        0.124     5.173 r  u_fem/crc_p_r[14]_i_3/O
                         net (fo=8, unplaced)         1.002     6.175    u_fem/crc_p_r[14]_i_3_n_0
                         LUT6 (Prop_lut6_I0_O)        0.124     6.299 r  u_fem/crc_p_r[11]_i_2/O
                         net (fo=3, unplaced)         0.467     6.766    u_fem/crc_p_r[11]_i_2_n_0
                         LUT2 (Prop_lut2_I1_O)        0.124     6.890 r  u_fem/crc_p_r[11]_i_1/O
                         net (fo=1, unplaced)         0.000     6.890    u_fem/crc_p_r[11]_i_1_n_0
                         FDRE                                         r  u_fem/crc_p_r_reg[11]/D
  -------------------------------------------------------------------    -------------------

                         (clock clk rise edge)       10.000    10.000 r  <hidden>
                                                      0.000    10.000 r  clk
                         net (fo=1288, unset)         0.924    10.924    u_fem/clk
                         FDRE                                         r  u_fem/crc_p_r_reg[11]/C
                         clock pessimism              0.000    10.924    <hidden>
                         clock uncertainty           -0.035    10.889    <hidden>
                         FDRE (Setup_fdre_C_D)        0.044    10.933    u_fem/crc_p_r_reg[11]
  -------------------------------------------------------------------
                         required time                         10.933    <hidden>
                         arrival time                          -6.890    <hidden>
  -------------------------------------------------------------------
                         slack                                  4.043    <hidden>

Slack (MET) :             4.043ns  (required time - arrival time)
  Source:                 u_fem/key_reg[11]/C
                            (rising edge-triggered cell FDRE clocked by clk  {rise@0.000ns fall@5.000ns period=10.000ns})
  Destination:            u_fem/crc_p_r_reg[6]/D
                            (rising edge-triggered cell FDRE clocked by clk  {rise@0.000ns fall@5.000ns period=10.000ns})
  Path Group:             clk
  Path Type:              Setup (Max at Slow Process Corner)
  Requirement:            10.000ns  (clk rise@10.000ns - clk rise@0.000ns)
  Data Path Delay:        5.917ns  (logic 1.393ns (23.542%)  route 4.524ns (76.458%))
  Logic Levels:           6  (LUT4=1 LUT5=1 LUT6=4)
  Clock Path Skew:        -0.049ns (DCD - SCD + CPR)
    Destination Clock Delay (DCD):    0.924ns = ( 10.924 - 10.000 ) 
    Source Clock Delay      (SCD):    0.973ns
    Clock Pessimism Removal (CPR):    0.000ns
  Clock Uncertainty:      0.035ns  ((TSJ^2 + TIJ^2)^1/2 + DJ) / 2 + PE
    Total System Jitter     (TSJ):    0.071ns
    Total Input Jitter      (TIJ):    0.000ns
    Discrete Jitter          (DJ):    0.000ns
    Phase Error              (PE):    0.000ns

    Location             Delay type                Incr(ns)  Path(ns)    Netlist Resource(s)
  -------------------------------------------------------------------    -------------------
                         (clock clk rise edge)        0.000     0.000 r  <hidden>
                                                      0.000     0.000 r  clk
                         net (fo=1288, unset)         0.973     0.973    u_fem/clk
                         FDRE                                         r  u_fem/key_reg[11]/C
  -------------------------------------------------------------------    -------------------
                         FDRE (Prop_fdre_C_Q)         0.478     1.451 r  u_fem/key_reg[11]/Q
                         net (fo=10, unplaced)        0.849     2.300    u_fem/key_reg[15]_0[11]
                         LUT5 (Prop_lut5_I0_O)        0.295     2.595 r  u_fem/crc_p_r[13]_i_13/O
                         net (fo=3, unplaced)         0.750     3.345    u_fem/crc_p_r[13]_i_13_n_0
                         LUT6 (Prop_lut6_I0_O)        0.124     3.469 r  u_fem/crc_p_r[13]_i_11/O
                         net (fo=7, unplaced)         0.999     4.468    u_fem/crc_p_r[13]_i_11_n_0
                         LUT6 (Prop_lut6_I0_O)        0.124     4.592 r  u_fem/crc_p_r[14]_i_6/O
                         net (fo=8, unplaced)         0.457     5.049    u_fem/crc_p_r[14]_i_6_n_0
                         LUT4 (Prop_lut4_I0_O)        0.124     5.173 r  u_fem/crc_p_r[14]_i_3/O
                         net (fo=8, unplaced)         1.002     6.175    u_fem/crc_p_r[14]_i_3_n_0
                         LUT6 (Prop_lut6_I0_O)        0.124     6.299 r  u_fem/crc_p_r[11]_i_2/O
                         net (fo=3, unplaced)         0.467     6.766    u_fem/crc_p_r[11]_i_2_n_0
                         LUT6 (Prop_lut6_I5_O)        0.124     6.890 r  u_fem/crc_p_r[6]_i_1/O
                         net (fo=1, unplaced)         0.000     6.890    u_fem/crc_p_r[6]_i_1_n_0
                         FDRE                                         r  u_fem/crc_p_r_reg[6]/D
  -------------------------------------------------------------------    -------------------

                         (clock clk rise edge)       10.000    10.000 r  <hidden>
                                                      0.000    10.000 r  clk
                         net (fo=1288, unset)         0.924    10.924    u_fem/clk
                         FDRE                                         r  u_fem/crc_p_r_reg[6]/C
                         clock pessimism              0.000    10.924    <hidden>
                         clock uncertainty           -0.035    10.889    <hidden>
                         FDRE (Setup_fdre_C_D)        0.044    10.933    u_fem/crc_p_r_reg[6]
  -------------------------------------------------------------------
                         required time                         10.933    <hidden>
                         arrival time                          -6.890    <hidden>
  -------------------------------------------------------------------
                         slack                                  4.043    <hidden>




