#-----------------------------------------------------------
# xsim v2026.1 (64-bit)
# SW Build 6511674 on Tue Jun 16 11:02:23 MDT 2026
# IP Build 6504888 on Tue Jun 09 09:05:25 MDT 2026
# SharedData Build 6501428 on Mon Jun 08 17:34:18 MDT 2026
# Start of session at: Thu Sep 17 15:48:21 2026
# Process ID         : 42904
# Current directory  : D:/FPGA/arty_d/common_runtime_fe256/xsim
# Command line       : xsim.exe -log D:\FPGA\arty_d\common_runtime_fe256\xsim\xsim.log -mode tcl -source {xsim.dir/tb_cr_fe256/xsim_script.tcl}
# Log file           : D:/FPGA/arty_d/common_runtime_fe256/xsim/xsim.log
# Journal file       : D:/FPGA/arty_d/common_runtime_fe256/xsim\xsim.jou
# Running On         : laptop-Quan
# Platform           : Windows 11
# Operating System   : 22621
# Processor Detail   : AMD Ryzen 7 5800HS with Radeon Graphics         
# CPU Frequency      : 3194 MHz
# CPU Physical cores : 8
# CPU Logical cores  : 16
# Host memory        : 16541 MB
# Swap memory        : 32894 MB
# Total Virtual      : 49436 MB
# Available Virtual  : 6479 MB
#-----------------------------------------------------------
source xsim.dir/tb_cr_fe256/xsim_script.tcl
# xsim {tb_cr_fe256} -autoloadwcfg -tclbatch {run_all.tcl}
Time resolution is 1 ps
source run_all.tcl
## run -all
COMMON_RUNTIME_FE256_LOADED=256 pass=256 fail=0 first_fail=256
FIRST_DUT_ST=ff FIRST_DUT_RC=ff FIRST_GOLD_ST=ff FIRST_GOLD_RC=ff
COMMON_RUNTIME_FE256_XSIM  256/256 bit-exact (simulation only; not FE256_PASS)
$finish called at time : 1488295 ns : File "D:/FPGA/NATIVE_AI_DEVELOPMENTAL_HARDWARE_R1_PACKAGE_20260914-20260914T045403Z-1-001/CANON_BLUEPRINT/tb/native_ai/directory/tb_common_runtime_fe256_xsim_compare.sv" Line 180
## exit
INFO: [Common 17-206] Exiting xsim at Thu Sep 17 15:48:24 2026...
