Copyright 1986-2022 Xilinx, Inc. All Rights Reserved. Copyright 2022-2026 Advanced Micro Devices, Inc. All Rights Reserved.
---------------------------------------------------------------------------------------------------------------------------------------------
| Tool Version : Vivado v.2026.1 (win64) Build 6511674 Tue Jun 16 11:02:23 MDT 2026
| Date         : Wed Sep 16 21:19:19 2026
| Host         : laptop-Quan running 64-bit major release  (build 9200)
| Command      : report_timing -max_paths 5 -file D:/FPGA/arty_d/hold_r2/round2/reports/crit_route.rpt
| Design       : arty_a7_r2_top
| Device       : 7a100t-csg324
| Speed File   : -1  PRODUCTION 1.23 2018-06-13
| Design State : Physopt postRoute
---------------------------------------------------------------------------------------------------------------------------------------------

Timing Report

Slack (MET) :             0.375ns  (required time - arrival time)
  Source:                 u_spear/spear/feat_r_reg[22]/C
                            (rising edge-triggered cell FDRE clocked by sys_clk_pin  {rise@0.000ns fall@5.000ns period=10.000ns})
  Destination:            u_spear/spear/sl_sc_reg[5][2]/CE
                            (rising edge-triggered cell FDRE clocked by sys_clk_pin  {rise@0.000ns fall@5.000ns period=10.000ns})
  Path Group:             sys_clk_pin
  Path Type:              Setup (Max at Slow Process Corner)
  Requirement:            10.000ns  (sys_clk_pin rise@10.000ns - sys_clk_pin rise@0.000ns)
  Data Path Delay:        9.044ns  (logic 1.936ns (21.405%)  route 7.108ns (78.595%))
  Logic Levels:           7  (CARRY4=1 LUT2=2 LUT3=1 LUT6=3)
  Clock Path Skew:        -0.116ns (DCD - SCD + CPR)
    Destination Clock Delay (DCD):    5.007ns = ( 15.007 - 10.000 ) 
    Source Clock Delay      (SCD):    5.303ns
    Clock Pessimism Removal (CPR):    0.180ns
  Clock Uncertainty:      0.035ns  ((TSJ^2 + TIJ^2)^1/2 + DJ) / 2 + PE
    Total System Jitter     (TSJ):    0.071ns
    Total Input Jitter      (TIJ):    0.000ns
    Discrete Jitter          (DJ):    0.000ns
    Phase Error              (PE):    0.000ns

    Location             Delay type                Incr(ns)  Path(ns)    Netlist Resource(s)
  -------------------------------------------------------------------    -------------------
                         (clock sys_clk_pin rise edge)
                                                      0.000     0.000 r  <hidden>
    E3                                                0.000     0.000 r  CLK100MHZ
                         net (fo=0)                   0.000     0.000    CLK100MHZ
    E3                   IBUF (Prop_ibuf_I_O)         1.482     1.482 r  CLK100MHZ_IBUF_inst/O
                         net (fo=1, routed)           2.025     3.506    CLK100MHZ_IBUF
    BUFGCTRL_X0Y16       BUFG (Prop_bufg_I_O)         0.096     3.602 r  CLK100MHZ_IBUF_BUFG_inst/O
                         net (fo=5230, routed)        1.700     5.303    u_spear/spear/clk
    SLICE_X76Y77         FDRE                                         r  u_spear/spear/feat_r_reg[22]/C
  -------------------------------------------------------------------    -------------------
    SLICE_X76Y77         FDRE (Prop_fdre_C_Q)         0.478     5.781 r  u_spear/spear/feat_r_reg[22]/Q
                         net (fo=94, routed)          1.417     7.198    u_spear/spear/data2[6]
    SLICE_X72Y97         LUT2 (Prop_lut2_I1_O)        0.295     7.493 r  u_spear/spear/sl_sc[0][15]_i_276/O
                         net (fo=1, routed)           0.000     7.493    u_spear/spear/sl_sc[0][15]_i_276_n_0
    SLICE_X72Y97         CARRY4 (Prop_carry4_S[1]_CO[3])
                                                      0.550     8.043 r  u_spear/spear/sl_sc_reg[0][15]_i_63/CO[3]
                         net (fo=1, routed)           0.926     8.969    u_spear/spear/sl_sc_reg[0][15]_i_63_n_0
    SLICE_X74Y97         LUT6 (Prop_lut6_I0_O)        0.124     9.093 r  u_spear/spear/sl_sc[0][15]_i_18/O
                         net (fo=1, routed)           0.878     9.970    u_spear/spear/sl_sc[0][15]_i_18_n_0
    SLICE_X74Y102        LUT6 (Prop_lut6_I0_O)        0.124    10.094 r  u_spear/spear/sl_sc[0][15]_i_9/O
                         net (fo=2, routed)           0.945    11.040    u_spear/spear/sl_sc[0][15]_i_9_n_0
    SLICE_X74Y105        LUT3 (Prop_lut3_I0_O)        0.124    11.164 f  u_spear/spear/sl_sc[0][15]_i_3/O
                         net (fo=9, routed)           1.015    12.179    u_spear/spear/sl_sc[0][15]_i_3_n_0
    SLICE_X75Y106        LUT6 (Prop_lut6_I0_O)        0.124    12.303 f  u_spear/spear/sl_sc[5][15]_i_3/O
                         net (fo=41, routed)          0.847    13.150    u_spear/spear/sl_sc[5][15]_i_3_n_0
    SLICE_X74Y110        LUT2 (Prop_lut2_I1_O)        0.117    13.267 r  u_spear/spear/sl_sc[5][15]_i_1/O
                         net (fo=38, routed)          1.081    14.347    u_spear/spear/sl_sc_reg[5]0
    SLICE_X79Y102        FDRE                                         r  u_spear/spear/sl_sc_reg[5][2]/CE
  -------------------------------------------------------------------    -------------------

                         (clock sys_clk_pin rise edge)
                                                     10.000    10.000 r  <hidden>
    E3                                                0.000    10.000 r  CLK100MHZ
                         net (fo=0)                   0.000    10.000    CLK100MHZ
    E3                   IBUF (Prop_ibuf_I_O)         1.411    11.411 r  CLK100MHZ_IBUF_inst/O
                         net (fo=1, routed)           1.920    13.331    CLK100MHZ_IBUF
    BUFGCTRL_X0Y16       BUFG (Prop_bufg_I_O)         0.091    13.422 r  CLK100MHZ_IBUF_BUFG_inst/O
                         net (fo=5230, routed)        1.585    15.007    u_spear/spear/clk
    SLICE_X79Y102        FDRE                                         r  u_spear/spear/sl_sc_reg[5][2]/C
                         clock pessimism              0.180    15.187    <hidden>
                         clock uncertainty           -0.035    15.152    <hidden>
    SLICE_X79Y102        FDRE (Setup_fdre_C_CE)      -0.429    14.723    u_spear/spear/sl_sc_reg[5][2]
  -------------------------------------------------------------------
                         required time                         14.723    <hidden>
                         arrival time                         -14.347    <hidden>
  -------------------------------------------------------------------
                         slack                                  0.375    <hidden>

Slack (MET) :             0.375ns  (required time - arrival time)
  Source:                 u_spear/spear/feat_r_reg[22]/C
                            (rising edge-triggered cell FDRE clocked by sys_clk_pin  {rise@0.000ns fall@5.000ns period=10.000ns})
  Destination:            u_spear/spear/sl_sc_reg[5][3]/CE
                            (rising edge-triggered cell FDRE clocked by sys_clk_pin  {rise@0.000ns fall@5.000ns period=10.000ns})
  Path Group:             sys_clk_pin
  Path Type:              Setup (Max at Slow Process Corner)
  Requirement:            10.000ns  (sys_clk_pin rise@10.000ns - sys_clk_pin rise@0.000ns)
  Data Path Delay:        9.044ns  (logic 1.936ns (21.405%)  route 7.108ns (78.595%))
  Logic Levels:           7  (CARRY4=1 LUT2=2 LUT3=1 LUT6=3)
  Clock Path Skew:        -0.116ns (DCD - SCD + CPR)
    Destination Clock Delay (DCD):    5.007ns = ( 15.007 - 10.000 ) 
    Source Clock Delay      (SCD):    5.303ns
    Clock Pessimism Removal (CPR):    0.180ns
  Clock Uncertainty:      0.035ns  ((TSJ^2 + TIJ^2)^1/2 + DJ) / 2 + PE
    Total System Jitter     (TSJ):    0.071ns
    Total Input Jitter      (TIJ):    0.000ns
    Discrete Jitter          (DJ):    0.000ns
    Phase Error              (PE):    0.000ns

    Location             Delay type                Incr(ns)  Path(ns)    Netlist Resource(s)
  -------------------------------------------------------------------    -------------------
                         (clock sys_clk_pin rise edge)
                                                      0.000     0.000 r  <hidden>
    E3                                                0.000     0.000 r  CLK100MHZ
                         net (fo=0)                   0.000     0.000    CLK100MHZ
    E3                   IBUF (Prop_ibuf_I_O)         1.482     1.482 r  CLK100MHZ_IBUF_inst/O
                         net (fo=1, routed)           2.025     3.506    CLK100MHZ_IBUF
    BUFGCTRL_X0Y16       BUFG (Prop_bufg_I_O)         0.096     3.602 r  CLK100MHZ_IBUF_BUFG_inst/O
                         net (fo=5230, routed)        1.700     5.303    u_spear/spear/clk
    SLICE_X76Y77         FDRE                                         r  u_spear/spear/feat_r_reg[22]/C
  -------------------------------------------------------------------    -------------------
    SLICE_X76Y77         FDRE (Prop_fdre_C_Q)         0.478     5.781 r  u_spear/spear/feat_r_reg[22]/Q
                         net (fo=94, routed)          1.417     7.198    u_spear/spear/data2[6]
    SLICE_X72Y97         LUT2 (Prop_lut2_I1_O)        0.295     7.493 r  u_spear/spear/sl_sc[0][15]_i_276/O
                         net (fo=1, routed)           0.000     7.493    u_spear/spear/sl_sc[0][15]_i_276_n_0
    SLICE_X72Y97         CARRY4 (Prop_carry4_S[1]_CO[3])
                                                      0.550     8.043 r  u_spear/spear/sl_sc_reg[0][15]_i_63/CO[3]
                         net (fo=1, routed)           0.926     8.969    u_spear/spear/sl_sc_reg[0][15]_i_63_n_0
    SLICE_X74Y97         LUT6 (Prop_lut6_I0_O)        0.124     9.093 r  u_spear/spear/sl_sc[0][15]_i_18/O
                         net (fo=1, routed)           0.878     9.970    u_spear/spear/sl_sc[0][15]_i_18_n_0
    SLICE_X74Y102        LUT6 (Prop_lut6_I0_O)        0.124    10.094 r  u_spear/spear/sl_sc[0][15]_i_9/O
                         net (fo=2, routed)           0.945    11.040    u_spear/spear/sl_sc[0][15]_i_9_n_0
    SLICE_X74Y105        LUT3 (Prop_lut3_I0_O)        0.124    11.164 f  u_spear/spear/sl_sc[0][15]_i_3/O
                         net (fo=9, routed)           1.015    12.179    u_spear/spear/sl_sc[0][15]_i_3_n_0
    SLICE_X75Y106        LUT6 (Prop_lut6_I0_O)        0.124    12.303 f  u_spear/spear/sl_sc[5][15]_i_3/O
                         net (fo=41, routed)          0.847    13.150    u_spear/spear/sl_sc[5][15]_i_3_n_0
    SLICE_X74Y110        LUT2 (Prop_lut2_I1_O)        0.117    13.267 r  u_spear/spear/sl_sc[5][15]_i_1/O
                         net (fo=38, routed)          1.081    14.347    u_spear/spear/sl_sc_reg[5]0
    SLICE_X79Y102        FDRE                                         r  u_spear/spear/sl_sc_reg[5][3]/CE
  -------------------------------------------------------------------    -------------------

                         (clock sys_clk_pin rise edge)
                                                     10.000    10.000 r  <hidden>
    E3                                                0.000    10.000 r  CLK100MHZ
                         net (fo=0)                   0.000    10.000    CLK100MHZ
    E3                   IBUF (Prop_ibuf_I_O)         1.411    11.411 r  CLK100MHZ_IBUF_inst/O
                         net (fo=1, routed)           1.920    13.331    CLK100MHZ_IBUF
    BUFGCTRL_X0Y16       BUFG (Prop_bufg_I_O)         0.091    13.422 r  CLK100MHZ_IBUF_BUFG_inst/O
                         net (fo=5230, routed)        1.585    15.007    u_spear/spear/clk
    SLICE_X79Y102        FDRE                                         r  u_spear/spear/sl_sc_reg[5][3]/C
                         clock pessimism              0.180    15.187    <hidden>
                         clock uncertainty           -0.035    15.152    <hidden>
    SLICE_X79Y102        FDRE (Setup_fdre_C_CE)      -0.429    14.723    u_spear/spear/sl_sc_reg[5][3]
  -------------------------------------------------------------------
                         required time                         14.723    <hidden>
                         arrival time                         -14.347    <hidden>
  -------------------------------------------------------------------
                         slack                                  0.375    <hidden>

Slack (MET) :             0.401ns  (required time - arrival time)
  Source:                 u_spear/spear/feat_r_reg[22]/C
                            (rising edge-triggered cell FDRE clocked by sys_clk_pin  {rise@0.000ns fall@5.000ns period=10.000ns})
  Destination:            u_spear/spear/sl_seq_reg[2][0]/CE
                            (rising edge-triggered cell FDRE clocked by sys_clk_pin  {rise@0.000ns fall@5.000ns period=10.000ns})
  Path Group:             sys_clk_pin
  Path Type:              Setup (Max at Slow Process Corner)
  Requirement:            10.000ns  (sys_clk_pin rise@10.000ns - sys_clk_pin rise@0.000ns)
  Data Path Delay:        9.333ns  (logic 1.943ns (20.819%)  route 7.390ns (79.181%))
  Logic Levels:           7  (CARRY4=1 LUT2=2 LUT3=1 LUT6=3)
  Clock Path Skew:        -0.026ns (DCD - SCD + CPR)
    Destination Clock Delay (DCD):    5.018ns = ( 15.018 - 10.000 ) 
    Source Clock Delay      (SCD):    5.303ns
    Clock Pessimism Removal (CPR):    0.259ns
  Clock Uncertainty:      0.035ns  ((TSJ^2 + TIJ^2)^1/2 + DJ) / 2 + PE
    Total System Jitter     (TSJ):    0.071ns
    Total Input Jitter      (TIJ):    0.000ns
    Discrete Jitter          (DJ):    0.000ns
    Phase Error              (PE):    0.000ns

    Location             Delay type                Incr(ns)  Path(ns)    Netlist Resource(s)
  -------------------------------------------------------------------    -------------------
                         (clock sys_clk_pin rise edge)
                                                      0.000     0.000 r  <hidden>
    E3                                                0.000     0.000 r  CLK100MHZ
                         net (fo=0)                   0.000     0.000    CLK100MHZ
    E3                   IBUF (Prop_ibuf_I_O)         1.482     1.482 r  CLK100MHZ_IBUF_inst/O
                         net (fo=1, routed)           2.025     3.506    CLK100MHZ_IBUF
    BUFGCTRL_X0Y16       BUFG (Prop_bufg_I_O)         0.096     3.602 r  CLK100MHZ_IBUF_BUFG_inst/O
                         net (fo=5230, routed)        1.700     5.303    u_spear/spear/clk
    SLICE_X76Y77         FDRE                                         r  u_spear/spear/feat_r_reg[22]/C
  -------------------------------------------------------------------    -------------------
    SLICE_X76Y77         FDRE (Prop_fdre_C_Q)         0.478     5.781 r  u_spear/spear/feat_r_reg[22]/Q
                         net (fo=94, routed)          1.399     7.180    u_spear/spear/data2[6]
    SLICE_X71Y96         LUT2 (Prop_lut2_I1_O)        0.295     7.475 r  u_spear/spear/sl_sc[0][15]_i_416/O
                         net (fo=1, routed)           0.000     7.475    u_spear/spear/sl_sc[0][15]_i_416_n_0
    SLICE_X71Y96         CARRY4 (Prop_carry4_S[1]_CO[3])
                                                      0.550     8.025 f  u_spear/spear/sl_sc_reg[0][15]_i_152/CO[3]
                         net (fo=1, routed)           0.943     8.968    u_spear/spear/sl_sc_reg[0][15]_i_152_n_0
    SLICE_X72Y96         LUT6 (Prop_lut6_I4_O)        0.124     9.092 f  u_spear/spear/sl_sc[0][15]_i_36/O
                         net (fo=1, routed)           0.916    10.008    u_spear/spear/sl_sc[0][15]_i_36_n_0
    SLICE_X76Y106        LUT6 (Prop_lut6_I4_O)        0.124    10.132 r  u_spear/spear/sl_sc[0][15]_i_12/O
                         net (fo=2, routed)           0.944    11.076    u_spear/spear/sl_sc[0][15]_i_12_n_0
    SLICE_X75Y102        LUT3 (Prop_lut3_I0_O)        0.124    11.200 r  u_spear/spear/sl_sc[0][15]_i_4/O
                         net (fo=9, routed)           1.026    12.226    u_spear/spear/sl_sc[0][15]_i_4_n_0
    SLICE_X74Y105        LUT6 (Prop_lut6_I0_O)        0.124    12.350 f  u_spear/spear/sl_sc[2][15]_i_3/O
                         net (fo=41, routed)          0.999    13.349    u_spear/spear/sl_sc[2][15]_i_3_n_0
    SLICE_X74Y110        LUT2 (Prop_lut2_I1_O)        0.124    13.473 r  u_spear/spear/sl_sc[2][15]_i_1/O
                         net (fo=38, routed)          1.162    14.636    u_spear/spear/sl_sc_reg[2]0
    SLICE_X72Y93         FDRE                                         r  u_spear/spear/sl_seq_reg[2][0]/CE
  -------------------------------------------------------------------    -------------------

                         (clock sys_clk_pin rise edge)
                                                     10.000    10.000 r  <hidden>
    E3                                                0.000    10.000 r  CLK100MHZ
                         net (fo=0)                   0.000    10.000    CLK100MHZ
    E3                   IBUF (Prop_ibuf_I_O)         1.411    11.411 r  CLK100MHZ_IBUF_inst/O
                         net (fo=1, routed)           1.920    13.331    CLK100MHZ_IBUF
    BUFGCTRL_X0Y16       BUFG (Prop_bufg_I_O)         0.091    13.422 r  CLK100MHZ_IBUF_BUFG_inst/O
                         net (fo=5230, routed)        1.595    15.018    u_spear/spear/clk
    SLICE_X72Y93         FDRE                                         r  u_spear/spear/sl_seq_reg[2][0]/C
                         clock pessimism              0.259    15.277    <hidden>
                         clock uncertainty           -0.035    15.241    <hidden>
    SLICE_X72Y93         FDRE (Setup_fdre_C_CE)      -0.205    15.036    u_spear/spear/sl_seq_reg[2][0]
  -------------------------------------------------------------------
                         required time                         15.036    <hidden>
                         arrival time                         -14.636    <hidden>
  -------------------------------------------------------------------
                         slack                                  0.401    <hidden>

Slack (MET) :             0.401ns  (required time - arrival time)
  Source:                 u_spear/spear/feat_r_reg[22]/C
                            (rising edge-triggered cell FDRE clocked by sys_clk_pin  {rise@0.000ns fall@5.000ns period=10.000ns})
  Destination:            u_spear/spear/sl_seq_reg[2][12]/CE
                            (rising edge-triggered cell FDRE clocked by sys_clk_pin  {rise@0.000ns fall@5.000ns period=10.000ns})
  Path Group:             sys_clk_pin
  Path Type:              Setup (Max at Slow Process Corner)
  Requirement:            10.000ns  (sys_clk_pin rise@10.000ns - sys_clk_pin rise@0.000ns)
  Data Path Delay:        9.333ns  (logic 1.943ns (20.819%)  route 7.390ns (79.181%))
  Logic Levels:           7  (CARRY4=1 LUT2=2 LUT3=1 LUT6=3)
  Clock Path Skew:        -0.026ns (DCD - SCD + CPR)
    Destination Clock Delay (DCD):    5.018ns = ( 15.018 - 10.000 ) 
    Source Clock Delay      (SCD):    5.303ns
    Clock Pessimism Removal (CPR):    0.259ns
  Clock Uncertainty:      0.035ns  ((TSJ^2 + TIJ^2)^1/2 + DJ) / 2 + PE
    Total System Jitter     (TSJ):    0.071ns
    Total Input Jitter      (TIJ):    0.000ns
    Discrete Jitter          (DJ):    0.000ns
    Phase Error              (PE):    0.000ns

    Location             Delay type                Incr(ns)  Path(ns)    Netlist Resource(s)
  -------------------------------------------------------------------    -------------------
                         (clock sys_clk_pin rise edge)
                                                      0.000     0.000 r  <hidden>
    E3                                                0.000     0.000 r  CLK100MHZ
                         net (fo=0)                   0.000     0.000    CLK100MHZ
    E3                   IBUF (Prop_ibuf_I_O)         1.482     1.482 r  CLK100MHZ_IBUF_inst/O
                         net (fo=1, routed)           2.025     3.506    CLK100MHZ_IBUF
    BUFGCTRL_X0Y16       BUFG (Prop_bufg_I_O)         0.096     3.602 r  CLK100MHZ_IBUF_BUFG_inst/O
                         net (fo=5230, routed)        1.700     5.303    u_spear/spear/clk
    SLICE_X76Y77         FDRE                                         r  u_spear/spear/feat_r_reg[22]/C
  -------------------------------------------------------------------    -------------------
    SLICE_X76Y77         FDRE (Prop_fdre_C_Q)         0.478     5.781 r  u_spear/spear/feat_r_reg[22]/Q
                         net (fo=94, routed)          1.399     7.180    u_spear/spear/data2[6]
    SLICE_X71Y96         LUT2 (Prop_lut2_I1_O)        0.295     7.475 r  u_spear/spear/sl_sc[0][15]_i_416/O
                         net (fo=1, routed)           0.000     7.475    u_spear/spear/sl_sc[0][15]_i_416_n_0
    SLICE_X71Y96         CARRY4 (Prop_carry4_S[1]_CO[3])
                                                      0.550     8.025 f  u_spear/spear/sl_sc_reg[0][15]_i_152/CO[3]
                         net (fo=1, routed)           0.943     8.968    u_spear/spear/sl_sc_reg[0][15]_i_152_n_0
    SLICE_X72Y96         LUT6 (Prop_lut6_I4_O)        0.124     9.092 f  u_spear/spear/sl_sc[0][15]_i_36/O
                         net (fo=1, routed)           0.916    10.008    u_spear/spear/sl_sc[0][15]_i_36_n_0
    SLICE_X76Y106        LUT6 (Prop_lut6_I4_O)        0.124    10.132 r  u_spear/spear/sl_sc[0][15]_i_12/O
                         net (fo=2, routed)           0.944    11.076    u_spear/spear/sl_sc[0][15]_i_12_n_0
    SLICE_X75Y102        LUT3 (Prop_lut3_I0_O)        0.124    11.200 r  u_spear/spear/sl_sc[0][15]_i_4/O
                         net (fo=9, routed)           1.026    12.226    u_spear/spear/sl_sc[0][15]_i_4_n_0
    SLICE_X74Y105        LUT6 (Prop_lut6_I0_O)        0.124    12.350 f  u_spear/spear/sl_sc[2][15]_i_3/O
                         net (fo=41, routed)          0.999    13.349    u_spear/spear/sl_sc[2][15]_i_3_n_0
    SLICE_X74Y110        LUT2 (Prop_lut2_I1_O)        0.124    13.473 r  u_spear/spear/sl_sc[2][15]_i_1/O
                         net (fo=38, routed)          1.162    14.636    u_spear/spear/sl_sc_reg[2]0
    SLICE_X72Y93         FDRE                                         r  u_spear/spear/sl_seq_reg[2][12]/CE
  -------------------------------------------------------------------    -------------------

                         (clock sys_clk_pin rise edge)
                                                     10.000    10.000 r  <hidden>
    E3                                                0.000    10.000 r  CLK100MHZ
                         net (fo=0)                   0.000    10.000    CLK100MHZ
    E3                   IBUF (Prop_ibuf_I_O)         1.411    11.411 r  CLK100MHZ_IBUF_inst/O
                         net (fo=1, routed)           1.920    13.331    CLK100MHZ_IBUF
    BUFGCTRL_X0Y16       BUFG (Prop_bufg_I_O)         0.091    13.422 r  CLK100MHZ_IBUF_BUFG_inst/O
                         net (fo=5230, routed)        1.595    15.018    u_spear/spear/clk
    SLICE_X72Y93         FDRE                                         r  u_spear/spear/sl_seq_reg[2][12]/C
                         clock pessimism              0.259    15.277    <hidden>
                         clock uncertainty           -0.035    15.241    <hidden>
    SLICE_X72Y93         FDRE (Setup_fdre_C_CE)      -0.205    15.036    u_spear/spear/sl_seq_reg[2][12]
  -------------------------------------------------------------------
                         required time                         15.036    <hidden>
                         arrival time                         -14.636    <hidden>
  -------------------------------------------------------------------
                         slack                                  0.401    <hidden>

Slack (MET) :             0.401ns  (required time - arrival time)
  Source:                 u_spear/spear/feat_r_reg[22]/C
                            (rising edge-triggered cell FDRE clocked by sys_clk_pin  {rise@0.000ns fall@5.000ns period=10.000ns})
  Destination:            u_spear/spear/sl_seq_reg[2][13]/CE
                            (rising edge-triggered cell FDRE clocked by sys_clk_pin  {rise@0.000ns fall@5.000ns period=10.000ns})
  Path Group:             sys_clk_pin
  Path Type:              Setup (Max at Slow Process Corner)
  Requirement:            10.000ns  (sys_clk_pin rise@10.000ns - sys_clk_pin rise@0.000ns)
  Data Path Delay:        9.333ns  (logic 1.943ns (20.819%)  route 7.390ns (79.181%))
  Logic Levels:           7  (CARRY4=1 LUT2=2 LUT3=1 LUT6=3)
  Clock Path Skew:        -0.026ns (DCD - SCD + CPR)
    Destination Clock Delay (DCD):    5.018ns = ( 15.018 - 10.000 ) 
    Source Clock Delay      (SCD):    5.303ns
    Clock Pessimism Removal (CPR):    0.259ns
  Clock Uncertainty:      0.035ns  ((TSJ^2 + TIJ^2)^1/2 + DJ) / 2 + PE
    Total System Jitter     (TSJ):    0.071ns
    Total Input Jitter      (TIJ):    0.000ns
    Discrete Jitter          (DJ):    0.000ns
    Phase Error              (PE):    0.000ns

    Location             Delay type                Incr(ns)  Path(ns)    Netlist Resource(s)
  -------------------------------------------------------------------    -------------------
                         (clock sys_clk_pin rise edge)
                                                      0.000     0.000 r  <hidden>
    E3                                                0.000     0.000 r  CLK100MHZ
                         net (fo=0)                   0.000     0.000    CLK100MHZ
    E3                   IBUF (Prop_ibuf_I_O)         1.482     1.482 r  CLK100MHZ_IBUF_inst/O
                         net (fo=1, routed)           2.025     3.506    CLK100MHZ_IBUF
    BUFGCTRL_X0Y16       BUFG (Prop_bufg_I_O)         0.096     3.602 r  CLK100MHZ_IBUF_BUFG_inst/O
                         net (fo=5230, routed)        1.700     5.303    u_spear/spear/clk
    SLICE_X76Y77         FDRE                                         r  u_spear/spear/feat_r_reg[22]/C
  -------------------------------------------------------------------    -------------------
    SLICE_X76Y77         FDRE (Prop_fdre_C_Q)         0.478     5.781 r  u_spear/spear/feat_r_reg[22]/Q
                         net (fo=94, routed)          1.399     7.180    u_spear/spear/data2[6]
    SLICE_X71Y96         LUT2 (Prop_lut2_I1_O)        0.295     7.475 r  u_spear/spear/sl_sc[0][15]_i_416/O
                         net (fo=1, routed)           0.000     7.475    u_spear/spear/sl_sc[0][15]_i_416_n_0
    SLICE_X71Y96         CARRY4 (Prop_carry4_S[1]_CO[3])
                                                      0.550     8.025 f  u_spear/spear/sl_sc_reg[0][15]_i_152/CO[3]
                         net (fo=1, routed)           0.943     8.968    u_spear/spear/sl_sc_reg[0][15]_i_152_n_0
    SLICE_X72Y96         LUT6 (Prop_lut6_I4_O)        0.124     9.092 f  u_spear/spear/sl_sc[0][15]_i_36/O
                         net (fo=1, routed)           0.916    10.008    u_spear/spear/sl_sc[0][15]_i_36_n_0
    SLICE_X76Y106        LUT6 (Prop_lut6_I4_O)        0.124    10.132 r  u_spear/spear/sl_sc[0][15]_i_12/O
                         net (fo=2, routed)           0.944    11.076    u_spear/spear/sl_sc[0][15]_i_12_n_0
    SLICE_X75Y102        LUT3 (Prop_lut3_I0_O)        0.124    11.200 r  u_spear/spear/sl_sc[0][15]_i_4/O
                         net (fo=9, routed)           1.026    12.226    u_spear/spear/sl_sc[0][15]_i_4_n_0
    SLICE_X74Y105        LUT6 (Prop_lut6_I0_O)        0.124    12.350 f  u_spear/spear/sl_sc[2][15]_i_3/O
                         net (fo=41, routed)          0.999    13.349    u_spear/spear/sl_sc[2][15]_i_3_n_0
    SLICE_X74Y110        LUT2 (Prop_lut2_I1_O)        0.124    13.473 r  u_spear/spear/sl_sc[2][15]_i_1/O
                         net (fo=38, routed)          1.162    14.636    u_spear/spear/sl_sc_reg[2]0
    SLICE_X72Y93         FDRE                                         r  u_spear/spear/sl_seq_reg[2][13]/CE
  -------------------------------------------------------------------    -------------------

                         (clock sys_clk_pin rise edge)
                                                     10.000    10.000 r  <hidden>
    E3                                                0.000    10.000 r  CLK100MHZ
                         net (fo=0)                   0.000    10.000    CLK100MHZ
    E3                   IBUF (Prop_ibuf_I_O)         1.411    11.411 r  CLK100MHZ_IBUF_inst/O
                         net (fo=1, routed)           1.920    13.331    CLK100MHZ_IBUF
    BUFGCTRL_X0Y16       BUFG (Prop_bufg_I_O)         0.091    13.422 r  CLK100MHZ_IBUF_BUFG_inst/O
                         net (fo=5230, routed)        1.595    15.018    u_spear/spear/clk
    SLICE_X72Y93         FDRE                                         r  u_spear/spear/sl_seq_reg[2][13]/C
                         clock pessimism              0.259    15.277    <hidden>
                         clock uncertainty           -0.035    15.241    <hidden>
    SLICE_X72Y93         FDRE (Setup_fdre_C_CE)      -0.205    15.036    u_spear/spear/sl_seq_reg[2][13]
  -------------------------------------------------------------------
                         required time                         15.036    <hidden>
                         arrival time                         -14.636    <hidden>
  -------------------------------------------------------------------
                         slack                                  0.401    <hidden>




