Copyright 1986-2022 Xilinx, Inc. All Rights Reserved. Copyright 2022-2026 Advanced Micro Devices, Inc. All Rights Reserved.
---------------------------------------------------------------------------------------------------------------------------------------------
| Tool Version : Vivado v.2026.1 (win64) Build 6511674 Tue Jun 16 11:02:23 MDT 2026
| Date         : Wed Sep 16 21:19:19 2026
| Host         : laptop-Quan running 64-bit major release  (build 9200)
| Command      : report_timing -delay_type min -max_paths 5 -file D:/FPGA/arty_d/hold_r2/round2/reports/hold_route.rpt
| Design       : arty_a7_r2_top
| Device       : 7a100t-csg324
| Speed File   : -1  PRODUCTION 1.23 2018-06-13
| Design State : Physopt postRoute
---------------------------------------------------------------------------------------------------------------------------------------------

Timing Report

Slack (MET) :             0.021ns  (arrival time - required time)
  Source:                 u_fem/u_adp/req_wdata_reg[9]/C
                            (rising edge-triggered cell FDCE clocked by sys_clk_pin  {rise@0.000ns fall@5.000ns period=10.000ns})
  Destination:            u_fem/u_ui/u_ui/wdata_r_reg[9]/D
                            (rising edge-triggered cell FDCE clocked by sys_clk_pin  {rise@0.000ns fall@5.000ns period=10.000ns})
  Path Group:             sys_clk_pin
  Path Type:              Hold (Min at Fast Process Corner)
  Requirement:            0.000ns  (sys_clk_pin rise@0.000ns - sys_clk_pin rise@0.000ns)
  Data Path Delay:        0.305ns  (logic 0.128ns (41.991%)  route 0.177ns (58.009%))
  Logic Levels:           0  
  Clock Path Skew:        0.268ns (DCD - SCD - CPR)
    Destination Clock Delay (DCD):    2.068ns
    Source Clock Delay      (SCD):    1.546ns
    Clock Pessimism Removal (CPR):    0.254ns

    Location             Delay type                Incr(ns)  Path(ns)    Netlist Resource(s)
  -------------------------------------------------------------------    -------------------
                         (clock sys_clk_pin rise edge)
                                                      0.000     0.000 r  <hidden>
    E3                                                0.000     0.000 r  CLK100MHZ
                         net (fo=0)                   0.000     0.000    CLK100MHZ
    E3                   IBUF (Prop_ibuf_I_O)         0.250     0.250 r  CLK100MHZ_IBUF_inst/O
                         net (fo=1, routed)           0.644     0.894    CLK100MHZ_IBUF
    BUFGCTRL_X0Y16       BUFG (Prop_bufg_I_O)         0.026     0.920 r  CLK100MHZ_IBUF_BUFG_inst/O
                         net (fo=5230, routed)        0.626     1.546    u_fem/u_adp/clk
    SLICE_X52Y13         FDCE                                         r  u_fem/u_adp/req_wdata_reg[9]/C
  -------------------------------------------------------------------    -------------------
    SLICE_X52Y13         FDCE (Prop_fdce_C_Q)         0.128     1.674 r  u_fem/u_adp/req_wdata_reg[9]/Q
                         net (fo=1, routed)           0.177     1.851    u_fem/u_ui/u_ui/wdata_r_reg[31]_0[9]
    SLICE_X48Y12         FDCE                                         r  u_fem/u_ui/u_ui/wdata_r_reg[9]/D
  -------------------------------------------------------------------    -------------------

                         (clock sys_clk_pin rise edge)
                                                      0.000     0.000 r  <hidden>
    E3                                                0.000     0.000 r  CLK100MHZ
                         net (fo=0)                   0.000     0.000    CLK100MHZ
    E3                   IBUF (Prop_ibuf_I_O)         0.438     0.438 r  CLK100MHZ_IBUF_inst/O
                         net (fo=1, routed)           0.699     1.136    CLK100MHZ_IBUF
    BUFGCTRL_X0Y16       BUFG (Prop_bufg_I_O)         0.029     1.165 r  CLK100MHZ_IBUF_BUFG_inst/O
                         net (fo=5230, routed)        0.903     2.068    u_fem/u_ui/u_ui/clk
    SLICE_X48Y12         FDCE                                         r  u_fem/u_ui/u_ui/wdata_r_reg[9]/C
                         clock pessimism             -0.254     1.814    <hidden>
    SLICE_X48Y12         FDCE (Hold_fdce_C_D)         0.016     1.830    u_fem/u_ui/u_ui/wdata_r_reg[9]
  -------------------------------------------------------------------
                         required time                         -1.830    <hidden>
                         arrival time                           1.851    <hidden>
  -------------------------------------------------------------------
                         slack                                  0.021    <hidden>

Slack (MET) :             0.030ns  (arrival time - required time)
  Source:                 u_fem/u_fem/t2_wdata_reg[5]/C
                            (rising edge-triggered cell FDRE clocked by sys_clk_pin  {rise@0.000ns fall@5.000ns period=10.000ns})
  Destination:            u_fem/u_adp/req_wdata_reg[5]/D
                            (rising edge-triggered cell FDCE clocked by sys_clk_pin  {rise@0.000ns fall@5.000ns period=10.000ns})
  Path Group:             sys_clk_pin
  Path Type:              Hold (Min at Fast Process Corner)
  Requirement:            0.000ns  (sys_clk_pin rise@0.000ns - sys_clk_pin rise@0.000ns)
  Data Path Delay:        0.367ns  (logic 0.164ns (44.733%)  route 0.203ns (55.267%))
  Logic Levels:           0  
  Clock Path Skew:        0.266ns (DCD - SCD - CPR)
    Destination Clock Delay (DCD):    2.066ns
    Source Clock Delay      (SCD):    1.546ns
    Clock Pessimism Removal (CPR):    0.254ns

    Location             Delay type                Incr(ns)  Path(ns)    Netlist Resource(s)
  -------------------------------------------------------------------    -------------------
                         (clock sys_clk_pin rise edge)
                                                      0.000     0.000 r  <hidden>
    E3                                                0.000     0.000 r  CLK100MHZ
                         net (fo=0)                   0.000     0.000    CLK100MHZ
    E3                   IBUF (Prop_ibuf_I_O)         0.250     0.250 r  CLK100MHZ_IBUF_inst/O
                         net (fo=1, routed)           0.644     0.894    CLK100MHZ_IBUF
    BUFGCTRL_X0Y16       BUFG (Prop_bufg_I_O)         0.026     0.920 r  CLK100MHZ_IBUF_BUFG_inst/O
                         net (fo=5230, routed)        0.626     1.546    u_fem/u_fem/clk
    SLICE_X54Y15         FDRE                                         r  u_fem/u_fem/t2_wdata_reg[5]/C
  -------------------------------------------------------------------    -------------------
    SLICE_X54Y15         FDRE (Prop_fdre_C_Q)         0.164     1.710 r  u_fem/u_fem/t2_wdata_reg[5]/Q
                         net (fo=1, routed)           0.203     1.913    u_fem/u_adp/req_wdata_reg[31]_1[5]
    SLICE_X48Y15         FDCE                                         r  u_fem/u_adp/req_wdata_reg[5]/D
  -------------------------------------------------------------------    -------------------

                         (clock sys_clk_pin rise edge)
                                                      0.000     0.000 r  <hidden>
    E3                                                0.000     0.000 r  CLK100MHZ
                         net (fo=0)                   0.000     0.000    CLK100MHZ
    E3                   IBUF (Prop_ibuf_I_O)         0.438     0.438 r  CLK100MHZ_IBUF_inst/O
                         net (fo=1, routed)           0.699     1.136    CLK100MHZ_IBUF
    BUFGCTRL_X0Y16       BUFG (Prop_bufg_I_O)         0.029     1.165 r  CLK100MHZ_IBUF_BUFG_inst/O
                         net (fo=5230, routed)        0.901     2.066    u_fem/u_adp/clk
    SLICE_X48Y15         FDCE                                         r  u_fem/u_adp/req_wdata_reg[5]/C
                         clock pessimism             -0.254     1.812    <hidden>
    SLICE_X48Y15         FDCE (Hold_fdce_C_D)         0.071     1.883    u_fem/u_adp/req_wdata_reg[5]
  -------------------------------------------------------------------
                         required time                         -1.883    <hidden>
                         arrival time                           1.913    <hidden>
  -------------------------------------------------------------------
                         slack                                  0.030    <hidden>

Slack (MET) :             0.041ns  (arrival time - required time)
  Source:                 u_fem/u_fem/t2_wdata_reg[27]/C
                            (rising edge-triggered cell FDRE clocked by sys_clk_pin  {rise@0.000ns fall@5.000ns period=10.000ns})
  Destination:            u_fem/u_adp/req_wdata_reg[27]/D
                            (rising edge-triggered cell FDCE clocked by sys_clk_pin  {rise@0.000ns fall@5.000ns period=10.000ns})
  Path Group:             sys_clk_pin
  Path Type:              Hold (Min at Fast Process Corner)
  Requirement:            0.000ns  (sys_clk_pin rise@0.000ns - sys_clk_pin rise@0.000ns)
  Data Path Delay:        0.376ns  (logic 0.141ns (37.453%)  route 0.235ns (62.547%))
  Logic Levels:           0  
  Clock Path Skew:        0.265ns (DCD - SCD - CPR)
    Destination Clock Delay (DCD):    2.065ns
    Source Clock Delay      (SCD):    1.546ns
    Clock Pessimism Removal (CPR):    0.254ns

    Location             Delay type                Incr(ns)  Path(ns)    Netlist Resource(s)
  -------------------------------------------------------------------    -------------------
                         (clock sys_clk_pin rise edge)
                                                      0.000     0.000 r  <hidden>
    E3                                                0.000     0.000 r  CLK100MHZ
                         net (fo=0)                   0.000     0.000    CLK100MHZ
    E3                   IBUF (Prop_ibuf_I_O)         0.250     0.250 r  CLK100MHZ_IBUF_inst/O
                         net (fo=1, routed)           0.644     0.894    CLK100MHZ_IBUF
    BUFGCTRL_X0Y16       BUFG (Prop_bufg_I_O)         0.026     0.920 r  CLK100MHZ_IBUF_BUFG_inst/O
                         net (fo=5230, routed)        0.626     1.546    u_fem/u_fem/clk
    SLICE_X55Y15         FDRE                                         r  u_fem/u_fem/t2_wdata_reg[27]/C
  -------------------------------------------------------------------    -------------------
    SLICE_X55Y15         FDRE (Prop_fdre_C_Q)         0.141     1.687 r  u_fem/u_fem/t2_wdata_reg[27]/Q
                         net (fo=1, routed)           0.235     1.922    u_fem/u_adp/req_wdata_reg[31]_1[27]
    SLICE_X51Y13         FDCE                                         r  u_fem/u_adp/req_wdata_reg[27]/D
  -------------------------------------------------------------------    -------------------

                         (clock sys_clk_pin rise edge)
                                                      0.000     0.000 r  <hidden>
    E3                                                0.000     0.000 r  CLK100MHZ
                         net (fo=0)                   0.000     0.000    CLK100MHZ
    E3                   IBUF (Prop_ibuf_I_O)         0.438     0.438 r  CLK100MHZ_IBUF_inst/O
                         net (fo=1, routed)           0.699     1.136    CLK100MHZ_IBUF
    BUFGCTRL_X0Y16       BUFG (Prop_bufg_I_O)         0.029     1.165 r  CLK100MHZ_IBUF_BUFG_inst/O
                         net (fo=5230, routed)        0.900     2.065    u_fem/u_adp/clk
    SLICE_X51Y13         FDCE                                         r  u_fem/u_adp/req_wdata_reg[27]/C
                         clock pessimism             -0.254     1.811    <hidden>
    SLICE_X51Y13         FDCE (Hold_fdce_C_D)         0.070     1.881    u_fem/u_adp/req_wdata_reg[27]
  -------------------------------------------------------------------
                         required time                         -1.881    <hidden>
                         arrival time                           1.922    <hidden>
  -------------------------------------------------------------------
                         slack                                  0.041    <hidden>

Slack (MET) :             0.042ns  (arrival time - required time)
  Source:                 u_fem/u_fem/t2_wdata_reg[28]/C
                            (rising edge-triggered cell FDRE clocked by sys_clk_pin  {rise@0.000ns fall@5.000ns period=10.000ns})
  Destination:            u_fem/u_adp/req_wdata_reg[28]/D
                            (rising edge-triggered cell FDCE clocked by sys_clk_pin  {rise@0.000ns fall@5.000ns period=10.000ns})
  Path Group:             sys_clk_pin
  Path Type:              Hold (Min at Fast Process Corner)
  Requirement:            0.000ns  (sys_clk_pin rise@0.000ns - sys_clk_pin rise@0.000ns)
  Data Path Delay:        0.376ns  (logic 0.141ns (37.519%)  route 0.235ns (62.481%))
  Logic Levels:           0  
  Clock Path Skew:        0.268ns (DCD - SCD - CPR)
    Destination Clock Delay (DCD):    2.067ns
    Source Clock Delay      (SCD):    1.545ns
    Clock Pessimism Removal (CPR):    0.254ns

    Location             Delay type                Incr(ns)  Path(ns)    Netlist Resource(s)
  -------------------------------------------------------------------    -------------------
                         (clock sys_clk_pin rise edge)
                                                      0.000     0.000 r  <hidden>
    E3                                                0.000     0.000 r  CLK100MHZ
                         net (fo=0)                   0.000     0.000    CLK100MHZ
    E3                   IBUF (Prop_ibuf_I_O)         0.250     0.250 r  CLK100MHZ_IBUF_inst/O
                         net (fo=1, routed)           0.644     0.894    CLK100MHZ_IBUF
    BUFGCTRL_X0Y16       BUFG (Prop_bufg_I_O)         0.026     0.920 r  CLK100MHZ_IBUF_BUFG_inst/O
                         net (fo=5230, routed)        0.625     1.545    u_fem/u_fem/clk
    SLICE_X53Y16         FDRE                                         r  u_fem/u_fem/t2_wdata_reg[28]/C
  -------------------------------------------------------------------    -------------------
    SLICE_X53Y16         FDRE (Prop_fdre_C_Q)         0.141     1.686 r  u_fem/u_fem/t2_wdata_reg[28]/Q
                         net (fo=1, routed)           0.235     1.921    u_fem/u_adp/req_wdata_reg[31]_1[28]
    SLICE_X49Y14         FDCE                                         r  u_fem/u_adp/req_wdata_reg[28]/D
  -------------------------------------------------------------------    -------------------

                         (clock sys_clk_pin rise edge)
                                                      0.000     0.000 r  <hidden>
    E3                                                0.000     0.000 r  CLK100MHZ
                         net (fo=0)                   0.000     0.000    CLK100MHZ
    E3                   IBUF (Prop_ibuf_I_O)         0.438     0.438 r  CLK100MHZ_IBUF_inst/O
                         net (fo=1, routed)           0.699     1.136    CLK100MHZ_IBUF
    BUFGCTRL_X0Y16       BUFG (Prop_bufg_I_O)         0.029     1.165 r  CLK100MHZ_IBUF_BUFG_inst/O
                         net (fo=5230, routed)        0.902     2.067    u_fem/u_adp/clk
    SLICE_X49Y14         FDCE                                         r  u_fem/u_adp/req_wdata_reg[28]/C
                         clock pessimism             -0.254     1.813    <hidden>
    SLICE_X49Y14         FDCE (Hold_fdce_C_D)         0.066     1.879    u_fem/u_adp/req_wdata_reg[28]
  -------------------------------------------------------------------
                         required time                         -1.879    <hidden>
                         arrival time                           1.921    <hidden>
  -------------------------------------------------------------------
                         slack                                  0.042    <hidden>

Slack (MET) :             0.048ns  (arrival time - required time)
  Source:                 u_fem/u_adp/req_wdata_reg[30]/C
                            (rising edge-triggered cell FDCE clocked by sys_clk_pin  {rise@0.000ns fall@5.000ns period=10.000ns})
  Destination:            u_fem/u_ui/u_ui/wdata_r_reg[30]/D
                            (rising edge-triggered cell FDCE clocked by sys_clk_pin  {rise@0.000ns fall@5.000ns period=10.000ns})
  Path Group:             sys_clk_pin
  Path Type:              Hold (Min at Fast Process Corner)
  Requirement:            0.000ns  (sys_clk_pin rise@0.000ns - sys_clk_pin rise@0.000ns)
  Data Path Delay:        0.383ns  (logic 0.164ns (42.791%)  route 0.219ns (57.209%))
  Logic Levels:           0  
  Clock Path Skew:        0.265ns (DCD - SCD - CPR)
    Destination Clock Delay (DCD):    2.064ns
    Source Clock Delay      (SCD):    1.545ns
    Clock Pessimism Removal (CPR):    0.254ns

    Location             Delay type                Incr(ns)  Path(ns)    Netlist Resource(s)
  -------------------------------------------------------------------    -------------------
                         (clock sys_clk_pin rise edge)
                                                      0.000     0.000 r  <hidden>
    E3                                                0.000     0.000 r  CLK100MHZ
                         net (fo=0)                   0.000     0.000    CLK100MHZ
    E3                   IBUF (Prop_ibuf_I_O)         0.250     0.250 r  CLK100MHZ_IBUF_inst/O
                         net (fo=1, routed)           0.644     0.894    CLK100MHZ_IBUF
    BUFGCTRL_X0Y16       BUFG (Prop_bufg_I_O)         0.026     0.920 r  CLK100MHZ_IBUF_BUFG_inst/O
                         net (fo=5230, routed)        0.625     1.545    u_fem/u_adp/clk
    SLICE_X54Y16         FDCE                                         r  u_fem/u_adp/req_wdata_reg[30]/C
  -------------------------------------------------------------------    -------------------
    SLICE_X54Y16         FDCE (Prop_fdce_C_Q)         0.164     1.709 r  u_fem/u_adp/req_wdata_reg[30]/Q
                         net (fo=1, routed)           0.219     1.928    u_fem/u_ui/u_ui/wdata_r_reg[31]_0[30]
    SLICE_X51Y15         FDCE                                         r  u_fem/u_ui/u_ui/wdata_r_reg[30]/D
  -------------------------------------------------------------------    -------------------

                         (clock sys_clk_pin rise edge)
                                                      0.000     0.000 r  <hidden>
    E3                                                0.000     0.000 r  CLK100MHZ
                         net (fo=0)                   0.000     0.000    CLK100MHZ
    E3                   IBUF (Prop_ibuf_I_O)         0.438     0.438 r  CLK100MHZ_IBUF_inst/O
                         net (fo=1, routed)           0.699     1.136    CLK100MHZ_IBUF
    BUFGCTRL_X0Y16       BUFG (Prop_bufg_I_O)         0.029     1.165 r  CLK100MHZ_IBUF_BUFG_inst/O
                         net (fo=5230, routed)        0.899     2.064    u_fem/u_ui/u_ui/clk
    SLICE_X51Y15         FDCE                                         r  u_fem/u_ui/u_ui/wdata_r_reg[30]/C
                         clock pessimism             -0.254     1.810    <hidden>
    SLICE_X51Y15         FDCE (Hold_fdce_C_D)         0.070     1.880    u_fem/u_ui/u_ui/wdata_r_reg[30]
  -------------------------------------------------------------------
                         required time                         -1.880    <hidden>
                         arrival time                           1.928    <hidden>
  -------------------------------------------------------------------
                         slack                                  0.048    <hidden>




