#-----------------------------------------------------------
# xsim v2026.1 (64-bit)
# SW Build 6511674 on Tue Jun 16 11:02:23 MDT 2026
# IP Build 6504888 on Tue Jun 09 09:05:25 MDT 2026
# SharedData Build 6501428 on Mon Jun 08 17:34:18 MDT 2026
# Start of session at: Wed Sep 23 09:13:49 2026
# Process ID         : 4580
# Current directory  : D:/FPGA/arty_d/UART_R2/alias_neighbor_r1
# Command line       : xsim.exe -log xsim.log -mode tcl -source {xsim.dir/tb_alias_neighbor/xsim_script.tcl}
# Log file           : D:/FPGA/arty_d/UART_R2/alias_neighbor_r1/xsim.log
# Journal file       : D:/FPGA/arty_d/UART_R2/alias_neighbor_r1\xsim.jou
# Running On         : laptop-Quan
# Platform           : Windows 11
# Operating System   : 22621
# Processor Detail   : AMD Ryzen 7 5800HS with Radeon Graphics         
# CPU Frequency      : 3194 MHz
# CPU Physical cores : 8
# CPU Logical cores  : 16
# Host memory        : 16541 MB
# Swap memory        : 23130 MB
# Total Virtual      : 39672 MB
# Available Virtual  : 15939 MB
#-----------------------------------------------------------
source xsim.dir/tb_alias_neighbor/xsim_script.tcl
# xsim {tb_alias_neighbor} -autoloadwcfg -tclbatch {run_all.tcl}
Time resolution is 1 ps
source run_all.tcl
## run -all
WALKER_END_ID=00020100
WALKER_LAST_COUNT=2
EDGE0_REF=00000020 STATE_BYTE=11 DST=00020100
EDGE1_REF=00000040 STATE_BYTE=22 DST=00020100
END_ID_EQUALS_BOTH_DST=YES
STATE_BYTES_DIFFER=YES
WALKER_KNOWLEDGE_STATE_PORT=NO
FIXTURE_PACKING_NOT_CANON=YES
KNOWLEDGE_STATE_ENUM_LOCKED=NO
ANSWER_EMITTED=NO
PROOF_REF=0
ALIAS_NEIGHBOR_VS_RESOLVED_EDGE=PASS_XSIM
$finish called at time : 225 ns : File "D:/FPGA/arty_d/UART_R2/alias_neighbor_r1/tb_alias_neighbor.sv" Line 125
## exit
INFO: [Common 17-206] Exiting xsim at Wed Sep 23 09:13:51 2026...
