#-----------------------------------------------------------
# xsim v2026.1 (64-bit)
# SW Build 6511674 on Tue Jun 16 11:02:23 MDT 2026
# IP Build 6504888 on Tue Jun 09 09:05:25 MDT 2026
# SharedData Build 6501428 on Mon Jun 08 17:34:18 MDT 2026
# Start of session at: Wed Sep 23 10:49:13 2026
# Process ID         : 20672
# Current directory  : D:/FPGA/arty_d/UART_R2/proof_r1
# Command line       : xsim.exe -log xsim_top.log -mode tcl -source {xsim.dir/tb_arty_proof_image/xsim_script.tcl}
# Log file           : D:/FPGA/arty_d/UART_R2/proof_r1/xsim_top.log
# Journal file       : D:/FPGA/arty_d/UART_R2/proof_r1\xsim.jou
# Running On         : laptop-Quan
# Platform           : Windows 11
# Operating System   : 22621
# Processor Detail   : AMD Ryzen 7 5800HS with Radeon Graphics         
# CPU Frequency      : 3194 MHz
# CPU Physical cores : 8
# CPU Logical cores  : 16
# Host memory        : 16541 MB
# Swap memory        : 23130 MB
# Total Virtual      : 39672 MB
# Available Virtual  : 16144 MB
#-----------------------------------------------------------
source xsim.dir/tb_arty_proof_image/xsim_script.tcl
# xsim {tb_arty_proof_image} -autoloadwcfg -tclbatch {run_top.tcl}
Time resolution is 1 ps
source run_top.tcl
## run -all
UART_OPEN_ANSWER_AND_PROOF=YES
UART_LOOP_EFFECT_4_PROPOSAL_0=YES
TOP_LED_EQUALS_DRIVE=YES
ARTY_PROOF_IMAGE_XSIM=PASS_XSIM
$finish called at time : 62035 ns : File "D:/FPGA/arty_d/UART_R2/proof_r1/tb_arty_proof_image.sv" Line 62
## exit
INFO: [Common 17-206] Exiting xsim at Wed Sep 23 10:49:15 2026...
