#-----------------------------------------------------------
# xsim v2026.1 (64-bit)
# SW Build 6511674 on Tue Jun 16 11:02:23 MDT 2026
# IP Build 6504888 on Tue Jun 09 09:05:25 MDT 2026
# SharedData Build 6501428 on Mon Jun 08 17:34:18 MDT 2026
# Start of session at: Wed Sep 23 09:21:26 2026
# Process ID         : 19332
# Current directory  : D:/FPGA/arty_d/UART_R2/eligible_edge_r1
# Command line       : xsim.exe -log xsim.log -mode tcl -source {xsim.dir/tb_eligible_edge_r1/xsim_script.tcl}
# Log file           : D:/FPGA/arty_d/UART_R2/eligible_edge_r1/xsim.log
# Journal file       : D:/FPGA/arty_d/UART_R2/eligible_edge_r1\xsim.jou
# Running On         : laptop-Quan
# Platform           : Windows 11
# Operating System   : 22621
# Processor Detail   : AMD Ryzen 7 5800HS with Radeon Graphics         
# CPU Frequency      : 3194 MHz
# CPU Physical cores : 8
# CPU Logical cores  : 16
# Host memory        : 16541 MB
# Swap memory        : 23130 MB
# Total Virtual      : 39672 MB
# Available Virtual  : 16125 MB
#-----------------------------------------------------------
source xsim.dir/tb_eligible_edge_r1/xsim_script.tcl
# xsim {tb_eligible_edge_r1} -autoloadwcfg -tclbatch {run_all.tcl}
Time resolution is 1 ps
source run_all.tcl
## run -all
ARM_VERIFIED0_DST=00020100
ARM_VERIFIED1_DST=00020101
BOTH_VERIFIED_ELIGIBLE_DST=0
NONE_VERIFIED_ELIGIBLE_DST=0
ANSWER_REF=0
PROOF_REF=0
LABEL_IS_NOT_BYTE_DECODE=YES
KNOWLEDGE_STATE_ENUM_LOCKED=NO
ANSWER_EMITTED=NO
ELIGIBLE_EDGE_FOLLOWS_LABEL=PASS_XSIM
$finish called at time : 95 ns : File "D:/FPGA/arty_d/UART_R2/eligible_edge_r1/tb_eligible_edge_r1.sv" Line 98
## exit
INFO: [Common 17-206] Exiting xsim at Wed Sep 23 09:21:29 2026...
