#-----------------------------------------------------------
# xsim v2026.1 (64-bit)
# SW Build 6511674 on Tue Jun 16 11:02:23 MDT 2026
# IP Build 6504888 on Tue Jun 09 09:05:25 MDT 2026
# SharedData Build 6501428 on Mon Jun 08 17:34:18 MDT 2026
# Start of session at: Wed Sep 23 10:35:24 2026
# Process ID         : 6876
# Current directory  : D:/FPGA/arty_d/UART_R2/proof_r1
# Command line       : xsim.exe -log xsim_gen_cause.log -mode tcl -source {xsim.dir/tb_gen_cause_r1/xsim_script.tcl}
# Log file           : D:/FPGA/arty_d/UART_R2/proof_r1/xsim_gen_cause.log
# Journal file       : D:/FPGA/arty_d/UART_R2/proof_r1\xsim.jou
# Running On         : laptop-Quan
# Platform           : Windows 11
# Operating System   : 22621
# Processor Detail   : AMD Ryzen 7 5800HS with Radeon Graphics         
# CPU Frequency      : 3194 MHz
# CPU Physical cores : 8
# CPU Logical cores  : 16
# Host memory        : 16541 MB
# Swap memory        : 23130 MB
# Total Virtual      : 39672 MB
# Available Virtual  : 16513 MB
#-----------------------------------------------------------
source xsim.dir/tb_gen_cause_r1/xsim_script.tcl
# xsim {tb_gen_cause_r1} -autoloadwcfg -tclbatch {run_all.tcl}
Time resolution is 1 ps
source run_all.tcl
## run -all
SEE st=01 ans=00020100 low=000 prim=001 eq=0
ANSWER_AND_PRIMITIVE_SAME_GENERATION=YES
PRIMITIVE_IS_NOT_ANSWER_BITS=YES
SENSE_IS_NOT_ASSIGNED_INSIDE_DUT=YES
EFFECT_CODE=4
PROPOSAL_AFTER_EFFECT=0
STALE_CLEARS_COMMAND_AND_EFFECT=YES
GEN_CAUSE_R1=PASS_XSIM
$finish called at time : 115 ns : File "D:/FPGA/arty_d/UART_R2/proof_r1/tb_gen_cause_r1.sv" Line 114
## exit
INFO: [Common 17-206] Exiting xsim at Wed Sep 23 10:35:26 2026...
