#-----------------------------------------------------------
# xsim v2026.1 (64-bit)
# SW Build 6511674 on Tue Jun 16 11:02:23 MDT 2026
# IP Build 6504888 on Tue Jun 09 09:05:25 MDT 2026
# SharedData Build 6501428 on Mon Jun 08 17:34:18 MDT 2026
# Start of session at: Wed Sep 23 09:59:30 2026
# Process ID         : 13520
# Current directory  : D:/FPGA/arty_d/UART_R2/mem_replay_r1
# Command line       : xsim.exe -log xsim.log -mode tcl -source {xsim.dir/tb_mem_replay_r1/xsim_script.tcl}
# Log file           : D:/FPGA/arty_d/UART_R2/mem_replay_r1/xsim.log
# Journal file       : D:/FPGA/arty_d/UART_R2/mem_replay_r1\xsim.jou
# Running On         : laptop-Quan
# Platform           : Windows 11
# Operating System   : 22621
# Processor Detail   : AMD Ryzen 7 5800HS with Radeon Graphics         
# CPU Frequency      : 3194 MHz
# CPU Physical cores : 8
# CPU Logical cores  : 16
# Host memory        : 16541 MB
# Swap memory        : 23130 MB
# Total Virtual      : 39672 MB
# Available Virtual  : 15264 MB
#-----------------------------------------------------------
source xsim.dir/tb_mem_replay_r1/xsim_script.tcl
# xsim {tb_mem_replay_r1} -autoloadwcfg -tclbatch {run_all.tcl}
Time resolution is 1 ps
source run_all.tcl
## run -all
POSTING_HINT_STALE=YES
FOUND_REF=00000080
RESOLVED_ONLY_BY_REPLAY=YES
ANSWER_REF=0
PROOF_REF=0
ANSWER_EMITTED=NO
MEM_REPLAY_TUPLE=PASS_XSIM
$finish called at time : 185 ns : File "D:/FPGA/arty_d/UART_R2/mem_replay_r1/tb_mem_replay_r1.sv" Line 45
## exit
INFO: [Common 17-206] Exiting xsim at Wed Sep 23 09:59:32 2026...
