#-----------------------------------------------------------
# xsim v2026.1 (64-bit)
# SW Build 6511674 on Tue Jun 16 11:02:23 MDT 2026
# IP Build 6504888 on Tue Jun 09 09:05:25 MDT 2026
# SharedData Build 6501428 on Mon Jun 08 17:34:18 MDT 2026
# Start of session at: Mon Sep 21 12:53:35 2026
# Process ID         : 28264
# Current directory  : D:/FPGA/arty_d/rkb_readback/xsim
# Command line       : xsim.exe -log D:\FPGA\arty_d\rkb_readback\xsim\rkb06_xsim.log -mode tcl -source {xsim.dir/tb_rkb06/xsim_script.tcl}
# Log file           : D:/FPGA/arty_d/rkb_readback/xsim/rkb06_xsim.log
# Journal file       : D:/FPGA/arty_d/rkb_readback/xsim\xsim.jou
# Running On         : laptop-Quan
# Platform           : Windows 11
# Operating System   : 22621
# Processor Detail   : AMD Ryzen 7 5800HS with Radeon Graphics         
# CPU Frequency      : 3194 MHz
# CPU Physical cores : 8
# CPU Logical cores  : 16
# Host memory        : 16541 MB
# Swap memory        : 23525 MB
# Total Virtual      : 40066 MB
# Available Virtual  : 7758 MB
#-----------------------------------------------------------
source xsim.dir/tb_rkb06/xsim_script.tcl
# xsim {tb_rkb06} -autoloadwcfg -tclbatch {run_rkb06.tcl}
Time resolution is 1 ps
source run_rkb06.tcl
## run -all
RKB-06 WARM hit=1 nb=00030100 dest_rd=5 t1=1 gen=000000c1 pub=0100010 post=0100030 edge=0100050
RKB-06 FLUSH t1=0 gen=000000c1 pub=0100010 (no dest write, no COMMIT)
RKB-06 POST hit=1 nb=00030100 dest_rd=5 t1=1 gen=000000c1 dest_same=1 post=0100030 edge=0100050
RKB-06 PASS_XSIM SEMANTIC_PARITY_ONLY
$finish called at time : 7075 ns : File "D:/FPGA/arty_d/rkb_readback/tb_rkb06_parity.sv" Line 272
## exit
INFO: [Common 17-206] Exiting xsim at Mon Sep 21 12:53:37 2026...
