#-----------------------------------------------------------
# xsim v2026.1 (64-bit)
# SW Build 6511674 on Tue Jun 16 11:02:23 MDT 2026
# IP Build 6504888 on Tue Jun 09 09:05:25 MDT 2026
# SharedData Build 6501428 on Mon Jun 08 17:34:18 MDT 2026
# Start of session at: Mon Sep 21 11:52:04 2026
# Process ID         : 37552
# Current directory  : D:/FPGA/arty_d/rkb_readback/xsim
# Command line       : xsim.exe -log D:\FPGA\arty_d\rkb_readback\xsim\rkb02_xsim.log -mode tcl -source {xsim.dir/tb_rkb02/xsim_script.tcl}
# Log file           : D:/FPGA/arty_d/rkb_readback/xsim/rkb02_xsim.log
# Journal file       : D:/FPGA/arty_d/rkb_readback/xsim\xsim.jou
# Running On         : laptop-Quan
# Platform           : Windows 11
# Operating System   : 22621
# Processor Detail   : AMD Ryzen 7 5800HS with Radeon Graphics         
# CPU Frequency      : 3194 MHz
# CPU Physical cores : 8
# CPU Logical cores  : 16
# Host memory        : 16541 MB
# Swap memory        : 23525 MB
# Total Virtual      : 40066 MB
# Available Virtual  : 8040 MB
#-----------------------------------------------------------
source xsim.dir/tb_rkb02/xsim_script.tcl
# xsim {tb_rkb02} -autoloadwcfg -tclbatch {run_rkb02.tcl}
Time resolution is 1 ps
source run_rkb02.tcl
## run -all
WR_BEAT phase=1 t=755000 wr_beat=0000000 have_wr=0 pending=0000000 pub=0000000
WR_BEAT phase=1 t=845000 wr_beat=0000000 have_wr=1 pending=0000000 pub=0000000
WR_BEAT phase=1 t=935000 wr_beat=0000000 have_wr=1 pending=0000000 pub=0000000
WR_BEAT phase=1 t=1025000 wr_beat=0000000 have_wr=1 pending=0000000 pub=0000000
SAMPLE P1 pub=0000000 root_valid=0 pending=0000000 have_wr=1 pub_v=0
DEST_RD phase=1 t=1235000 app_addr=0000000 pub_root=0000000 pending=0000000 have_wr=0 pub_v=1 root_valid=1 widx=000 ridx=000 d_addr=0000000 dest0=000000000002010000010100b1e16688 dest1024=xxxxxxxxxxxxxxxxxxxxxxxxxxxxxxxx
DEST_COMPLETE P1 ack=1 hs=5 dest0=000000000002010000010100b1e16688 pub=0000000 hit=1 nb=00020100 dest_rd=1 OK=1
WR_BEAT phase=2 t=1905000 wr_beat=0100000 have_wr=0 pending=0000000 pub=0000000
WR_BEAT phase=2 t=1995000 wr_beat=0100000 have_wr=1 pending=0100000 pub=0000000
WR_BEAT phase=2 t=2085000 wr_beat=0100000 have_wr=1 pending=0100000 pub=0000000
WR_BEAT phase=2 t=2175000 wr_beat=0100000 have_wr=1 pending=0100000 pub=0000000
SAMPLE P2 pub=0000000 root_valid=1 pending=0100000 have_wr=1 pub_v=1
DEST_RD phase=2 t=2385000 app_addr=0100000 pub_root=0100000 pending=0100000 have_wr=0 pub_v=1 root_valid=1 widx=1024 ridx=1024 d_addr=0100000 dest0=000000000002010000010100b1e16688 dest1024=000000000002010000010100a354c966
RELOC P2 ack=1 hs=5 dest0=000000000002010000010100b1e16688 dest1024=000000000002010000010100a354c966 pub=0000000 hit=1 nb=00020100 dest_rd=1 gen=000000b2
DEST_RD phase=3 t=2545000 app_addr=0100000 pub_root=0100000 pending=0100000 have_wr=0 pub_v=1 root_valid=1 widx=1024 ridx=1024 d_addr=0100000 dest0=00000000000000000000000000000000 dest1024=000000000002010000010100a354c966
RKB-02 poison P1 dest0=00000000000000000000000000000000 dest1024=000000000002010000010100a354c966 hit=1 nb=00020100 dest_rd=1
DEST_RD phase=4 t=2705000 app_addr=0100000 pub_root=0100000 pending=0100000 have_wr=0 pub_v=1 root_valid=1 widx=1024 ridx=1024 d_addr=0100000 dest0=00000000000000000000000000000000 dest1024=00000000000000000000000000000000
RKB-02 poison P2 dest1024=00000000000000000000000000000000 hit=0 nb=00000000 dest_rd=1
DEST_COMPLETE+RKB-02 PASS_XSIM
$finish called at time : 2775 ns : File "D:/FPGA/arty_d/rkb_readback/tb_rkb02_reloc.sv" Line 335
## exit
INFO: [Common 17-206] Exiting xsim at Mon Sep 21 11:52:07 2026...
