#-----------------------------------------------------------
# xsim v2026.1 (64-bit)
# SW Build 6511674 on Tue Jun 16 11:02:23 MDT 2026
# IP Build 6504888 on Tue Jun 09 09:05:25 MDT 2026
# SharedData Build 6501428 on Mon Jun 08 17:34:18 MDT 2026
# Start of session at: Mon Sep 21 12:13:53 2026
# Process ID         : 14708
# Current directory  : D:/FPGA/arty_d/rkb_readback/xsim
# Command line       : xsim.exe -log D:\FPGA\arty_d\rkb_readback\xsim\rkb04_xsim.log -mode tcl -source {xsim.dir/tb_rkb04/xsim_script.tcl}
# Log file           : D:/FPGA/arty_d/rkb_readback/xsim/rkb04_xsim.log
# Journal file       : D:/FPGA/arty_d/rkb_readback/xsim\xsim.jou
# Running On         : laptop-Quan
# Platform           : Windows 11
# Operating System   : 22621
# Processor Detail   : AMD Ryzen 7 5800HS with Radeon Graphics         
# CPU Frequency      : 3194 MHz
# CPU Physical cores : 8
# CPU Logical cores  : 16
# Host memory        : 16541 MB
# Swap memory        : 26783 MB
# Total Virtual      : 43325 MB
# Available Virtual  : 6032 MB
#-----------------------------------------------------------
source xsim.dir/tb_rkb04/xsim_script.tcl
# xsim {tb_rkb04} -autoloadwcfg -tclbatch {run_rkb04.tcl}
Time resolution is 1 ps
source run_rkb04.tcl
## run -all
LAYOUT pub=0000010 rv=1 dest1=000000000000000000000000320b651f dest2=000100b1000000000000003000010100 dest3=0000000000010001000100b100010100 dest4=00000000000000000002010000000050 dest5=00000000000000000002010000010100 dest6=00010001000000000000000100000000
DEST_RD t=3315000 app=0000020 widx=2 dest1=000100b1000000000000003000010100 dest3=00000000000000000002010000000050 dest4=00000000000000000002010000010100 dest5=00010001000000000000000100000000
DEST_RD t=3365000 app=0000030 widx=3 dest1=000100b1000000000000003000010100 dest3=00000000000000000002010000000050 dest4=00000000000000000002010000010100 dest5=00010001000000000000000100000000
DEST_RD t=3415000 app=0000040 widx=4 dest1=000100b1000000000000003000010100 dest3=00000000000000000002010000000050 dest4=00000000000000000002010000010100 dest5=00010001000000000000000100000000
DEST_RD t=3465000 app=0000050 widx=5 dest1=000100b1000000000000003000010100 dest3=00000000000000000002010000000050 dest4=00000000000000000002010000010100 dest5=00010001000000000000000100000000
DEST_RD t=3515000 app=0000060 widx=6 dest1=000100b1000000000000003000010100 dest3=00000000000000000002010000000050 dest4=00000000000000000002010000010100 dest5=00010001000000000000000100000000
RKB-04 before poison hit=1 nb=00020100 dest_rd=5 gen=000000b1
DEST_RD t=3675000 app=0000020 widx=2 dest1=000100b1000000000000003000010100 dest3=00000000000000000002010000000050 dest4=00000000000000000000000000000000 dest5=00000000000000000000000000000000
DEST_RD t=3725000 app=0000030 widx=3 dest1=000100b1000000000000003000010100 dest3=00000000000000000002010000000050 dest4=00000000000000000000000000000000 dest5=00000000000000000000000000000000
DEST_RD t=3775000 app=0000040 widx=4 dest1=000100b1000000000000003000010100 dest3=00000000000000000002010000000050 dest4=00000000000000000000000000000000 dest5=00000000000000000000000000000000
DEST_RD t=3825000 app=0000050 widx=5 dest1=000100b1000000000000003000010100 dest3=00000000000000000002010000000050 dest4=00000000000000000000000000000000 dest5=00000000000000000000000000000000
RKB-04 after edge poison dest1=000100b1000000000000003000010100 dest3=00000000000000000002010000000050 dest4=00000000000000000000000000000000 hit=0 nb=00000000 dest_rd=4
RKB-04 PASS_XSIM
$finish called at time : 3895 ns : File "D:/FPGA/arty_d/rkb_readback/tb_rkb04_edge.sv" Line 240
## exit
INFO: [Common 17-206] Exiting xsim at Mon Sep 21 12:13:55 2026...
