#-----------------------------------------------------------
# xsim v2026.1 (64-bit)
# SW Build 6511674 on Tue Jun 16 11:02:23 MDT 2026
# IP Build 6504888 on Tue Jun 09 09:05:25 MDT 2026
# SharedData Build 6501428 on Mon Jun 08 17:34:18 MDT 2026
# Start of session at: Thu Sep 17 06:00:43 2026
# Process ID         : 18380
# Current directory  : D:/FPGA/arty_d/pack_debug_clear/xsim_hold
# Command line       : xsim.exe -log D:\FPGA\arty_d\pack_debug_clear\xsim_hold\xsim.log -mode tcl -source {xsim.dir/snap_hold/xsim_script.tcl}
# Log file           : D:/FPGA/arty_d/pack_debug_clear/xsim_hold/xsim.log
# Journal file       : D:/FPGA/arty_d/pack_debug_clear/xsim_hold\xsim.jou
# Running On         : laptop-Quan
# Platform           : Windows 11
# Operating System   : 22621
# Processor Detail   : AMD Ryzen 7 5800HS with Radeon Graphics         
# CPU Frequency      : 3194 MHz
# CPU Physical cores : 8
# CPU Logical cores  : 16
# Host memory        : 16541 MB
# Swap memory        : 27327 MB
# Total Virtual      : 43869 MB
# Available Virtual  : 18330 MB
#-----------------------------------------------------------
source xsim.dir/snap_hold/xsim_script.tcl
# xsim {snap_hold} -autoloadwcfg -tclbatch {run_all.tcl}
Time resolution is 1 ps
source run_all.tcl
## run -all
T10 MATCH ACK c1ea50a5
T10 PASS HOLD_WR_MAX=0 used=0
PACK_HOLD_FLOOD_XSIM_PASS 2 (not PACK_ABI_24_24_PASS)
$finish called at time : 240195 ns : File "D:/FPGA/arty_d/pack_debug_clear/tb_pack_hold_flood.sv" Line 134
## exit
INFO: [Common 17-206] Exiting xsim at Thu Sep 17 06:00:46 2026...
