#-----------------------------------------------------------
# xsim v2026.1 (64-bit)
# SW Build 6511674 on Tue Jun 16 11:02:23 MDT 2026
# IP Build 6504888 on Tue Jun 09 09:05:25 MDT 2026
# SharedData Build 6501428 on Mon Jun 08 17:34:18 MDT 2026
# Start of session at: Sun Sep 20 17:20:16 2026
# Process ID         : 5448
# Current directory  : D:/FPGA/arty_d/UART_R2/xsim_u33obs_hoplog
# Command line       : xsim.exe -log xsim_u33obs_hoplog.log -mode tcl -source {xsim.dir/tb_u33obs/xsim_script.tcl}
# Log file           : D:/FPGA/arty_d/UART_R2/xsim_u33obs_hoplog/xsim_u33obs_hoplog.log
# Journal file       : D:/FPGA/arty_d/UART_R2/xsim_u33obs_hoplog\xsim.jou
# Running On         : laptop-Quan
# Platform           : Windows 11
# Operating System   : 22621
# Processor Detail   : AMD Ryzen 7 5800HS with Radeon Graphics         
# CPU Frequency      : 3194 MHz
# CPU Physical cores : 8
# CPU Logical cores  : 16
# Host memory        : 16541 MB
# Swap memory        : 23525 MB
# Total Virtual      : 40066 MB
# Available Virtual  : 15433 MB
#-----------------------------------------------------------
source xsim.dir/tb_u33obs/xsim_script.tcl
# xsim {tb_u33obs} -autoloadwcfg -tclbatch {run.tcl}
Time resolution is 1 ps
source run.tcl
## run -all
STATUS mute=0 got=0200015a n_ld=8 p0=00800001 p1=00800001 n_ev=64 PACK_ABI_24_24_PASS=NO
HOPLOG_CLASS_A p_fire p0=BEGIN p1=BEGIN first_divergent=p1
PASS_XSIM leftover hop_log CLASS_A
$finish called at time : 2401265 ns : File "D:/FPGA/arty_d/UART_R2/u33obs/tb_u33obs_leftover_hoplog.sv" Line 162
## puts DONE
DONE
## exit
INFO: [Common 17-206] Exiting xsim at Sun Sep 20 17:20:18 2026...
