#-----------------------------------------------------------
# xsim v2026.1 (64-bit)
# SW Build 6511674 on Tue Jun 16 11:02:23 MDT 2026
# IP Build 6504888 on Tue Jun 09 09:05:25 MDT 2026
# SharedData Build 6501428 on Mon Jun 08 17:34:18 MDT 2026
# Start of session at: Thu Sep 17 11:47:57 2026
# Process ID         : 9912
# Current directory  : D:/FPGA/arty_d/first_divergence_01/xsim_h17
# Command line       : xsim.exe -log D:\FPGA\arty_d\first_divergence_01\xsim_h17\xsim.log -mode tcl -source {xsim.dir/snap_h17/xsim_script.tcl}
# Log file           : D:/FPGA/arty_d/first_divergence_01/xsim_h17/xsim.log
# Journal file       : D:/FPGA/arty_d/first_divergence_01/xsim_h17\xsim.jou
# Running On         : laptop-Quan
# Platform           : Windows 11
# Operating System   : 22621
# Processor Detail   : AMD Ryzen 7 5800HS with Radeon Graphics         
# CPU Frequency      : 3194 MHz
# CPU Physical cores : 8
# CPU Logical cores  : 16
# Host memory        : 16541 MB
# Swap memory        : 27327 MB
# Total Virtual      : 43869 MB
# Available Virtual  : 14618 MB
#-----------------------------------------------------------
source xsim.dir/snap_h17/xsim_script.tcl
# xsim {snap_h17} -autoloadwcfg -tclbatch {run_all.tcl}
Time resolution is 1 ps
source run_all.tcl
## run -all
H17 CLEAR1 ACK n_cmd_fifo=0
H17 V-03 empty dest got=010000a5 first_p=00800001 reason=00 lock=0
H17 CLEAR2 ACK
H17 V-03 after CLEAR got=010000a5 first_p=00800001 reason=00 n_cmd_fifo=0
H17_DEST_WIPED_XSIM dest cleared by VALIDATION_CLEAR fail=0
$finish called at time : 6272235 ns : File "D:/FPGA/NATIVE_AI_DEVELOPMENTAL_HARDWARE_R1_PACKAGE_20260914-20260914T045403Z-1-001/CANON_BLUEPRINT/tb/native_ai/board/tb_h17_dest_persist.sv" Line 193
## exit
INFO: [Common 17-206] Exiting xsim at Thu Sep 17 11:48:01 2026...
