Copyright 1986-2022 Xilinx, Inc. All Rights Reserved. Copyright 2022-2026 Advanced Micro Devices, Inc. All Rights Reserved.
---------------------------------------------------------------------------------------------------------------------------------------------
| Tool Version : Vivado v.2026.1 (win64) Build 6511674 Tue Jun 16 11:02:23 MDT 2026
| Date         : Wed Sep 16 23:54:29 2026
| Host         : laptop-Quan running 64-bit major release  (build 9200)
| Command      : report_timing -max_paths 5 -file D:/FPGA/arty_d/m3_query_walk_ooc/reports/crit.rpt
| Design       : query_walk_bind
| Device       : 7a100t-csg324
| Speed File   : -1  PRODUCTION 1.23 2018-06-13
| Design State : Synthesized
---------------------------------------------------------------------------------------------------------------------------------------------

Timing Report

Slack (MET) :             2.955ns  (required time - arrival time)
  Source:                 qb_reg[13][2]/C
                            (rising edge-triggered cell FDRE clocked by clk  {rise@0.000ns fall@5.000ns period=10.000ns})
  Destination:            cnt_r_reg[0]/CE
                            (rising edge-triggered cell FDCE clocked by clk  {rise@0.000ns fall@5.000ns period=10.000ns})
  Path Group:             clk
  Path Type:              Setup (Max at Slow Process Corner)
  Requirement:            10.000ns  (clk rise@10.000ns - clk rise@0.000ns)
  Data Path Delay:        6.759ns  (logic 2.032ns (30.064%)  route 4.727ns (69.936%))
  Logic Levels:           7  (CARRY4=2 LUT6=5)
  Clock Path Skew:        -0.049ns (DCD - SCD + CPR)
    Destination Clock Delay (DCD):    0.924ns = ( 10.924 - 10.000 ) 
    Source Clock Delay      (SCD):    0.973ns
    Clock Pessimism Removal (CPR):    0.000ns
  Clock Uncertainty:      0.035ns  ((TSJ^2 + TIJ^2)^1/2 + DJ) / 2 + PE
    Total System Jitter     (TSJ):    0.071ns
    Total Input Jitter      (TIJ):    0.000ns
    Discrete Jitter          (DJ):    0.000ns
    Phase Error              (PE):    0.000ns

    Location             Delay type                Incr(ns)  Path(ns)    Netlist Resource(s)
  -------------------------------------------------------------------    -------------------
                         (clock clk rise edge)        0.000     0.000 r  <hidden>
                                                      0.000     0.000 r  clk
                         net (fo=630, unset)          0.973     0.973    clk
                         FDRE                                         r  qb_reg[13][2]/C
  -------------------------------------------------------------------    -------------------
                         FDRE (Prop_fdre_C_Q)         0.478     1.451 r  qb_reg[13][2]/Q
                         net (fo=3, unplaced)         0.983     2.434    u_walk/found_i_67_1[2]
                         LUT6 (Prop_lut6_I0_O)        0.295     2.729 r  u_walk/found_i_217/O
                         net (fo=1, unplaced)         0.964     3.693    u_walk/found_i_217_n_0
                         LUT6 (Prop_lut6_I0_O)        0.124     3.817 r  u_walk/found_i_81/O
                         net (fo=1, unplaced)         0.941     4.758    u_walk/found_i_81_n_0
                         LUT6 (Prop_lut6_I4_O)        0.124     4.882 r  u_walk/found_i_27/O
                         net (fo=1, unplaced)         0.941     5.823    u_walk/found_i_27_n_0
                         LUT6 (Prop_lut6_I0_O)        0.124     5.947 r  u_walk/found_i_13/O
                         net (fo=1, unplaced)         0.000     5.947    u_walk/found_i_13_n_0
                         CARRY4 (Prop_carry4_S[3]_CO[3])
                                                      0.376     6.323 r  u_walk/found_reg_i_8/CO[3]
                         net (fo=1, unplaced)         0.000     6.323    u_walk/found_reg_i_8_n_0
                         CARRY4 (Prop_carry4_CI_CO[1])
                                                      0.179     6.502 r  u_walk/found_reg_i_5/CO[1]
                         net (fo=5, unplaced)         0.340     6.842    u_walk/CO[0]
                         LUT6 (Prop_lut6_I1_O)        0.332     7.174 r  u_walk/found_i_1__0/O
                         net (fo=55, unplaced)        0.558     7.732    u_walk_n_4
                         FDCE                                         r  cnt_r_reg[0]/CE
  -------------------------------------------------------------------    -------------------

                         (clock clk rise edge)       10.000    10.000 r  <hidden>
                                                      0.000    10.000 r  clk
                         net (fo=630, unset)          0.924    10.924    clk
                         FDCE                                         r  cnt_r_reg[0]/C
                         clock pessimism              0.000    10.924    <hidden>
                         clock uncertainty           -0.035    10.889    <hidden>
                         FDCE (Setup_fdce_C_CE)      -0.202    10.687    cnt_r_reg[0]
  -------------------------------------------------------------------
                         required time                         10.687    <hidden>
                         arrival time                          -7.732    <hidden>
  -------------------------------------------------------------------
                         slack                                  2.955    <hidden>

Slack (MET) :             2.955ns  (required time - arrival time)
  Source:                 qb_reg[13][2]/C
                            (rising edge-triggered cell FDRE clocked by clk  {rise@0.000ns fall@5.000ns period=10.000ns})
  Destination:            cnt_r_reg[10]/CE
                            (rising edge-triggered cell FDCE clocked by clk  {rise@0.000ns fall@5.000ns period=10.000ns})
  Path Group:             clk
  Path Type:              Setup (Max at Slow Process Corner)
  Requirement:            10.000ns  (clk rise@10.000ns - clk rise@0.000ns)
  Data Path Delay:        6.759ns  (logic 2.032ns (30.064%)  route 4.727ns (69.936%))
  Logic Levels:           7  (CARRY4=2 LUT6=5)
  Clock Path Skew:        -0.049ns (DCD - SCD + CPR)
    Destination Clock Delay (DCD):    0.924ns = ( 10.924 - 10.000 ) 
    Source Clock Delay      (SCD):    0.973ns
    Clock Pessimism Removal (CPR):    0.000ns
  Clock Uncertainty:      0.035ns  ((TSJ^2 + TIJ^2)^1/2 + DJ) / 2 + PE
    Total System Jitter     (TSJ):    0.071ns
    Total Input Jitter      (TIJ):    0.000ns
    Discrete Jitter          (DJ):    0.000ns
    Phase Error              (PE):    0.000ns

    Location             Delay type                Incr(ns)  Path(ns)    Netlist Resource(s)
  -------------------------------------------------------------------    -------------------
                         (clock clk rise edge)        0.000     0.000 r  <hidden>
                                                      0.000     0.000 r  clk
                         net (fo=630, unset)          0.973     0.973    clk
                         FDRE                                         r  qb_reg[13][2]/C
  -------------------------------------------------------------------    -------------------
                         FDRE (Prop_fdre_C_Q)         0.478     1.451 r  qb_reg[13][2]/Q
                         net (fo=3, unplaced)         0.983     2.434    u_walk/found_i_67_1[2]
                         LUT6 (Prop_lut6_I0_O)        0.295     2.729 r  u_walk/found_i_217/O
                         net (fo=1, unplaced)         0.964     3.693    u_walk/found_i_217_n_0
                         LUT6 (Prop_lut6_I0_O)        0.124     3.817 r  u_walk/found_i_81/O
                         net (fo=1, unplaced)         0.941     4.758    u_walk/found_i_81_n_0
                         LUT6 (Prop_lut6_I4_O)        0.124     4.882 r  u_walk/found_i_27/O
                         net (fo=1, unplaced)         0.941     5.823    u_walk/found_i_27_n_0
                         LUT6 (Prop_lut6_I0_O)        0.124     5.947 r  u_walk/found_i_13/O
                         net (fo=1, unplaced)         0.000     5.947    u_walk/found_i_13_n_0
                         CARRY4 (Prop_carry4_S[3]_CO[3])
                                                      0.376     6.323 r  u_walk/found_reg_i_8/CO[3]
                         net (fo=1, unplaced)         0.000     6.323    u_walk/found_reg_i_8_n_0
                         CARRY4 (Prop_carry4_CI_CO[1])
                                                      0.179     6.502 r  u_walk/found_reg_i_5/CO[1]
                         net (fo=5, unplaced)         0.340     6.842    u_walk/CO[0]
                         LUT6 (Prop_lut6_I1_O)        0.332     7.174 r  u_walk/found_i_1__0/O
                         net (fo=55, unplaced)        0.558     7.732    u_walk_n_4
                         FDCE                                         r  cnt_r_reg[10]/CE
  -------------------------------------------------------------------    -------------------

                         (clock clk rise edge)       10.000    10.000 r  <hidden>
                                                      0.000    10.000 r  clk
                         net (fo=630, unset)          0.924    10.924    clk
                         FDCE                                         r  cnt_r_reg[10]/C
                         clock pessimism              0.000    10.924    <hidden>
                         clock uncertainty           -0.035    10.889    <hidden>
                         FDCE (Setup_fdce_C_CE)      -0.202    10.687    cnt_r_reg[10]
  -------------------------------------------------------------------
                         required time                         10.687    <hidden>
                         arrival time                          -7.732    <hidden>
  -------------------------------------------------------------------
                         slack                                  2.955    <hidden>

Slack (MET) :             2.955ns  (required time - arrival time)
  Source:                 qb_reg[13][2]/C
                            (rising edge-triggered cell FDRE clocked by clk  {rise@0.000ns fall@5.000ns period=10.000ns})
  Destination:            cnt_r_reg[11]/CE
                            (rising edge-triggered cell FDCE clocked by clk  {rise@0.000ns fall@5.000ns period=10.000ns})
  Path Group:             clk
  Path Type:              Setup (Max at Slow Process Corner)
  Requirement:            10.000ns  (clk rise@10.000ns - clk rise@0.000ns)
  Data Path Delay:        6.759ns  (logic 2.032ns (30.064%)  route 4.727ns (69.936%))
  Logic Levels:           7  (CARRY4=2 LUT6=5)
  Clock Path Skew:        -0.049ns (DCD - SCD + CPR)
    Destination Clock Delay (DCD):    0.924ns = ( 10.924 - 10.000 ) 
    Source Clock Delay      (SCD):    0.973ns
    Clock Pessimism Removal (CPR):    0.000ns
  Clock Uncertainty:      0.035ns  ((TSJ^2 + TIJ^2)^1/2 + DJ) / 2 + PE
    Total System Jitter     (TSJ):    0.071ns
    Total Input Jitter      (TIJ):    0.000ns
    Discrete Jitter          (DJ):    0.000ns
    Phase Error              (PE):    0.000ns

    Location             Delay type                Incr(ns)  Path(ns)    Netlist Resource(s)
  -------------------------------------------------------------------    -------------------
                         (clock clk rise edge)        0.000     0.000 r  <hidden>
                                                      0.000     0.000 r  clk
                         net (fo=630, unset)          0.973     0.973    clk
                         FDRE                                         r  qb_reg[13][2]/C
  -------------------------------------------------------------------    -------------------
                         FDRE (Prop_fdre_C_Q)         0.478     1.451 r  qb_reg[13][2]/Q
                         net (fo=3, unplaced)         0.983     2.434    u_walk/found_i_67_1[2]
                         LUT6 (Prop_lut6_I0_O)        0.295     2.729 r  u_walk/found_i_217/O
                         net (fo=1, unplaced)         0.964     3.693    u_walk/found_i_217_n_0
                         LUT6 (Prop_lut6_I0_O)        0.124     3.817 r  u_walk/found_i_81/O
                         net (fo=1, unplaced)         0.941     4.758    u_walk/found_i_81_n_0
                         LUT6 (Prop_lut6_I4_O)        0.124     4.882 r  u_walk/found_i_27/O
                         net (fo=1, unplaced)         0.941     5.823    u_walk/found_i_27_n_0
                         LUT6 (Prop_lut6_I0_O)        0.124     5.947 r  u_walk/found_i_13/O
                         net (fo=1, unplaced)         0.000     5.947    u_walk/found_i_13_n_0
                         CARRY4 (Prop_carry4_S[3]_CO[3])
                                                      0.376     6.323 r  u_walk/found_reg_i_8/CO[3]
                         net (fo=1, unplaced)         0.000     6.323    u_walk/found_reg_i_8_n_0
                         CARRY4 (Prop_carry4_CI_CO[1])
                                                      0.179     6.502 r  u_walk/found_reg_i_5/CO[1]
                         net (fo=5, unplaced)         0.340     6.842    u_walk/CO[0]
                         LUT6 (Prop_lut6_I1_O)        0.332     7.174 r  u_walk/found_i_1__0/O
                         net (fo=55, unplaced)        0.558     7.732    u_walk_n_4
                         FDCE                                         r  cnt_r_reg[11]/CE
  -------------------------------------------------------------------    -------------------

                         (clock clk rise edge)       10.000    10.000 r  <hidden>
                                                      0.000    10.000 r  clk
                         net (fo=630, unset)          0.924    10.924    clk
                         FDCE                                         r  cnt_r_reg[11]/C
                         clock pessimism              0.000    10.924    <hidden>
                         clock uncertainty           -0.035    10.889    <hidden>
                         FDCE (Setup_fdce_C_CE)      -0.202    10.687    cnt_r_reg[11]
  -------------------------------------------------------------------
                         required time                         10.687    <hidden>
                         arrival time                          -7.732    <hidden>
  -------------------------------------------------------------------
                         slack                                  2.955    <hidden>

Slack (MET) :             2.955ns  (required time - arrival time)
  Source:                 qb_reg[13][2]/C
                            (rising edge-triggered cell FDRE clocked by clk  {rise@0.000ns fall@5.000ns period=10.000ns})
  Destination:            cnt_r_reg[12]/CE
                            (rising edge-triggered cell FDCE clocked by clk  {rise@0.000ns fall@5.000ns period=10.000ns})
  Path Group:             clk
  Path Type:              Setup (Max at Slow Process Corner)
  Requirement:            10.000ns  (clk rise@10.000ns - clk rise@0.000ns)
  Data Path Delay:        6.759ns  (logic 2.032ns (30.064%)  route 4.727ns (69.936%))
  Logic Levels:           7  (CARRY4=2 LUT6=5)
  Clock Path Skew:        -0.049ns (DCD - SCD + CPR)
    Destination Clock Delay (DCD):    0.924ns = ( 10.924 - 10.000 ) 
    Source Clock Delay      (SCD):    0.973ns
    Clock Pessimism Removal (CPR):    0.000ns
  Clock Uncertainty:      0.035ns  ((TSJ^2 + TIJ^2)^1/2 + DJ) / 2 + PE
    Total System Jitter     (TSJ):    0.071ns
    Total Input Jitter      (TIJ):    0.000ns
    Discrete Jitter          (DJ):    0.000ns
    Phase Error              (PE):    0.000ns

    Location             Delay type                Incr(ns)  Path(ns)    Netlist Resource(s)
  -------------------------------------------------------------------    -------------------
                         (clock clk rise edge)        0.000     0.000 r  <hidden>
                                                      0.000     0.000 r  clk
                         net (fo=630, unset)          0.973     0.973    clk
                         FDRE                                         r  qb_reg[13][2]/C
  -------------------------------------------------------------------    -------------------
                         FDRE (Prop_fdre_C_Q)         0.478     1.451 r  qb_reg[13][2]/Q
                         net (fo=3, unplaced)         0.983     2.434    u_walk/found_i_67_1[2]
                         LUT6 (Prop_lut6_I0_O)        0.295     2.729 r  u_walk/found_i_217/O
                         net (fo=1, unplaced)         0.964     3.693    u_walk/found_i_217_n_0
                         LUT6 (Prop_lut6_I0_O)        0.124     3.817 r  u_walk/found_i_81/O
                         net (fo=1, unplaced)         0.941     4.758    u_walk/found_i_81_n_0
                         LUT6 (Prop_lut6_I4_O)        0.124     4.882 r  u_walk/found_i_27/O
                         net (fo=1, unplaced)         0.941     5.823    u_walk/found_i_27_n_0
                         LUT6 (Prop_lut6_I0_O)        0.124     5.947 r  u_walk/found_i_13/O
                         net (fo=1, unplaced)         0.000     5.947    u_walk/found_i_13_n_0
                         CARRY4 (Prop_carry4_S[3]_CO[3])
                                                      0.376     6.323 r  u_walk/found_reg_i_8/CO[3]
                         net (fo=1, unplaced)         0.000     6.323    u_walk/found_reg_i_8_n_0
                         CARRY4 (Prop_carry4_CI_CO[1])
                                                      0.179     6.502 r  u_walk/found_reg_i_5/CO[1]
                         net (fo=5, unplaced)         0.340     6.842    u_walk/CO[0]
                         LUT6 (Prop_lut6_I1_O)        0.332     7.174 r  u_walk/found_i_1__0/O
                         net (fo=55, unplaced)        0.558     7.732    u_walk_n_4
                         FDCE                                         r  cnt_r_reg[12]/CE
  -------------------------------------------------------------------    -------------------

                         (clock clk rise edge)       10.000    10.000 r  <hidden>
                                                      0.000    10.000 r  clk
                         net (fo=630, unset)          0.924    10.924    clk
                         FDCE                                         r  cnt_r_reg[12]/C
                         clock pessimism              0.000    10.924    <hidden>
                         clock uncertainty           -0.035    10.889    <hidden>
                         FDCE (Setup_fdce_C_CE)      -0.202    10.687    cnt_r_reg[12]
  -------------------------------------------------------------------
                         required time                         10.687    <hidden>
                         arrival time                          -7.732    <hidden>
  -------------------------------------------------------------------
                         slack                                  2.955    <hidden>

Slack (MET) :             2.955ns  (required time - arrival time)
  Source:                 qb_reg[13][2]/C
                            (rising edge-triggered cell FDRE clocked by clk  {rise@0.000ns fall@5.000ns period=10.000ns})
  Destination:            cnt_r_reg[13]/CE
                            (rising edge-triggered cell FDCE clocked by clk  {rise@0.000ns fall@5.000ns period=10.000ns})
  Path Group:             clk
  Path Type:              Setup (Max at Slow Process Corner)
  Requirement:            10.000ns  (clk rise@10.000ns - clk rise@0.000ns)
  Data Path Delay:        6.759ns  (logic 2.032ns (30.064%)  route 4.727ns (69.936%))
  Logic Levels:           7  (CARRY4=2 LUT6=5)
  Clock Path Skew:        -0.049ns (DCD - SCD + CPR)
    Destination Clock Delay (DCD):    0.924ns = ( 10.924 - 10.000 ) 
    Source Clock Delay      (SCD):    0.973ns
    Clock Pessimism Removal (CPR):    0.000ns
  Clock Uncertainty:      0.035ns  ((TSJ^2 + TIJ^2)^1/2 + DJ) / 2 + PE
    Total System Jitter     (TSJ):    0.071ns
    Total Input Jitter      (TIJ):    0.000ns
    Discrete Jitter          (DJ):    0.000ns
    Phase Error              (PE):    0.000ns

    Location             Delay type                Incr(ns)  Path(ns)    Netlist Resource(s)
  -------------------------------------------------------------------    -------------------
                         (clock clk rise edge)        0.000     0.000 r  <hidden>
                                                      0.000     0.000 r  clk
                         net (fo=630, unset)          0.973     0.973    clk
                         FDRE                                         r  qb_reg[13][2]/C
  -------------------------------------------------------------------    -------------------
                         FDRE (Prop_fdre_C_Q)         0.478     1.451 r  qb_reg[13][2]/Q
                         net (fo=3, unplaced)         0.983     2.434    u_walk/found_i_67_1[2]
                         LUT6 (Prop_lut6_I0_O)        0.295     2.729 r  u_walk/found_i_217/O
                         net (fo=1, unplaced)         0.964     3.693    u_walk/found_i_217_n_0
                         LUT6 (Prop_lut6_I0_O)        0.124     3.817 r  u_walk/found_i_81/O
                         net (fo=1, unplaced)         0.941     4.758    u_walk/found_i_81_n_0
                         LUT6 (Prop_lut6_I4_O)        0.124     4.882 r  u_walk/found_i_27/O
                         net (fo=1, unplaced)         0.941     5.823    u_walk/found_i_27_n_0
                         LUT6 (Prop_lut6_I0_O)        0.124     5.947 r  u_walk/found_i_13/O
                         net (fo=1, unplaced)         0.000     5.947    u_walk/found_i_13_n_0
                         CARRY4 (Prop_carry4_S[3]_CO[3])
                                                      0.376     6.323 r  u_walk/found_reg_i_8/CO[3]
                         net (fo=1, unplaced)         0.000     6.323    u_walk/found_reg_i_8_n_0
                         CARRY4 (Prop_carry4_CI_CO[1])
                                                      0.179     6.502 r  u_walk/found_reg_i_5/CO[1]
                         net (fo=5, unplaced)         0.340     6.842    u_walk/CO[0]
                         LUT6 (Prop_lut6_I1_O)        0.332     7.174 r  u_walk/found_i_1__0/O
                         net (fo=55, unplaced)        0.558     7.732    u_walk_n_4
                         FDCE                                         r  cnt_r_reg[13]/CE
  -------------------------------------------------------------------    -------------------

                         (clock clk rise edge)       10.000    10.000 r  <hidden>
                                                      0.000    10.000 r  clk
                         net (fo=630, unset)          0.924    10.924    clk
                         FDCE                                         r  cnt_r_reg[13]/C
                         clock pessimism              0.000    10.924    <hidden>
                         clock uncertainty           -0.035    10.889    <hidden>
                         FDCE (Setup_fdce_C_CE)      -0.202    10.687    cnt_r_reg[13]
  -------------------------------------------------------------------
                         required time                         10.687    <hidden>
                         arrival time                          -7.732    <hidden>
  -------------------------------------------------------------------
                         slack                                  2.955    <hidden>




