Copyright 1986-2022 Xilinx, Inc. All Rights Reserved. Copyright 2022-2026 Advanced Micro Devices, Inc. All Rights Reserved.
---------------------------------------------------------------------------------------------------------------------------------------------
| Tool Version : Vivado v.2026.1 (win64) Build 6511674 Tue Jun 16 11:02:23 MDT 2026
| Date         : Wed Sep 16 23:56:04 2026
| Host         : laptop-Quan running 64-bit major release  (build 9200)
| Command      : report_timing -max_paths 5 -file D:/FPGA/arty_d/m3_query_walk_ooc/reports/route_crit.rpt
| Design       : query_walk_bind
| Device       : 7a100t-csg324
| Speed File   : -1  PRODUCTION 1.23 2018-06-13
| Design State : Routed
---------------------------------------------------------------------------------------------------------------------------------------------

Timing Report

Slack (MET) :             1.899ns  (required time - arrival time)
  Source:                 qb_reg[10][1]/C
                            (rising edge-triggered cell FDRE clocked by clk  {rise@0.000ns fall@5.000ns period=10.000ns})
  Destination:            hops_i_reg[1]/CE
                            (rising edge-triggered cell FDCE clocked by clk  {rise@0.000ns fall@5.000ns period=10.000ns})
  Path Group:             clk
  Path Type:              Setup (Max at Slow Process Corner)
  Requirement:            10.000ns  (clk rise@10.000ns - clk rise@0.000ns)
  Data Path Delay:        7.848ns  (logic 2.399ns (30.569%)  route 5.449ns (69.431%))
  Logic Levels:           8  (CARRY4=2 LUT4=2 LUT5=2 LUT6=2)
  Clock Path Skew:        -0.049ns (DCD - SCD + CPR)
    Destination Clock Delay (DCD):    0.924ns = ( 10.924 - 10.000 ) 
    Source Clock Delay      (SCD):    0.973ns
    Clock Pessimism Removal (CPR):    0.000ns
  Clock Uncertainty:      0.035ns  ((TSJ^2 + TIJ^2)^1/2 + DJ) / 2 + PE
    Total System Jitter     (TSJ):    0.071ns
    Total Input Jitter      (TIJ):    0.000ns
    Discrete Jitter          (DJ):    0.000ns
    Phase Error              (PE):    0.000ns

    Location             Delay type                Incr(ns)  Path(ns)    Netlist Resource(s)
  -------------------------------------------------------------------    -------------------
                         (clock clk rise edge)        0.000     0.000 r  <hidden>
                                                      0.000     0.000 r  clk
                         net (fo=635, unset)          0.973     0.973    clk
    SLICE_X48Y93         FDRE                                         r  qb_reg[10][1]/C
  -------------------------------------------------------------------    -------------------
    SLICE_X48Y93         FDRE (Prop_fdre_C_Q)         0.456     1.429 r  qb_reg[10][1]/Q
                         net (fo=4, routed)           0.822     2.251    u_walk/found_i_29_0[1]
    SLICE_X49Y93         LUT4 (Prop_lut4_I0_O)        0.124     2.375 r  u_walk/found_i_202/O
                         net (fo=3, routed)           0.666     3.041    u_walk/found_i_202_n_0
    SLICE_X48Y94         LUT5 (Prop_lut5_I4_O)        0.150     3.191 r  u_walk/found_i_73/O
                         net (fo=2, routed)           0.844     4.035    u_walk/found_i_73_n_0
    SLICE_X48Y93         LUT5 (Prop_lut5_I0_O)        0.354     4.389 r  u_walk/found_i_24/O
                         net (fo=3, routed)           0.802     5.191    u_walk/found_i_24_n_0
    SLICE_X46Y93         LUT6 (Prop_lut6_I1_O)        0.326     5.517 r  u_walk/found_i_27/O
                         net (fo=1, routed)           0.810     6.327    u_walk/found_i_27_n_0
    SLICE_X46Y91         LUT6 (Prop_lut6_I0_O)        0.124     6.451 r  u_walk/found_i_13/O
                         net (fo=1, routed)           0.000     6.451    u_walk/found_i_13_n_0
    SLICE_X46Y91         CARRY4 (Prop_carry4_S[3]_CO[3])
                                                      0.376     6.827 r  u_walk/found_reg_i_8/CO[3]
                         net (fo=1, routed)           0.000     6.827    u_walk/found_reg_i_8_n_0
    SLICE_X46Y92         CARRY4 (Prop_carry4_CI_CO[1])
                                                      0.157     6.984 f  u_walk/found_reg_i_5/CO[1]
                         net (fo=5, routed)           0.776     7.759    state21_in
    SLICE_X54Y92         LUT4 (Prop_lut4_I3_O)        0.332     8.091 r  sid[31]_i_1/O
                         net (fo=37, routed)          0.730     8.821    w_req
    SLICE_X54Y96         FDCE                                         r  hops_i_reg[1]/CE
  -------------------------------------------------------------------    -------------------

                         (clock clk rise edge)       10.000    10.000 r  <hidden>
                                                      0.000    10.000 r  clk
                         net (fo=635, unset)          0.924    10.924    clk
    SLICE_X54Y96         FDCE                                         r  hops_i_reg[1]/C
                         clock pessimism              0.000    10.924    <hidden>
                         clock uncertainty           -0.035    10.889    <hidden>
    SLICE_X54Y96         FDCE (Setup_fdce_C_CE)      -0.169    10.720    hops_i_reg[1]
  -------------------------------------------------------------------
                         required time                         10.720    <hidden>
                         arrival time                          -8.821    <hidden>
  -------------------------------------------------------------------
                         slack                                  1.899    <hidden>

Slack (MET) :             1.899ns  (required time - arrival time)
  Source:                 qb_reg[10][1]/C
                            (rising edge-triggered cell FDRE clocked by clk  {rise@0.000ns fall@5.000ns period=10.000ns})
  Destination:            hops_i_reg[2]/CE
                            (rising edge-triggered cell FDCE clocked by clk  {rise@0.000ns fall@5.000ns period=10.000ns})
  Path Group:             clk
  Path Type:              Setup (Max at Slow Process Corner)
  Requirement:            10.000ns  (clk rise@10.000ns - clk rise@0.000ns)
  Data Path Delay:        7.848ns  (logic 2.399ns (30.569%)  route 5.449ns (69.431%))
  Logic Levels:           8  (CARRY4=2 LUT4=2 LUT5=2 LUT6=2)
  Clock Path Skew:        -0.049ns (DCD - SCD + CPR)
    Destination Clock Delay (DCD):    0.924ns = ( 10.924 - 10.000 ) 
    Source Clock Delay      (SCD):    0.973ns
    Clock Pessimism Removal (CPR):    0.000ns
  Clock Uncertainty:      0.035ns  ((TSJ^2 + TIJ^2)^1/2 + DJ) / 2 + PE
    Total System Jitter     (TSJ):    0.071ns
    Total Input Jitter      (TIJ):    0.000ns
    Discrete Jitter          (DJ):    0.000ns
    Phase Error              (PE):    0.000ns

    Location             Delay type                Incr(ns)  Path(ns)    Netlist Resource(s)
  -------------------------------------------------------------------    -------------------
                         (clock clk rise edge)        0.000     0.000 r  <hidden>
                                                      0.000     0.000 r  clk
                         net (fo=635, unset)          0.973     0.973    clk
    SLICE_X48Y93         FDRE                                         r  qb_reg[10][1]/C
  -------------------------------------------------------------------    -------------------
    SLICE_X48Y93         FDRE (Prop_fdre_C_Q)         0.456     1.429 r  qb_reg[10][1]/Q
                         net (fo=4, routed)           0.822     2.251    u_walk/found_i_29_0[1]
    SLICE_X49Y93         LUT4 (Prop_lut4_I0_O)        0.124     2.375 r  u_walk/found_i_202/O
                         net (fo=3, routed)           0.666     3.041    u_walk/found_i_202_n_0
    SLICE_X48Y94         LUT5 (Prop_lut5_I4_O)        0.150     3.191 r  u_walk/found_i_73/O
                         net (fo=2, routed)           0.844     4.035    u_walk/found_i_73_n_0
    SLICE_X48Y93         LUT5 (Prop_lut5_I0_O)        0.354     4.389 r  u_walk/found_i_24/O
                         net (fo=3, routed)           0.802     5.191    u_walk/found_i_24_n_0
    SLICE_X46Y93         LUT6 (Prop_lut6_I1_O)        0.326     5.517 r  u_walk/found_i_27/O
                         net (fo=1, routed)           0.810     6.327    u_walk/found_i_27_n_0
    SLICE_X46Y91         LUT6 (Prop_lut6_I0_O)        0.124     6.451 r  u_walk/found_i_13/O
                         net (fo=1, routed)           0.000     6.451    u_walk/found_i_13_n_0
    SLICE_X46Y91         CARRY4 (Prop_carry4_S[3]_CO[3])
                                                      0.376     6.827 r  u_walk/found_reg_i_8/CO[3]
                         net (fo=1, routed)           0.000     6.827    u_walk/found_reg_i_8_n_0
    SLICE_X46Y92         CARRY4 (Prop_carry4_CI_CO[1])
                                                      0.157     6.984 f  u_walk/found_reg_i_5/CO[1]
                         net (fo=5, routed)           0.776     7.759    state21_in
    SLICE_X54Y92         LUT4 (Prop_lut4_I3_O)        0.332     8.091 r  sid[31]_i_1/O
                         net (fo=37, routed)          0.730     8.821    w_req
    SLICE_X54Y96         FDCE                                         r  hops_i_reg[2]/CE
  -------------------------------------------------------------------    -------------------

                         (clock clk rise edge)       10.000    10.000 r  <hidden>
                                                      0.000    10.000 r  clk
                         net (fo=635, unset)          0.924    10.924    clk
    SLICE_X54Y96         FDCE                                         r  hops_i_reg[2]/C
                         clock pessimism              0.000    10.924    <hidden>
                         clock uncertainty           -0.035    10.889    <hidden>
    SLICE_X54Y96         FDCE (Setup_fdce_C_CE)      -0.169    10.720    hops_i_reg[2]
  -------------------------------------------------------------------
                         required time                         10.720    <hidden>
                         arrival time                          -8.821    <hidden>
  -------------------------------------------------------------------
                         slack                                  1.899    <hidden>

Slack (MET) :             1.899ns  (required time - arrival time)
  Source:                 qb_reg[10][1]/C
                            (rising edge-triggered cell FDRE clocked by clk  {rise@0.000ns fall@5.000ns period=10.000ns})
  Destination:            hops_i_reg[3]/CE
                            (rising edge-triggered cell FDCE clocked by clk  {rise@0.000ns fall@5.000ns period=10.000ns})
  Path Group:             clk
  Path Type:              Setup (Max at Slow Process Corner)
  Requirement:            10.000ns  (clk rise@10.000ns - clk rise@0.000ns)
  Data Path Delay:        7.848ns  (logic 2.399ns (30.569%)  route 5.449ns (69.431%))
  Logic Levels:           8  (CARRY4=2 LUT4=2 LUT5=2 LUT6=2)
  Clock Path Skew:        -0.049ns (DCD - SCD + CPR)
    Destination Clock Delay (DCD):    0.924ns = ( 10.924 - 10.000 ) 
    Source Clock Delay      (SCD):    0.973ns
    Clock Pessimism Removal (CPR):    0.000ns
  Clock Uncertainty:      0.035ns  ((TSJ^2 + TIJ^2)^1/2 + DJ) / 2 + PE
    Total System Jitter     (TSJ):    0.071ns
    Total Input Jitter      (TIJ):    0.000ns
    Discrete Jitter          (DJ):    0.000ns
    Phase Error              (PE):    0.000ns

    Location             Delay type                Incr(ns)  Path(ns)    Netlist Resource(s)
  -------------------------------------------------------------------    -------------------
                         (clock clk rise edge)        0.000     0.000 r  <hidden>
                                                      0.000     0.000 r  clk
                         net (fo=635, unset)          0.973     0.973    clk
    SLICE_X48Y93         FDRE                                         r  qb_reg[10][1]/C
  -------------------------------------------------------------------    -------------------
    SLICE_X48Y93         FDRE (Prop_fdre_C_Q)         0.456     1.429 r  qb_reg[10][1]/Q
                         net (fo=4, routed)           0.822     2.251    u_walk/found_i_29_0[1]
    SLICE_X49Y93         LUT4 (Prop_lut4_I0_O)        0.124     2.375 r  u_walk/found_i_202/O
                         net (fo=3, routed)           0.666     3.041    u_walk/found_i_202_n_0
    SLICE_X48Y94         LUT5 (Prop_lut5_I4_O)        0.150     3.191 r  u_walk/found_i_73/O
                         net (fo=2, routed)           0.844     4.035    u_walk/found_i_73_n_0
    SLICE_X48Y93         LUT5 (Prop_lut5_I0_O)        0.354     4.389 r  u_walk/found_i_24/O
                         net (fo=3, routed)           0.802     5.191    u_walk/found_i_24_n_0
    SLICE_X46Y93         LUT6 (Prop_lut6_I1_O)        0.326     5.517 r  u_walk/found_i_27/O
                         net (fo=1, routed)           0.810     6.327    u_walk/found_i_27_n_0
    SLICE_X46Y91         LUT6 (Prop_lut6_I0_O)        0.124     6.451 r  u_walk/found_i_13/O
                         net (fo=1, routed)           0.000     6.451    u_walk/found_i_13_n_0
    SLICE_X46Y91         CARRY4 (Prop_carry4_S[3]_CO[3])
                                                      0.376     6.827 r  u_walk/found_reg_i_8/CO[3]
                         net (fo=1, routed)           0.000     6.827    u_walk/found_reg_i_8_n_0
    SLICE_X46Y92         CARRY4 (Prop_carry4_CI_CO[1])
                                                      0.157     6.984 f  u_walk/found_reg_i_5/CO[1]
                         net (fo=5, routed)           0.776     7.759    state21_in
    SLICE_X54Y92         LUT4 (Prop_lut4_I3_O)        0.332     8.091 r  sid[31]_i_1/O
                         net (fo=37, routed)          0.730     8.821    w_req
    SLICE_X54Y96         FDCE                                         r  hops_i_reg[3]/CE
  -------------------------------------------------------------------    -------------------

                         (clock clk rise edge)       10.000    10.000 r  <hidden>
                                                      0.000    10.000 r  clk
                         net (fo=635, unset)          0.924    10.924    clk
    SLICE_X54Y96         FDCE                                         r  hops_i_reg[3]/C
                         clock pessimism              0.000    10.924    <hidden>
                         clock uncertainty           -0.035    10.889    <hidden>
    SLICE_X54Y96         FDCE (Setup_fdce_C_CE)      -0.169    10.720    hops_i_reg[3]
  -------------------------------------------------------------------
                         required time                         10.720    <hidden>
                         arrival time                          -8.821    <hidden>
  -------------------------------------------------------------------
                         slack                                  1.899    <hidden>

Slack (MET) :             1.914ns  (required time - arrival time)
  Source:                 qb_reg[10][1]/C
                            (rising edge-triggered cell FDRE clocked by clk  {rise@0.000ns fall@5.000ns period=10.000ns})
  Destination:            cnt_r_reg[10]/CE
                            (rising edge-triggered cell FDCE clocked by clk  {rise@0.000ns fall@5.000ns period=10.000ns})
  Path Group:             clk
  Path Type:              Setup (Max at Slow Process Corner)
  Requirement:            10.000ns  (clk rise@10.000ns - clk rise@0.000ns)
  Data Path Delay:        7.833ns  (logic 2.399ns (30.628%)  route 5.434ns (69.372%))
  Logic Levels:           8  (CARRY4=2 LUT4=1 LUT5=2 LUT6=3)
  Clock Path Skew:        -0.049ns (DCD - SCD + CPR)
    Destination Clock Delay (DCD):    0.924ns = ( 10.924 - 10.000 ) 
    Source Clock Delay      (SCD):    0.973ns
    Clock Pessimism Removal (CPR):    0.000ns
  Clock Uncertainty:      0.035ns  ((TSJ^2 + TIJ^2)^1/2 + DJ) / 2 + PE
    Total System Jitter     (TSJ):    0.071ns
    Total Input Jitter      (TIJ):    0.000ns
    Discrete Jitter          (DJ):    0.000ns
    Phase Error              (PE):    0.000ns

    Location             Delay type                Incr(ns)  Path(ns)    Netlist Resource(s)
  -------------------------------------------------------------------    -------------------
                         (clock clk rise edge)        0.000     0.000 r  <hidden>
                                                      0.000     0.000 r  clk
                         net (fo=635, unset)          0.973     0.973    clk
    SLICE_X48Y93         FDRE                                         r  qb_reg[10][1]/C
  -------------------------------------------------------------------    -------------------
    SLICE_X48Y93         FDRE (Prop_fdre_C_Q)         0.456     1.429 r  qb_reg[10][1]/Q
                         net (fo=4, routed)           0.822     2.251    u_walk/found_i_29_0[1]
    SLICE_X49Y93         LUT4 (Prop_lut4_I0_O)        0.124     2.375 r  u_walk/found_i_202/O
                         net (fo=3, routed)           0.666     3.041    u_walk/found_i_202_n_0
    SLICE_X48Y94         LUT5 (Prop_lut5_I4_O)        0.150     3.191 r  u_walk/found_i_73/O
                         net (fo=2, routed)           0.844     4.035    u_walk/found_i_73_n_0
    SLICE_X48Y93         LUT5 (Prop_lut5_I0_O)        0.354     4.389 r  u_walk/found_i_24/O
                         net (fo=3, routed)           0.802     5.191    u_walk/found_i_24_n_0
    SLICE_X46Y93         LUT6 (Prop_lut6_I1_O)        0.326     5.517 r  u_walk/found_i_27/O
                         net (fo=1, routed)           0.810     6.327    u_walk/found_i_27_n_0
    SLICE_X46Y91         LUT6 (Prop_lut6_I0_O)        0.124     6.451 r  u_walk/found_i_13/O
                         net (fo=1, routed)           0.000     6.451    u_walk/found_i_13_n_0
    SLICE_X46Y91         CARRY4 (Prop_carry4_S[3]_CO[3])
                                                      0.376     6.827 r  u_walk/found_reg_i_8/CO[3]
                         net (fo=1, routed)           0.000     6.827    u_walk/found_reg_i_8_n_0
    SLICE_X46Y92         CARRY4 (Prop_carry4_CI_CO[1])
                                                      0.157     6.984 r  u_walk/found_reg_i_5/CO[1]
                         net (fo=5, routed)           0.519     7.502    u_walk/CO[0]
    SLICE_X54Y92         LUT6 (Prop_lut6_I1_O)        0.332     7.834 r  u_walk/found_i_1__0/O
                         net (fo=55, routed)          0.971     8.806    u_walk_n_4
    SLICE_X58Y101        FDCE                                         r  cnt_r_reg[10]/CE
  -------------------------------------------------------------------    -------------------

                         (clock clk rise edge)       10.000    10.000 r  <hidden>
                                                      0.000    10.000 r  clk
                         net (fo=635, unset)          0.924    10.924    clk
    SLICE_X58Y101        FDCE                                         r  cnt_r_reg[10]/C
                         clock pessimism              0.000    10.924    <hidden>
                         clock uncertainty           -0.035    10.889    <hidden>
    SLICE_X58Y101        FDCE (Setup_fdce_C_CE)      -0.169    10.720    cnt_r_reg[10]
  -------------------------------------------------------------------
                         required time                         10.720    <hidden>
                         arrival time                          -8.806    <hidden>
  -------------------------------------------------------------------
                         slack                                  1.914    <hidden>

Slack (MET) :             1.914ns  (required time - arrival time)
  Source:                 qb_reg[10][1]/C
                            (rising edge-triggered cell FDRE clocked by clk  {rise@0.000ns fall@5.000ns period=10.000ns})
  Destination:            cnt_r_reg[11]/CE
                            (rising edge-triggered cell FDCE clocked by clk  {rise@0.000ns fall@5.000ns period=10.000ns})
  Path Group:             clk
  Path Type:              Setup (Max at Slow Process Corner)
  Requirement:            10.000ns  (clk rise@10.000ns - clk rise@0.000ns)
  Data Path Delay:        7.833ns  (logic 2.399ns (30.628%)  route 5.434ns (69.372%))
  Logic Levels:           8  (CARRY4=2 LUT4=1 LUT5=2 LUT6=3)
  Clock Path Skew:        -0.049ns (DCD - SCD + CPR)
    Destination Clock Delay (DCD):    0.924ns = ( 10.924 - 10.000 ) 
    Source Clock Delay      (SCD):    0.973ns
    Clock Pessimism Removal (CPR):    0.000ns
  Clock Uncertainty:      0.035ns  ((TSJ^2 + TIJ^2)^1/2 + DJ) / 2 + PE
    Total System Jitter     (TSJ):    0.071ns
    Total Input Jitter      (TIJ):    0.000ns
    Discrete Jitter          (DJ):    0.000ns
    Phase Error              (PE):    0.000ns

    Location             Delay type                Incr(ns)  Path(ns)    Netlist Resource(s)
  -------------------------------------------------------------------    -------------------
                         (clock clk rise edge)        0.000     0.000 r  <hidden>
                                                      0.000     0.000 r  clk
                         net (fo=635, unset)          0.973     0.973    clk
    SLICE_X48Y93         FDRE                                         r  qb_reg[10][1]/C
  -------------------------------------------------------------------    -------------------
    SLICE_X48Y93         FDRE (Prop_fdre_C_Q)         0.456     1.429 r  qb_reg[10][1]/Q
                         net (fo=4, routed)           0.822     2.251    u_walk/found_i_29_0[1]
    SLICE_X49Y93         LUT4 (Prop_lut4_I0_O)        0.124     2.375 r  u_walk/found_i_202/O
                         net (fo=3, routed)           0.666     3.041    u_walk/found_i_202_n_0
    SLICE_X48Y94         LUT5 (Prop_lut5_I4_O)        0.150     3.191 r  u_walk/found_i_73/O
                         net (fo=2, routed)           0.844     4.035    u_walk/found_i_73_n_0
    SLICE_X48Y93         LUT5 (Prop_lut5_I0_O)        0.354     4.389 r  u_walk/found_i_24/O
                         net (fo=3, routed)           0.802     5.191    u_walk/found_i_24_n_0
    SLICE_X46Y93         LUT6 (Prop_lut6_I1_O)        0.326     5.517 r  u_walk/found_i_27/O
                         net (fo=1, routed)           0.810     6.327    u_walk/found_i_27_n_0
    SLICE_X46Y91         LUT6 (Prop_lut6_I0_O)        0.124     6.451 r  u_walk/found_i_13/O
                         net (fo=1, routed)           0.000     6.451    u_walk/found_i_13_n_0
    SLICE_X46Y91         CARRY4 (Prop_carry4_S[3]_CO[3])
                                                      0.376     6.827 r  u_walk/found_reg_i_8/CO[3]
                         net (fo=1, routed)           0.000     6.827    u_walk/found_reg_i_8_n_0
    SLICE_X46Y92         CARRY4 (Prop_carry4_CI_CO[1])
                                                      0.157     6.984 r  u_walk/found_reg_i_5/CO[1]
                         net (fo=5, routed)           0.519     7.502    u_walk/CO[0]
    SLICE_X54Y92         LUT6 (Prop_lut6_I1_O)        0.332     7.834 r  u_walk/found_i_1__0/O
                         net (fo=55, routed)          0.971     8.806    u_walk_n_4
    SLICE_X58Y101        FDCE                                         r  cnt_r_reg[11]/CE
  -------------------------------------------------------------------    -------------------

                         (clock clk rise edge)       10.000    10.000 r  <hidden>
                                                      0.000    10.000 r  clk
                         net (fo=635, unset)          0.924    10.924    clk
    SLICE_X58Y101        FDCE                                         r  cnt_r_reg[11]/C
                         clock pessimism              0.000    10.924    <hidden>
                         clock uncertainty           -0.035    10.889    <hidden>
    SLICE_X58Y101        FDCE (Setup_fdce_C_CE)      -0.169    10.720    cnt_r_reg[11]
  -------------------------------------------------------------------
                         required time                         10.720    <hidden>
                         arrival time                          -8.806    <hidden>
  -------------------------------------------------------------------
                         slack                                  1.914    <hidden>




