Copyright 1986-2022 Xilinx, Inc. All Rights Reserved. Copyright 2022-2026 Advanced Micro Devices, Inc. All Rights Reserved.
---------------------------------------------------------------------------------------------------------------------------------------------
| Tool Version : Vivado v.2026.1 (win64) Build 6511674 Tue Jun 16 11:02:23 MDT 2026
| Date         : Wed Sep 16 20:27:17 2026
| Host         : laptop-Quan running 64-bit major release  (build 9200)
| Command      : report_utilization -hierarchical -file D:/FPGA/arty_d/mig_uiclk/reports/util_hier.rpt
| Design       : arty_a7_mig_top
| Device       : xc7a100tcsg324-1
| Speed File   : -1
| Design State : Synthesized
---------------------------------------------------------------------------------------------------------------------------------------------

Utilization Design Information

Table of Contents
-----------------
1. Utilization by Hierarchy

1. Utilization by Hierarchy
---------------------------

+-------------------------------------------------------------------+-----------------------------------------------------+------------+------------+---------+------+------+--------+--------+------------+
|                              Instance                             |                        Module                       | Total LUTs | Logic LUTs | LUTRAMs | SRLs |  FFs | RAMB36 | RAMB18 | DSP Blocks |
+-------------------------------------------------------------------+-----------------------------------------------------+------------+------------+---------+------+------+--------+--------+------------+
| arty_a7_mig_top                                                   |                                               (top) |      10790 |      10321 |     452 |   17 | 8642 |      0 |      1 |          8 |
|   (arty_a7_mig_top)                                               |                                               (top) |          1 |          1 |       0 |    0 |    0 |      0 |      0 |          0 |
|   u_bw                                                            |                                        bounded_walk |        491 |        491 |       0 |    0 |  216 |      0 |      0 |          0 |
|     (u_bw)                                                        |                                        bounded_walk |          5 |          5 |       0 |    0 |   59 |      0 |      0 |          0 |
|     walk                                                          |                                        posting_walk |        486 |        486 |       0 |    0 |  157 |      0 |      0 |          0 |
|       (walk)                                                      |                                        posting_walk |        322 |        322 |       0 |    0 |   84 |      0 |      0 |          0 |
|       dir                                                         |                                     exact_directory |        164 |        164 |       0 |    0 |   73 |      0 |      0 |          0 |
|   u_cdc                                                           |                                          word_cdc32 |        157 |        157 |       0 |    0 |   73 |      0 |      0 |          0 |
|   u_fem                                                           |                                          fem_on_mig |        737 |        737 |       0 |    0 |  766 |      0 |      0 |          0 |
|     u_ui                                                          |                                          fem_req_ui |        150 |        150 |       0 |    0 |  113 |      0 |      0 |          0 |
|       u_ui                                                        |                                          mig_ui32_0 |        145 |        145 |       0 |    0 |   96 |      0 |      0 |          0 |
|     u_adp                                                         |                                      fem_t2_adapter |          5 |          5 |       0 |    0 |   91 |      0 |      0 |          0 |
|     u_ce                                                          |                                           fem_t2_ce |          6 |          6 |       0 |    0 |   87 |      0 |      0 |          0 |
|     u_fem                                                         |                                       fem_lifecycle |        576 |        576 |       0 |    0 |  475 |      0 |      0 |          0 |
|   u_ld                                                            |                                       pack_mig_bind |        973 |        973 |       0 |    0 |  955 |      0 |      1 |          0 |
|     u_ld                                                          |                                         pack_loader |        791 |        791 |       0 |    0 |  856 |      0 |      1 |          0 |
|     u_ui                                                          |                                            mig_ui32 |        182 |        182 |       0 |    0 |   99 |      0 |      0 |          0 |
|   u_mig                                                           |                                                mig0 |       4623 |       4154 |     452 |   17 | 3607 |      0 |      0 |          0 |
|     u_mig0_mig                                                    |                                            mig0_mig |       4623 |       4154 |     452 |   17 | 3607 |      0 |      0 |          0 |
|       temp_mon_enabled.u_tempmon                                  |                            mig_7series_v4_2_tempmon |         39 |         39 |       0 |    0 |  122 |      0 |      0 |          0 |
|       u_ddr3_infrastructure                                       |                     mig_7series_v4_2_infrastructure |         25 |         25 |       0 |    0 |   56 |      0 |      0 |          0 |
|       u_memc_ui_top_std                                           |                    mig_7series_v4_2_memc_ui_top_std |       4557 |       4088 |     452 |   17 | 3414 |      0 |      0 |          0 |
|         u_ui_top                                                  |                             mig_7series_v4_2_ui_top |        486 |        290 |     196 |    0 |  557 |      0 |      0 |          0 |
|           ui_cmd0                                                 |                             mig_7series_v4_2_ui_cmd |         36 |         36 |       0 |    0 |   61 |      0 |      0 |          0 |
|           ui_rd_data0                                             |                         mig_7series_v4_2_ui_rd_data |        123 |         31 |      92 |    0 |  163 |      0 |      0 |          0 |
|           ui_wr_data0                                             |                         mig_7series_v4_2_ui_wr_data |        327 |        223 |     104 |    0 |  333 |      0 |      0 |          0 |
|         mem_intfc0                                                |                          mig_7series_v4_2_mem_intfc |       4071 |       3798 |     256 |   17 | 2856 |      0 |      0 |          0 |
|           ddr_phy_top0                                            |                        mig_7series_v4_2_ddr_phy_top |       3414 |       3150 |     248 |   16 | 2324 |      0 |      0 |          0 |
|             u_ddr_calib_top                                       |                      mig_7series_v4_2_ddr_calib_top |       2592 |       2578 |       0 |   14 | 1987 |      0 |      0 |          0 |
|               u_ddr_phy_wrcal                                     |                      mig_7series_v4_2_ddr_phy_wrcal |        169 |        163 |       0 |    6 |  304 |      0 |      0 |          0 |
|               ddr_phy_rdlvl_gen.u_ddr_phy_rdlvl                   |                      mig_7series_v4_2_ddr_phy_rdlvl |        542 |        542 |       0 |    0 |  872 |      0 |      0 |          0 |
|               ddr_phy_tempmon_0                                   |                    mig_7series_v4_2_ddr_phy_tempmon |        249 |        249 |       0 |    0 |  229 |      0 |      0 |          0 |
|               dqsfind_calib_left.u_ddr_phy_dqs_found_cal_hr       |           mig_7series_v4_2_ddr_phy_dqs_found_cal_hr |        151 |        150 |       0 |    1 |   97 |      0 |      0 |          0 |
|               mb_wrlvl_inst.u_ddr_phy_wrlvl                       |                      mig_7series_v4_2_ddr_phy_wrlvl |        265 |        264 |       0 |    1 |  160 |      0 |      0 |          0 |
|               u_ddr_phy_init                                      |                       mig_7series_v4_2_ddr_phy_init |       1174 |       1170 |       0 |    4 |  280 |      0 |      0 |          0 |
|             u_ddr_mc_phy_wrapper                                  |                 mig_7series_v4_2_ddr_mc_phy_wrapper |        822 |        572 |     248 |    2 |  337 |      0 |      0 |          0 |
|               u_ddr_mc_phy                                        |                         mig_7series_v4_2_ddr_mc_phy |        807 |        557 |     248 |    2 |  295 |      0 |      0 |          0 |
|                 ddr_phy_4lanes_0.u_ddr_phy_4lanes                 |                     mig_7series_v4_2_ddr_phy_4lanes |        807 |        557 |     248 |    2 |  279 |      0 |      0 |          0 |
|                   ddr_byte_lane_D.ddr_byte_lane_D                 |      mig_7series_v4_2_ddr_byte_lane__parameterized2 |        270 |        177 |      92 |    1 |  108 |      0 |      0 |          0 |
|                     (ddr_byte_lane_D.ddr_byte_lane_D)             |      mig_7series_v4_2_ddr_byte_lane__parameterized2 |          6 |          6 |       0 |    0 |   69 |      0 |      0 |          0 |
|                     dq_gen_40.if_post_fifo_gen.u_ddr_if_post_fifo |                   mig_7series_v4_2_ddr_if_post_fifo |        166 |        122 |      44 |    0 |   14 |      0 |      0 |          0 |
|                     of_pre_fifo_gen.u_ddr_of_pre_fifo             |    mig_7series_v4_2_ddr_of_pre_fifo__parameterized1 |         96 |         48 |      48 |    0 |   24 |      0 |      0 |          0 |
|                   ddr_byte_lane_A.ddr_byte_lane_A                 |                      mig_7series_v4_2_ddr_byte_lane |         56 |         24 |      32 |    0 |   20 |      0 |      0 |          0 |
|                     of_pre_fifo_gen.u_ddr_of_pre_fifo             | mig_7series_v4_2_ddr_of_pre_fifo__parameterized1_11 |         55 |         23 |      32 |    0 |   19 |      0 |      0 |          0 |
|                   ddr_byte_lane_B.ddr_byte_lane_B                 |      mig_7series_v4_2_ddr_byte_lane__parameterized0 |         65 |         33 |      32 |    0 |   19 |      0 |      0 |          0 |
|                     of_pre_fifo_gen.u_ddr_of_pre_fifo             | mig_7series_v4_2_ddr_of_pre_fifo__parameterized1_10 |         56 |         24 |      32 |    0 |   19 |      0 |      0 |          0 |
|                   ddr_byte_lane_C.ddr_byte_lane_C                 |      mig_7series_v4_2_ddr_byte_lane__parameterized1 |        407 |        315 |      92 |    0 |  112 |      0 |      0 |          0 |
|                     (ddr_byte_lane_C.ddr_byte_lane_C)             |      mig_7series_v4_2_ddr_byte_lane__parameterized1 |          1 |          1 |       0 |    0 |   69 |      0 |      0 |          0 |
|                     dq_gen_40.if_post_fifo_gen.u_ddr_if_post_fifo |                 mig_7series_v4_2_ddr_if_post_fifo_8 |        309 |        265 |      44 |    0 |   18 |      0 |      0 |          0 |
|                     of_pre_fifo_gen.u_ddr_of_pre_fifo             |  mig_7series_v4_2_ddr_of_pre_fifo__parameterized1_9 |         97 |         49 |      48 |    0 |   24 |      0 |      0 |          0 |
|           mc0                                                     |                                 mig_7series_v4_2_mc |        657 |        648 |       8 |    1 |  532 |      0 |      0 |          0 |
|             (mc0)                                                 |                                 mig_7series_v4_2_mc |         94 |         94 |       0 |    0 |   76 |      0 |      0 |          0 |
|             bank_mach0                                            |                          mig_7series_v4_2_bank_mach |        478 |        478 |       0 |    0 |  369 |      0 |      0 |          0 |
|               arb_mux0                                            |                            mig_7series_v4_2_arb_mux |        177 |        177 |       0 |    0 |   36 |      0 |      0 |          0 |
|                 arb_row_col0                                      |                        mig_7series_v4_2_arb_row_col |        177 |        177 |       0 |    0 |   32 |      0 |      0 |          0 |
|                   row_arb0                                        |  mig_7series_v4_2_round_robin_arb__parameterized1_5 |         57 |         57 |       0 |    0 |    8 |      0 |      0 |          0 |
|                   col_arb0                                        |    mig_7series_v4_2_round_robin_arb__parameterized1 |         69 |         69 |       0 |    0 |    8 |      0 |      0 |          0 |
|               bank_cntrl[0].bank0                                 |                         mig_7series_v4_2_bank_cntrl |         72 |         72 |       0 |    0 |   79 |      0 |      0 |          0 |
|               bank_cntrl[1].bank0                                 |         mig_7series_v4_2_bank_cntrl__parameterized0 |         67 |         67 |       0 |    0 |   77 |      0 |      0 |          0 |
|               bank_cntrl[2].bank0                                 |         mig_7series_v4_2_bank_cntrl__parameterized1 |         70 |         70 |       0 |    0 |   78 |      0 |      0 |          0 |
|               bank_cntrl[3].bank0                                 |         mig_7series_v4_2_bank_cntrl__parameterized2 |         66 |         66 |       0 |    0 |   77 |      0 |      0 |          0 |
|             rank_mach0                                            |                          mig_7series_v4_2_rank_mach |         61 |         60 |       0 |    1 |   61 |      0 |      0 |          0 |
|               rank_common0                                        |                        mig_7series_v4_2_rank_common |         52 |         52 |       0 |    0 |   48 |      0 |      0 |          0 |
|   u_mux                                                           |                                          mig_ui_mux |         50 |         50 |       0 |    0 |    2 |      0 |      0 |          0 |
|   u_q                                                             |                                        qstar_select |       2452 |       2452 |       0 |    0 | 1848 |      0 |      0 |          7 |
|   u_rx                                                            |                                        uart_rx_word |         40 |         40 |       0 |    0 |   91 |      0 |      0 |          0 |
|   u_spear                                                         |                                  spear_profile_bind |       1264 |       1264 |       0 |    0 | 1084 |      0 |      0 |          1 |
|     spear                                                         |                                          spear_rank |       1253 |       1253 |       0 |    0 | 1044 |      0 |      0 |          1 |
+-------------------------------------------------------------------+-----------------------------------------------------+------------+------------+---------+------+------+--------+--------+------------+


