#-----------------------------------------------------------
# xsim v2026.1 (64-bit)
# SW Build 6511674 on Tue Jun 16 11:02:23 MDT 2026
# IP Build 6504888 on Tue Jun 09 09:05:25 MDT 2026
# SharedData Build 6501428 on Mon Jun 08 17:34:18 MDT 2026
# Start of session at: Sun Sep 20 17:50:10 2026
# Process ID         : 19184
# Current directory  : D:/FPGA/arty_d/UART_R2/xsim_u33obs_lane
# Command line       : xsim.exe -log xsim_u33obs_lane.log -mode tcl -source {xsim.dir/tb_u33obs_lane/xsim_script.tcl}
# Log file           : D:/FPGA/arty_d/UART_R2/xsim_u33obs_lane/xsim_u33obs_lane.log
# Journal file       : D:/FPGA/arty_d/UART_R2/xsim_u33obs_lane\xsim.jou
# Running On         : laptop-Quan
# Platform           : Windows 11
# Operating System   : 22621
# Processor Detail   : AMD Ryzen 7 5800HS with Radeon Graphics         
# CPU Frequency      : 3194 MHz
# CPU Physical cores : 8
# CPU Logical cores  : 16
# Host memory        : 16541 MB
# Swap memory        : 23525 MB
# Total Virtual      : 40066 MB
# Available Virtual  : 14798 MB
#-----------------------------------------------------------
source xsim.dir/tb_u33obs_lane/xsim_script.tcl
# xsim {tb_u33obs_lane} -autoloadwcfg -tclbatch {run.tcl}
Time resolution is 1 ps
source run.tcl
## run -all
STATUS mute=0 got=0200015a p0=00800001 p1=00800001 n_ev=33 ov=0 PACK_ABI_24_24_PASS=NO
LANE_CLASS_A loader p0=BEGIN p1=BEGIN first_divergent=p1
PASS_XSIM leftover pack_obs_lane CLASS_A
$finish called at time : 2401406250 ps : File "D:/FPGA/arty_d/UART_R2/u33obs/tb_u33obs_leftover_lane.sv" Line 164
## puts DONE
DONE
## exit
INFO: [Common 17-206] Exiting xsim at Sun Sep 20 17:50:13 2026...
