#-----------------------------------------------------------
# xsim v2026.1 (64-bit)
# SW Build 6511674 on Tue Jun 16 11:02:23 MDT 2026
# IP Build 6504888 on Tue Jun 09 09:05:25 MDT 2026
# SharedData Build 6501428 on Mon Jun 08 17:34:18 MDT 2026
# Start of session at: Thu Sep 17 11:48:34 2026
# Process ID         : 30776
# Current directory  : D:/FPGA/arty_d/first_divergence_01/xsim_h11_115200
# Command line       : xsim.exe -log D:\FPGA\arty_d\first_divergence_01\xsim_h11_115200\xsim.log -mode tcl -source {xsim.dir/snap_h11/xsim_script.tcl}
# Log file           : D:/FPGA/arty_d/first_divergence_01/xsim_h11_115200/xsim.log
# Journal file       : D:/FPGA/arty_d/first_divergence_01/xsim_h11_115200\xsim.jou
# Running On         : laptop-Quan
# Platform           : Windows 11
# Operating System   : 22621
# Processor Detail   : AMD Ryzen 7 5800HS with Radeon Graphics         
# CPU Frequency      : 3194 MHz
# CPU Physical cores : 8
# CPU Logical cores  : 16
# Host memory        : 16541 MB
# Swap memory        : 27327 MB
# Total Virtual      : 43869 MB
# Available Virtual  : 14922 MB
#-----------------------------------------------------------
source xsim.dir/snap_h11/xsim_script.tcl
# xsim {snap_h11} -autoloadwcfg -tclbatch {run_all.tcl}
Time resolution is 1 ps
source run_all.tcl
## run -all
H11_115200 DIV=868 nwords=52
H11 i=0 CLEAR mute=0 got=c1ea50a5 n_cmd_fifo=0 clr_st=0 lock=0 t=956615000
H11 i=0 PACK mute=0 got=010000a5 first_p=00800001 n_p=52 reason=00 lock=0 t=19419835000
H11 i=1 CLEAR mute=0 got=c1ea50a5 n_cmd_fifo=0 clr_st=0 lock=0 t=20375855000
H11 i=1 PACK mute=0 got=010000a5 first_p=00800001 n_p=104 reason=00 lock=0 t=38839075000
H11_V04_115200_XSIM_GOLD_ONLY n=2 (silicon first-pack UNSUP not in BRAM dualclk; not PACK_ABI_24_24_PASS)
$finish called at time : 38839075 ns : File "D:/FPGA/NATIVE_AI_DEVELOPMENTAL_HARDWARE_R1_PACKAGE_20260914-20260914T045403Z-1-001/CANON_BLUEPRINT/tb/native_ai/board/tb_h11_v04_115200.sv" Line 191
run: Time (s): cpu = 00:00:00 ; elapsed = 00:00:07 . Memory (MB): peak = 229.594 ; gain = 0.000
## exit
INFO: [Common 17-206] Exiting xsim at Thu Sep 17 11:48:43 2026...
