#-----------------------------------------------------------
# xsim v2026.1 (64-bit)
# SW Build 6511674 on Tue Jun 16 11:02:23 MDT 2026
# IP Build 6504888 on Tue Jun 09 09:05:25 MDT 2026
# SharedData Build 6501428 on Mon Jun 08 17:34:18 MDT 2026
# Start of session at: Thu Sep 17 05:35:55 2026
# Process ID         : 18024
# Current directory  : D:/FPGA/arty_d/pack_debug_clear/xsim
# Command line       : xsim.exe -log D:\FPGA\arty_d\pack_debug_clear\xsim\xsim.log -mode tcl -source {xsim.dir/tb_pa24_clr/xsim_script.tcl}
# Log file           : D:/FPGA/arty_d/pack_debug_clear/xsim/xsim.log
# Journal file       : D:/FPGA/arty_d/pack_debug_clear/xsim\xsim.jou
# Running On         : laptop-Quan
# Platform           : Windows 11
# Operating System   : 22621
# Processor Detail   : AMD Ryzen 7 5800HS with Radeon Graphics         
# CPU Frequency      : 3194 MHz
# CPU Physical cores : 8
# CPU Logical cores  : 16
# Host memory        : 16541 MB
# Swap memory        : 27327 MB
# Total Virtual      : 43869 MB
# Available Virtual  : 17810 MB
#-----------------------------------------------------------
source xsim.dir/tb_pa24_clr/xsim_script.tcl
# xsim {tb_pa24_clr} -autoloadwcfg -tclbatch {run_all.tcl}
Time resolution is 1 ps
source run_all.tcl
## run -all
T1 PASS V-01 010000a5
T2 PASS STALE 02000e5a
CLEAR_MATCH c1ea50a5 t=20020
T3 PASS CLEAR then V-01
CLEAR_MATCH c1ea50a5 t=20020
T4 PASS reject then CLEAR then V-01
CLEAR_MATCH c1ea50a5 t=20020
CLEAR_MATCH c1ea50b5 t=9
T5 PASS pack completed after BUSY (not destroyed)
CLEAR_MATCH c1ea50a5 t=20020
CLEAR_MATCH c1ea50a5 t=20020
T6 PASS double CLEAR
T8 PASS no ghost after CLEAR_ACK
CLEAR_MATCH c1ea50a5 t=20020
CLEAR_MATCH c1ea50a5 t=20020
CLEAR_MATCH c1ea50a5 t=20020
CLEAR_MATCH c1ea50a5 t=20020
CLEAR_MATCH c1ea50a5 t=20020
CLEAR_MATCH c1ea50a5 t=20020
CLEAR_MATCH c1ea50a5 t=20020
CLEAR_MATCH c1ea50a5 t=20020
CLEAR_MATCH c1ea50a5 t=20020
CLEAR_MATCH c1ea50a5 t=20020
CLEAR_MATCH c1ea50a5 t=20020
CLEAR_MATCH c1ea50a5 t=20020
CLEAR_MATCH c1ea50a5 t=20020
CLEAR_MATCH c1ea50a5 t=20020
CLEAR_MATCH c1ea50a5 t=20020
CLEAR_MATCH c1ea50a5 t=20020
CLEAR_MATCH c1ea50a5 t=20020
CLEAR_MATCH c1ea50a5 t=20020
CLEAR_MATCH c1ea50a5 t=20020
CLEAR_MATCH c1ea50a5 t=20020
CLEAR_MATCH c1ea50a5 t=20020
CLEAR_MATCH c1ea50a5 t=20020
CLEAR_MATCH c1ea50a5 t=20020
CLEAR_MATCH c1ea50a5 t=20020
CLEAR_MATCH c1ea50a5 t=20020
CLEAR_MATCH c1ea50a5 t=20020
CLEAR_MATCH c1ea50a5 t=20020
FAIL    PA24-V-03 ack=0/1 rej=1/0 reason=08/00
CLEAR_MATCH c1ea50a5 t=20020
CLEAR_MATCH c1ea50a5 t=20020
CLEAR_MATCH c1ea50a5 t=20020
CLEAR_MATCH c1ea50a5 t=20020
CLEAR_MATCH c1ea50a5 t=20020
CLEAR_MATCH c1ea50a5 t=20020
CLEAR_MATCH c1ea50a5 t=20020
CLEAR_MATCH c1ea50a5 t=20020
CLEAR_MATCH c1ea50a5 t=20020
CLEAR_MATCH c1ea50a5 t=20020
CLEAR_MATCH c1ea50a5 t=20020
CLEAR_MATCH c1ea50a5 t=20020
CLEAR_MATCH c1ea50a5 t=20020
CLEAR_MATCH c1ea50a5 t=20020
CLEAR_MATCH c1ea50a5 t=20020
CLEAR_MATCH c1ea50a5 t=20020
CLEAR_MATCH c1ea50a5 t=20020
CLEAR_MATCH c1ea50a5 t=20020
CLEAR_MATCH c1ea50a5 t=20020
CLEAR_MATCH c1ea50a5 t=20020
CLEAR_MATCH c1ea50a5 t=20020
FAIL    PA24-V-03 ack=0/1 rej=1/0 reason=08/00
FAIL    PA24-V-04 ack=0/1 rej=1/0 reason=08/00
FAIL    PA24-S-01 ack=0/0 rej=1/1 reason=08/03
FAIL    PA24-S-02 ack=0/0 rej=1/1 reason=08/03
FAIL    PA24-S-03 ack=0/0 rej=1/1 reason=08/03
FAIL    PA24-S-04 ack=0/0 rej=1/1 reason=08/03
FAIL    PA24-A-01 ack=0/0 rej=1/1 reason=08/02
FAIL    PA24-A-02 ack=0/0 rej=1/1 reason=08/01
FAIL    PA24-A-03 ack=0/0 rej=1/1 reason=08/09
FAIL    PA24-A-04 ack=0/0 rej=1/1 reason=08/0f
FAIL    PA24-C-01 ack=0/0 rej=1/1 reason=08/0d
FAIL    PA24-C-02 ack=0/0 rej=1/1 reason=08/0d
FAIL    PA24-C-03 ack=0/0 rej=1/1 reason=08/0d
FAIL    PA24-C-04 ack=0/0 rej=1/1 reason=08/0d
FAIL    PA24-R-01 ack=0/0 rej=1/1 reason=08/05
FAIL    PA24-R-02 ack=0/0 rej=1/1 reason=08/04
FAIL    PA24-R-03 ack=0/0 rej=1/1 reason=08/05
FAIL    PA24-R-04 ack=0/1 rej=1/0 reason=08/00
FAIL    PA24-G-01 ack=0/1 rej=1/0 reason=08/00
FAIL    PA24-G-02 ack=0/0 rej=1/1 reason=08/07
FAIL    PA24-G-03 ack=0/0 rej=1/1 reason=08/07
FAIL    PA24-G-04 ack=0/0 rej=1/1 reason=08/05
PACK_ABI24_CLEAR_XSIM t_fail=0 round0=24/24 round1=23/24 seq_no_clear pass=2 fail=22
NOTE round1/seq dest payload persists; SENTINEL is dest-assumption evidence, not gold edit
PACK_ABI24_CLEAR_XSIM_PASS T1-T8+round0 24/24 (simulation only; not PACK_ABI_24_24_PASS)
$finish called at time : 10673555 ns : File "D:/FPGA/NATIVE_AI_DEVELOPMENTAL_HARDWARE_R1_PACKAGE_20260914-20260914T045403Z-1-001/CANON_BLUEPRINT/tb/native_ai/loader/tb_pack_abi24_clear.sv" Line 279
## exit
INFO: [Common 17-206] Exiting xsim at Thu Sep 17 05:36:01 2026...
