Copyright 1986-2022 Xilinx, Inc. All Rights Reserved. Copyright 2022-2026 Advanced Micro Devices, Inc. All Rights Reserved.
---------------------------------------------------------------------------------------------------------------------------------------------
| Tool Version : Vivado v.2026.1 (win64) Build 6511674 Tue Jun 16 11:02:23 MDT 2026
| Date         : Wed Sep 16 15:46:59 2026
| Host         : laptop-Quan running 64-bit major release  (build 9200)
| Command      : report_timing -max_paths 5 -file D:/FPGA/arty_d/ooc_fem/reports/crit.rpt
| Design       : fem_media_sys
| Device       : 7a100t-csg324
| Speed File   : -1  PRODUCTION 1.23 2018-06-13
| Design State : Synthesized
---------------------------------------------------------------------------------------------------------------------------------------------

Timing Report

Slack (VIOLATED) :        -1.213ns  (required time - arrival time)
  Source:                 u_fem/rd_w0_reg[30]/C
                            (rising edge-triggered cell FDRE clocked by clk  {rise@0.000ns fall@5.000ns period=10.000ns})
  Destination:            u_fem/txn_step_reg[0]/CE
                            (rising edge-triggered cell FDSE clocked by clk  {rise@0.000ns fall@5.000ns period=10.000ns})
  Path Group:             clk
  Path Type:              Setup (Max at Slow Process Corner)
  Requirement:            10.000ns  (clk rise@10.000ns - clk rise@0.000ns)
  Data Path Delay:        10.927ns  (logic 2.671ns (24.444%)  route 8.256ns (75.556%))
  Logic Levels:           12  (CARRY4=1 LUT2=1 LUT4=1 LUT5=2 LUT6=7)
  Clock Path Skew:        -0.049ns (DCD - SCD + CPR)
    Destination Clock Delay (DCD):    0.924ns = ( 10.924 - 10.000 ) 
    Source Clock Delay      (SCD):    0.973ns
    Clock Pessimism Removal (CPR):    0.000ns
  Clock Uncertainty:      0.035ns  ((TSJ^2 + TIJ^2)^1/2 + DJ) / 2 + PE
    Total System Jitter     (TSJ):    0.071ns
    Total Input Jitter      (TIJ):    0.000ns
    Discrete Jitter          (DJ):    0.000ns
    Phase Error              (PE):    0.000ns

    Location             Delay type                Incr(ns)  Path(ns)    Netlist Resource(s)
  -------------------------------------------------------------------    -------------------
                         (clock clk rise edge)        0.000     0.000 r  <hidden>
                                                      0.000     0.000 r  clk
                         net (fo=1256, unset)         0.973     0.973    u_fem/clk
                         FDRE                                         r  u_fem/rd_w0_reg[30]/C
  -------------------------------------------------------------------    -------------------
                         FDRE (Prop_fdre_C_Q)         0.478     1.451 r  u_fem/rd_w0_reg[30]/Q
                         net (fo=18, unplaced)        1.022     2.473    u_fem/p_1_in
                         LUT6 (Prop_lut6_I0_O)        0.295     2.768 r  u_fem/FSM_onehot_state[44]_i_132/O
                         net (fo=4, unplaced)         0.965     3.733    u_fem/FSM_onehot_state[44]_i_132_n_0
                         LUT6 (Prop_lut6_I0_O)        0.124     3.857 r  u_fem/FSM_onehot_state[44]_i_81/O
                         net (fo=14, unplaced)        0.783     4.640    u_fem/FSM_onehot_state[44]_i_81_n_0
                         LUT6 (Prop_lut6_I2_O)        0.124     4.764 r  u_fem/FSM_onehot_state[44]_i_123/O
                         net (fo=4, unplaced)         0.965     5.729    u_fem/FSM_onehot_state[44]_i_123_n_0
                         LUT6 (Prop_lut6_I0_O)        0.124     5.853 r  u_fem/FSM_onehot_state[44]_i_110/O
                         net (fo=1, unplaced)         0.941     6.794    u_fem/FSM_onehot_state[44]_i_110_n_0
                         LUT6 (Prop_lut6_I0_O)        0.124     6.918 r  u_fem/FSM_onehot_state[44]_i_58/O
                         net (fo=2, unplaced)         0.430     7.348    u_fem/FSM_onehot_state[44]_i_58_n_0
                         LUT4 (Prop_lut4_I0_O)        0.124     7.472 r  u_fem/FSM_onehot_state[44]_i_33/O
                         net (fo=3, unplaced)         0.959     8.431    u_fem/FSM_onehot_state[44]_i_33_n_0
                         LUT5 (Prop_lut5_I0_O)        0.124     8.555 r  u_fem/FSM_onehot_state[44]_i_25/O
                         net (fo=1, unplaced)         0.000     8.555    u_fem/FSM_onehot_state[44]_i_25_n_0
                         CARRY4 (Prop_carry4_S[0]_CO[1])
                                                      0.458     9.013 r  u_fem/FSM_onehot_state_reg[44]_i_21/CO[1]
                         net (fo=1, unplaced)         0.312     9.325    u_fem/rec_crc_valid0
                         LUT6 (Prop_lut6_I5_O)        0.332     9.657 r  u_fem/FSM_onehot_state[44]_i_18/O
                         net (fo=1, unplaced)         0.449    10.106    u_fem/FSM_onehot_state[44]_i_18_n_0
                         LUT5 (Prop_lut5_I0_O)        0.124    10.230 r  u_fem/FSM_onehot_state[44]_i_10/O
                         net (fo=7, unplaced)         0.484    10.714    u_fem/FSM_onehot_state[44]_i_10_n_0
                         LUT2 (Prop_lut2_I1_O)        0.116    10.830 r  u_fem/txn_step[3]_i_3/O
                         net (fo=1, unplaced)         0.449    11.279    u_fem/txn_step[3]_i_3_n_0
                         LUT6 (Prop_lut6_I5_O)        0.124    11.403 r  u_fem/txn_step[3]_i_1/O
                         net (fo=4, unplaced)         0.497    11.900    u_fem/txn_step[3]_i_1_n_0
                         FDSE                                         r  u_fem/txn_step_reg[0]/CE
  -------------------------------------------------------------------    -------------------

                         (clock clk rise edge)       10.000    10.000 r  <hidden>
                                                      0.000    10.000 r  clk
                         net (fo=1256, unset)         0.924    10.924    u_fem/clk
                         FDSE                                         r  u_fem/txn_step_reg[0]/C
                         clock pessimism              0.000    10.924    <hidden>
                         clock uncertainty           -0.035    10.889    <hidden>
                         FDSE (Setup_fdse_C_CE)      -0.202    10.687    u_fem/txn_step_reg[0]
  -------------------------------------------------------------------
                         required time                         10.687    <hidden>
                         arrival time                         -11.900    <hidden>
  -------------------------------------------------------------------
                         slack                                 -1.213    <hidden>

Slack (VIOLATED) :        -1.213ns  (required time - arrival time)
  Source:                 u_fem/rd_w0_reg[30]/C
                            (rising edge-triggered cell FDRE clocked by clk  {rise@0.000ns fall@5.000ns period=10.000ns})
  Destination:            u_fem/txn_step_reg[1]/CE
                            (rising edge-triggered cell FDSE clocked by clk  {rise@0.000ns fall@5.000ns period=10.000ns})
  Path Group:             clk
  Path Type:              Setup (Max at Slow Process Corner)
  Requirement:            10.000ns  (clk rise@10.000ns - clk rise@0.000ns)
  Data Path Delay:        10.927ns  (logic 2.671ns (24.444%)  route 8.256ns (75.556%))
  Logic Levels:           12  (CARRY4=1 LUT2=1 LUT4=1 LUT5=2 LUT6=7)
  Clock Path Skew:        -0.049ns (DCD - SCD + CPR)
    Destination Clock Delay (DCD):    0.924ns = ( 10.924 - 10.000 ) 
    Source Clock Delay      (SCD):    0.973ns
    Clock Pessimism Removal (CPR):    0.000ns
  Clock Uncertainty:      0.035ns  ((TSJ^2 + TIJ^2)^1/2 + DJ) / 2 + PE
    Total System Jitter     (TSJ):    0.071ns
    Total Input Jitter      (TIJ):    0.000ns
    Discrete Jitter          (DJ):    0.000ns
    Phase Error              (PE):    0.000ns

    Location             Delay type                Incr(ns)  Path(ns)    Netlist Resource(s)
  -------------------------------------------------------------------    -------------------
                         (clock clk rise edge)        0.000     0.000 r  <hidden>
                                                      0.000     0.000 r  clk
                         net (fo=1256, unset)         0.973     0.973    u_fem/clk
                         FDRE                                         r  u_fem/rd_w0_reg[30]/C
  -------------------------------------------------------------------    -------------------
                         FDRE (Prop_fdre_C_Q)         0.478     1.451 r  u_fem/rd_w0_reg[30]/Q
                         net (fo=18, unplaced)        1.022     2.473    u_fem/p_1_in
                         LUT6 (Prop_lut6_I0_O)        0.295     2.768 r  u_fem/FSM_onehot_state[44]_i_132/O
                         net (fo=4, unplaced)         0.965     3.733    u_fem/FSM_onehot_state[44]_i_132_n_0
                         LUT6 (Prop_lut6_I0_O)        0.124     3.857 r  u_fem/FSM_onehot_state[44]_i_81/O
                         net (fo=14, unplaced)        0.783     4.640    u_fem/FSM_onehot_state[44]_i_81_n_0
                         LUT6 (Prop_lut6_I2_O)        0.124     4.764 r  u_fem/FSM_onehot_state[44]_i_123/O
                         net (fo=4, unplaced)         0.965     5.729    u_fem/FSM_onehot_state[44]_i_123_n_0
                         LUT6 (Prop_lut6_I0_O)        0.124     5.853 r  u_fem/FSM_onehot_state[44]_i_110/O
                         net (fo=1, unplaced)         0.941     6.794    u_fem/FSM_onehot_state[44]_i_110_n_0
                         LUT6 (Prop_lut6_I0_O)        0.124     6.918 r  u_fem/FSM_onehot_state[44]_i_58/O
                         net (fo=2, unplaced)         0.430     7.348    u_fem/FSM_onehot_state[44]_i_58_n_0
                         LUT4 (Prop_lut4_I0_O)        0.124     7.472 r  u_fem/FSM_onehot_state[44]_i_33/O
                         net (fo=3, unplaced)         0.959     8.431    u_fem/FSM_onehot_state[44]_i_33_n_0
                         LUT5 (Prop_lut5_I0_O)        0.124     8.555 r  u_fem/FSM_onehot_state[44]_i_25/O
                         net (fo=1, unplaced)         0.000     8.555    u_fem/FSM_onehot_state[44]_i_25_n_0
                         CARRY4 (Prop_carry4_S[0]_CO[1])
                                                      0.458     9.013 r  u_fem/FSM_onehot_state_reg[44]_i_21/CO[1]
                         net (fo=1, unplaced)         0.312     9.325    u_fem/rec_crc_valid0
                         LUT6 (Prop_lut6_I5_O)        0.332     9.657 r  u_fem/FSM_onehot_state[44]_i_18/O
                         net (fo=1, unplaced)         0.449    10.106    u_fem/FSM_onehot_state[44]_i_18_n_0
                         LUT5 (Prop_lut5_I0_O)        0.124    10.230 r  u_fem/FSM_onehot_state[44]_i_10/O
                         net (fo=7, unplaced)         0.484    10.714    u_fem/FSM_onehot_state[44]_i_10_n_0
                         LUT2 (Prop_lut2_I1_O)        0.116    10.830 r  u_fem/txn_step[3]_i_3/O
                         net (fo=1, unplaced)         0.449    11.279    u_fem/txn_step[3]_i_3_n_0
                         LUT6 (Prop_lut6_I5_O)        0.124    11.403 r  u_fem/txn_step[3]_i_1/O
                         net (fo=4, unplaced)         0.497    11.900    u_fem/txn_step[3]_i_1_n_0
                         FDSE                                         r  u_fem/txn_step_reg[1]/CE
  -------------------------------------------------------------------    -------------------

                         (clock clk rise edge)       10.000    10.000 r  <hidden>
                                                      0.000    10.000 r  clk
                         net (fo=1256, unset)         0.924    10.924    u_fem/clk
                         FDSE                                         r  u_fem/txn_step_reg[1]/C
                         clock pessimism              0.000    10.924    <hidden>
                         clock uncertainty           -0.035    10.889    <hidden>
                         FDSE (Setup_fdse_C_CE)      -0.202    10.687    u_fem/txn_step_reg[1]
  -------------------------------------------------------------------
                         required time                         10.687    <hidden>
                         arrival time                         -11.900    <hidden>
  -------------------------------------------------------------------
                         slack                                 -1.213    <hidden>

Slack (VIOLATED) :        -1.213ns  (required time - arrival time)
  Source:                 u_fem/rd_w0_reg[30]/C
                            (rising edge-triggered cell FDRE clocked by clk  {rise@0.000ns fall@5.000ns period=10.000ns})
  Destination:            u_fem/txn_step_reg[2]/CE
                            (rising edge-triggered cell FDSE clocked by clk  {rise@0.000ns fall@5.000ns period=10.000ns})
  Path Group:             clk
  Path Type:              Setup (Max at Slow Process Corner)
  Requirement:            10.000ns  (clk rise@10.000ns - clk rise@0.000ns)
  Data Path Delay:        10.927ns  (logic 2.671ns (24.444%)  route 8.256ns (75.556%))
  Logic Levels:           12  (CARRY4=1 LUT2=1 LUT4=1 LUT5=2 LUT6=7)
  Clock Path Skew:        -0.049ns (DCD - SCD + CPR)
    Destination Clock Delay (DCD):    0.924ns = ( 10.924 - 10.000 ) 
    Source Clock Delay      (SCD):    0.973ns
    Clock Pessimism Removal (CPR):    0.000ns
  Clock Uncertainty:      0.035ns  ((TSJ^2 + TIJ^2)^1/2 + DJ) / 2 + PE
    Total System Jitter     (TSJ):    0.071ns
    Total Input Jitter      (TIJ):    0.000ns
    Discrete Jitter          (DJ):    0.000ns
    Phase Error              (PE):    0.000ns

    Location             Delay type                Incr(ns)  Path(ns)    Netlist Resource(s)
  -------------------------------------------------------------------    -------------------
                         (clock clk rise edge)        0.000     0.000 r  <hidden>
                                                      0.000     0.000 r  clk
                         net (fo=1256, unset)         0.973     0.973    u_fem/clk
                         FDRE                                         r  u_fem/rd_w0_reg[30]/C
  -------------------------------------------------------------------    -------------------
                         FDRE (Prop_fdre_C_Q)         0.478     1.451 r  u_fem/rd_w0_reg[30]/Q
                         net (fo=18, unplaced)        1.022     2.473    u_fem/p_1_in
                         LUT6 (Prop_lut6_I0_O)        0.295     2.768 r  u_fem/FSM_onehot_state[44]_i_132/O
                         net (fo=4, unplaced)         0.965     3.733    u_fem/FSM_onehot_state[44]_i_132_n_0
                         LUT6 (Prop_lut6_I0_O)        0.124     3.857 r  u_fem/FSM_onehot_state[44]_i_81/O
                         net (fo=14, unplaced)        0.783     4.640    u_fem/FSM_onehot_state[44]_i_81_n_0
                         LUT6 (Prop_lut6_I2_O)        0.124     4.764 r  u_fem/FSM_onehot_state[44]_i_123/O
                         net (fo=4, unplaced)         0.965     5.729    u_fem/FSM_onehot_state[44]_i_123_n_0
                         LUT6 (Prop_lut6_I0_O)        0.124     5.853 r  u_fem/FSM_onehot_state[44]_i_110/O
                         net (fo=1, unplaced)         0.941     6.794    u_fem/FSM_onehot_state[44]_i_110_n_0
                         LUT6 (Prop_lut6_I0_O)        0.124     6.918 r  u_fem/FSM_onehot_state[44]_i_58/O
                         net (fo=2, unplaced)         0.430     7.348    u_fem/FSM_onehot_state[44]_i_58_n_0
                         LUT4 (Prop_lut4_I0_O)        0.124     7.472 r  u_fem/FSM_onehot_state[44]_i_33/O
                         net (fo=3, unplaced)         0.959     8.431    u_fem/FSM_onehot_state[44]_i_33_n_0
                         LUT5 (Prop_lut5_I0_O)        0.124     8.555 r  u_fem/FSM_onehot_state[44]_i_25/O
                         net (fo=1, unplaced)         0.000     8.555    u_fem/FSM_onehot_state[44]_i_25_n_0
                         CARRY4 (Prop_carry4_S[0]_CO[1])
                                                      0.458     9.013 r  u_fem/FSM_onehot_state_reg[44]_i_21/CO[1]
                         net (fo=1, unplaced)         0.312     9.325    u_fem/rec_crc_valid0
                         LUT6 (Prop_lut6_I5_O)        0.332     9.657 r  u_fem/FSM_onehot_state[44]_i_18/O
                         net (fo=1, unplaced)         0.449    10.106    u_fem/FSM_onehot_state[44]_i_18_n_0
                         LUT5 (Prop_lut5_I0_O)        0.124    10.230 r  u_fem/FSM_onehot_state[44]_i_10/O
                         net (fo=7, unplaced)         0.484    10.714    u_fem/FSM_onehot_state[44]_i_10_n_0
                         LUT2 (Prop_lut2_I1_O)        0.116    10.830 r  u_fem/txn_step[3]_i_3/O
                         net (fo=1, unplaced)         0.449    11.279    u_fem/txn_step[3]_i_3_n_0
                         LUT6 (Prop_lut6_I5_O)        0.124    11.403 r  u_fem/txn_step[3]_i_1/O
                         net (fo=4, unplaced)         0.497    11.900    u_fem/txn_step[3]_i_1_n_0
                         FDSE                                         r  u_fem/txn_step_reg[2]/CE
  -------------------------------------------------------------------    -------------------

                         (clock clk rise edge)       10.000    10.000 r  <hidden>
                                                      0.000    10.000 r  clk
                         net (fo=1256, unset)         0.924    10.924    u_fem/clk
                         FDSE                                         r  u_fem/txn_step_reg[2]/C
                         clock pessimism              0.000    10.924    <hidden>
                         clock uncertainty           -0.035    10.889    <hidden>
                         FDSE (Setup_fdse_C_CE)      -0.202    10.687    u_fem/txn_step_reg[2]
  -------------------------------------------------------------------
                         required time                         10.687    <hidden>
                         arrival time                         -11.900    <hidden>
  -------------------------------------------------------------------
                         slack                                 -1.213    <hidden>

Slack (VIOLATED) :        -1.213ns  (required time - arrival time)
  Source:                 u_fem/rd_w0_reg[30]/C
                            (rising edge-triggered cell FDRE clocked by clk  {rise@0.000ns fall@5.000ns period=10.000ns})
  Destination:            u_fem/txn_step_reg[3]/CE
                            (rising edge-triggered cell FDSE clocked by clk  {rise@0.000ns fall@5.000ns period=10.000ns})
  Path Group:             clk
  Path Type:              Setup (Max at Slow Process Corner)
  Requirement:            10.000ns  (clk rise@10.000ns - clk rise@0.000ns)
  Data Path Delay:        10.927ns  (logic 2.671ns (24.444%)  route 8.256ns (75.556%))
  Logic Levels:           12  (CARRY4=1 LUT2=1 LUT4=1 LUT5=2 LUT6=7)
  Clock Path Skew:        -0.049ns (DCD - SCD + CPR)
    Destination Clock Delay (DCD):    0.924ns = ( 10.924 - 10.000 ) 
    Source Clock Delay      (SCD):    0.973ns
    Clock Pessimism Removal (CPR):    0.000ns
  Clock Uncertainty:      0.035ns  ((TSJ^2 + TIJ^2)^1/2 + DJ) / 2 + PE
    Total System Jitter     (TSJ):    0.071ns
    Total Input Jitter      (TIJ):    0.000ns
    Discrete Jitter          (DJ):    0.000ns
    Phase Error              (PE):    0.000ns

    Location             Delay type                Incr(ns)  Path(ns)    Netlist Resource(s)
  -------------------------------------------------------------------    -------------------
                         (clock clk rise edge)        0.000     0.000 r  <hidden>
                                                      0.000     0.000 r  clk
                         net (fo=1256, unset)         0.973     0.973    u_fem/clk
                         FDRE                                         r  u_fem/rd_w0_reg[30]/C
  -------------------------------------------------------------------    -------------------
                         FDRE (Prop_fdre_C_Q)         0.478     1.451 r  u_fem/rd_w0_reg[30]/Q
                         net (fo=18, unplaced)        1.022     2.473    u_fem/p_1_in
                         LUT6 (Prop_lut6_I0_O)        0.295     2.768 r  u_fem/FSM_onehot_state[44]_i_132/O
                         net (fo=4, unplaced)         0.965     3.733    u_fem/FSM_onehot_state[44]_i_132_n_0
                         LUT6 (Prop_lut6_I0_O)        0.124     3.857 r  u_fem/FSM_onehot_state[44]_i_81/O
                         net (fo=14, unplaced)        0.783     4.640    u_fem/FSM_onehot_state[44]_i_81_n_0
                         LUT6 (Prop_lut6_I2_O)        0.124     4.764 r  u_fem/FSM_onehot_state[44]_i_123/O
                         net (fo=4, unplaced)         0.965     5.729    u_fem/FSM_onehot_state[44]_i_123_n_0
                         LUT6 (Prop_lut6_I0_O)        0.124     5.853 r  u_fem/FSM_onehot_state[44]_i_110/O
                         net (fo=1, unplaced)         0.941     6.794    u_fem/FSM_onehot_state[44]_i_110_n_0
                         LUT6 (Prop_lut6_I0_O)        0.124     6.918 r  u_fem/FSM_onehot_state[44]_i_58/O
                         net (fo=2, unplaced)         0.430     7.348    u_fem/FSM_onehot_state[44]_i_58_n_0
                         LUT4 (Prop_lut4_I0_O)        0.124     7.472 r  u_fem/FSM_onehot_state[44]_i_33/O
                         net (fo=3, unplaced)         0.959     8.431    u_fem/FSM_onehot_state[44]_i_33_n_0
                         LUT5 (Prop_lut5_I0_O)        0.124     8.555 r  u_fem/FSM_onehot_state[44]_i_25/O
                         net (fo=1, unplaced)         0.000     8.555    u_fem/FSM_onehot_state[44]_i_25_n_0
                         CARRY4 (Prop_carry4_S[0]_CO[1])
                                                      0.458     9.013 r  u_fem/FSM_onehot_state_reg[44]_i_21/CO[1]
                         net (fo=1, unplaced)         0.312     9.325    u_fem/rec_crc_valid0
                         LUT6 (Prop_lut6_I5_O)        0.332     9.657 r  u_fem/FSM_onehot_state[44]_i_18/O
                         net (fo=1, unplaced)         0.449    10.106    u_fem/FSM_onehot_state[44]_i_18_n_0
                         LUT5 (Prop_lut5_I0_O)        0.124    10.230 r  u_fem/FSM_onehot_state[44]_i_10/O
                         net (fo=7, unplaced)         0.484    10.714    u_fem/FSM_onehot_state[44]_i_10_n_0
                         LUT2 (Prop_lut2_I1_O)        0.116    10.830 r  u_fem/txn_step[3]_i_3/O
                         net (fo=1, unplaced)         0.449    11.279    u_fem/txn_step[3]_i_3_n_0
                         LUT6 (Prop_lut6_I5_O)        0.124    11.403 r  u_fem/txn_step[3]_i_1/O
                         net (fo=4, unplaced)         0.497    11.900    u_fem/txn_step[3]_i_1_n_0
                         FDSE                                         r  u_fem/txn_step_reg[3]/CE
  -------------------------------------------------------------------    -------------------

                         (clock clk rise edge)       10.000    10.000 r  <hidden>
                                                      0.000    10.000 r  clk
                         net (fo=1256, unset)         0.924    10.924    u_fem/clk
                         FDSE                                         r  u_fem/txn_step_reg[3]/C
                         clock pessimism              0.000    10.924    <hidden>
                         clock uncertainty           -0.035    10.889    <hidden>
                         FDSE (Setup_fdse_C_CE)      -0.202    10.687    u_fem/txn_step_reg[3]
  -------------------------------------------------------------------
                         required time                         10.687    <hidden>
                         arrival time                         -11.900    <hidden>
  -------------------------------------------------------------------
                         slack                                 -1.213    <hidden>

Slack (VIOLATED) :        -1.072ns  (required time - arrival time)
  Source:                 u_fem/rd_w0_reg[30]/C
                            (rising edge-triggered cell FDRE clocked by clk  {rise@0.000ns fall@5.000ns period=10.000ns})
  Destination:            u_fem/cmp_result_reg[0]/D
                            (rising edge-triggered cell FDRE clocked by clk  {rise@0.000ns fall@5.000ns period=10.000ns})
  Path Group:             clk
  Path Type:              Setup (Max at Slow Process Corner)
  Requirement:            10.000ns  (clk rise@10.000ns - clk rise@0.000ns)
  Data Path Delay:        11.032ns  (logic 2.795ns (25.335%)  route 8.237ns (74.665%))
  Logic Levels:           13  (CARRY4=1 LUT2=1 LUT4=1 LUT5=2 LUT6=8)
  Clock Path Skew:        -0.049ns (DCD - SCD + CPR)
    Destination Clock Delay (DCD):    0.924ns = ( 10.924 - 10.000 ) 
    Source Clock Delay      (SCD):    0.973ns
    Clock Pessimism Removal (CPR):    0.000ns
  Clock Uncertainty:      0.035ns  ((TSJ^2 + TIJ^2)^1/2 + DJ) / 2 + PE
    Total System Jitter     (TSJ):    0.071ns
    Total Input Jitter      (TIJ):    0.000ns
    Discrete Jitter          (DJ):    0.000ns
    Phase Error              (PE):    0.000ns

    Location             Delay type                Incr(ns)  Path(ns)    Netlist Resource(s)
  -------------------------------------------------------------------    -------------------
                         (clock clk rise edge)        0.000     0.000 r  <hidden>
                                                      0.000     0.000 r  clk
                         net (fo=1256, unset)         0.973     0.973    u_fem/clk
                         FDRE                                         r  u_fem/rd_w0_reg[30]/C
  -------------------------------------------------------------------    -------------------
                         FDRE (Prop_fdre_C_Q)         0.478     1.451 r  u_fem/rd_w0_reg[30]/Q
                         net (fo=18, unplaced)        1.022     2.473    u_fem/p_1_in
                         LUT6 (Prop_lut6_I0_O)        0.295     2.768 r  u_fem/FSM_onehot_state[44]_i_132/O
                         net (fo=4, unplaced)         0.965     3.733    u_fem/FSM_onehot_state[44]_i_132_n_0
                         LUT6 (Prop_lut6_I0_O)        0.124     3.857 r  u_fem/FSM_onehot_state[44]_i_81/O
                         net (fo=14, unplaced)        0.783     4.640    u_fem/FSM_onehot_state[44]_i_81_n_0
                         LUT6 (Prop_lut6_I2_O)        0.124     4.764 r  u_fem/FSM_onehot_state[44]_i_123/O
                         net (fo=4, unplaced)         0.965     5.729    u_fem/FSM_onehot_state[44]_i_123_n_0
                         LUT6 (Prop_lut6_I0_O)        0.124     5.853 r  u_fem/FSM_onehot_state[44]_i_110/O
                         net (fo=1, unplaced)         0.941     6.794    u_fem/FSM_onehot_state[44]_i_110_n_0
                         LUT6 (Prop_lut6_I0_O)        0.124     6.918 r  u_fem/FSM_onehot_state[44]_i_58/O
                         net (fo=2, unplaced)         0.430     7.348    u_fem/FSM_onehot_state[44]_i_58_n_0
                         LUT4 (Prop_lut4_I0_O)        0.124     7.472 r  u_fem/FSM_onehot_state[44]_i_33/O
                         net (fo=3, unplaced)         0.959     8.431    u_fem/FSM_onehot_state[44]_i_33_n_0
                         LUT5 (Prop_lut5_I0_O)        0.124     8.555 r  u_fem/FSM_onehot_state[44]_i_25/O
                         net (fo=1, unplaced)         0.000     8.555    u_fem/FSM_onehot_state[44]_i_25_n_0
                         CARRY4 (Prop_carry4_S[0]_CO[1])
                                                      0.458     9.013 f  u_fem/FSM_onehot_state_reg[44]_i_21/CO[1]
                         net (fo=1, unplaced)         0.312     9.325    u_fem/rec_crc_valid0
                         LUT6 (Prop_lut6_I5_O)        0.332     9.657 f  u_fem/FSM_onehot_state[44]_i_18/O
                         net (fo=1, unplaced)         0.449    10.106    u_fem/FSM_onehot_state[44]_i_18_n_0
                         LUT5 (Prop_lut5_I0_O)        0.124    10.230 f  u_fem/FSM_onehot_state[44]_i_10/O
                         net (fo=7, unplaced)         0.484    10.714    u_fem/FSM_onehot_state[44]_i_10_n_0
                         LUT2 (Prop_lut2_I1_O)        0.116    10.830 r  u_fem/FSM_onehot_state[28]_i_5/O
                         net (fo=2, unplaced)         0.460    11.290    u_fem/FSM_onehot_state[28]_i_5_n_0
                         LUT6 (Prop_lut6_I1_O)        0.124    11.414 r  u_fem/cmp_result[2]_i_2/O
                         net (fo=3, unplaced)         0.467    11.881    u_fem/cmp_result[2]_i_2_n_0
                         LUT6 (Prop_lut6_I4_O)        0.124    12.005 r  u_fem/cmp_result[0]_i_1/O
                         net (fo=1, unplaced)         0.000    12.005    u_fem/cmp_result[0]_i_1_n_0
                         FDRE                                         r  u_fem/cmp_result_reg[0]/D
  -------------------------------------------------------------------    -------------------

                         (clock clk rise edge)       10.000    10.000 r  <hidden>
                                                      0.000    10.000 r  clk
                         net (fo=1256, unset)         0.924    10.924    u_fem/clk
                         FDRE                                         r  u_fem/cmp_result_reg[0]/C
                         clock pessimism              0.000    10.924    <hidden>
                         clock uncertainty           -0.035    10.889    <hidden>
                         FDRE (Setup_fdre_C_D)        0.044    10.933    u_fem/cmp_result_reg[0]
  -------------------------------------------------------------------
                         required time                         10.933    <hidden>
                         arrival time                         -12.005    <hidden>
  -------------------------------------------------------------------
                         slack                                 -1.072    <hidden>




