Copyright 1986-2022 Xilinx, Inc. All Rights Reserved. Copyright 2022-2026 Advanced Micro Devices, Inc. All Rights Reserved.
---------------------------------------------------------------------------------------------------------------------------------------------
| Tool Version : Vivado v.2026.1 (win64) Build 6511674 Tue Jun 16 11:02:23 MDT 2026
| Date         : Wed Sep 16 22:22:13 2026
| Host         : laptop-Quan running 64-bit major release  (build 9200)
| Command      : report_timing -max_paths 5 -file D:/FPGA/arty_d/fe256_ooc_r1/reports/crit.rpt
| Design       : fe256_query_path
| Device       : 7a100t-csg324
| Speed File   : -1  PRODUCTION 1.23 2018-06-13
| Design State : Synthesized
---------------------------------------------------------------------------------------------------------------------------------------------

Timing Report

Slack (MET) :             0.568ns  (required time - arrival time)
  Source:                 qb_reg[1][1]/C
                            (rising edge-triggered cell FDRE clocked by clk  {rise@0.000ns fall@5.000ns period=10.000ns})
  Destination:            fq_node_reg[0][10]/S
                            (rising edge-triggered cell FDSE clocked by clk  {rise@0.000ns fall@5.000ns period=10.000ns})
  Path Group:             clk
  Path Type:              Setup (Max at Slow Process Corner)
  Requirement:            10.000ns  (clk rise@10.000ns - clk rise@0.000ns)
  Data Path Delay:        8.791ns  (logic 2.547ns (28.973%)  route 6.244ns (71.027%))
  Logic Levels:           11  (CARRY4=1 LUT3=1 LUT4=1 LUT5=2 LUT6=6)
  Clock Path Skew:        -0.049ns (DCD - SCD + CPR)
    Destination Clock Delay (DCD):    0.924ns = ( 10.924 - 10.000 ) 
    Source Clock Delay      (SCD):    0.973ns
    Clock Pessimism Removal (CPR):    0.000ns
  Clock Uncertainty:      0.035ns  ((TSJ^2 + TIJ^2)^1/2 + DJ) / 2 + PE
    Total System Jitter     (TSJ):    0.071ns
    Total Input Jitter      (TIJ):    0.000ns
    Discrete Jitter          (DJ):    0.000ns
    Phase Error              (PE):    0.000ns

    Location             Delay type                Incr(ns)  Path(ns)    Netlist Resource(s)
  -------------------------------------------------------------------    -------------------
                         (clock clk rise edge)        0.000     0.000 r  <hidden>
                                                      0.000     0.000 r  clk
                         net (fo=4249, unset)         0.973     0.973    clk
                         FDRE                                         r  qb_reg[1][1]/C
  -------------------------------------------------------------------    -------------------
                         FDRE (Prop_fdre_C_Q)         0.478     1.451 r  qb_reg[1][1]/Q
                         net (fo=11, unplaced)        1.011     2.462    p_0_in204_in[9]
                         LUT6 (Prop_lut6_I0_O)        0.295     2.757 r  reason[2]_i_407/O
                         net (fo=1, unplaced)         0.964     3.721    reason[2]_i_407_n_0
                         LUT6 (Prop_lut6_I0_O)        0.124     3.845 r  reason[2]_i_336/O
                         net (fo=1, unplaced)         0.449     4.294    reason[2]_i_336_n_0
                         LUT6 (Prop_lut6_I5_O)        0.124     4.418 r  reason[2]_i_178/O
                         net (fo=1, unplaced)         0.449     4.867    reason[2]_i_178_n_0
                         LUT6 (Prop_lut6_I5_O)        0.124     4.991 r  reason[2]_i_87/O
                         net (fo=1, unplaced)         0.449     5.440    reason[2]_i_87_n_0
                         LUT6 (Prop_lut6_I5_O)        0.124     5.564 r  reason[2]_i_31/O
                         net (fo=1, unplaced)         0.449     6.013    reason[2]_i_31_n_0
                         LUT6 (Prop_lut6_I4_O)        0.124     6.137 r  reason[2]_i_14/O
                         net (fo=1, unplaced)         0.000     6.137    reason[2]_i_14_n_0
                         CARRY4 (Prop_carry4_S[0]_CO[1])
                                                      0.458     6.595 f  reason_reg[2]_i_6/CO[1]
                         net (fo=1, unplaced)         0.312     6.907    state31_out
                         LUT4 (Prop_lut4_I2_O)        0.332     7.239 f  reason[2]_i_2/O
                         net (fo=9, unplaced)         0.490     7.729    state16_out
                         LUT5 (Prop_lut5_I4_O)        0.116     7.845 r  n_ans[7]_i_3/O
                         net (fo=5, unplaced)         0.477     8.322    n_ans[7]_i_3_n_0
                         LUT5 (Prop_lut5_I4_O)        0.124     8.446 r  fq_hops[0][3]_i_2/O
                         net (fo=42, unplaced)        0.527     8.973    fq_hops[0][3]_i_2_n_0
                         LUT3 (Prop_lut3_I0_O)        0.124     9.097 r  fq_node[0][31]_i_1/O
                         net (fo=19, unplaced)        0.667     9.764    fq_node[0][31]_i_1_n_0
                         FDSE                                         r  fq_node_reg[0][10]/S
  -------------------------------------------------------------------    -------------------

                         (clock clk rise edge)       10.000    10.000 r  <hidden>
                                                      0.000    10.000 r  clk
                         net (fo=4249, unset)         0.924    10.924    clk
                         FDSE                                         r  fq_node_reg[0][10]/C
                         clock pessimism              0.000    10.924    <hidden>
                         clock uncertainty           -0.035    10.889    <hidden>
                         FDSE (Setup_fdse_C_S)       -0.557    10.332    fq_node_reg[0][10]
  -------------------------------------------------------------------
                         required time                         10.332    <hidden>
                         arrival time                          -9.764    <hidden>
  -------------------------------------------------------------------
                         slack                                  0.568    <hidden>

Slack (MET) :             0.568ns  (required time - arrival time)
  Source:                 qb_reg[1][1]/C
                            (rising edge-triggered cell FDRE clocked by clk  {rise@0.000ns fall@5.000ns period=10.000ns})
  Destination:            fq_node_reg[0][11]/S
                            (rising edge-triggered cell FDSE clocked by clk  {rise@0.000ns fall@5.000ns period=10.000ns})
  Path Group:             clk
  Path Type:              Setup (Max at Slow Process Corner)
  Requirement:            10.000ns  (clk rise@10.000ns - clk rise@0.000ns)
  Data Path Delay:        8.791ns  (logic 2.547ns (28.973%)  route 6.244ns (71.027%))
  Logic Levels:           11  (CARRY4=1 LUT3=1 LUT4=1 LUT5=2 LUT6=6)
  Clock Path Skew:        -0.049ns (DCD - SCD + CPR)
    Destination Clock Delay (DCD):    0.924ns = ( 10.924 - 10.000 ) 
    Source Clock Delay      (SCD):    0.973ns
    Clock Pessimism Removal (CPR):    0.000ns
  Clock Uncertainty:      0.035ns  ((TSJ^2 + TIJ^2)^1/2 + DJ) / 2 + PE
    Total System Jitter     (TSJ):    0.071ns
    Total Input Jitter      (TIJ):    0.000ns
    Discrete Jitter          (DJ):    0.000ns
    Phase Error              (PE):    0.000ns

    Location             Delay type                Incr(ns)  Path(ns)    Netlist Resource(s)
  -------------------------------------------------------------------    -------------------
                         (clock clk rise edge)        0.000     0.000 r  <hidden>
                                                      0.000     0.000 r  clk
                         net (fo=4249, unset)         0.973     0.973    clk
                         FDRE                                         r  qb_reg[1][1]/C
  -------------------------------------------------------------------    -------------------
                         FDRE (Prop_fdre_C_Q)         0.478     1.451 r  qb_reg[1][1]/Q
                         net (fo=11, unplaced)        1.011     2.462    p_0_in204_in[9]
                         LUT6 (Prop_lut6_I0_O)        0.295     2.757 r  reason[2]_i_407/O
                         net (fo=1, unplaced)         0.964     3.721    reason[2]_i_407_n_0
                         LUT6 (Prop_lut6_I0_O)        0.124     3.845 r  reason[2]_i_336/O
                         net (fo=1, unplaced)         0.449     4.294    reason[2]_i_336_n_0
                         LUT6 (Prop_lut6_I5_O)        0.124     4.418 r  reason[2]_i_178/O
                         net (fo=1, unplaced)         0.449     4.867    reason[2]_i_178_n_0
                         LUT6 (Prop_lut6_I5_O)        0.124     4.991 r  reason[2]_i_87/O
                         net (fo=1, unplaced)         0.449     5.440    reason[2]_i_87_n_0
                         LUT6 (Prop_lut6_I5_O)        0.124     5.564 r  reason[2]_i_31/O
                         net (fo=1, unplaced)         0.449     6.013    reason[2]_i_31_n_0
                         LUT6 (Prop_lut6_I4_O)        0.124     6.137 r  reason[2]_i_14/O
                         net (fo=1, unplaced)         0.000     6.137    reason[2]_i_14_n_0
                         CARRY4 (Prop_carry4_S[0]_CO[1])
                                                      0.458     6.595 f  reason_reg[2]_i_6/CO[1]
                         net (fo=1, unplaced)         0.312     6.907    state31_out
                         LUT4 (Prop_lut4_I2_O)        0.332     7.239 f  reason[2]_i_2/O
                         net (fo=9, unplaced)         0.490     7.729    state16_out
                         LUT5 (Prop_lut5_I4_O)        0.116     7.845 r  n_ans[7]_i_3/O
                         net (fo=5, unplaced)         0.477     8.322    n_ans[7]_i_3_n_0
                         LUT5 (Prop_lut5_I4_O)        0.124     8.446 r  fq_hops[0][3]_i_2/O
                         net (fo=42, unplaced)        0.527     8.973    fq_hops[0][3]_i_2_n_0
                         LUT3 (Prop_lut3_I0_O)        0.124     9.097 r  fq_node[0][31]_i_1/O
                         net (fo=19, unplaced)        0.667     9.764    fq_node[0][31]_i_1_n_0
                         FDSE                                         r  fq_node_reg[0][11]/S
  -------------------------------------------------------------------    -------------------

                         (clock clk rise edge)       10.000    10.000 r  <hidden>
                                                      0.000    10.000 r  clk
                         net (fo=4249, unset)         0.924    10.924    clk
                         FDSE                                         r  fq_node_reg[0][11]/C
                         clock pessimism              0.000    10.924    <hidden>
                         clock uncertainty           -0.035    10.889    <hidden>
                         FDSE (Setup_fdse_C_S)       -0.557    10.332    fq_node_reg[0][11]
  -------------------------------------------------------------------
                         required time                         10.332    <hidden>
                         arrival time                          -9.764    <hidden>
  -------------------------------------------------------------------
                         slack                                  0.568    <hidden>

Slack (MET) :             0.568ns  (required time - arrival time)
  Source:                 qb_reg[1][1]/C
                            (rising edge-triggered cell FDRE clocked by clk  {rise@0.000ns fall@5.000ns period=10.000ns})
  Destination:            fq_node_reg[0][13]/S
                            (rising edge-triggered cell FDSE clocked by clk  {rise@0.000ns fall@5.000ns period=10.000ns})
  Path Group:             clk
  Path Type:              Setup (Max at Slow Process Corner)
  Requirement:            10.000ns  (clk rise@10.000ns - clk rise@0.000ns)
  Data Path Delay:        8.791ns  (logic 2.547ns (28.973%)  route 6.244ns (71.027%))
  Logic Levels:           11  (CARRY4=1 LUT3=1 LUT4=1 LUT5=2 LUT6=6)
  Clock Path Skew:        -0.049ns (DCD - SCD + CPR)
    Destination Clock Delay (DCD):    0.924ns = ( 10.924 - 10.000 ) 
    Source Clock Delay      (SCD):    0.973ns
    Clock Pessimism Removal (CPR):    0.000ns
  Clock Uncertainty:      0.035ns  ((TSJ^2 + TIJ^2)^1/2 + DJ) / 2 + PE
    Total System Jitter     (TSJ):    0.071ns
    Total Input Jitter      (TIJ):    0.000ns
    Discrete Jitter          (DJ):    0.000ns
    Phase Error              (PE):    0.000ns

    Location             Delay type                Incr(ns)  Path(ns)    Netlist Resource(s)
  -------------------------------------------------------------------    -------------------
                         (clock clk rise edge)        0.000     0.000 r  <hidden>
                                                      0.000     0.000 r  clk
                         net (fo=4249, unset)         0.973     0.973    clk
                         FDRE                                         r  qb_reg[1][1]/C
  -------------------------------------------------------------------    -------------------
                         FDRE (Prop_fdre_C_Q)         0.478     1.451 r  qb_reg[1][1]/Q
                         net (fo=11, unplaced)        1.011     2.462    p_0_in204_in[9]
                         LUT6 (Prop_lut6_I0_O)        0.295     2.757 r  reason[2]_i_407/O
                         net (fo=1, unplaced)         0.964     3.721    reason[2]_i_407_n_0
                         LUT6 (Prop_lut6_I0_O)        0.124     3.845 r  reason[2]_i_336/O
                         net (fo=1, unplaced)         0.449     4.294    reason[2]_i_336_n_0
                         LUT6 (Prop_lut6_I5_O)        0.124     4.418 r  reason[2]_i_178/O
                         net (fo=1, unplaced)         0.449     4.867    reason[2]_i_178_n_0
                         LUT6 (Prop_lut6_I5_O)        0.124     4.991 r  reason[2]_i_87/O
                         net (fo=1, unplaced)         0.449     5.440    reason[2]_i_87_n_0
                         LUT6 (Prop_lut6_I5_O)        0.124     5.564 r  reason[2]_i_31/O
                         net (fo=1, unplaced)         0.449     6.013    reason[2]_i_31_n_0
                         LUT6 (Prop_lut6_I4_O)        0.124     6.137 r  reason[2]_i_14/O
                         net (fo=1, unplaced)         0.000     6.137    reason[2]_i_14_n_0
                         CARRY4 (Prop_carry4_S[0]_CO[1])
                                                      0.458     6.595 f  reason_reg[2]_i_6/CO[1]
                         net (fo=1, unplaced)         0.312     6.907    state31_out
                         LUT4 (Prop_lut4_I2_O)        0.332     7.239 f  reason[2]_i_2/O
                         net (fo=9, unplaced)         0.490     7.729    state16_out
                         LUT5 (Prop_lut5_I4_O)        0.116     7.845 r  n_ans[7]_i_3/O
                         net (fo=5, unplaced)         0.477     8.322    n_ans[7]_i_3_n_0
                         LUT5 (Prop_lut5_I4_O)        0.124     8.446 r  fq_hops[0][3]_i_2/O
                         net (fo=42, unplaced)        0.527     8.973    fq_hops[0][3]_i_2_n_0
                         LUT3 (Prop_lut3_I0_O)        0.124     9.097 r  fq_node[0][31]_i_1/O
                         net (fo=19, unplaced)        0.667     9.764    fq_node[0][31]_i_1_n_0
                         FDSE                                         r  fq_node_reg[0][13]/S
  -------------------------------------------------------------------    -------------------

                         (clock clk rise edge)       10.000    10.000 r  <hidden>
                                                      0.000    10.000 r  clk
                         net (fo=4249, unset)         0.924    10.924    clk
                         FDSE                                         r  fq_node_reg[0][13]/C
                         clock pessimism              0.000    10.924    <hidden>
                         clock uncertainty           -0.035    10.889    <hidden>
                         FDSE (Setup_fdse_C_S)       -0.557    10.332    fq_node_reg[0][13]
  -------------------------------------------------------------------
                         required time                         10.332    <hidden>
                         arrival time                          -9.764    <hidden>
  -------------------------------------------------------------------
                         slack                                  0.568    <hidden>

Slack (MET) :             0.568ns  (required time - arrival time)
  Source:                 qb_reg[1][1]/C
                            (rising edge-triggered cell FDRE clocked by clk  {rise@0.000ns fall@5.000ns period=10.000ns})
  Destination:            fq_node_reg[0][14]/S
                            (rising edge-triggered cell FDSE clocked by clk  {rise@0.000ns fall@5.000ns period=10.000ns})
  Path Group:             clk
  Path Type:              Setup (Max at Slow Process Corner)
  Requirement:            10.000ns  (clk rise@10.000ns - clk rise@0.000ns)
  Data Path Delay:        8.791ns  (logic 2.547ns (28.973%)  route 6.244ns (71.027%))
  Logic Levels:           11  (CARRY4=1 LUT3=1 LUT4=1 LUT5=2 LUT6=6)
  Clock Path Skew:        -0.049ns (DCD - SCD + CPR)
    Destination Clock Delay (DCD):    0.924ns = ( 10.924 - 10.000 ) 
    Source Clock Delay      (SCD):    0.973ns
    Clock Pessimism Removal (CPR):    0.000ns
  Clock Uncertainty:      0.035ns  ((TSJ^2 + TIJ^2)^1/2 + DJ) / 2 + PE
    Total System Jitter     (TSJ):    0.071ns
    Total Input Jitter      (TIJ):    0.000ns
    Discrete Jitter          (DJ):    0.000ns
    Phase Error              (PE):    0.000ns

    Location             Delay type                Incr(ns)  Path(ns)    Netlist Resource(s)
  -------------------------------------------------------------------    -------------------
                         (clock clk rise edge)        0.000     0.000 r  <hidden>
                                                      0.000     0.000 r  clk
                         net (fo=4249, unset)         0.973     0.973    clk
                         FDRE                                         r  qb_reg[1][1]/C
  -------------------------------------------------------------------    -------------------
                         FDRE (Prop_fdre_C_Q)         0.478     1.451 r  qb_reg[1][1]/Q
                         net (fo=11, unplaced)        1.011     2.462    p_0_in204_in[9]
                         LUT6 (Prop_lut6_I0_O)        0.295     2.757 r  reason[2]_i_407/O
                         net (fo=1, unplaced)         0.964     3.721    reason[2]_i_407_n_0
                         LUT6 (Prop_lut6_I0_O)        0.124     3.845 r  reason[2]_i_336/O
                         net (fo=1, unplaced)         0.449     4.294    reason[2]_i_336_n_0
                         LUT6 (Prop_lut6_I5_O)        0.124     4.418 r  reason[2]_i_178/O
                         net (fo=1, unplaced)         0.449     4.867    reason[2]_i_178_n_0
                         LUT6 (Prop_lut6_I5_O)        0.124     4.991 r  reason[2]_i_87/O
                         net (fo=1, unplaced)         0.449     5.440    reason[2]_i_87_n_0
                         LUT6 (Prop_lut6_I5_O)        0.124     5.564 r  reason[2]_i_31/O
                         net (fo=1, unplaced)         0.449     6.013    reason[2]_i_31_n_0
                         LUT6 (Prop_lut6_I4_O)        0.124     6.137 r  reason[2]_i_14/O
                         net (fo=1, unplaced)         0.000     6.137    reason[2]_i_14_n_0
                         CARRY4 (Prop_carry4_S[0]_CO[1])
                                                      0.458     6.595 f  reason_reg[2]_i_6/CO[1]
                         net (fo=1, unplaced)         0.312     6.907    state31_out
                         LUT4 (Prop_lut4_I2_O)        0.332     7.239 f  reason[2]_i_2/O
                         net (fo=9, unplaced)         0.490     7.729    state16_out
                         LUT5 (Prop_lut5_I4_O)        0.116     7.845 r  n_ans[7]_i_3/O
                         net (fo=5, unplaced)         0.477     8.322    n_ans[7]_i_3_n_0
                         LUT5 (Prop_lut5_I4_O)        0.124     8.446 r  fq_hops[0][3]_i_2/O
                         net (fo=42, unplaced)        0.527     8.973    fq_hops[0][3]_i_2_n_0
                         LUT3 (Prop_lut3_I0_O)        0.124     9.097 r  fq_node[0][31]_i_1/O
                         net (fo=19, unplaced)        0.667     9.764    fq_node[0][31]_i_1_n_0
                         FDSE                                         r  fq_node_reg[0][14]/S
  -------------------------------------------------------------------    -------------------

                         (clock clk rise edge)       10.000    10.000 r  <hidden>
                                                      0.000    10.000 r  clk
                         net (fo=4249, unset)         0.924    10.924    clk
                         FDSE                                         r  fq_node_reg[0][14]/C
                         clock pessimism              0.000    10.924    <hidden>
                         clock uncertainty           -0.035    10.889    <hidden>
                         FDSE (Setup_fdse_C_S)       -0.557    10.332    fq_node_reg[0][14]
  -------------------------------------------------------------------
                         required time                         10.332    <hidden>
                         arrival time                          -9.764    <hidden>
  -------------------------------------------------------------------
                         slack                                  0.568    <hidden>

Slack (MET) :             0.568ns  (required time - arrival time)
  Source:                 qb_reg[1][1]/C
                            (rising edge-triggered cell FDRE clocked by clk  {rise@0.000ns fall@5.000ns period=10.000ns})
  Destination:            fq_node_reg[0][15]/S
                            (rising edge-triggered cell FDSE clocked by clk  {rise@0.000ns fall@5.000ns period=10.000ns})
  Path Group:             clk
  Path Type:              Setup (Max at Slow Process Corner)
  Requirement:            10.000ns  (clk rise@10.000ns - clk rise@0.000ns)
  Data Path Delay:        8.791ns  (logic 2.547ns (28.973%)  route 6.244ns (71.027%))
  Logic Levels:           11  (CARRY4=1 LUT3=1 LUT4=1 LUT5=2 LUT6=6)
  Clock Path Skew:        -0.049ns (DCD - SCD + CPR)
    Destination Clock Delay (DCD):    0.924ns = ( 10.924 - 10.000 ) 
    Source Clock Delay      (SCD):    0.973ns
    Clock Pessimism Removal (CPR):    0.000ns
  Clock Uncertainty:      0.035ns  ((TSJ^2 + TIJ^2)^1/2 + DJ) / 2 + PE
    Total System Jitter     (TSJ):    0.071ns
    Total Input Jitter      (TIJ):    0.000ns
    Discrete Jitter          (DJ):    0.000ns
    Phase Error              (PE):    0.000ns

    Location             Delay type                Incr(ns)  Path(ns)    Netlist Resource(s)
  -------------------------------------------------------------------    -------------------
                         (clock clk rise edge)        0.000     0.000 r  <hidden>
                                                      0.000     0.000 r  clk
                         net (fo=4249, unset)         0.973     0.973    clk
                         FDRE                                         r  qb_reg[1][1]/C
  -------------------------------------------------------------------    -------------------
                         FDRE (Prop_fdre_C_Q)         0.478     1.451 r  qb_reg[1][1]/Q
                         net (fo=11, unplaced)        1.011     2.462    p_0_in204_in[9]
                         LUT6 (Prop_lut6_I0_O)        0.295     2.757 r  reason[2]_i_407/O
                         net (fo=1, unplaced)         0.964     3.721    reason[2]_i_407_n_0
                         LUT6 (Prop_lut6_I0_O)        0.124     3.845 r  reason[2]_i_336/O
                         net (fo=1, unplaced)         0.449     4.294    reason[2]_i_336_n_0
                         LUT6 (Prop_lut6_I5_O)        0.124     4.418 r  reason[2]_i_178/O
                         net (fo=1, unplaced)         0.449     4.867    reason[2]_i_178_n_0
                         LUT6 (Prop_lut6_I5_O)        0.124     4.991 r  reason[2]_i_87/O
                         net (fo=1, unplaced)         0.449     5.440    reason[2]_i_87_n_0
                         LUT6 (Prop_lut6_I5_O)        0.124     5.564 r  reason[2]_i_31/O
                         net (fo=1, unplaced)         0.449     6.013    reason[2]_i_31_n_0
                         LUT6 (Prop_lut6_I4_O)        0.124     6.137 r  reason[2]_i_14/O
                         net (fo=1, unplaced)         0.000     6.137    reason[2]_i_14_n_0
                         CARRY4 (Prop_carry4_S[0]_CO[1])
                                                      0.458     6.595 f  reason_reg[2]_i_6/CO[1]
                         net (fo=1, unplaced)         0.312     6.907    state31_out
                         LUT4 (Prop_lut4_I2_O)        0.332     7.239 f  reason[2]_i_2/O
                         net (fo=9, unplaced)         0.490     7.729    state16_out
                         LUT5 (Prop_lut5_I4_O)        0.116     7.845 r  n_ans[7]_i_3/O
                         net (fo=5, unplaced)         0.477     8.322    n_ans[7]_i_3_n_0
                         LUT5 (Prop_lut5_I4_O)        0.124     8.446 r  fq_hops[0][3]_i_2/O
                         net (fo=42, unplaced)        0.527     8.973    fq_hops[0][3]_i_2_n_0
                         LUT3 (Prop_lut3_I0_O)        0.124     9.097 r  fq_node[0][31]_i_1/O
                         net (fo=19, unplaced)        0.667     9.764    fq_node[0][31]_i_1_n_0
                         FDSE                                         r  fq_node_reg[0][15]/S
  -------------------------------------------------------------------    -------------------

                         (clock clk rise edge)       10.000    10.000 r  <hidden>
                                                      0.000    10.000 r  clk
                         net (fo=4249, unset)         0.924    10.924    clk
                         FDSE                                         r  fq_node_reg[0][15]/C
                         clock pessimism              0.000    10.924    <hidden>
                         clock uncertainty           -0.035    10.889    <hidden>
                         FDSE (Setup_fdse_C_S)       -0.557    10.332    fq_node_reg[0][15]
  -------------------------------------------------------------------
                         required time                         10.332    <hidden>
                         arrival time                          -9.764    <hidden>
  -------------------------------------------------------------------
                         slack                                  0.568    <hidden>




