Property                    Type    Read-only  Value
BEL                         string  false      RAMB36E1.RAMB36E1
CLASS                       string  true       cell
DOA_REG                     int     false      0
DOB_REG                     int     false      0
EN_ECC_READ                 bool    false      0
EN_ECC_WRITE                bool    false      0
FILE_NAME                   string  true       D:/FPGA/NATIVE_AI_DEVELOPMENTAL_HARDWARE_R1_PACKAGE_20260914-20260914T045403Z-1-001/CANON_BLUEPRINT/rtl/native_ai/fe256/fe256_query_path.sv
INITP_0A                    hex     false      256'h3333333333333333333311113333333333333333333333333333333333333333
INITP_0B                    hex     false      256'h0000000000000000000000000000000000000033333333333333333333333333
INITP_0C                    hex     false      256'h0000000000000000000000000000000000000000000000000000000000000000
INITP_0D                    hex     false      256'h0000000000000000000000000000000000000000000000000000000000000000
INITP_0E                    hex     false      256'h0000000000000000000000000000000000000000000000000000000000000000
INITP_0F                    hex     false      256'h0000000000000000000000000000000000000000000000000000000000000000
INITP_00                    hex     false      256'hDC985410CC884400CC884400CC884400CC884400CC884400CC884400CC884400
INITP_01                    hex     false      256'hCC884400CC8844005D19D5915D19D591DC985410DC985410DC985410DC985410
INITP_02                    hex     false      256'hDC985410C840D951D951D951D951D951D951D951D951D951D951D951CC884400
INITP_03                    hex     false      256'h00000000000000000000000000000000000000EADC985410DC985410DC985410
INITP_04                    hex     false      256'h0000000000000000000000000000000000000000000000000000000000000000
INITP_05                    hex     false      256'h0000000000000000000000000000000000000000000000000000000000000000
INITP_06                    hex     false      256'h0000000000000000000000000000000000000000000000000000000000000000
INITP_07                    hex     false      256'h0000000000000000000000000000000000000000000000000000000000000000
INITP_08                    hex     false      256'h3333333333333333323232323232323233333333333333333333333333333333
INITP_09                    hex     false      256'h3333333332323232333333333333333333333333333333333333333333333333
INIT_0A                     hex     false      256'h26475558A46B355726475556A46A355526465454A469345326465452A4683451
INIT_0C                     hex     false      256'h44C361682600616744C261662600616544C160642600606344C0606226006061
INIT_0D                     hex     false      256'h64C763702600636F64C6636E2600636D44C5626C2600626B44C4626A26006269
INIT_0E                     hex     false      256'h05832178A543217705822176A542217505812074A541207305802072A5402071
INIT_00                     hex     false      256'h8640410804432107864041060442210586404004044120038640400204402001
INIT_0B                     hex     false      256'h46475760A46F375F4647575EA46E375D4647565CA46D365B4647565AA46C3659
INIT_0F                     hex     false      256'h05872380C547237F0586237EC546237D0585227CC545227B0584227AC5442279
INIT_1B                     hex     false      256'h000000000000000000000000000000000000000000000000A44085DAA44085D9
INIT_1C                     hex     false      256'h0000000000000000000000000000000000000000000000000000000000000000
INIT_1D                     hex     false      256'h0000000000000000000000000000000000000000000000000000000000000000
INIT_1A                     hex     false      256'h338FA7D8934FA7D7338EA7D6934EA7D5338DA6D4934DA6D3338CA6D2934CA6D1
INIT_01                     hex     false      256'hA64143100447230FA641430E0446230DA640420C0445220BA640420A04442209
INIT_1E                     hex     false      256'h0000000000000000000000000000000000000000000000000000000000000000
INIT_1F                     hex     false      256'h0000000000000000000000000000000000000000000000000000000000000000
INIT_2A                     hex     false      256'h0000000000000000000000000000000000000000000000000000000000000000
INIT_2B                     hex     false      256'h0000000000000000000000000000000000000000000000000000000000000000
INIT_2D                     hex     false      256'h0000000000000000000000000000000000000000000000000000000000000000
INIT_2E                     hex     false      256'h0000000000000000000000000000000000000000000000000000000000000000
INIT_2F                     hex     false      256'h0000000000000000000000000000000000000000000000000000000000000000
INIT_02                     hex     false      256'hA6414518244B2517A6414516244A2515A641441424492413A641441224482411
INIT_2C                     hex     false      256'h0000000000000000000000000000000000000000000000000000000000000000
INIT_3A                     hex     false      256'h0000000000000000000000000000000000000000000000000000000000000000
INIT_3B                     hex     false      256'h0000000000000000000000000000000000000000000000000000000000000000
INIT_3C                     hex     false      256'h0000000000000000000000000000000000000000000000000000000000000000
INIT_3D                     hex     false      256'h0000000000000000000000000000000000000000000000000000000000000000
INIT_3E                     hex     false      256'h0000000000000000000000000000000000000000000000000000000000000000
INIT_03                     hex     false      256'hC6424720244F271FC642471E244E271DC642461C244D261BC642461A244C2619
INIT_3F                     hex     false      256'h0000000000000000000000000000000000000000000000000000000000000000
INIT_04                     hex     false      256'hC643492844532927C643492644522925C642482444512823C642482244502821
INIT_4A                     hex     false      256'hA3000015A2400014A3000015A2400014A3000015A2400014A3000015A2400014
INIT_4B                     hex     false      256'hA3000014A2400015A3000014A2400015A3000014A2400015A3000014A2400015
INIT_4C                     hex     false      256'hA2400017A4C00016A2400017A4C00016A2400016A4C00016A2400016A4C00016
INIT_4D                     hex     false      256'hA2400016A4C00017A2400016A4C00017A2400017A4C00017A2400017A4C00017
INIT_4E                     hex     false      256'hB240001AAA400019B240001AAA400019B240001AAA400019B240001AAA400019
INIT_4F                     hex     false      256'hB240001BAA400018B240001BAA400018B240001BAA400018B240001BAA400018
INIT_5D                     hex     false      256'h0000000000000000000000000000000000000000000000000000000000000000
INIT_5E                     hex     false      256'h0000000000000000000000000000000000000000000000000000000000000000
INIT_5F                     hex     false      256'h0000000000000000000000000000000000000000000000000000000000000000
INIT_05                     hex     false      256'hE6434B3044572B2FE6434B2E44562B2DE6434A2C44552A2BE6434A2A44542A29
INIT_5A                     hex     false      256'hA240001EA240001FA240001EA240001FA240001EA240001FA240001EA240001F
INIT_5B                     hex     false      256'h0000000000000000000000000000000000000000000000002240001022400010
INIT_5C                     hex     false      256'h0000000000000000000000000000000000000000000000000000000000000000
INIT_6A                     hex     false      256'h0000000000000000000000000000000000000000000000000000000000000000
INIT_6B                     hex     false      256'h0000000000000000000000000000000000000000000000000000000000000000
INIT_6C                     hex     false      256'h0000000000000000000000000000000000000000000000000000000000000000
INIT_06                     hex     false      256'hE6444D38645B2D37E6444D36645A2D35E6444C3464592C33E6444C3264582C31
INIT_6D                     hex     false      256'h0000000000000000000000000000000000000000000000000000000000000000
INIT_6E                     hex     false      256'h0000000000000000000000000000000000000000000000000000000000000000
INIT_6F                     hex     false      256'h0000000000000000000000000000000000000000000000000000000000000000
INIT_7A                     hex     false      256'h0000000000000000000000000000000000000000000000000000000000000000
INIT_7C                     hex     false      256'h0000000000000000000000000000000000000000000000000000000000000000
INIT_7D                     hex     false      256'h0000000000000000000000000000000000000000000000000000000000000000
INIT_07                     hex     false      256'h06454F40645F2F3F06454F3E645E2F3D06444E3C645D2E3B06444E3A645C2E39
INIT_7B                     hex     false      256'h0000000000000000000000000000000000000000000000000000000000000000
INIT_7E                     hex     false      256'h0000000000000000000000000000000000000000000000000000000000000000
INIT_7F                     hex     false      256'h0000000000000000000000000000000000000000000000000000000000000000
INIT_08                     hex     false      256'h0645514884633147064551468462314506455044846130430645504284603041
INIT_09                     hex     false      256'h264653508467334F2646534E8466334D2646524C8465324B2646524A84643249
INIT_10                     hex     false      256'h258B2588C54B2587258A2586C54A258525892484C549248325882482C5482481
INIT_11                     hex     false      256'h484723904846238F4845228E4844228D4843218C4842218B4841208A48402089
INIT_12                     hex     false      256'h684F2798684E2797684D2696684C2695684B2594684A25936849249268482491
INIT_13                     hex     false      256'h88572BA088562B9F88552A9E88542A9D8853299C8852299B8851289A88502899
INIT_14                     hex     false      256'hA85F2FA8A85E2FA7A85D2EA6A85C2EA5A85B2DA4A85A2DA3A8592CA2A8582CA1
INIT_15                     hex     false      256'hF44723B0F44623AFF44522AEF44422ADD44321ACD44221ABD44120AAD44020A9
INIT_16                     hex     false      256'h144F27B8144E27B7144D26B6144C26B5F44B25B4F44A25B3F44924B2F44824B1
INIT_17                     hex     false      256'hF383A1C07343A1BFF382A1BE7342A1BDF381A0BC7341A0BBF380A0BA7340A0B9
INIT_18                     hex     false      256'h1387A3C87347A3C71386A3C67346A3C51385A2C47345A2C31384A2C27344A2C1
INIT_19                     hex     false      256'h138BA5D0934BA5CF138AA5CE934AA5CD1389A4CC9349A4CB1388A4CA9348A4C9
INIT_20                     hex     false      256'h0000000000000000000000000000000000000000000000000000000000000000
INIT_21                     hex     false      256'h0000000000000000000000000000000000000000000000000000000000000000
INIT_22                     hex     false      256'h0000000000000000000000000000000000000000000000000000000000000000
INIT_23                     hex     false      256'h0000000000000000000000000000000000000000000000000000000000000000
INIT_24                     hex     false      256'h0000000000000000000000000000000000000000000000000000000000000000
INIT_25                     hex     false      256'h0000000000000000000000000000000000000000000000000000000000000000
INIT_26                     hex     false      256'h0000000000000000000000000000000000000000000000000000000000000000
INIT_27                     hex     false      256'h0000000000000000000000000000000000000000000000000000000000000000
INIT_28                     hex     false      256'h0000000000000000000000000000000000000000000000000000000000000000
INIT_29                     hex     false      256'h0000000000000000000000000000000000000000000000000000000000000000
INIT_30                     hex     false      256'h0000000000000000000000000000000000000000000000000000000000000000
INIT_31                     hex     false      256'h0000000000000000000000000000000000000000000000000000000000000000
INIT_32                     hex     false      256'h0000000000000000000000000000000000000000000000000000000000000000
INIT_33                     hex     false      256'h0000000000000000000000000000000000000000000000000000000000000000
INIT_34                     hex     false      256'h0000000000000000000000000000000000000000000000000000000000000000
INIT_35                     hex     false      256'h0000000000000000000000000000000000000000000000000000000000000000
INIT_36                     hex     false      256'h0000000000000000000000000000000000000000000000000000000000000000
INIT_37                     hex     false      256'h0000000000000000000000000000000000000000000000000000000000000000
INIT_38                     hex     false      256'h0000000000000000000000000000000000000000000000000000000000000000
INIT_39                     hex     false      256'h0000000000000000000000000000000000000000000000000000000000000000
INIT_40                     hex     false      256'hA3000017A2400014A3000017A2400014A3000017A2400014A3000017A2400014
INIT_41                     hex     false      256'hA3000016A2400015A3000016A2400015A3000016A2400015A3000016A2400015
INIT_42                     hex     false      256'hA3000017A2400014A3000017A2400014A3000017A2400014A3000017A2400014
INIT_43                     hex     false      256'hA3000016A2400015A3000016A2400015A3000016A2400015A3000016A2400015
INIT_44                     hex     false      256'hA3000017A2400014A3000017A2400014A3000017A2400014A3000017A2400014
INIT_45                     hex     false      256'hA3000016A2400015A3000016A2400015A3000016A2400015A3000016A2400015
INIT_46                     hex     false      256'hA3000017A2400014A3000017A2400014A3000017A2400014A3000017A2400014
INIT_47                     hex     false      256'hA3000014A2400015A3000014A2400015A3000014A2400015A3000014A2400015
INIT_48                     hex     false      256'hA3000015A2400014A3000015A2400014A3000015A2400014A3000015A2400014
INIT_49                     hex     false      256'hA3000014A2400015A3000014A2400015A3000014A2400015A3000014A2400015
INIT_50                     hex     false      256'hB240001AAA400019B240001AAA400019B240001AAA400019B240001AAA400019
INIT_51                     hex     false      256'hA2F71C79A2F61C59A2F51C39A2F41C19A2F31BF8A2F21BD8A2F11BB8A2F01B98
INIT_52                     hex     false      256'h8280A6F98280A6D98280A6B98280A699A2FB1CF8A2FA1CD8A2F91CB8A2F81C98
INIT_53                     hex     false      256'h828000998280007982800059828000398280A7788280A7588280A7388280A718
INIT_54                     hex     false      256'hA2E30C99A2E20C99A2E10C99A2E00C998282DC188281DC188282DC188281DC18
INIT_55                     hex     false      256'hA380001AA380001AA380001AA380001AA380001BA380001BA380001BA380001B
INIT_56                     hex     false      256'hA380001CA380001CA380001CA380001CA380001BA380001BA380001BA380001B
INIT_57                     hex     false      256'hA240001DA240001EA240001DA240001EA240001DA240001EA240001DA240001E
INIT_58                     hex     false      256'hA240001EA240001FA240001EA240001FA240001EA240001FA240001EA240001F
INIT_59                     hex     false      256'hA240001FA240001EA240001FA240001EA240001FA240001EA240001FA240001E
INIT_60                     hex     false      256'h0000000000000000000000000000000000000000000000000000000000000000
INIT_61                     hex     false      256'h0000000000000000000000000000000000000000000000000000000000000000
INIT_62                     hex     false      256'h0000000000000000000000000000000000000000000000000000000000000000
INIT_63                     hex     false      256'h0000000000000000000000000000000000000000000000000000000000000000
INIT_64                     hex     false      256'h0000000000000000000000000000000000000000000000000000000000000000
INIT_65                     hex     false      256'h0000000000000000000000000000000000000000000000000000000000000000
INIT_66                     hex     false      256'h0000000000000000000000000000000000000000000000000000000000000000
INIT_67                     hex     false      256'h0000000000000000000000000000000000000000000000000000000000000000
INIT_68                     hex     false      256'h0000000000000000000000000000000000000000000000000000000000000000
INIT_69                     hex     false      256'h0000000000000000000000000000000000000000000000000000000000000000
INIT_70                     hex     false      256'h0000000000000000000000000000000000000000000000000000000000000000
INIT_71                     hex     false      256'h0000000000000000000000000000000000000000000000000000000000000000
INIT_72                     hex     false      256'h0000000000000000000000000000000000000000000000000000000000000000
INIT_73                     hex     false      256'h0000000000000000000000000000000000000000000000000000000000000000
INIT_74                     hex     false      256'h0000000000000000000000000000000000000000000000000000000000000000
INIT_75                     hex     false      256'h0000000000000000000000000000000000000000000000000000000000000000
INIT_76                     hex     false      256'h0000000000000000000000000000000000000000000000000000000000000000
INIT_77                     hex     false      256'h0000000000000000000000000000000000000000000000000000000000000000
INIT_78                     hex     false      256'h0000000000000000000000000000000000000000000000000000000000000000
INIT_79                     hex     false      256'h0000000000000000000000000000000000000000000000000000000000000000
INIT_A                      hex     false      36'h000000000
INIT_B                      hex     false      36'h000000000
INIT_FILE                   string  false      NONE
INSERT_MBUFG_CONTROL_LOGIC  bool    false      0
IS_BEL_FIXED                bool    false      0
IS_BLACKBOX                 bool    true       0
IS_BOUNDARY_INST            bool    true       0
IS_CLOCK_GATED              bool    true       1
IS_DEBUGGABLE               bool    true       1
IS_ENCRYPTED                bool    true       0
IS_LOC_FIXED                bool    false      0
IS_MATCHED                  bool    true       1
IS_ORIG_CELL                bool    true       1
IS_PRIMITIVE                bool    true       1
IS_REUSED                   bool    true       0
IS_SEQUENTIAL               bool    true       1
LINE_NUMBER                 int     true       73
LOC                         site    false      RAMB36_X0Y34
MEM.PORTA.DATA_BIT_LAYOUT   string  false      p4_d32
MEM.PORTB.DATA_BIT_LAYOUT   string  false      p2_d32
METHODOLOGY_DRC_VIOS        string  false      {SYNTH-6 {cell *THIS*}}
NAME                        string  true       store_q_reg
ORIG_REF_NAME               string  true       RAMB36E1
POWER_OPTED_CE              string  true       ENBWREN=NEW:ENARDEN=NEW
PRIMITIVE_COUNT             int     true       1
PRIMITIVE_GROUP             enum    true       BMEM
PRIMITIVE_LEVEL             enum    true       LEAF
PRIMITIVE_SUBGROUP          enum    true       bram
PRIMITIVE_TYPE              enum    true       BMEM.bram.RAMB36E1
RAM_EXTENSION_A             string  false      NONE
RAM_EXTENSION_B             string  false      NONE
RAM_MODE                    string  false      TDP
RDADDR_COLLISION_HWCONFIG   string  false      DELAYED_WRITE
READ_WIDTH_A                int     false      36
READ_WIDTH_B                int     false      36
REF_NAME                    string  true       RAMB36E1
REUSE_STATUS                enum    true       
RSTREG_PRIORITY_A           string  false      RSTREG
RSTREG_PRIORITY_B           string  false      RSTREG
RTL_RAM_BITS                int     false      17920
RTL_RAM_NAME                string  false      fe256_query_path/store_q_reg
RTL_RAM_STYLE               string  true       NONE
RTL_RAM_TYPE                string  false      RAM_TDP
SCOPED_NAME                 string  true       store_q_reg
SIM_COLLISION_CHECK         string  false      ALL
SIM_DEVICE                  string  false      7SERIES
SLR_INDEX                   int     true       0
SRVAL_A                     hex     false      36'h000000000
SRVAL_B                     hex     false      36'h000000000
STATUS                      enum    true       PLACED
WRITE_MODE_A                string  false      WRITE_FIRST
WRITE_MODE_B                string  false      WRITE_FIRST
WRITE_WIDTH_A               int     false      36
WRITE_WIDTH_B               int     false      36
ram_addr_begin              int     false      0
ram_addr_end                int     false      217
ram_ext_slice_begin         int     false      36
ram_ext_slice_end           int     false      69
ram_offset                  int     false      0
ram_slice_begin             int     false      0
ram_slice_end               int     false      35
