Copyright 1986-2022 Xilinx, Inc. All Rights Reserved. Copyright 2022-2026 Advanced Micro Devices, Inc. All Rights Reserved.
---------------------------------------------------------------------------------------------------------------------------------------------
| Tool Version : Vivado v.2026.1 (win64) Build 6511674 Tue Jun 16 11:02:23 MDT 2026
| Date         : Wed Sep 16 22:22:13 2026
| Host         : laptop-Quan running 64-bit major release  (build 9200)
| Command      : report_timing_summary -delay_type min_max -max_paths 5 -file D:/FPGA/arty_d/fe256_ooc_r1/reports/timing.rpt
| Design       : fe256_query_path
| Device       : 7a100t-csg324
| Speed File   : -1  PRODUCTION 1.23 2018-06-13
| Design State : Synthesized
---------------------------------------------------------------------------------------------------------------------------------------------

Timing Summary Report

------------------------------------------------------------------------------------------------
| Timer Settings
| --------------
------------------------------------------------------------------------------------------------

  Enable Multi Corner Analysis               :  Yes
  Enable Pessimism Removal                   :  Yes
  Pessimism Removal Resolution               :  Nearest Common Node
  Enable Input Delay Default Clock           :  No
  Enable Preset / Clear Arcs                 :  No
  Disable Flight Delays                      :  No
  Ignore I/O Paths                           :  No
  Timing Early Launch at Borrowing Latches   :  No
  Borrow Time for Max Delay Exceptions       :  Yes
  Merge Timing Exceptions                    :  Yes
  Inter-SLR Compensation                     :  Conservative

  Corner  Analyze    Analyze    
  Name    Max Paths  Min Paths  
  ------  ---------  ---------  
  Slow    Yes        Yes        
  Fast    Yes        Yes        


------------------------------------------------------------------------------------------------
| Report Methodology
| ------------------
------------------------------------------------------------------------------------------------

No report available as report_methodology has not been run prior. Run report_methodology on the current design for the summary of methodology violations.



check_timing report

Table of Contents
-----------------
1. checking no_clock (0)
2. checking constant_clock (0)
3. checking pulse_width_clock (0)
4. checking unconstrained_internal_endpoints (0)
5. checking no_input_delay (259)
6. checking no_output_delay (319)
7. checking multiple_clock (0)
8. checking generated_clocks (0)
9. checking loops (0)
10. checking partial_input_delay (0)
11. checking partial_output_delay (0)
12. checking latch_loops (0)

1. checking no_clock (0)
------------------------
 There are 0 register/latch pins with no clock.


2. checking constant_clock (0)
------------------------------
 There are 0 register/latch pins with constant_clock.


3. checking pulse_width_clock (0)
---------------------------------
 There are 0 register/latch pins which need pulse_width check


4. checking unconstrained_internal_endpoints (0)
------------------------------------------------
 There are 0 pins that are not constrained for maximum delay.

 There are 0 pins that are not constrained for maximum delay due to constant clock.


5. checking no_input_delay (259)
--------------------------------
 There are 259 input ports with no input delay specified. (HIGH)

 There are 0 input ports with no input delay but user has a false path constraint.


6. checking no_output_delay (319)
---------------------------------
 There are 319 ports with no output delay specified. (HIGH)

 There are 0 ports with no output delay but user has a false path constraint

 There are 0 ports with no output delay but with a timing clock defined on it or propagating through it


7. checking multiple_clock (0)
------------------------------
 There are 0 register/latch pins with multiple clocks.


8. checking generated_clocks (0)
--------------------------------
 There are 0 generated clocks that are not connected to a clock source.


9. checking loops (0)
---------------------
 There are 0 combinational loops in the design.


10. checking partial_input_delay (0)
------------------------------------
 There are 0 input ports with partial input delay specified.


11. checking partial_output_delay (0)
-------------------------------------
 There are 0 ports with partial output delay specified.


12. checking latch_loops (0)
----------------------------
 There are 0 combinational latch loops in the design through latch input



------------------------------------------------------------------------------------------------
| Design Timing Summary
| ---------------------
------------------------------------------------------------------------------------------------

    WNS(ns)      TNS(ns)  TNS Failing Endpoints  TNS Total Endpoints      WHS(ns)      THS(ns)  THS Failing Endpoints  THS Total Endpoints     WPWS(ns)     TPWS(ns)  TPWS Failing Endpoints  TPWS Total Endpoints  
    -------      -------  ---------------------  -------------------      -------      -------  ---------------------  -------------------     --------     --------  ----------------------  --------------------  
      0.568        0.000                      0                 9964        0.177        0.000                      0                 9964        3.750        0.000                       0                  4250  


All user specified timing constraints are met.


------------------------------------------------------------------------------------------------
| Clock Summary
| -------------
------------------------------------------------------------------------------------------------

Clock  Waveform(ns)       Period(ns)      Frequency(MHz)
-----  ------------       ----------      --------------
clk    {0.000 5.000}      10.000          100.000         


------------------------------------------------------------------------------------------------
| Intra Clock Table
| -----------------
------------------------------------------------------------------------------------------------

Clock             WNS(ns)      TNS(ns)  TNS Failing Endpoints  TNS Total Endpoints      WHS(ns)      THS(ns)  THS Failing Endpoints  THS Total Endpoints     WPWS(ns)     TPWS(ns)  TPWS Failing Endpoints  TPWS Total Endpoints  
-----             -------      -------  ---------------------  -------------------      -------      -------  ---------------------  -------------------     --------     --------  ----------------------  --------------------  
clk                 0.568        0.000                      0                 9964        0.177        0.000                      0                 9964        3.750        0.000                       0                  4250  


------------------------------------------------------------------------------------------------
| Inter Clock Table
| -----------------
------------------------------------------------------------------------------------------------

From Clock    To Clock          WNS(ns)      TNS(ns)  TNS Failing Endpoints  TNS Total Endpoints      WHS(ns)      THS(ns)  THS Failing Endpoints  THS Total Endpoints  
----------    --------          -------      -------  ---------------------  -------------------      -------      -------  ---------------------  -------------------  


------------------------------------------------------------------------------------------------
| Other Path Groups Table
| -----------------------
------------------------------------------------------------------------------------------------

Path Group    From Clock    To Clock          WNS(ns)      TNS(ns)  TNS Failing Endpoints  TNS Total Endpoints      WHS(ns)      THS(ns)  THS Failing Endpoints  THS Total Endpoints  
----------    ----------    --------          -------      -------  ---------------------  -------------------      -------      -------  ---------------------  -------------------  


------------------------------------------------------------------------------------------------
| Timing Details
| --------------
------------------------------------------------------------------------------------------------


---------------------------------------------------------------------------------------------------
From Clock:  clk
  To Clock:  clk

Setup :            0  Failing Endpoints,  Worst Slack        0.568ns,  Total Violation        0.000ns
Hold  :            0  Failing Endpoints,  Worst Slack        0.177ns,  Total Violation        0.000ns
PW    :            0  Failing Endpoints,  Worst Slack        3.750ns,  Total Violation        0.000ns
---------------------------------------------------------------------------------------------------


Max Delay Paths
--------------------------------------------------------------------------------------
Slack (MET) :             0.568ns  (required time - arrival time)
  Source:                 qb_reg[1][1]/C
                            (rising edge-triggered cell FDRE clocked by clk  {rise@0.000ns fall@5.000ns period=10.000ns})
  Destination:            fq_node_reg[0][10]/S
                            (rising edge-triggered cell FDSE clocked by clk  {rise@0.000ns fall@5.000ns period=10.000ns})
  Path Group:             clk
  Path Type:              Setup (Max at Slow Process Corner)
  Requirement:            10.000ns  (clk rise@10.000ns - clk rise@0.000ns)
  Data Path Delay:        8.791ns  (logic 2.547ns (28.973%)  route 6.244ns (71.027%))
  Logic Levels:           11  (CARRY4=1 LUT3=1 LUT4=1 LUT5=2 LUT6=6)
  Clock Path Skew:        -0.049ns (DCD - SCD + CPR)
    Destination Clock Delay (DCD):    0.924ns = ( 10.924 - 10.000 ) 
    Source Clock Delay      (SCD):    0.973ns
    Clock Pessimism Removal (CPR):    0.000ns
  Clock Uncertainty:      0.035ns  ((TSJ^2 + TIJ^2)^1/2 + DJ) / 2 + PE
    Total System Jitter     (TSJ):    0.071ns
    Total Input Jitter      (TIJ):    0.000ns
    Discrete Jitter          (DJ):    0.000ns
    Phase Error              (PE):    0.000ns

    Location             Delay type                Incr(ns)  Path(ns)    Netlist Resource(s)
  -------------------------------------------------------------------    -------------------
                         (clock clk rise edge)        0.000     0.000 r  <hidden>
                                                      0.000     0.000 r  clk
                         net (fo=4249, unset)         0.973     0.973    clk
                         FDRE                                         r  qb_reg[1][1]/C
  -------------------------------------------------------------------    -------------------
                         FDRE (Prop_fdre_C_Q)         0.478     1.451 r  qb_reg[1][1]/Q
                         net (fo=11, unplaced)        1.011     2.462    p_0_in204_in[9]
                         LUT6 (Prop_lut6_I0_O)        0.295     2.757 r  reason[2]_i_407/O
                         net (fo=1, unplaced)         0.964     3.721    reason[2]_i_407_n_0
                         LUT6 (Prop_lut6_I0_O)        0.124     3.845 r  reason[2]_i_336/O
                         net (fo=1, unplaced)         0.449     4.294    reason[2]_i_336_n_0
                         LUT6 (Prop_lut6_I5_O)        0.124     4.418 r  reason[2]_i_178/O
                         net (fo=1, unplaced)         0.449     4.867    reason[2]_i_178_n_0
                         LUT6 (Prop_lut6_I5_O)        0.124     4.991 r  reason[2]_i_87/O
                         net (fo=1, unplaced)         0.449     5.440    reason[2]_i_87_n_0
                         LUT6 (Prop_lut6_I5_O)        0.124     5.564 r  reason[2]_i_31/O
                         net (fo=1, unplaced)         0.449     6.013    reason[2]_i_31_n_0
                         LUT6 (Prop_lut6_I4_O)        0.124     6.137 r  reason[2]_i_14/O
                         net (fo=1, unplaced)         0.000     6.137    reason[2]_i_14_n_0
                         CARRY4 (Prop_carry4_S[0]_CO[1])
                                                      0.458     6.595 f  reason_reg[2]_i_6/CO[1]
                         net (fo=1, unplaced)         0.312     6.907    state31_out
                         LUT4 (Prop_lut4_I2_O)        0.332     7.239 f  reason[2]_i_2/O
                         net (fo=9, unplaced)         0.490     7.729    state16_out
                         LUT5 (Prop_lut5_I4_O)        0.116     7.845 r  n_ans[7]_i_3/O
                         net (fo=5, unplaced)         0.477     8.322    n_ans[7]_i_3_n_0
                         LUT5 (Prop_lut5_I4_O)        0.124     8.446 r  fq_hops[0][3]_i_2/O
                         net (fo=42, unplaced)        0.527     8.973    fq_hops[0][3]_i_2_n_0
                         LUT3 (Prop_lut3_I0_O)        0.124     9.097 r  fq_node[0][31]_i_1/O
                         net (fo=19, unplaced)        0.667     9.764    fq_node[0][31]_i_1_n_0
                         FDSE                                         r  fq_node_reg[0][10]/S
  -------------------------------------------------------------------    -------------------

                         (clock clk rise edge)       10.000    10.000 r  <hidden>
                                                      0.000    10.000 r  clk
                         net (fo=4249, unset)         0.924    10.924    clk
                         FDSE                                         r  fq_node_reg[0][10]/C
                         clock pessimism              0.000    10.924    <hidden>
                         clock uncertainty           -0.035    10.889    <hidden>
                         FDSE (Setup_fdse_C_S)       -0.557    10.332    fq_node_reg[0][10]
  -------------------------------------------------------------------
                         required time                         10.332    <hidden>
                         arrival time                          -9.764    <hidden>
  -------------------------------------------------------------------
                         slack                                  0.568    <hidden>

Slack (MET) :             0.568ns  (required time - arrival time)
  Source:                 qb_reg[1][1]/C
                            (rising edge-triggered cell FDRE clocked by clk  {rise@0.000ns fall@5.000ns period=10.000ns})
  Destination:            fq_node_reg[0][11]/S
                            (rising edge-triggered cell FDSE clocked by clk  {rise@0.000ns fall@5.000ns period=10.000ns})
  Path Group:             clk
  Path Type:              Setup (Max at Slow Process Corner)
  Requirement:            10.000ns  (clk rise@10.000ns - clk rise@0.000ns)
  Data Path Delay:        8.791ns  (logic 2.547ns (28.973%)  route 6.244ns (71.027%))
  Logic Levels:           11  (CARRY4=1 LUT3=1 LUT4=1 LUT5=2 LUT6=6)
  Clock Path Skew:        -0.049ns (DCD - SCD + CPR)
    Destination Clock Delay (DCD):    0.924ns = ( 10.924 - 10.000 ) 
    Source Clock Delay      (SCD):    0.973ns
    Clock Pessimism Removal (CPR):    0.000ns
  Clock Uncertainty:      0.035ns  ((TSJ^2 + TIJ^2)^1/2 + DJ) / 2 + PE
    Total System Jitter     (TSJ):    0.071ns
    Total Input Jitter      (TIJ):    0.000ns
    Discrete Jitter          (DJ):    0.000ns
    Phase Error              (PE):    0.000ns

    Location             Delay type                Incr(ns)  Path(ns)    Netlist Resource(s)
  -------------------------------------------------------------------    -------------------
                         (clock clk rise edge)        0.000     0.000 r  <hidden>
                                                      0.000     0.000 r  clk
                         net (fo=4249, unset)         0.973     0.973    clk
                         FDRE                                         r  qb_reg[1][1]/C
  -------------------------------------------------------------------    -------------------
                         FDRE (Prop_fdre_C_Q)         0.478     1.451 r  qb_reg[1][1]/Q
                         net (fo=11, unplaced)        1.011     2.462    p_0_in204_in[9]
                         LUT6 (Prop_lut6_I0_O)        0.295     2.757 r  reason[2]_i_407/O
                         net (fo=1, unplaced)         0.964     3.721    reason[2]_i_407_n_0
                         LUT6 (Prop_lut6_I0_O)        0.124     3.845 r  reason[2]_i_336/O
                         net (fo=1, unplaced)         0.449     4.294    reason[2]_i_336_n_0
                         LUT6 (Prop_lut6_I5_O)        0.124     4.418 r  reason[2]_i_178/O
                         net (fo=1, unplaced)         0.449     4.867    reason[2]_i_178_n_0
                         LUT6 (Prop_lut6_I5_O)        0.124     4.991 r  reason[2]_i_87/O
                         net (fo=1, unplaced)         0.449     5.440    reason[2]_i_87_n_0
                         LUT6 (Prop_lut6_I5_O)        0.124     5.564 r  reason[2]_i_31/O
                         net (fo=1, unplaced)         0.449     6.013    reason[2]_i_31_n_0
                         LUT6 (Prop_lut6_I4_O)        0.124     6.137 r  reason[2]_i_14/O
                         net (fo=1, unplaced)         0.000     6.137    reason[2]_i_14_n_0
                         CARRY4 (Prop_carry4_S[0]_CO[1])
                                                      0.458     6.595 f  reason_reg[2]_i_6/CO[1]
                         net (fo=1, unplaced)         0.312     6.907    state31_out
                         LUT4 (Prop_lut4_I2_O)        0.332     7.239 f  reason[2]_i_2/O
                         net (fo=9, unplaced)         0.490     7.729    state16_out
                         LUT5 (Prop_lut5_I4_O)        0.116     7.845 r  n_ans[7]_i_3/O
                         net (fo=5, unplaced)         0.477     8.322    n_ans[7]_i_3_n_0
                         LUT5 (Prop_lut5_I4_O)        0.124     8.446 r  fq_hops[0][3]_i_2/O
                         net (fo=42, unplaced)        0.527     8.973    fq_hops[0][3]_i_2_n_0
                         LUT3 (Prop_lut3_I0_O)        0.124     9.097 r  fq_node[0][31]_i_1/O
                         net (fo=19, unplaced)        0.667     9.764    fq_node[0][31]_i_1_n_0
                         FDSE                                         r  fq_node_reg[0][11]/S
  -------------------------------------------------------------------    -------------------

                         (clock clk rise edge)       10.000    10.000 r  <hidden>
                                                      0.000    10.000 r  clk
                         net (fo=4249, unset)         0.924    10.924    clk
                         FDSE                                         r  fq_node_reg[0][11]/C
                         clock pessimism              0.000    10.924    <hidden>
                         clock uncertainty           -0.035    10.889    <hidden>
                         FDSE (Setup_fdse_C_S)       -0.557    10.332    fq_node_reg[0][11]
  -------------------------------------------------------------------
                         required time                         10.332    <hidden>
                         arrival time                          -9.764    <hidden>
  -------------------------------------------------------------------
                         slack                                  0.568    <hidden>

Slack (MET) :             0.568ns  (required time - arrival time)
  Source:                 qb_reg[1][1]/C
                            (rising edge-triggered cell FDRE clocked by clk  {rise@0.000ns fall@5.000ns period=10.000ns})
  Destination:            fq_node_reg[0][13]/S
                            (rising edge-triggered cell FDSE clocked by clk  {rise@0.000ns fall@5.000ns period=10.000ns})
  Path Group:             clk
  Path Type:              Setup (Max at Slow Process Corner)
  Requirement:            10.000ns  (clk rise@10.000ns - clk rise@0.000ns)
  Data Path Delay:        8.791ns  (logic 2.547ns (28.973%)  route 6.244ns (71.027%))
  Logic Levels:           11  (CARRY4=1 LUT3=1 LUT4=1 LUT5=2 LUT6=6)
  Clock Path Skew:        -0.049ns (DCD - SCD + CPR)
    Destination Clock Delay (DCD):    0.924ns = ( 10.924 - 10.000 ) 
    Source Clock Delay      (SCD):    0.973ns
    Clock Pessimism Removal (CPR):    0.000ns
  Clock Uncertainty:      0.035ns  ((TSJ^2 + TIJ^2)^1/2 + DJ) / 2 + PE
    Total System Jitter     (TSJ):    0.071ns
    Total Input Jitter      (TIJ):    0.000ns
    Discrete Jitter          (DJ):    0.000ns
    Phase Error              (PE):    0.000ns

    Location             Delay type                Incr(ns)  Path(ns)    Netlist Resource(s)
  -------------------------------------------------------------------    -------------------
                         (clock clk rise edge)        0.000     0.000 r  <hidden>
                                                      0.000     0.000 r  clk
                         net (fo=4249, unset)         0.973     0.973    clk
                         FDRE                                         r  qb_reg[1][1]/C
  -------------------------------------------------------------------    -------------------
                         FDRE (Prop_fdre_C_Q)         0.478     1.451 r  qb_reg[1][1]/Q
                         net (fo=11, unplaced)        1.011     2.462    p_0_in204_in[9]
                         LUT6 (Prop_lut6_I0_O)        0.295     2.757 r  reason[2]_i_407/O
                         net (fo=1, unplaced)         0.964     3.721    reason[2]_i_407_n_0
                         LUT6 (Prop_lut6_I0_O)        0.124     3.845 r  reason[2]_i_336/O
                         net (fo=1, unplaced)         0.449     4.294    reason[2]_i_336_n_0
                         LUT6 (Prop_lut6_I5_O)        0.124     4.418 r  reason[2]_i_178/O
                         net (fo=1, unplaced)         0.449     4.867    reason[2]_i_178_n_0
                         LUT6 (Prop_lut6_I5_O)        0.124     4.991 r  reason[2]_i_87/O
                         net (fo=1, unplaced)         0.449     5.440    reason[2]_i_87_n_0
                         LUT6 (Prop_lut6_I5_O)        0.124     5.564 r  reason[2]_i_31/O
                         net (fo=1, unplaced)         0.449     6.013    reason[2]_i_31_n_0
                         LUT6 (Prop_lut6_I4_O)        0.124     6.137 r  reason[2]_i_14/O
                         net (fo=1, unplaced)         0.000     6.137    reason[2]_i_14_n_0
                         CARRY4 (Prop_carry4_S[0]_CO[1])
                                                      0.458     6.595 f  reason_reg[2]_i_6/CO[1]
                         net (fo=1, unplaced)         0.312     6.907    state31_out
                         LUT4 (Prop_lut4_I2_O)        0.332     7.239 f  reason[2]_i_2/O
                         net (fo=9, unplaced)         0.490     7.729    state16_out
                         LUT5 (Prop_lut5_I4_O)        0.116     7.845 r  n_ans[7]_i_3/O
                         net (fo=5, unplaced)         0.477     8.322    n_ans[7]_i_3_n_0
                         LUT5 (Prop_lut5_I4_O)        0.124     8.446 r  fq_hops[0][3]_i_2/O
                         net (fo=42, unplaced)        0.527     8.973    fq_hops[0][3]_i_2_n_0
                         LUT3 (Prop_lut3_I0_O)        0.124     9.097 r  fq_node[0][31]_i_1/O
                         net (fo=19, unplaced)        0.667     9.764    fq_node[0][31]_i_1_n_0
                         FDSE                                         r  fq_node_reg[0][13]/S
  -------------------------------------------------------------------    -------------------

                         (clock clk rise edge)       10.000    10.000 r  <hidden>
                                                      0.000    10.000 r  clk
                         net (fo=4249, unset)         0.924    10.924    clk
                         FDSE                                         r  fq_node_reg[0][13]/C
                         clock pessimism              0.000    10.924    <hidden>
                         clock uncertainty           -0.035    10.889    <hidden>
                         FDSE (Setup_fdse_C_S)       -0.557    10.332    fq_node_reg[0][13]
  -------------------------------------------------------------------
                         required time                         10.332    <hidden>
                         arrival time                          -9.764    <hidden>
  -------------------------------------------------------------------
                         slack                                  0.568    <hidden>

Slack (MET) :             0.568ns  (required time - arrival time)
  Source:                 qb_reg[1][1]/C
                            (rising edge-triggered cell FDRE clocked by clk  {rise@0.000ns fall@5.000ns period=10.000ns})
  Destination:            fq_node_reg[0][14]/S
                            (rising edge-triggered cell FDSE clocked by clk  {rise@0.000ns fall@5.000ns period=10.000ns})
  Path Group:             clk
  Path Type:              Setup (Max at Slow Process Corner)
  Requirement:            10.000ns  (clk rise@10.000ns - clk rise@0.000ns)
  Data Path Delay:        8.791ns  (logic 2.547ns (28.973%)  route 6.244ns (71.027%))
  Logic Levels:           11  (CARRY4=1 LUT3=1 LUT4=1 LUT5=2 LUT6=6)
  Clock Path Skew:        -0.049ns (DCD - SCD + CPR)
    Destination Clock Delay (DCD):    0.924ns = ( 10.924 - 10.000 ) 
    Source Clock Delay      (SCD):    0.973ns
    Clock Pessimism Removal (CPR):    0.000ns
  Clock Uncertainty:      0.035ns  ((TSJ^2 + TIJ^2)^1/2 + DJ) / 2 + PE
    Total System Jitter     (TSJ):    0.071ns
    Total Input Jitter      (TIJ):    0.000ns
    Discrete Jitter          (DJ):    0.000ns
    Phase Error              (PE):    0.000ns

    Location             Delay type                Incr(ns)  Path(ns)    Netlist Resource(s)
  -------------------------------------------------------------------    -------------------
                         (clock clk rise edge)        0.000     0.000 r  <hidden>
                                                      0.000     0.000 r  clk
                         net (fo=4249, unset)         0.973     0.973    clk
                         FDRE                                         r  qb_reg[1][1]/C
  -------------------------------------------------------------------    -------------------
                         FDRE (Prop_fdre_C_Q)         0.478     1.451 r  qb_reg[1][1]/Q
                         net (fo=11, unplaced)        1.011     2.462    p_0_in204_in[9]
                         LUT6 (Prop_lut6_I0_O)        0.295     2.757 r  reason[2]_i_407/O
                         net (fo=1, unplaced)         0.964     3.721    reason[2]_i_407_n_0
                         LUT6 (Prop_lut6_I0_O)        0.124     3.845 r  reason[2]_i_336/O
                         net (fo=1, unplaced)         0.449     4.294    reason[2]_i_336_n_0
                         LUT6 (Prop_lut6_I5_O)        0.124     4.418 r  reason[2]_i_178/O
                         net (fo=1, unplaced)         0.449     4.867    reason[2]_i_178_n_0
                         LUT6 (Prop_lut6_I5_O)        0.124     4.991 r  reason[2]_i_87/O
                         net (fo=1, unplaced)         0.449     5.440    reason[2]_i_87_n_0
                         LUT6 (Prop_lut6_I5_O)        0.124     5.564 r  reason[2]_i_31/O
                         net (fo=1, unplaced)         0.449     6.013    reason[2]_i_31_n_0
                         LUT6 (Prop_lut6_I4_O)        0.124     6.137 r  reason[2]_i_14/O
                         net (fo=1, unplaced)         0.000     6.137    reason[2]_i_14_n_0
                         CARRY4 (Prop_carry4_S[0]_CO[1])
                                                      0.458     6.595 f  reason_reg[2]_i_6/CO[1]
                         net (fo=1, unplaced)         0.312     6.907    state31_out
                         LUT4 (Prop_lut4_I2_O)        0.332     7.239 f  reason[2]_i_2/O
                         net (fo=9, unplaced)         0.490     7.729    state16_out
                         LUT5 (Prop_lut5_I4_O)        0.116     7.845 r  n_ans[7]_i_3/O
                         net (fo=5, unplaced)         0.477     8.322    n_ans[7]_i_3_n_0
                         LUT5 (Prop_lut5_I4_O)        0.124     8.446 r  fq_hops[0][3]_i_2/O
                         net (fo=42, unplaced)        0.527     8.973    fq_hops[0][3]_i_2_n_0
                         LUT3 (Prop_lut3_I0_O)        0.124     9.097 r  fq_node[0][31]_i_1/O
                         net (fo=19, unplaced)        0.667     9.764    fq_node[0][31]_i_1_n_0
                         FDSE                                         r  fq_node_reg[0][14]/S
  -------------------------------------------------------------------    -------------------

                         (clock clk rise edge)       10.000    10.000 r  <hidden>
                                                      0.000    10.000 r  clk
                         net (fo=4249, unset)         0.924    10.924    clk
                         FDSE                                         r  fq_node_reg[0][14]/C
                         clock pessimism              0.000    10.924    <hidden>
                         clock uncertainty           -0.035    10.889    <hidden>
                         FDSE (Setup_fdse_C_S)       -0.557    10.332    fq_node_reg[0][14]
  -------------------------------------------------------------------
                         required time                         10.332    <hidden>
                         arrival time                          -9.764    <hidden>
  -------------------------------------------------------------------
                         slack                                  0.568    <hidden>

Slack (MET) :             0.568ns  (required time - arrival time)
  Source:                 qb_reg[1][1]/C
                            (rising edge-triggered cell FDRE clocked by clk  {rise@0.000ns fall@5.000ns period=10.000ns})
  Destination:            fq_node_reg[0][15]/S
                            (rising edge-triggered cell FDSE clocked by clk  {rise@0.000ns fall@5.000ns period=10.000ns})
  Path Group:             clk
  Path Type:              Setup (Max at Slow Process Corner)
  Requirement:            10.000ns  (clk rise@10.000ns - clk rise@0.000ns)
  Data Path Delay:        8.791ns  (logic 2.547ns (28.973%)  route 6.244ns (71.027%))
  Logic Levels:           11  (CARRY4=1 LUT3=1 LUT4=1 LUT5=2 LUT6=6)
  Clock Path Skew:        -0.049ns (DCD - SCD + CPR)
    Destination Clock Delay (DCD):    0.924ns = ( 10.924 - 10.000 ) 
    Source Clock Delay      (SCD):    0.973ns
    Clock Pessimism Removal (CPR):    0.000ns
  Clock Uncertainty:      0.035ns  ((TSJ^2 + TIJ^2)^1/2 + DJ) / 2 + PE
    Total System Jitter     (TSJ):    0.071ns
    Total Input Jitter      (TIJ):    0.000ns
    Discrete Jitter          (DJ):    0.000ns
    Phase Error              (PE):    0.000ns

    Location             Delay type                Incr(ns)  Path(ns)    Netlist Resource(s)
  -------------------------------------------------------------------    -------------------
                         (clock clk rise edge)        0.000     0.000 r  <hidden>
                                                      0.000     0.000 r  clk
                         net (fo=4249, unset)         0.973     0.973    clk
                         FDRE                                         r  qb_reg[1][1]/C
  -------------------------------------------------------------------    -------------------
                         FDRE (Prop_fdre_C_Q)         0.478     1.451 r  qb_reg[1][1]/Q
                         net (fo=11, unplaced)        1.011     2.462    p_0_in204_in[9]
                         LUT6 (Prop_lut6_I0_O)        0.295     2.757 r  reason[2]_i_407/O
                         net (fo=1, unplaced)         0.964     3.721    reason[2]_i_407_n_0
                         LUT6 (Prop_lut6_I0_O)        0.124     3.845 r  reason[2]_i_336/O
                         net (fo=1, unplaced)         0.449     4.294    reason[2]_i_336_n_0
                         LUT6 (Prop_lut6_I5_O)        0.124     4.418 r  reason[2]_i_178/O
                         net (fo=1, unplaced)         0.449     4.867    reason[2]_i_178_n_0
                         LUT6 (Prop_lut6_I5_O)        0.124     4.991 r  reason[2]_i_87/O
                         net (fo=1, unplaced)         0.449     5.440    reason[2]_i_87_n_0
                         LUT6 (Prop_lut6_I5_O)        0.124     5.564 r  reason[2]_i_31/O
                         net (fo=1, unplaced)         0.449     6.013    reason[2]_i_31_n_0
                         LUT6 (Prop_lut6_I4_O)        0.124     6.137 r  reason[2]_i_14/O
                         net (fo=1, unplaced)         0.000     6.137    reason[2]_i_14_n_0
                         CARRY4 (Prop_carry4_S[0]_CO[1])
                                                      0.458     6.595 f  reason_reg[2]_i_6/CO[1]
                         net (fo=1, unplaced)         0.312     6.907    state31_out
                         LUT4 (Prop_lut4_I2_O)        0.332     7.239 f  reason[2]_i_2/O
                         net (fo=9, unplaced)         0.490     7.729    state16_out
                         LUT5 (Prop_lut5_I4_O)        0.116     7.845 r  n_ans[7]_i_3/O
                         net (fo=5, unplaced)         0.477     8.322    n_ans[7]_i_3_n_0
                         LUT5 (Prop_lut5_I4_O)        0.124     8.446 r  fq_hops[0][3]_i_2/O
                         net (fo=42, unplaced)        0.527     8.973    fq_hops[0][3]_i_2_n_0
                         LUT3 (Prop_lut3_I0_O)        0.124     9.097 r  fq_node[0][31]_i_1/O
                         net (fo=19, unplaced)        0.667     9.764    fq_node[0][31]_i_1_n_0
                         FDSE                                         r  fq_node_reg[0][15]/S
  -------------------------------------------------------------------    -------------------

                         (clock clk rise edge)       10.000    10.000 r  <hidden>
                                                      0.000    10.000 r  clk
                         net (fo=4249, unset)         0.924    10.924    clk
                         FDSE                                         r  fq_node_reg[0][15]/C
                         clock pessimism              0.000    10.924    <hidden>
                         clock uncertainty           -0.035    10.889    <hidden>
                         FDSE (Setup_fdse_C_S)       -0.557    10.332    fq_node_reg[0][15]
  -------------------------------------------------------------------
                         required time                         10.332    <hidden>
                         arrival time                          -9.764    <hidden>
  -------------------------------------------------------------------
                         slack                                  0.568    <hidden>





Min Delay Paths
--------------------------------------------------------------------------------------
Slack (MET) :             0.177ns  (arrival time - required time)
  Source:                 e_prov_reg[0]/C
                            (rising edge-triggered cell FDRE clocked by clk  {rise@0.000ns fall@5.000ns period=10.000ns})
  Destination:            ans_proof_reg_0_15_0_5/RAMA/I
                            (rising edge-triggered cell RAMD32 clocked by clk  {rise@0.000ns fall@5.000ns period=10.000ns})
  Path Group:             clk
  Path Type:              Hold (Min at Fast Process Corner)
  Requirement:            0.000ns  (clk rise@0.000ns - clk rise@0.000ns)
  Data Path Delay:        0.292ns  (logic 0.147ns (50.269%)  route 0.145ns (49.731%))
  Logic Levels:           0  
  Clock Path Skew:        0.022ns (DCD - SCD - CPR)
    Destination Clock Delay (DCD):    0.432ns
    Source Clock Delay      (SCD):    0.410ns
    Clock Pessimism Removal (CPR):    -0.000ns

    Location             Delay type                Incr(ns)  Path(ns)    Netlist Resource(s)
  -------------------------------------------------------------------    -------------------
                         (clock clk rise edge)        0.000     0.000 r  <hidden>
                                                      0.000     0.000 r  clk
                         net (fo=4249, unset)         0.410     0.410    clk
                         FDRE                                         r  e_prov_reg[0]/C
  -------------------------------------------------------------------    -------------------
                         FDRE (Prop_fdre_C_Q)         0.147     0.557 r  e_prov_reg[0]/Q
                         net (fo=2, unplaced)         0.145     0.703    ans_proof_reg_0_15_0_5/DIA0
                         RAMD32                                       r  ans_proof_reg_0_15_0_5/RAMA/I
  -------------------------------------------------------------------    -------------------

                         (clock clk rise edge)        0.000     0.000 r  <hidden>
                                                      0.000     0.000 r  clk
                         net (fo=4249, unset)         0.432     0.432    ans_proof_reg_0_15_0_5/WCLK
                         RAMD32                                       r  ans_proof_reg_0_15_0_5/RAMA/CLK
                         clock pessimism              0.000     0.432    <hidden>
                         RAMD32 (Hold_ramd32_CLK_I)
                                                      0.094     0.526    ans_proof_reg_0_15_0_5/RAMA
  -------------------------------------------------------------------
                         required time                         -0.526    <hidden>
                         arrival time                           0.703    <hidden>
  -------------------------------------------------------------------
                         slack                                  0.177    <hidden>

Slack (MET) :             0.177ns  (arrival time - required time)
  Source:                 e_prov_reg[6]/C
                            (rising edge-triggered cell FDRE clocked by clk  {rise@0.000ns fall@5.000ns period=10.000ns})
  Destination:            ans_proof_reg_0_15_6_11/RAMA/I
                            (rising edge-triggered cell RAMD32 clocked by clk  {rise@0.000ns fall@5.000ns period=10.000ns})
  Path Group:             clk
  Path Type:              Hold (Min at Fast Process Corner)
  Requirement:            0.000ns  (clk rise@0.000ns - clk rise@0.000ns)
  Data Path Delay:        0.292ns  (logic 0.147ns (50.269%)  route 0.145ns (49.731%))
  Logic Levels:           0  
  Clock Path Skew:        0.022ns (DCD - SCD - CPR)
    Destination Clock Delay (DCD):    0.432ns
    Source Clock Delay      (SCD):    0.410ns
    Clock Pessimism Removal (CPR):    -0.000ns

    Location             Delay type                Incr(ns)  Path(ns)    Netlist Resource(s)
  -------------------------------------------------------------------    -------------------
                         (clock clk rise edge)        0.000     0.000 r  <hidden>
                                                      0.000     0.000 r  clk
                         net (fo=4249, unset)         0.410     0.410    clk
                         FDRE                                         r  e_prov_reg[6]/C
  -------------------------------------------------------------------    -------------------
                         FDRE (Prop_fdre_C_Q)         0.147     0.557 r  e_prov_reg[6]/Q
                         net (fo=2, unplaced)         0.145     0.703    ans_proof_reg_0_15_6_11/DIA0
                         RAMD32                                       r  ans_proof_reg_0_15_6_11/RAMA/I
  -------------------------------------------------------------------    -------------------

                         (clock clk rise edge)        0.000     0.000 r  <hidden>
                                                      0.000     0.000 r  clk
                         net (fo=4249, unset)         0.432     0.432    ans_proof_reg_0_15_6_11/WCLK
                         RAMD32                                       r  ans_proof_reg_0_15_6_11/RAMA/CLK
                         clock pessimism              0.000     0.432    <hidden>
                         RAMD32 (Hold_ramd32_CLK_I)
                                                      0.094     0.526    ans_proof_reg_0_15_6_11/RAMA
  -------------------------------------------------------------------
                         required time                         -0.526    <hidden>
                         arrival time                           0.703    <hidden>
  -------------------------------------------------------------------
                         slack                                  0.177    <hidden>

Slack (MET) :             0.178ns  (arrival time - required time)
  Source:                 e_prov_reg[2]/C
                            (rising edge-triggered cell FDRE clocked by clk  {rise@0.000ns fall@5.000ns period=10.000ns})
  Destination:            ans_proof_reg_0_15_0_5/RAMB/I
                            (rising edge-triggered cell RAMD32 clocked by clk  {rise@0.000ns fall@5.000ns period=10.000ns})
  Path Group:             clk
  Path Type:              Hold (Min at Fast Process Corner)
  Requirement:            0.000ns  (clk rise@0.000ns - clk rise@0.000ns)
  Data Path Delay:        0.292ns  (logic 0.147ns (50.269%)  route 0.145ns (49.731%))
  Logic Levels:           0  
  Clock Path Skew:        0.022ns (DCD - SCD - CPR)
    Destination Clock Delay (DCD):    0.432ns
    Source Clock Delay      (SCD):    0.410ns
    Clock Pessimism Removal (CPR):    -0.000ns

    Location             Delay type                Incr(ns)  Path(ns)    Netlist Resource(s)
  -------------------------------------------------------------------    -------------------
                         (clock clk rise edge)        0.000     0.000 r  <hidden>
                                                      0.000     0.000 r  clk
                         net (fo=4249, unset)         0.410     0.410    clk
                         FDRE                                         r  e_prov_reg[2]/C
  -------------------------------------------------------------------    -------------------
                         FDRE (Prop_fdre_C_Q)         0.147     0.557 r  e_prov_reg[2]/Q
                         net (fo=2, unplaced)         0.145     0.703    ans_proof_reg_0_15_0_5/DIB0
                         RAMD32                                       r  ans_proof_reg_0_15_0_5/RAMB/I
  -------------------------------------------------------------------    -------------------

                         (clock clk rise edge)        0.000     0.000 r  <hidden>
                                                      0.000     0.000 r  clk
                         net (fo=4249, unset)         0.432     0.432    ans_proof_reg_0_15_0_5/WCLK
                         RAMD32                                       r  ans_proof_reg_0_15_0_5/RAMB/CLK
                         clock pessimism              0.000     0.432    <hidden>
                         RAMD32 (Hold_ramd32_CLK_I)
                                                      0.093     0.525    ans_proof_reg_0_15_0_5/RAMB
  -------------------------------------------------------------------
                         required time                         -0.525    <hidden>
                         arrival time                           0.703    <hidden>
  -------------------------------------------------------------------
                         slack                                  0.178    <hidden>

Slack (MET) :             0.178ns  (arrival time - required time)
  Source:                 e_prov_reg[8]/C
                            (rising edge-triggered cell FDRE clocked by clk  {rise@0.000ns fall@5.000ns period=10.000ns})
  Destination:            ans_proof_reg_0_15_6_11/RAMB/I
                            (rising edge-triggered cell RAMD32 clocked by clk  {rise@0.000ns fall@5.000ns period=10.000ns})
  Path Group:             clk
  Path Type:              Hold (Min at Fast Process Corner)
  Requirement:            0.000ns  (clk rise@0.000ns - clk rise@0.000ns)
  Data Path Delay:        0.292ns  (logic 0.147ns (50.269%)  route 0.145ns (49.731%))
  Logic Levels:           0  
  Clock Path Skew:        0.022ns (DCD - SCD - CPR)
    Destination Clock Delay (DCD):    0.432ns
    Source Clock Delay      (SCD):    0.410ns
    Clock Pessimism Removal (CPR):    -0.000ns

    Location             Delay type                Incr(ns)  Path(ns)    Netlist Resource(s)
  -------------------------------------------------------------------    -------------------
                         (clock clk rise edge)        0.000     0.000 r  <hidden>
                                                      0.000     0.000 r  clk
                         net (fo=4249, unset)         0.410     0.410    clk
                         FDRE                                         r  e_prov_reg[8]/C
  -------------------------------------------------------------------    -------------------
                         FDRE (Prop_fdre_C_Q)         0.147     0.557 r  e_prov_reg[8]/Q
                         net (fo=2, unplaced)         0.145     0.703    ans_proof_reg_0_15_6_11/DIB0
                         RAMD32                                       r  ans_proof_reg_0_15_6_11/RAMB/I
  -------------------------------------------------------------------    -------------------

                         (clock clk rise edge)        0.000     0.000 r  <hidden>
                                                      0.000     0.000 r  clk
                         net (fo=4249, unset)         0.432     0.432    ans_proof_reg_0_15_6_11/WCLK
                         RAMD32                                       r  ans_proof_reg_0_15_6_11/RAMB/CLK
                         clock pessimism              0.000     0.432    <hidden>
                         RAMD32 (Hold_ramd32_CLK_I)
                                                      0.093     0.525    ans_proof_reg_0_15_6_11/RAMB
  -------------------------------------------------------------------
                         required time                         -0.525    <hidden>
                         arrival time                           0.703    <hidden>
  -------------------------------------------------------------------
                         slack                                  0.178    <hidden>

Slack (MET) :             0.180ns  (arrival time - required time)
  Source:                 e_prov_reg[16]/C
                            (rising edge-triggered cell FDRE clocked by clk  {rise@0.000ns fall@5.000ns period=10.000ns})
  Destination:            ans_proof_reg_0_15_18_23/RAMA/I
                            (rising edge-triggered cell RAMD32 clocked by clk  {rise@0.000ns fall@5.000ns period=10.000ns})
  Path Group:             clk
  Path Type:              Hold (Min at Fast Process Corner)
  Requirement:            0.000ns  (clk rise@0.000ns - clk rise@0.000ns)
  Data Path Delay:        0.295ns  (logic 0.147ns (49.767%)  route 0.148ns (50.233%))
  Logic Levels:           0  
  Clock Path Skew:        0.022ns (DCD - SCD - CPR)
    Destination Clock Delay (DCD):    0.432ns
    Source Clock Delay      (SCD):    0.410ns
    Clock Pessimism Removal (CPR):    -0.000ns

    Location             Delay type                Incr(ns)  Path(ns)    Netlist Resource(s)
  -------------------------------------------------------------------    -------------------
                         (clock clk rise edge)        0.000     0.000 r  <hidden>
                                                      0.000     0.000 r  clk
                         net (fo=4249, unset)         0.410     0.410    clk
                         FDRE                                         r  e_prov_reg[16]/C
  -------------------------------------------------------------------    -------------------
                         FDRE (Prop_fdre_C_Q)         0.147     0.557 r  e_prov_reg[16]/Q
                         net (fo=3, unplaced)         0.148     0.706    ans_proof_reg_0_15_18_23/DIA0
                         RAMD32                                       r  ans_proof_reg_0_15_18_23/RAMA/I
  -------------------------------------------------------------------    -------------------

                         (clock clk rise edge)        0.000     0.000 r  <hidden>
                                                      0.000     0.000 r  clk
                         net (fo=4249, unset)         0.432     0.432    ans_proof_reg_0_15_18_23/WCLK
                         RAMD32                                       r  ans_proof_reg_0_15_18_23/RAMA/CLK
                         clock pessimism              0.000     0.432    <hidden>
                         RAMD32 (Hold_ramd32_CLK_I)
                                                      0.094     0.526    ans_proof_reg_0_15_18_23/RAMA
  -------------------------------------------------------------------
                         required time                         -0.526    <hidden>
                         arrival time                           0.706    <hidden>
  -------------------------------------------------------------------
                         slack                                  0.180    <hidden>





Pulse Width Checks
--------------------------------------------------------------------------------------
Clock Name:         clk
Waveform(ns):       { 0.000 5.000 }
Period(ns):         10.000
Sources:            { clk }

Check Type        Corner  Lib Pin             Reference Pin  Required(ns)  Actual(ns)  Slack(ns)  Location  Pin
Min Period        n/a     RAMB36E1/CLKARDCLK  n/a            2.576         10.000      7.424                store_q_reg/CLKARDCLK
Min Period        n/a     RAMB36E1/CLKBWRCLK  n/a            2.576         10.000      7.424                store_q_reg/CLKBWRCLK
Min Period        n/a     FDRE/C              n/a            1.000         10.000      9.000                ai_reg[0]/C
Min Period        n/a     FDRE/C              n/a            1.000         10.000      9.000                ai_reg[1]/C
Min Period        n/a     FDRE/C              n/a            1.000         10.000      9.000                ai_reg[2]/C
Low Pulse Width   Slow    RAMD32/CLK          n/a            1.250         5.000       3.750                ans_proof_reg_0_15_0_5/RAMA/CLK
Low Pulse Width   Fast    RAMD32/CLK          n/a            1.250         5.000       3.750                ans_proof_reg_0_15_0_5/RAMA/CLK
Low Pulse Width   Slow    RAMD32/CLK          n/a            1.250         5.000       3.750                ans_proof_reg_0_15_0_5/RAMA_D1/CLK
Low Pulse Width   Fast    RAMD32/CLK          n/a            1.250         5.000       3.750                ans_proof_reg_0_15_0_5/RAMA_D1/CLK
Low Pulse Width   Slow    RAMD32/CLK          n/a            1.250         5.000       3.750                ans_proof_reg_0_15_0_5/RAMB/CLK
High Pulse Width  Slow    RAMD32/CLK          n/a            1.250         5.000       3.750                ans_proof_reg_0_15_0_5/RAMA/CLK
High Pulse Width  Fast    RAMD32/CLK          n/a            1.250         5.000       3.750                ans_proof_reg_0_15_0_5/RAMA/CLK
High Pulse Width  Slow    RAMD32/CLK          n/a            1.250         5.000       3.750                ans_proof_reg_0_15_0_5/RAMA_D1/CLK
High Pulse Width  Fast    RAMD32/CLK          n/a            1.250         5.000       3.750                ans_proof_reg_0_15_0_5/RAMA_D1/CLK
High Pulse Width  Slow    RAMD32/CLK          n/a            1.250         5.000       3.750                ans_proof_reg_0_15_0_5/RAMB/CLK



