Copyright 1986-2022 Xilinx, Inc. All Rights Reserved. Copyright 2022-2026 Advanced Micro Devices, Inc. All Rights Reserved.
---------------------------------------------------------------------------------------------------------------------------------------------
| Tool Version : Vivado v.2026.1 (win64) Build 6511674 Tue Jun 16 11:02:23 MDT 2026
| Date         : Wed Sep 16 22:25:40 2026
| Host         : laptop-Quan running 64-bit major release  (build 9200)
| Command      : report_timing_summary -delay_type min_max -max_paths 5 -file D:/FPGA/arty_d/fe256_ooc_r1/reports/route_timing.rpt
| Design       : fe256_query_path
| Device       : 7a100t-csg324
| Speed File   : -1  PRODUCTION 1.23 2018-06-13
| Design State : Routed
---------------------------------------------------------------------------------------------------------------------------------------------

Timing Summary Report

------------------------------------------------------------------------------------------------
| Timer Settings
| --------------
------------------------------------------------------------------------------------------------

  Enable Multi Corner Analysis               :  Yes
  Enable Pessimism Removal                   :  Yes
  Pessimism Removal Resolution               :  Nearest Common Node
  Enable Input Delay Default Clock           :  No
  Enable Preset / Clear Arcs                 :  No
  Disable Flight Delays                      :  No
  Ignore I/O Paths                           :  No
  Timing Early Launch at Borrowing Latches   :  No
  Borrow Time for Max Delay Exceptions       :  Yes
  Merge Timing Exceptions                    :  Yes
  Inter-SLR Compensation                     :  Conservative

  Corner  Analyze    Analyze    
  Name    Max Paths  Min Paths  
  ------  ---------  ---------  
  Slow    Yes        Yes        
  Fast    Yes        Yes        


------------------------------------------------------------------------------------------------
| Report Methodology
| ------------------
------------------------------------------------------------------------------------------------

No report available as report_methodology has not been run prior. Run report_methodology on the current design for the summary of methodology violations.



check_timing report

Table of Contents
-----------------
1. checking no_clock (0)
2. checking constant_clock (0)
3. checking pulse_width_clock (0)
4. checking unconstrained_internal_endpoints (0)
5. checking no_input_delay (259)
6. checking no_output_delay (319)
7. checking multiple_clock (0)
8. checking generated_clocks (0)
9. checking loops (0)
10. checking partial_input_delay (0)
11. checking partial_output_delay (0)
12. checking latch_loops (0)

1. checking no_clock (0)
------------------------
 There are 0 register/latch pins with no clock.


2. checking constant_clock (0)
------------------------------
 There are 0 register/latch pins with constant_clock.


3. checking pulse_width_clock (0)
---------------------------------
 There are 0 register/latch pins which need pulse_width check


4. checking unconstrained_internal_endpoints (0)
------------------------------------------------
 There are 0 pins that are not constrained for maximum delay.

 There are 0 pins that are not constrained for maximum delay due to constant clock.


5. checking no_input_delay (259)
--------------------------------
 There are 259 input ports with no input delay specified. (HIGH)

 There are 0 input ports with no input delay but user has a false path constraint.


6. checking no_output_delay (319)
---------------------------------
 There are 319 ports with no output delay specified. (HIGH)

 There are 0 ports with no output delay but user has a false path constraint

 There are 0 ports with no output delay but with a timing clock defined on it or propagating through it


7. checking multiple_clock (0)
------------------------------
 There are 0 register/latch pins with multiple clocks.


8. checking generated_clocks (0)
--------------------------------
 There are 0 generated clocks that are not connected to a clock source.


9. checking loops (0)
---------------------
 There are 0 combinational loops in the design.


10. checking partial_input_delay (0)
------------------------------------
 There are 0 input ports with partial input delay specified.


11. checking partial_output_delay (0)
-------------------------------------
 There are 0 ports with partial output delay specified.


12. checking latch_loops (0)
----------------------------
 There are 0 combinational latch loops in the design through latch input



------------------------------------------------------------------------------------------------
| Design Timing Summary
| ---------------------
------------------------------------------------------------------------------------------------

    WNS(ns)      TNS(ns)  TNS Failing Endpoints  TNS Total Endpoints      WHS(ns)      THS(ns)  THS Failing Endpoints  THS Total Endpoints     WPWS(ns)     TPWS(ns)  TPWS Failing Endpoints  TPWS Total Endpoints  
    -------      -------  ---------------------  -------------------      -------      -------  ---------------------  -------------------     --------     --------  ----------------------  --------------------  
      0.223        0.000                      0                 9967        0.092        0.000                      0                 9967        3.750        0.000                       0                  4252  


All user specified timing constraints are met.


------------------------------------------------------------------------------------------------
| Clock Summary
| -------------
------------------------------------------------------------------------------------------------

Clock  Waveform(ns)       Period(ns)      Frequency(MHz)
-----  ------------       ----------      --------------
clk    {0.000 5.000}      10.000          100.000         


------------------------------------------------------------------------------------------------
| Intra Clock Table
| -----------------
------------------------------------------------------------------------------------------------

Clock             WNS(ns)      TNS(ns)  TNS Failing Endpoints  TNS Total Endpoints      WHS(ns)      THS(ns)  THS Failing Endpoints  THS Total Endpoints     WPWS(ns)     TPWS(ns)  TPWS Failing Endpoints  TPWS Total Endpoints  
-----             -------      -------  ---------------------  -------------------      -------      -------  ---------------------  -------------------     --------     --------  ----------------------  --------------------  
clk                 0.223        0.000                      0                 9967        0.092        0.000                      0                 9967        3.750        0.000                       0                  4252  


------------------------------------------------------------------------------------------------
| Inter Clock Table
| -----------------
------------------------------------------------------------------------------------------------

From Clock    To Clock          WNS(ns)      TNS(ns)  TNS Failing Endpoints  TNS Total Endpoints      WHS(ns)      THS(ns)  THS Failing Endpoints  THS Total Endpoints  
----------    --------          -------      -------  ---------------------  -------------------      -------      -------  ---------------------  -------------------  


------------------------------------------------------------------------------------------------
| Other Path Groups Table
| -----------------------
------------------------------------------------------------------------------------------------

Path Group    From Clock    To Clock          WNS(ns)      TNS(ns)  TNS Failing Endpoints  TNS Total Endpoints      WHS(ns)      THS(ns)  THS Failing Endpoints  THS Total Endpoints  
----------    ----------    --------          -------      -------  ---------------------  -------------------      -------      -------  ---------------------  -------------------  


------------------------------------------------------------------------------------------------
| Timing Details
| --------------
------------------------------------------------------------------------------------------------


---------------------------------------------------------------------------------------------------
From Clock:  clk
  To Clock:  clk

Setup :            0  Failing Endpoints,  Worst Slack        0.223ns,  Total Violation        0.000ns
Hold  :            0  Failing Endpoints,  Worst Slack        0.092ns,  Total Violation        0.000ns
PW    :            0  Failing Endpoints,  Worst Slack        3.750ns,  Total Violation        0.000ns
---------------------------------------------------------------------------------------------------


Max Delay Paths
--------------------------------------------------------------------------------------
Slack (MET) :             0.223ns  (required time - arrival time)
  Source:                 qb_reg[23][6]/C
                            (rising edge-triggered cell FDRE clocked by clk  {rise@0.000ns fall@5.000ns period=10.000ns})
  Destination:            fq_plen_reg[0][1]/R
                            (rising edge-triggered cell FDRE clocked by clk  {rise@0.000ns fall@5.000ns period=10.000ns})
  Path Group:             clk
  Path Type:              Setup (Max at Slow Process Corner)
  Requirement:            10.000ns  (clk rise@10.000ns - clk rise@0.000ns)
  Data Path Delay:        9.264ns  (logic 2.484ns (26.813%)  route 6.780ns (73.187%))
  Logic Levels:           11  (CARRY4=2 LUT2=1 LUT4=1 LUT5=2 LUT6=5)
  Clock Path Skew:        -0.049ns (DCD - SCD + CPR)
    Destination Clock Delay (DCD):    0.924ns = ( 10.924 - 10.000 ) 
    Source Clock Delay      (SCD):    0.973ns
    Clock Pessimism Removal (CPR):    0.000ns
  Clock Uncertainty:      0.035ns  ((TSJ^2 + TIJ^2)^1/2 + DJ) / 2 + PE
    Total System Jitter     (TSJ):    0.071ns
    Total Input Jitter      (TIJ):    0.000ns
    Discrete Jitter          (DJ):    0.000ns
    Phase Error              (PE):    0.000ns

    Location             Delay type                Incr(ns)  Path(ns)    Netlist Resource(s)
  -------------------------------------------------------------------    -------------------
                         (clock clk rise edge)        0.000     0.000 r  <hidden>
                                                      0.000     0.000 r  clk
                         net (fo=4251, unset)         0.973     0.973    clk
    SLICE_X23Y178        FDRE                                         r  qb_reg[23][6]/C
  -------------------------------------------------------------------    -------------------
    SLICE_X23Y178        FDRE (Prop_fdre_C_Q)         0.456     1.429 r  qb_reg[23][6]/Q
                         net (fo=12, routed)          1.022     2.451    p_0_in138_in[14]
    SLICE_X29Y178        LUT6 (Prop_lut6_I3_O)        0.124     2.575 r  reason[2]_i_393/O
                         net (fo=1, routed)           0.986     3.561    reason[2]_i_393_n_0
    SLICE_X29Y176        LUT6 (Prop_lut6_I2_O)        0.124     3.685 r  reason[2]_i_290/O
                         net (fo=1, routed)           0.973     4.658    reason[2]_i_290_n_0
    SLICE_X24Y174        LUT6 (Prop_lut6_I5_O)        0.124     4.782 r  reason[2]_i_147/O
                         net (fo=1, routed)           0.670     5.452    reason[2]_i_147_n_0
    SLICE_X24Y174        LUT6 (Prop_lut6_I5_O)        0.124     5.576 r  reason[2]_i_50/O
                         net (fo=1, routed)           0.340     5.916    reason[2]_i_50_n_0
    SLICE_X25Y174        LUT6 (Prop_lut6_I5_O)        0.124     6.040 r  reason[2]_i_21/O
                         net (fo=1, routed)           0.000     6.040    reason[2]_i_21_n_0
    SLICE_X25Y174        CARRY4 (Prop_carry4_S[1]_CO[3])
                                                      0.550     6.590 r  reason_reg[2]_i_12/CO[3]
                         net (fo=1, routed)           0.009     6.599    reason_reg[2]_i_12_n_0
    SLICE_X25Y175        CARRY4 (Prop_carry4_CI_CO[1])
                                                      0.157     6.756 f  reason_reg[2]_i_6/CO[1]
                         net (fo=1, routed)           0.538     7.295    state31_out
    SLICE_X27Y171        LUT4 (Prop_lut4_I2_O)        0.329     7.624 f  reason[2]_i_2/O
                         net (fo=9, routed)           0.367     7.990    state16_out
    SLICE_X25Y172        LUT5 (Prop_lut5_I4_O)        0.124     8.115 r  n_ans[7]_i_3/O
                         net (fo=5, routed)           0.347     8.462    n_ans[7]_i_3_n_0
    SLICE_X26Y173        LUT5 (Prop_lut5_I4_O)        0.124     8.586 r  fq_hops[0][3]_i_2/O
                         net (fo=42, routed)          0.896     9.481    fq_hops[0][3]_i_2_n_0
    SLICE_X33Y181        LUT2 (Prop_lut2_I0_O)        0.124     9.605 r  fq_hops[0][3]_i_1/O
                         net (fo=8, routed)           0.632    10.237    fq_hops[0][3]_i_1_n_0
    SLICE_X33Y184        FDRE                                         r  fq_plen_reg[0][1]/R
  -------------------------------------------------------------------    -------------------

                         (clock clk rise edge)       10.000    10.000 r  <hidden>
                                                      0.000    10.000 r  clk
                         net (fo=4251, unset)         0.924    10.924    clk
    SLICE_X33Y184        FDRE                                         r  fq_plen_reg[0][1]/C
                         clock pessimism              0.000    10.924    <hidden>
                         clock uncertainty           -0.035    10.889    <hidden>
    SLICE_X33Y184        FDRE (Setup_fdre_C_R)       -0.429    10.460    fq_plen_reg[0][1]
  -------------------------------------------------------------------
                         required time                         10.460    <hidden>
                         arrival time                         -10.237    <hidden>
  -------------------------------------------------------------------
                         slack                                  0.223    <hidden>

Slack (MET) :             0.358ns  (required time - arrival time)
  Source:                 qb_reg[23][6]/C
                            (rising edge-triggered cell FDRE clocked by clk  {rise@0.000ns fall@5.000ns period=10.000ns})
  Destination:            state_reg[4]_rep/D
                            (rising edge-triggered cell FDRE clocked by clk  {rise@0.000ns fall@5.000ns period=10.000ns})
  Path Group:             clk
  Path Type:              Setup (Max at Slow Process Corner)
  Requirement:            10.000ns  (clk rise@10.000ns - clk rise@0.000ns)
  Data Path Delay:        9.275ns  (logic 2.478ns (26.716%)  route 6.797ns (73.284%))
  Logic Levels:           11  (CARRY4=2 LUT4=1 LUT5=1 LUT6=7)
  Clock Path Skew:        -0.049ns (DCD - SCD + CPR)
    Destination Clock Delay (DCD):    0.924ns = ( 10.924 - 10.000 ) 
    Source Clock Delay      (SCD):    0.973ns
    Clock Pessimism Removal (CPR):    0.000ns
  Clock Uncertainty:      0.035ns  ((TSJ^2 + TIJ^2)^1/2 + DJ) / 2 + PE
    Total System Jitter     (TSJ):    0.071ns
    Total Input Jitter      (TIJ):    0.000ns
    Discrete Jitter          (DJ):    0.000ns
    Phase Error              (PE):    0.000ns

    Location             Delay type                Incr(ns)  Path(ns)    Netlist Resource(s)
  -------------------------------------------------------------------    -------------------
                         (clock clk rise edge)        0.000     0.000 r  <hidden>
                                                      0.000     0.000 r  clk
                         net (fo=4251, unset)         0.973     0.973    clk
    SLICE_X23Y178        FDRE                                         r  qb_reg[23][6]/C
  -------------------------------------------------------------------    -------------------
    SLICE_X23Y178        FDRE (Prop_fdre_C_Q)         0.456     1.429 r  qb_reg[23][6]/Q
                         net (fo=12, routed)          1.022     2.451    p_0_in138_in[14]
    SLICE_X29Y178        LUT6 (Prop_lut6_I3_O)        0.124     2.575 r  reason[2]_i_393/O
                         net (fo=1, routed)           0.986     3.561    reason[2]_i_393_n_0
    SLICE_X29Y176        LUT6 (Prop_lut6_I2_O)        0.124     3.685 r  reason[2]_i_290/O
                         net (fo=1, routed)           0.973     4.658    reason[2]_i_290_n_0
    SLICE_X24Y174        LUT6 (Prop_lut6_I5_O)        0.124     4.782 r  reason[2]_i_147/O
                         net (fo=1, routed)           0.670     5.452    reason[2]_i_147_n_0
    SLICE_X24Y174        LUT6 (Prop_lut6_I5_O)        0.124     5.576 r  reason[2]_i_50/O
                         net (fo=1, routed)           0.340     5.916    reason[2]_i_50_n_0
    SLICE_X25Y174        LUT6 (Prop_lut6_I5_O)        0.124     6.040 r  reason[2]_i_21/O
                         net (fo=1, routed)           0.000     6.040    reason[2]_i_21_n_0
    SLICE_X25Y174        CARRY4 (Prop_carry4_S[1]_CO[3])
                                                      0.550     6.590 r  reason_reg[2]_i_12/CO[3]
                         net (fo=1, routed)           0.009     6.599    reason_reg[2]_i_12_n_0
    SLICE_X25Y175        CARRY4 (Prop_carry4_CI_CO[1])
                                                      0.157     6.756 r  reason_reg[2]_i_6/CO[1]
                         net (fo=1, routed)           0.538     7.295    state31_out
    SLICE_X27Y171        LUT4 (Prop_lut4_I2_O)        0.329     7.624 r  reason[2]_i_2/O
                         net (fo=9, routed)           0.422     8.046    state16_out
    SLICE_X26Y171        LUT6 (Prop_lut6_I5_O)        0.124     8.170 r  state[4]_i_16/O
                         net (fo=1, routed)           0.639     8.809    state[4]_i_16_n_0
    SLICE_X20Y167        LUT6 (Prop_lut6_I5_O)        0.124     8.933 r  state[4]_i_8/O
                         net (fo=2, routed)           0.625     9.559    state[4]_i_8_n_0
    SLICE_X20Y166        LUT5 (Prop_lut5_I4_O)        0.118     9.677 r  state[4]_rep_i_1/O
                         net (fo=1, routed)           0.572    10.248    state[4]_rep_i_1_n_0
    SLICE_X20Y166        FDRE                                         r  state_reg[4]_rep/D
  -------------------------------------------------------------------    -------------------

                         (clock clk rise edge)       10.000    10.000 r  <hidden>
                                                      0.000    10.000 r  clk
                         net (fo=4251, unset)         0.924    10.924    clk
    SLICE_X20Y166        FDRE                                         r  state_reg[4]_rep/C
                         clock pessimism              0.000    10.924    <hidden>
                         clock uncertainty           -0.035    10.889    <hidden>
    SLICE_X20Y166        FDRE (Setup_fdre_C_D)       -0.283    10.606    state_reg[4]_rep
  -------------------------------------------------------------------
                         required time                         10.606    <hidden>
                         arrival time                         -10.248    <hidden>
  -------------------------------------------------------------------
                         slack                                  0.358    <hidden>

Slack (MET) :             0.379ns  (required time - arrival time)
  Source:                 qb_reg[23][6]/C
                            (rising edge-triggered cell FDRE clocked by clk  {rise@0.000ns fall@5.000ns period=10.000ns})
  Destination:            seen_id_reg[0][14]/S
                            (rising edge-triggered cell FDSE clocked by clk  {rise@0.000ns fall@5.000ns period=10.000ns})
  Path Group:             clk
  Path Type:              Setup (Max at Slow Process Corner)
  Requirement:            10.000ns  (clk rise@10.000ns - clk rise@0.000ns)
  Data Path Delay:        9.108ns  (logic 2.484ns (27.271%)  route 6.624ns (72.729%))
  Logic Levels:           11  (CARRY4=2 LUT3=1 LUT4=1 LUT5=1 LUT6=6)
  Clock Path Skew:        -0.049ns (DCD - SCD + CPR)
    Destination Clock Delay (DCD):    0.924ns = ( 10.924 - 10.000 ) 
    Source Clock Delay      (SCD):    0.973ns
    Clock Pessimism Removal (CPR):    0.000ns
  Clock Uncertainty:      0.035ns  ((TSJ^2 + TIJ^2)^1/2 + DJ) / 2 + PE
    Total System Jitter     (TSJ):    0.071ns
    Total Input Jitter      (TIJ):    0.000ns
    Discrete Jitter          (DJ):    0.000ns
    Phase Error              (PE):    0.000ns

    Location             Delay type                Incr(ns)  Path(ns)    Netlist Resource(s)
  -------------------------------------------------------------------    -------------------
                         (clock clk rise edge)        0.000     0.000 r  <hidden>
                                                      0.000     0.000 r  clk
                         net (fo=4251, unset)         0.973     0.973    clk
    SLICE_X23Y178        FDRE                                         r  qb_reg[23][6]/C
  -------------------------------------------------------------------    -------------------
    SLICE_X23Y178        FDRE (Prop_fdre_C_Q)         0.456     1.429 r  qb_reg[23][6]/Q
                         net (fo=12, routed)          1.022     2.451    p_0_in138_in[14]
    SLICE_X29Y178        LUT6 (Prop_lut6_I3_O)        0.124     2.575 r  reason[2]_i_393/O
                         net (fo=1, routed)           0.986     3.561    reason[2]_i_393_n_0
    SLICE_X29Y176        LUT6 (Prop_lut6_I2_O)        0.124     3.685 r  reason[2]_i_290/O
                         net (fo=1, routed)           0.973     4.658    reason[2]_i_290_n_0
    SLICE_X24Y174        LUT6 (Prop_lut6_I5_O)        0.124     4.782 r  reason[2]_i_147/O
                         net (fo=1, routed)           0.670     5.452    reason[2]_i_147_n_0
    SLICE_X24Y174        LUT6 (Prop_lut6_I5_O)        0.124     5.576 r  reason[2]_i_50/O
                         net (fo=1, routed)           0.340     5.916    reason[2]_i_50_n_0
    SLICE_X25Y174        LUT6 (Prop_lut6_I5_O)        0.124     6.040 r  reason[2]_i_21/O
                         net (fo=1, routed)           0.000     6.040    reason[2]_i_21_n_0
    SLICE_X25Y174        CARRY4 (Prop_carry4_S[1]_CO[3])
                                                      0.550     6.590 r  reason_reg[2]_i_12/CO[3]
                         net (fo=1, routed)           0.009     6.599    reason_reg[2]_i_12_n_0
    SLICE_X25Y175        CARRY4 (Prop_carry4_CI_CO[1])
                                                      0.157     6.756 f  reason_reg[2]_i_6/CO[1]
                         net (fo=1, routed)           0.538     7.295    state31_out
    SLICE_X27Y171        LUT4 (Prop_lut4_I2_O)        0.329     7.624 f  reason[2]_i_2/O
                         net (fo=9, routed)           0.367     7.990    state16_out
    SLICE_X25Y172        LUT5 (Prop_lut5_I4_O)        0.124     8.115 r  n_ans[7]_i_3/O
                         net (fo=5, routed)           0.693     8.807    n_ans[7]_i_3_n_0
    SLICE_X24Y167        LUT6 (Prop_lut6_I5_O)        0.124     8.931 r  seen_id[0][19]_i_1/O
                         net (fo=33, routed)          0.365     9.297    seen_id[0][19]_i_1_n_0
    SLICE_X23Y166        LUT3 (Prop_lut3_I0_O)        0.124     9.421 r  seen_id[0][31]_i_1/O
                         net (fo=19, routed)          0.661    10.081    seen_id[0][31]_i_1_n_0
    SLICE_X21Y165        FDSE                                         r  seen_id_reg[0][14]/S
  -------------------------------------------------------------------    -------------------

                         (clock clk rise edge)       10.000    10.000 r  <hidden>
                                                      0.000    10.000 r  clk
                         net (fo=4251, unset)         0.924    10.924    clk
    SLICE_X21Y165        FDSE                                         r  seen_id_reg[0][14]/C
                         clock pessimism              0.000    10.924    <hidden>
                         clock uncertainty           -0.035    10.889    <hidden>
    SLICE_X21Y165        FDSE (Setup_fdse_C_S)       -0.429    10.460    seen_id_reg[0][14]
  -------------------------------------------------------------------
                         required time                         10.460    <hidden>
                         arrival time                         -10.081    <hidden>
  -------------------------------------------------------------------
                         slack                                  0.379    <hidden>

Slack (MET) :             0.379ns  (required time - arrival time)
  Source:                 qb_reg[23][6]/C
                            (rising edge-triggered cell FDRE clocked by clk  {rise@0.000ns fall@5.000ns period=10.000ns})
  Destination:            seen_id_reg[0][23]/S
                            (rising edge-triggered cell FDSE clocked by clk  {rise@0.000ns fall@5.000ns period=10.000ns})
  Path Group:             clk
  Path Type:              Setup (Max at Slow Process Corner)
  Requirement:            10.000ns  (clk rise@10.000ns - clk rise@0.000ns)
  Data Path Delay:        9.108ns  (logic 2.484ns (27.271%)  route 6.624ns (72.729%))
  Logic Levels:           11  (CARRY4=2 LUT3=1 LUT4=1 LUT5=1 LUT6=6)
  Clock Path Skew:        -0.049ns (DCD - SCD + CPR)
    Destination Clock Delay (DCD):    0.924ns = ( 10.924 - 10.000 ) 
    Source Clock Delay      (SCD):    0.973ns
    Clock Pessimism Removal (CPR):    0.000ns
  Clock Uncertainty:      0.035ns  ((TSJ^2 + TIJ^2)^1/2 + DJ) / 2 + PE
    Total System Jitter     (TSJ):    0.071ns
    Total Input Jitter      (TIJ):    0.000ns
    Discrete Jitter          (DJ):    0.000ns
    Phase Error              (PE):    0.000ns

    Location             Delay type                Incr(ns)  Path(ns)    Netlist Resource(s)
  -------------------------------------------------------------------    -------------------
                         (clock clk rise edge)        0.000     0.000 r  <hidden>
                                                      0.000     0.000 r  clk
                         net (fo=4251, unset)         0.973     0.973    clk
    SLICE_X23Y178        FDRE                                         r  qb_reg[23][6]/C
  -------------------------------------------------------------------    -------------------
    SLICE_X23Y178        FDRE (Prop_fdre_C_Q)         0.456     1.429 r  qb_reg[23][6]/Q
                         net (fo=12, routed)          1.022     2.451    p_0_in138_in[14]
    SLICE_X29Y178        LUT6 (Prop_lut6_I3_O)        0.124     2.575 r  reason[2]_i_393/O
                         net (fo=1, routed)           0.986     3.561    reason[2]_i_393_n_0
    SLICE_X29Y176        LUT6 (Prop_lut6_I2_O)        0.124     3.685 r  reason[2]_i_290/O
                         net (fo=1, routed)           0.973     4.658    reason[2]_i_290_n_0
    SLICE_X24Y174        LUT6 (Prop_lut6_I5_O)        0.124     4.782 r  reason[2]_i_147/O
                         net (fo=1, routed)           0.670     5.452    reason[2]_i_147_n_0
    SLICE_X24Y174        LUT6 (Prop_lut6_I5_O)        0.124     5.576 r  reason[2]_i_50/O
                         net (fo=1, routed)           0.340     5.916    reason[2]_i_50_n_0
    SLICE_X25Y174        LUT6 (Prop_lut6_I5_O)        0.124     6.040 r  reason[2]_i_21/O
                         net (fo=1, routed)           0.000     6.040    reason[2]_i_21_n_0
    SLICE_X25Y174        CARRY4 (Prop_carry4_S[1]_CO[3])
                                                      0.550     6.590 r  reason_reg[2]_i_12/CO[3]
                         net (fo=1, routed)           0.009     6.599    reason_reg[2]_i_12_n_0
    SLICE_X25Y175        CARRY4 (Prop_carry4_CI_CO[1])
                                                      0.157     6.756 f  reason_reg[2]_i_6/CO[1]
                         net (fo=1, routed)           0.538     7.295    state31_out
    SLICE_X27Y171        LUT4 (Prop_lut4_I2_O)        0.329     7.624 f  reason[2]_i_2/O
                         net (fo=9, routed)           0.367     7.990    state16_out
    SLICE_X25Y172        LUT5 (Prop_lut5_I4_O)        0.124     8.115 r  n_ans[7]_i_3/O
                         net (fo=5, routed)           0.693     8.807    n_ans[7]_i_3_n_0
    SLICE_X24Y167        LUT6 (Prop_lut6_I5_O)        0.124     8.931 r  seen_id[0][19]_i_1/O
                         net (fo=33, routed)          0.365     9.297    seen_id[0][19]_i_1_n_0
    SLICE_X23Y166        LUT3 (Prop_lut3_I0_O)        0.124     9.421 r  seen_id[0][31]_i_1/O
                         net (fo=19, routed)          0.661    10.081    seen_id[0][31]_i_1_n_0
    SLICE_X21Y165        FDSE                                         r  seen_id_reg[0][23]/S
  -------------------------------------------------------------------    -------------------

                         (clock clk rise edge)       10.000    10.000 r  <hidden>
                                                      0.000    10.000 r  clk
                         net (fo=4251, unset)         0.924    10.924    clk
    SLICE_X21Y165        FDSE                                         r  seen_id_reg[0][23]/C
                         clock pessimism              0.000    10.924    <hidden>
                         clock uncertainty           -0.035    10.889    <hidden>
    SLICE_X21Y165        FDSE (Setup_fdse_C_S)       -0.429    10.460    seen_id_reg[0][23]
  -------------------------------------------------------------------
                         required time                         10.460    <hidden>
                         arrival time                         -10.081    <hidden>
  -------------------------------------------------------------------
                         slack                                  0.379    <hidden>

Slack (MET) :             0.379ns  (required time - arrival time)
  Source:                 qb_reg[23][6]/C
                            (rising edge-triggered cell FDRE clocked by clk  {rise@0.000ns fall@5.000ns period=10.000ns})
  Destination:            seen_id_reg[0][7]/S
                            (rising edge-triggered cell FDSE clocked by clk  {rise@0.000ns fall@5.000ns period=10.000ns})
  Path Group:             clk
  Path Type:              Setup (Max at Slow Process Corner)
  Requirement:            10.000ns  (clk rise@10.000ns - clk rise@0.000ns)
  Data Path Delay:        9.108ns  (logic 2.484ns (27.271%)  route 6.624ns (72.729%))
  Logic Levels:           11  (CARRY4=2 LUT3=1 LUT4=1 LUT5=1 LUT6=6)
  Clock Path Skew:        -0.049ns (DCD - SCD + CPR)
    Destination Clock Delay (DCD):    0.924ns = ( 10.924 - 10.000 ) 
    Source Clock Delay      (SCD):    0.973ns
    Clock Pessimism Removal (CPR):    0.000ns
  Clock Uncertainty:      0.035ns  ((TSJ^2 + TIJ^2)^1/2 + DJ) / 2 + PE
    Total System Jitter     (TSJ):    0.071ns
    Total Input Jitter      (TIJ):    0.000ns
    Discrete Jitter          (DJ):    0.000ns
    Phase Error              (PE):    0.000ns

    Location             Delay type                Incr(ns)  Path(ns)    Netlist Resource(s)
  -------------------------------------------------------------------    -------------------
                         (clock clk rise edge)        0.000     0.000 r  <hidden>
                                                      0.000     0.000 r  clk
                         net (fo=4251, unset)         0.973     0.973    clk
    SLICE_X23Y178        FDRE                                         r  qb_reg[23][6]/C
  -------------------------------------------------------------------    -------------------
    SLICE_X23Y178        FDRE (Prop_fdre_C_Q)         0.456     1.429 r  qb_reg[23][6]/Q
                         net (fo=12, routed)          1.022     2.451    p_0_in138_in[14]
    SLICE_X29Y178        LUT6 (Prop_lut6_I3_O)        0.124     2.575 r  reason[2]_i_393/O
                         net (fo=1, routed)           0.986     3.561    reason[2]_i_393_n_0
    SLICE_X29Y176        LUT6 (Prop_lut6_I2_O)        0.124     3.685 r  reason[2]_i_290/O
                         net (fo=1, routed)           0.973     4.658    reason[2]_i_290_n_0
    SLICE_X24Y174        LUT6 (Prop_lut6_I5_O)        0.124     4.782 r  reason[2]_i_147/O
                         net (fo=1, routed)           0.670     5.452    reason[2]_i_147_n_0
    SLICE_X24Y174        LUT6 (Prop_lut6_I5_O)        0.124     5.576 r  reason[2]_i_50/O
                         net (fo=1, routed)           0.340     5.916    reason[2]_i_50_n_0
    SLICE_X25Y174        LUT6 (Prop_lut6_I5_O)        0.124     6.040 r  reason[2]_i_21/O
                         net (fo=1, routed)           0.000     6.040    reason[2]_i_21_n_0
    SLICE_X25Y174        CARRY4 (Prop_carry4_S[1]_CO[3])
                                                      0.550     6.590 r  reason_reg[2]_i_12/CO[3]
                         net (fo=1, routed)           0.009     6.599    reason_reg[2]_i_12_n_0
    SLICE_X25Y175        CARRY4 (Prop_carry4_CI_CO[1])
                                                      0.157     6.756 f  reason_reg[2]_i_6/CO[1]
                         net (fo=1, routed)           0.538     7.295    state31_out
    SLICE_X27Y171        LUT4 (Prop_lut4_I2_O)        0.329     7.624 f  reason[2]_i_2/O
                         net (fo=9, routed)           0.367     7.990    state16_out
    SLICE_X25Y172        LUT5 (Prop_lut5_I4_O)        0.124     8.115 r  n_ans[7]_i_3/O
                         net (fo=5, routed)           0.693     8.807    n_ans[7]_i_3_n_0
    SLICE_X24Y167        LUT6 (Prop_lut6_I5_O)        0.124     8.931 r  seen_id[0][19]_i_1/O
                         net (fo=33, routed)          0.365     9.297    seen_id[0][19]_i_1_n_0
    SLICE_X23Y166        LUT3 (Prop_lut3_I0_O)        0.124     9.421 r  seen_id[0][31]_i_1/O
                         net (fo=19, routed)          0.661    10.081    seen_id[0][31]_i_1_n_0
    SLICE_X21Y165        FDSE                                         r  seen_id_reg[0][7]/S
  -------------------------------------------------------------------    -------------------

                         (clock clk rise edge)       10.000    10.000 r  <hidden>
                                                      0.000    10.000 r  clk
                         net (fo=4251, unset)         0.924    10.924    clk
    SLICE_X21Y165        FDSE                                         r  seen_id_reg[0][7]/C
                         clock pessimism              0.000    10.924    <hidden>
                         clock uncertainty           -0.035    10.889    <hidden>
    SLICE_X21Y165        FDSE (Setup_fdse_C_S)       -0.429    10.460    seen_id_reg[0][7]
  -------------------------------------------------------------------
                         required time                         10.460    <hidden>
                         arrival time                         -10.081    <hidden>
  -------------------------------------------------------------------
                         slack                                  0.379    <hidden>





Min Delay Paths
--------------------------------------------------------------------------------------
Slack (MET) :             0.092ns  (arrival time - required time)
  Source:                 e_prov_reg[0]/C
                            (rising edge-triggered cell FDRE clocked by clk  {rise@0.000ns fall@5.000ns period=10.000ns})
  Destination:            ans_proof_reg_0_15_0_5/RAMA/I
                            (rising edge-triggered cell RAMD32 clocked by clk  {rise@0.000ns fall@5.000ns period=10.000ns})
  Path Group:             clk
  Path Type:              Hold (Min at Fast Process Corner)
  Requirement:            0.000ns  (clk rise@0.000ns - clk rise@0.000ns)
  Data Path Delay:        0.261ns  (logic 0.141ns (54.048%)  route 0.120ns (45.952%))
  Logic Levels:           0  
  Clock Path Skew:        0.022ns (DCD - SCD - CPR)
    Destination Clock Delay (DCD):    0.432ns
    Source Clock Delay      (SCD):    0.410ns
    Clock Pessimism Removal (CPR):    -0.000ns

    Location             Delay type                Incr(ns)  Path(ns)    Netlist Resource(s)
  -------------------------------------------------------------------    -------------------
                         (clock clk rise edge)        0.000     0.000 r  <hidden>
                                                      0.000     0.000 r  clk
                         net (fo=4251, unset)         0.410     0.410    clk
    SLICE_X31Y168        FDRE                                         r  e_prov_reg[0]/C
  -------------------------------------------------------------------    -------------------
    SLICE_X31Y168        FDRE (Prop_fdre_C_Q)         0.141     0.551 r  e_prov_reg[0]/Q
                         net (fo=2, routed)           0.120     0.671    ans_proof_reg_0_15_0_5/DIA0
    SLICE_X30Y169        RAMD32                                       r  ans_proof_reg_0_15_0_5/RAMA/I
  -------------------------------------------------------------------    -------------------

                         (clock clk rise edge)        0.000     0.000 r  <hidden>
                                                      0.000     0.000 r  clk
                         net (fo=4251, unset)         0.432     0.432    ans_proof_reg_0_15_0_5/WCLK
    SLICE_X30Y169        RAMD32                                       r  ans_proof_reg_0_15_0_5/RAMA/CLK
                         clock pessimism              0.000     0.432    <hidden>
    SLICE_X30Y169        RAMD32 (Hold_ramd32_CLK_I)
                                                      0.147     0.579    ans_proof_reg_0_15_0_5/RAMA
  -------------------------------------------------------------------
                         required time                         -0.579    <hidden>
                         arrival time                           0.671    <hidden>
  -------------------------------------------------------------------
                         slack                                  0.092    <hidden>

Slack (MET) :             0.099ns  (arrival time - required time)
  Source:                 rr_reg[12]/C
                            (rising edge-triggered cell FDRE clocked by clk  {rise@0.000ns fall@5.000ns period=10.000ns})
  Destination:            refs_reg_0_15_12_17/RAMA/I
                            (rising edge-triggered cell RAMD32 clocked by clk  {rise@0.000ns fall@5.000ns period=10.000ns})
  Path Group:             clk
  Path Type:              Hold (Min at Fast Process Corner)
  Requirement:            0.000ns  (clk rise@0.000ns - clk rise@0.000ns)
  Data Path Delay:        0.267ns  (logic 0.141ns (52.737%)  route 0.126ns (47.263%))
  Logic Levels:           0  
  Clock Path Skew:        0.022ns (DCD - SCD - CPR)
    Destination Clock Delay (DCD):    0.432ns
    Source Clock Delay      (SCD):    0.410ns
    Clock Pessimism Removal (CPR):    -0.000ns

    Location             Delay type                Incr(ns)  Path(ns)    Netlist Resource(s)
  -------------------------------------------------------------------    -------------------
                         (clock clk rise edge)        0.000     0.000 r  <hidden>
                                                      0.000     0.000 r  clk
                         net (fo=4251, unset)         0.410     0.410    clk
    SLICE_X39Y164        FDRE                                         r  rr_reg[12]/C
  -------------------------------------------------------------------    -------------------
    SLICE_X39Y164        FDRE (Prop_fdre_C_Q)         0.141     0.551 r  rr_reg[12]/Q
                         net (fo=5, routed)           0.126     0.678    refs_reg_0_15_12_17/DIA0
    SLICE_X42Y164        RAMD32                                       r  refs_reg_0_15_12_17/RAMA/I
  -------------------------------------------------------------------    -------------------

                         (clock clk rise edge)        0.000     0.000 r  <hidden>
                                                      0.000     0.000 r  clk
                         net (fo=4251, unset)         0.432     0.432    refs_reg_0_15_12_17/WCLK
    SLICE_X42Y164        RAMD32                                       r  refs_reg_0_15_12_17/RAMA/CLK
                         clock pessimism              0.000     0.432    <hidden>
    SLICE_X42Y164        RAMD32 (Hold_ramd32_CLK_I)
                                                      0.147     0.579    refs_reg_0_15_12_17/RAMA
  -------------------------------------------------------------------
                         required time                         -0.579    <hidden>
                         arrival time                           0.678    <hidden>
  -------------------------------------------------------------------
                         slack                                  0.099    <hidden>

Slack (MET) :             0.102ns  (arrival time - required time)
  Source:                 rr_reg[22]/C
                            (rising edge-triggered cell FDRE clocked by clk  {rise@0.000ns fall@5.000ns period=10.000ns})
  Destination:            refs_reg_0_15_18_23/RAMC/I
                            (rising edge-triggered cell RAMD32 clocked by clk  {rise@0.000ns fall@5.000ns period=10.000ns})
  Path Group:             clk
  Path Type:              Hold (Min at Fast Process Corner)
  Requirement:            0.000ns  (clk rise@0.000ns - clk rise@0.000ns)
  Data Path Delay:        0.267ns  (logic 0.141ns (52.737%)  route 0.126ns (47.263%))
  Logic Levels:           0  
  Clock Path Skew:        0.022ns (DCD - SCD - CPR)
    Destination Clock Delay (DCD):    0.432ns
    Source Clock Delay      (SCD):    0.410ns
    Clock Pessimism Removal (CPR):    -0.000ns

    Location             Delay type                Incr(ns)  Path(ns)    Netlist Resource(s)
  -------------------------------------------------------------------    -------------------
                         (clock clk rise edge)        0.000     0.000 r  <hidden>
                                                      0.000     0.000 r  clk
                         net (fo=4251, unset)         0.410     0.410    clk
    SLICE_X39Y165        FDRE                                         r  rr_reg[22]/C
  -------------------------------------------------------------------    -------------------
    SLICE_X39Y165        FDRE (Prop_fdre_C_Q)         0.141     0.551 r  rr_reg[22]/Q
                         net (fo=5, routed)           0.126     0.678    refs_reg_0_15_18_23/DIC0
    SLICE_X42Y165        RAMD32                                       r  refs_reg_0_15_18_23/RAMC/I
  -------------------------------------------------------------------    -------------------

                         (clock clk rise edge)        0.000     0.000 r  <hidden>
                                                      0.000     0.000 r  clk
                         net (fo=4251, unset)         0.432     0.432    refs_reg_0_15_18_23/WCLK
    SLICE_X42Y165        RAMD32                                       r  refs_reg_0_15_18_23/RAMC/CLK
                         clock pessimism              0.000     0.432    <hidden>
    SLICE_X42Y165        RAMD32 (Hold_ramd32_CLK_I)
                                                      0.144     0.576    refs_reg_0_15_18_23/RAMC
  -------------------------------------------------------------------
                         required time                         -0.576    <hidden>
                         arrival time                           0.678    <hidden>
  -------------------------------------------------------------------
                         slack                                  0.102    <hidden>

Slack (MET) :             0.116ns  (arrival time - required time)
  Source:                 rr_reg[14]/C
                            (rising edge-triggered cell FDRE clocked by clk  {rise@0.000ns fall@5.000ns period=10.000ns})
  Destination:            refs_reg_0_15_12_17/RAMB/I
                            (rising edge-triggered cell RAMD32 clocked by clk  {rise@0.000ns fall@5.000ns period=10.000ns})
  Path Group:             clk
  Path Type:              Hold (Min at Fast Process Corner)
  Requirement:            0.000ns  (clk rise@0.000ns - clk rise@0.000ns)
  Data Path Delay:        0.284ns  (logic 0.141ns (49.693%)  route 0.143ns (50.307%))
  Logic Levels:           0  
  Clock Path Skew:        0.022ns (DCD - SCD - CPR)
    Destination Clock Delay (DCD):    0.432ns
    Source Clock Delay      (SCD):    0.410ns
    Clock Pessimism Removal (CPR):    -0.000ns

    Location             Delay type                Incr(ns)  Path(ns)    Netlist Resource(s)
  -------------------------------------------------------------------    -------------------
                         (clock clk rise edge)        0.000     0.000 r  <hidden>
                                                      0.000     0.000 r  clk
                         net (fo=4251, unset)         0.410     0.410    clk
    SLICE_X39Y164        FDRE                                         r  rr_reg[14]/C
  -------------------------------------------------------------------    -------------------
    SLICE_X39Y164        FDRE (Prop_fdre_C_Q)         0.141     0.551 r  rr_reg[14]/Q
                         net (fo=5, routed)           0.143     0.694    refs_reg_0_15_12_17/DIB0
    SLICE_X42Y164        RAMD32                                       r  refs_reg_0_15_12_17/RAMB/I
  -------------------------------------------------------------------    -------------------

                         (clock clk rise edge)        0.000     0.000 r  <hidden>
                                                      0.000     0.000 r  clk
                         net (fo=4251, unset)         0.432     0.432    refs_reg_0_15_12_17/WCLK
    SLICE_X42Y164        RAMD32                                       r  refs_reg_0_15_12_17/RAMB/CLK
                         clock pessimism              0.000     0.432    <hidden>
    SLICE_X42Y164        RAMD32 (Hold_ramd32_CLK_I)
                                                      0.146     0.578    refs_reg_0_15_12_17/RAMB
  -------------------------------------------------------------------
                         required time                         -0.578    <hidden>
                         arrival time                           0.694    <hidden>
  -------------------------------------------------------------------
                         slack                                  0.116    <hidden>

Slack (MET) :             0.119ns  (arrival time - required time)
  Source:                 e_prov_reg[1]/C
                            (rising edge-triggered cell FDRE clocked by clk  {rise@0.000ns fall@5.000ns period=10.000ns})
  Destination:            ans_proof_reg_0_15_0_5/RAMA_D1/I
                            (rising edge-triggered cell RAMD32 clocked by clk  {rise@0.000ns fall@5.000ns period=10.000ns})
  Path Group:             clk
  Path Type:              Hold (Min at Fast Process Corner)
  Requirement:            0.000ns  (clk rise@0.000ns - clk rise@0.000ns)
  Data Path Delay:        0.261ns  (logic 0.141ns (54.048%)  route 0.120ns (45.952%))
  Logic Levels:           0  
  Clock Path Skew:        0.022ns (DCD - SCD - CPR)
    Destination Clock Delay (DCD):    0.432ns
    Source Clock Delay      (SCD):    0.410ns
    Clock Pessimism Removal (CPR):    -0.000ns

    Location             Delay type                Incr(ns)  Path(ns)    Netlist Resource(s)
  -------------------------------------------------------------------    -------------------
                         (clock clk rise edge)        0.000     0.000 r  <hidden>
                                                      0.000     0.000 r  clk
                         net (fo=4251, unset)         0.410     0.410    clk
    SLICE_X31Y168        FDRE                                         r  e_prov_reg[1]/C
  -------------------------------------------------------------------    -------------------
    SLICE_X31Y168        FDRE (Prop_fdre_C_Q)         0.141     0.551 r  e_prov_reg[1]/Q
                         net (fo=2, routed)           0.120     0.671    ans_proof_reg_0_15_0_5/DIA1
    SLICE_X30Y169        RAMD32                                       r  ans_proof_reg_0_15_0_5/RAMA_D1/I
  -------------------------------------------------------------------    -------------------

                         (clock clk rise edge)        0.000     0.000 r  <hidden>
                                                      0.000     0.000 r  clk
                         net (fo=4251, unset)         0.432     0.432    ans_proof_reg_0_15_0_5/WCLK
    SLICE_X30Y169        RAMD32                                       r  ans_proof_reg_0_15_0_5/RAMA_D1/CLK
                         clock pessimism              0.000     0.432    <hidden>
    SLICE_X30Y169        RAMD32 (Hold_ramd32_CLK_I)
                                                      0.120     0.552    ans_proof_reg_0_15_0_5/RAMA_D1
  -------------------------------------------------------------------
                         required time                         -0.552    <hidden>
                         arrival time                           0.671    <hidden>
  -------------------------------------------------------------------
                         slack                                  0.119    <hidden>





Pulse Width Checks
--------------------------------------------------------------------------------------
Clock Name:         clk
Waveform(ns):       { 0.000 5.000 }
Period(ns):         10.000
Sources:            { clk }

Check Type        Corner  Lib Pin             Reference Pin  Required(ns)  Actual(ns)  Slack(ns)  Location       Pin
Min Period        n/a     RAMB36E1/CLKARDCLK  n/a            2.576         10.000      7.424      RAMB36_X0Y34   store_q_reg/CLKARDCLK
Min Period        n/a     RAMB36E1/CLKBWRCLK  n/a            2.576         10.000      7.424      RAMB36_X0Y34   store_q_reg/CLKBWRCLK
Min Period        n/a     FDRE/C              n/a            1.000         10.000      9.000      SLICE_X15Y164  ai_reg[0]/C
Min Period        n/a     FDRE/C              n/a            1.000         10.000      9.000      SLICE_X16Y164  ai_reg[1]/C
Min Period        n/a     FDRE/C              n/a            1.000         10.000      9.000      SLICE_X16Y164  ai_reg[2]/C
Low Pulse Width   Slow    RAMD32/CLK          n/a            1.250         5.000       3.750      SLICE_X30Y169  ans_proof_reg_0_15_0_5/RAMA/CLK
Low Pulse Width   Fast    RAMD32/CLK          n/a            1.250         5.000       3.750      SLICE_X30Y169  ans_proof_reg_0_15_0_5/RAMA/CLK
Low Pulse Width   Slow    RAMD32/CLK          n/a            1.250         5.000       3.750      SLICE_X30Y169  ans_proof_reg_0_15_0_5/RAMA_D1/CLK
Low Pulse Width   Fast    RAMD32/CLK          n/a            1.250         5.000       3.750      SLICE_X30Y169  ans_proof_reg_0_15_0_5/RAMA_D1/CLK
Low Pulse Width   Slow    RAMD32/CLK          n/a            1.250         5.000       3.750      SLICE_X30Y169  ans_proof_reg_0_15_0_5/RAMB/CLK
High Pulse Width  Slow    RAMD32/CLK          n/a            1.250         5.000       3.750      SLICE_X30Y169  ans_proof_reg_0_15_0_5/RAMA/CLK
High Pulse Width  Fast    RAMD32/CLK          n/a            1.250         5.000       3.750      SLICE_X30Y169  ans_proof_reg_0_15_0_5/RAMA/CLK
High Pulse Width  Slow    RAMD32/CLK          n/a            1.250         5.000       3.750      SLICE_X30Y169  ans_proof_reg_0_15_0_5/RAMA_D1/CLK
High Pulse Width  Fast    RAMD32/CLK          n/a            1.250         5.000       3.750      SLICE_X30Y169  ans_proof_reg_0_15_0_5/RAMA_D1/CLK
High Pulse Width  Slow    RAMD32/CLK          n/a            1.250         5.000       3.750      SLICE_X30Y169  ans_proof_reg_0_15_0_5/RAMB/CLK



