#-----------------------------------------------------------
# xsim v2026.1 (64-bit)
# SW Build 6511674 on Tue Jun 16 11:02:23 MDT 2026
# IP Build 6504888 on Tue Jun 09 09:05:25 MDT 2026
# SharedData Build 6501428 on Mon Jun 08 17:34:18 MDT 2026
# Start of session at: Wed Sep 16 15:21:15 2026
# Process ID         : 43216
# Current directory  : D:/FPGA/NATIVE_AI_DEVELOPMENTAL_HARDWARE_R1_PACKAGE_20260914-20260914T045403Z-1-001/CANON_BLUEPRINT/tb/learning/build/qstar
# Command line       : xsim.exe -mode tcl -source {xsim.dir/snap/xsim_script.tcl}
# Log file           : D:/FPGA/NATIVE_AI_DEVELOPMENTAL_HARDWARE_R1_PACKAGE_20260914-20260914T045403Z-1-001/CANON_BLUEPRINT/tb/learning/build/qstar/xsim.log
# Journal file       : D:/FPGA/NATIVE_AI_DEVELOPMENTAL_HARDWARE_R1_PACKAGE_20260914-20260914T045403Z-1-001/CANON_BLUEPRINT/tb/learning/build/qstar\xsim.jou
# Running On         : laptop-Quan
# Platform           : Windows 11
# Operating System   : 22621
# Processor Detail   : AMD Ryzen 7 5800HS with Radeon Graphics         
# CPU Frequency      : 3194 MHz
# CPU Physical cores : 8
# CPU Logical cores  : 16
# Host memory        : 16541 MB
# Swap memory        : 29027 MB
# Total Virtual      : 45569 MB
# Available Virtual  : 10341 MB
#-----------------------------------------------------------
source xsim.dir/snap/xsim_script.tcl
# xsim {snap} -testplusarg VEC=D:/FPGA/NATIVE_AI_DEVELOPMENTAL_HARDWARE_R1_PACKAGE_20260914-20260914T045403Z-1-001/CANON_BLUEPRINT/tb/learning/vectors/qstar/q10_random_seeded.hex -autoloadwcfg -runall
Time resolution is 1 ps
run -all
WARNING: File EVELOPMENTAL_HARDWARE_R1_PACKAGE_20260914-20260914T045403Z-1-001/CANON_BLUEPRINT/tb/learning/vectors/qstar/q10_random_seeded.hex referenced on D:/FPGA/NATIVE_AI_DEVELOPMENTAL_HARDWARE_R1_PACKAGE_20260914-20260914T045403Z-1-001/CANON_BLUEPRINT/tb/learning/tb_qstar_select.v at line 41 cannot be opened for reading. Please ensure that this file is available in the current working directory or parent directory of xsim.dir location specified via -xsimdir switch.
TB_QSTAR_CASE_PASS EVELOPMENTAL_HARDWARE_R1_PACKAGE_20260914-20260914T045403Z-1-001/CANON_BLUEPRINT/tb/learning/vectors/qstar/q10_random_seeded.hex
$finish called at time : 40 ns : File "D:/FPGA/NATIVE_AI_DEVELOPMENTAL_HARDWARE_R1_PACKAGE_20260914-20260914T045403Z-1-001/CANON_BLUEPRINT/tb/learning/tb_qstar_select.v" Line 159
exit
INFO: [Common 17-206] Exiting xsim at Wed Sep 16 15:21:17 2026...
