---
pid: 37872
cwd: "D:\\FPGA\\arty_d\\UART_R2\\build_u12"
command: "cmd /c D:\\FPGA\\arty_d\\UART_R2\\u14\\run_tb_u13_handshake.bat"
title: "Re-run U13 handshake XSim"
status: succeeded
started_at: 2026-09-18T06:53:44.769Z
running_for_ms: 7073     
---
INFO: [VRFC 10-2263] Analyzing SystemVerilog file "D:/FPGA/arty_d/UART_R2/u13/uart_tx_word.sv" into library work
INFO: [VRFC 10-311] analyzing module uart_tx_word
INFO: [VRFC 10-2263] Analyzing SystemVerilog file "D:/FPGA/arty_d/UART_R2/u8/pack_debug_clear.sv" into library work
INFO: [VRFC 10-311] analyzing module pack_debug_clear
INFO: [VRFC 10-2263] Analyzing SystemVerilog file "D:/FPGA/NATIVE_AI_DEVELOPMENTAL_HARDWARE_R1_PACKAGE_20260914-20260914T045403Z-1-001/CANON_BLUEPRINT/rtl/native_ai/board/pack_clear_ui.sv" into library work
INFO: [VRFC 10-311] analyzing module pack_clear_ui
INFO: [VRFC 10-2263] Analyzing SystemVerilog file "D:/FPGA/arty_d/UART_R2/u14/tb_u14_handshake.sv" into library work
INFO: [VRFC 10-311] analyzing module tb_u14_handshake
Vivado Simulator v2026.1
Copyright 1986-2022 Xilinx, Inc. All Rights Reserved.
Copyright 2022-2026 Advanced Micro Devices, Inc. All Rights Reserved.
Running: C:/2026.1/Vivado/bin/unwrapped/win64.o/xelab.exe tb_u14_handshake -s tb_u13h -timescale 1ns/1ps 
Multi-threading is on. Using 14 slave threads.
Starting static elaboration
Pass Through NonSizing Optimizer
Completed static elaboration
Starting simulation data flow analysis
Completed simulation data flow analysis
Time Resolution for simulation is 1ps
Compiling module work.uart_tx_word_default
Compiling module work.pack_debug_clear
Compiling module work.pack_clear_ui
Compiling module work.tb_u14_handshake
Built simulation snapshot tb_u13h

****** xsim v2026.1 (64-bit)
  **** SW Build 6511674 on Tue Jun 16 11:02:23 MDT 2026
  **** IP Build 6504888 on Tue Jun 09 09:05:25 MDT 2026
  **** SharedData Build 6501428 on Mon Jun 08 17:34:18 MDT 2026
  **** Start of session at: Fri Sep 18 13:53:49 2026
    ** Copyright 1986-2022 Xilinx, Inc. All Rights Reserved.
    ** Copyright 2022-2026 Advanced Micro Devices, Inc. All Rights Reserved.

source xsim.dir/tb_u13h/xsim_script.tcl
# xsim {tb_u13h} -autoloadwcfg -runall
Time resolution is 1 ps
run -all
FAIL T3 flush ready=1 tx=1 st=0
PASS T3 ready after flush drop
FAIL T3 word nbyte=0 tw=00000000
PASS T4 START not aborted
FAIL T4 IDLE+flush w_ready=1
FAIL T4 next word nbyte=0 tw=00000000
FAIL T10 product mux ACK nbyte=0 tw=00000000 ack_valid=0
UART_R2_U14_HANDSHAKE_XSIM_FAIL fail=5 pass=2
$finish called at time : 2731105 ns : File "D:/FPGA/arty_d/UART_R2/u14/tb_u14_handshake.sv" Line 225
exit
INFO: [Common 17-206] Exiting xsim at Fri Sep 18 13:53:51 2026...

---
exit_code: 0
elapsed_ms: 7073
ended_at: 2026-09-18T06:53:51.842Z
---
