---
pid: 37144
cwd: "D:\\FPGA\\arty_d\\UART_R2\\build_u12"
command: "cmd /c D:\\FPGA\\arty_d\\UART_R2\\u14\\run_tb_u14_handshake.bat"
title: "Re-run U14 handshake XSim"
status: succeeded
started_at: 2026-09-18T06:53:44.770Z
running_for_ms: 7010     
---
INFO: [VRFC 10-2263] Analyzing SystemVerilog file "D:/FPGA/arty_d/UART_R2/u14/uart_tx_word.sv" into library work
INFO: [VRFC 10-311] analyzing module uart_tx_word
INFO: [VRFC 10-2263] Analyzing SystemVerilog file "D:/FPGA/arty_d/UART_R2/u8/pack_debug_clear.sv" into library work
INFO: [VRFC 10-311] analyzing module pack_debug_clear
INFO: [VRFC 10-2263] Analyzing SystemVerilog file "D:/FPGA/NATIVE_AI_DEVELOPMENTAL_HARDWARE_R1_PACKAGE_20260914-20260914T045403Z-1-001/CANON_BLUEPRINT/rtl/native_ai/board/pack_clear_ui.sv" into library work
INFO: [VRFC 10-311] analyzing module pack_clear_ui
INFO: [VRFC 10-2263] Analyzing SystemVerilog file "D:/FPGA/arty_d/UART_R2/u14/tb_u14_handshake.sv" into library work
INFO: [VRFC 10-311] analyzing module tb_u14_handshake
Vivado Simulator v2026.1
Copyright 1986-2022 Xilinx, Inc. All Rights Reserved.
Copyright 2022-2026 Advanced Micro Devices, Inc. All Rights Reserved.
Running: C:/2026.1/Vivado/bin/unwrapped/win64.o/xelab.exe tb_u14_handshake -s tb_u14h -timescale 1ns/1ps 
Multi-threading is on. Using 14 slave threads.
Starting static elaboration
Pass Through NonSizing Optimizer
Completed static elaboration
Starting simulation data flow analysis
Completed simulation data flow analysis
Time Resolution for simulation is 1ps
Compiling module work.uart_tx_word_default
Compiling module work.pack_debug_clear
Compiling module work.pack_clear_ui
Compiling module work.tb_u14_handshake
Built simulation snapshot tb_u14h

****** xsim v2026.1 (64-bit)
  **** SW Build 6511674 on Tue Jun 16 11:02:23 MDT 2026
  **** IP Build 6504888 on Tue Jun 09 09:05:25 MDT 2026
  **** SharedData Build 6501428 on Mon Jun 08 17:34:18 MDT 2026
  **** Start of session at: Fri Sep 18 13:53:49 2026
    ** Copyright 1986-2022 Xilinx, Inc. All Rights Reserved.
    ** Copyright 2022-2026 Advanced Micro Devices, Inc. All Rights Reserved.

source xsim.dir/tb_u14h/xsim_script.tcl
# xsim {tb_u14h} -autoloadwcfg -runall
Time resolution is 1 ps
run -all
PASS T3 idle flush w_ready=0 no frame
PASS T3 ready after flush drop
PASS T3 word after idle flush
PASS T4 START not aborted
PASS T4 pending flush holds ready=0
PASS T4 next word after non-abort flush
PASS T10 CLEAR ACK on UART via product mux
UART_R2_U14_HANDSHAKE_XSIM_PASS pass=7 (not BOARD_PASS)
$finish called at time : 1582115 ns : File "D:/FPGA/arty_d/UART_R2/u14/tb_u14_handshake.sv" Line 225
exit
INFO: [Common 17-206] Exiting xsim at Fri Sep 18 13:53:51 2026...

---
exit_code: 0
elapsed_ms: 7010
ended_at: 2026-09-18T06:53:51.780Z
---
