#-----------------------------------------------------------
# xsim v2026.1 (64-bit)
# SW Build 6511674 on Tue Jun 16 11:02:23 MDT 2026
# IP Build 6504888 on Tue Jun 09 09:05:25 MDT 2026
# SharedData Build 6501428 on Mon Jun 08 17:34:18 MDT 2026
# Start of session at: Mon Sep 21 20:23:18 2026
# Process ID         : 51560
# Current directory  : D:/FPGA/arty_d/UART_R2/fem_persist/xsim
# Command line       : xsim.exe -log D:\FPGA\arty_d\UART_R2\fem_persist\xsim\fem_persist_iso_xsim.log -mode tcl -source {xsim.dir/tb_fem_persist_iso/xsim_script.tcl}
# Log file           : D:/FPGA/arty_d/UART_R2/fem_persist/xsim/fem_persist_iso_xsim.log
# Journal file       : D:/FPGA/arty_d/UART_R2/fem_persist/xsim\xsim.jou
# Running On         : laptop-Quan
# Platform           : Windows 11
# Operating System   : 22621
# Processor Detail   : AMD Ryzen 7 5800HS with Radeon Graphics         
# CPU Frequency      : 3194 MHz
# CPU Physical cores : 8
# CPU Logical cores  : 16
# Host memory        : 16541 MB
# Swap memory        : 29401 MB
# Total Virtual      : 45943 MB
# Available Virtual  : 18295 MB
#-----------------------------------------------------------
source xsim.dir/tb_fem_persist_iso/xsim_script.tcl
# xsim {tb_fem_persist_iso} -autoloadwcfg -tclbatch {run_fem_persist_iso.tcl}
Time resolution is 1 ps
source run_fem_persist_iso.tcl
## run -all
AFTER_CMP commit=c0117ed0 hdr=03000213 life=3 ft=2 key=70ea
AFTER_RST life=7 commit=c0117ed0 compacted=0 ft=0
AFTER_REC recover=2 life=3 ft=2 key=70ea commit=c0117ed0
FEM_PERSIST_RESET_XSIM_PASS dest-held-across-rst_n (not FEM_PERSIST_PASS)
$finish called at time : 7215 ns : File "D:/FPGA/arty_d/UART_R2/fem_persist/tb_fem_persist_iso.sv" Line 219
## exit
INFO: [Common 17-206] Exiting xsim at Mon Sep 21 20:23:22 2026...
