#-----------------------------------------------------------
# xsim v2026.1 (64-bit)
# SW Build 6511674 on Tue Jun 16 11:02:23 MDT 2026
# IP Build 6504888 on Tue Jun 09 09:05:25 MDT 2026
# SharedData Build 6501428 on Mon Jun 08 17:34:18 MDT 2026
# Start of session at: Mon Sep 21 20:30:15 2026
# Process ID         : 44060
# Current directory  : D:/FPGA/arty_d/UART_R2/fem_persist/xsim
# Command line       : xsim.exe -log D:\FPGA\arty_d\UART_R2\fem_persist\xsim\fem_persist_int_xsim.log -mode tcl -source {xsim.dir/tb_fem_persist_int/xsim_script.tcl}
# Log file           : D:/FPGA/arty_d/UART_R2/fem_persist/xsim/fem_persist_int_xsim.log
# Journal file       : D:/FPGA/arty_d/UART_R2/fem_persist/xsim\xsim.jou
# Running On         : laptop-Quan
# Platform           : Windows 11
# Operating System   : 22621
# Processor Detail   : AMD Ryzen 7 5800HS with Radeon Graphics         
# CPU Frequency      : 3194 MHz
# CPU Physical cores : 8
# CPU Logical cores  : 16
# Host memory        : 16541 MB
# Swap memory        : 29401 MB
# Total Virtual      : 45943 MB
# Available Virtual  : 17319 MB
#-----------------------------------------------------------
source xsim.dir/tb_fem_persist_int/xsim_script.tcl
# xsim {tb_fem_persist_int} -autoloadwcfg -tclbatch {run_fem_persist_int.tcl}
Time resolution is 1 ps
source run_fem_persist_int.tcl
## run -all
FOBS life=7 recov=0 compact=0 ift=0 ft=0 key=0000
FOBS life=2 recov=0 compact=0 ift=0 ft=2 key=70ea
FOBS life=3 recov=0 compact=1 ift=0 ft=2 key=70ea
DEST_READ COMMIT w0=c0117ed0
FOBS life=7 recov=0 compact=0 ift=0 ft=0 key=0000
DEST_READ after FRST COMMIT w0=c0117ed0
FOBS life=3 recov=2 compact=1 ift=0 ft=2 key=70ea
FEM_PERSIST_UART_XSIM_PASS dest-held-across-FRST (not FEM_PERSIST_PASS)
$finish called at time : 3057395 ns : File "D:/FPGA/arty_d/UART_R2/fem_persist/tb_fem_persist_int.sv" Line 203
## exit
INFO: [Common 17-206] Exiting xsim at Mon Sep 21 20:30:20 2026...
