#-----------------------------------------------------------
# xsim v2026.1 (64-bit)
# SW Build 6511674 on Tue Jun 16 11:02:23 MDT 2026
# IP Build 6504888 on Tue Jun 09 09:05:25 MDT 2026
# SharedData Build 6501428 on Mon Jun 08 17:34:18 MDT 2026
# Start of session at: Thu Sep 17 07:33:33 2026
# Process ID         : 22184
# Current directory  : D:/FPGA/arty_d/exp_a_b/xsim_b
# Command line       : xsim.exe -log D:\FPGA\arty_d\exp_a_b\xsim_b\xsim.log -mode tcl -source {xsim.dir/snap_exp_b/xsim_script.tcl}
# Log file           : D:/FPGA/arty_d/exp_a_b/xsim_b/xsim.log
# Journal file       : D:/FPGA/arty_d/exp_a_b/xsim_b\xsim.jou
# Running On         : laptop-Quan
# Platform           : Windows 11
# Operating System   : 22621
# Processor Detail   : AMD Ryzen 7 5800HS with Radeon Graphics         
# CPU Frequency      : 3194 MHz
# CPU Physical cores : 8
# CPU Logical cores  : 16
# Host memory        : 16541 MB
# Swap memory        : 27327 MB
# Total Virtual      : 43869 MB
# Available Virtual  : 14354 MB
#-----------------------------------------------------------
source xsim.dir/snap_exp_b/xsim_script.tcl
# xsim {snap_exp_b} -autoloadwcfg -tclbatch {run_all.tcl}
Time resolution is 1 ps
source run_all.tcl
## run -all
EXP_B MATCH c1ea50a5 loop=0
EXP_B MATCH 010000a5 loop=0
EXP_B MATCH c1ea50a5 loop=1
EXP_B MATCH 010000a5 loop=1
EXP_B MATCH c1ea50a5 loop=2
EXP_B MATCH 010000a5 loop=2
EXP_B MATCH c1ea50a5 loop=3
EXP_B MATCH 010000a5 loop=3
EXP_B MATCH c1ea50a5 loop=4
EXP_B MATCH 010000a5 loop=4
EXP_B MATCH c1ea50a5 loop=5
EXP_B MATCH 010000a5 loop=5
EXP_B MATCH c1ea50a5 loop=6
EXP_B MATCH 010000a5 loop=6
EXP_B MATCH c1ea50a5 loop=7
EXP_B MATCH 010000a5 loop=7
EXP_B_LIVENESS_XSIM_PASS loops=8 (not PACK_ABI_24_24_PASS / not BOARD_PASS)
$finish called at time : 19326335 ns : File "D:/FPGA/NATIVE_AI_DEVELOPMENTAL_HARDWARE_R1_PACKAGE_20260914-20260914T045403Z-1-001/CANON_BLUEPRINT/tb/native_ai/board/tb_exp_b_liveness.sv" Line 148
## exit
INFO: [Common 17-206] Exiting xsim at Thu Sep 17 07:33:39 2026...
