#-----------------------------------------------------------
# xsim v2026.1 (64-bit)
# SW Build 6511674 on Tue Jun 16 11:02:23 MDT 2026
# IP Build 6504888 on Tue Jun 09 09:05:25 MDT 2026
# SharedData Build 6501428 on Mon Jun 08 17:34:18 MDT 2026
# Start of session at: Wed Sep 23 00:28:00 2026
# Process ID         : 28836
# Current directory  : D:/FPGA/arty_d/UART_R2/g2_ja_loop_r1/xsim
# Command line       : xsim.exe -log D:\FPGA\arty_d\UART_R2\g2_ja_loop_r1\xsim\g2_ja_loop_r1_xsim.log -mode tcl -source {xsim.dir/tb_g2_ja_loop_r1/xsim_script.tcl}
# Log file           : D:/FPGA/arty_d/UART_R2/g2_ja_loop_r1/xsim/g2_ja_loop_r1_xsim.log
# Journal file       : D:/FPGA/arty_d/UART_R2/g2_ja_loop_r1/xsim\xsim.jou
# Running On         : laptop-Quan
# Platform           : Windows 11
# Operating System   : 22621
# Processor Detail   : AMD Ryzen 7 5800HS with Radeon Graphics         
# CPU Frequency      : 3194 MHz
# CPU Physical cores : 8
# CPU Logical cores  : 16
# Host memory        : 16541 MB
# Swap memory        : 22421 MB
# Total Virtual      : 38963 MB
# Available Virtual  : 15853 MB
#-----------------------------------------------------------
source xsim.dir/tb_g2_ja_loop_r1/xsim_script.tcl
# xsim {tb_g2_ja_loop_r1} -autoloadwcfg -tclbatch {run_ja.tcl}
Time resolution is 1 ps
source run_ja.tcl
## run -all
D_IMPLEMENTED=YES
TB_JUMPER_MODEL=YES
PHYSICAL_JUMPER=NOT_THIS_RUN
DRIVE_PIN=G13
SENSE_PIN=B11
PROGRAM=NO
ARM closed=0 ref=f2a071fe prim=1 id=0000c001 drive=1 sync=0 qual=0 feat=0 prop=1
ARM closed=1 ref=f2a071fe prim=1 id=0000c001 drive=1 sync=1 qual=1 feat=1 prop=0
G2_JA_LOOP_XSIM_CANDIDATE=SUPPORTED
D_SELF_AUDITED=YES
BOARD_PASS=NO PACKAGE_PIN_MEASURED=NO
$finish called at time : 10595 ns : File "D:/FPGA/arty_d/UART_R2/g2_ja_loop_r1/tb_g2_ja_loop_r1.sv" Line 133
## exit
INFO: [Common 17-206] Exiting xsim at Wed Sep 23 00:28:03 2026...
