Copyright 1986-2022 Xilinx, Inc. All Rights Reserved. Copyright 2022-2026 Advanced Micro Devices, Inc. All Rights Reserved.
---------------------------------------------------------------------------------------------------------------------------------------------
| Tool Version : Vivado v.2026.1 (win64) Build 6511674 Tue Jun 16 11:02:23 MDT 2026
| Date         : Thu Sep 17 00:02:49 2026
| Host         : laptop-Quan running 64-bit major release  (build 9200)
| Command      : report_timing -max_paths 5 -file D:/FPGA/arty_d/m4_query_result_ooc/reports/crit.rpt
| Design       : query_result_bind
| Device       : 7a100t-csg324
| Speed File   : -1  PRODUCTION 1.23 2018-06-13
| Design State : Synthesized
---------------------------------------------------------------------------------------------------------------------------------------------

Timing Report

Slack (MET) :             2.969ns  (required time - arrival time)
  Source:                 u_walk/qb_reg[13][2]/C
                            (rising edge-triggered cell FDRE clocked by clk  {rise@0.000ns fall@5.000ns period=10.000ns})
  Destination:            u_walk/hops_i_reg[0]/CE
                            (rising edge-triggered cell FDCE clocked by clk  {rise@0.000ns fall@5.000ns period=10.000ns})
  Path Group:             clk
  Path Type:              Setup (Max at Slow Process Corner)
  Requirement:            10.000ns  (clk rise@10.000ns - clk rise@0.000ns)
  Data Path Delay:        6.745ns  (logic 2.032ns (30.126%)  route 4.713ns (69.874%))
  Logic Levels:           7  (CARRY4=2 LUT4=1 LUT6=4)
  Clock Path Skew:        -0.049ns (DCD - SCD + CPR)
    Destination Clock Delay (DCD):    0.924ns = ( 10.924 - 10.000 ) 
    Source Clock Delay      (SCD):    0.973ns
    Clock Pessimism Removal (CPR):    0.000ns
  Clock Uncertainty:      0.035ns  ((TSJ^2 + TIJ^2)^1/2 + DJ) / 2 + PE
    Total System Jitter     (TSJ):    0.071ns
    Total Input Jitter      (TIJ):    0.000ns
    Discrete Jitter          (DJ):    0.000ns
    Phase Error              (PE):    0.000ns

    Location             Delay type                Incr(ns)  Path(ns)    Netlist Resource(s)
  -------------------------------------------------------------------    -------------------
                         (clock clk rise edge)        0.000     0.000 r  <hidden>
                                                      0.000     0.000 r  clk
                         net (fo=899, unset)          0.973     0.973    u_walk/clk
                         FDRE                                         r  u_walk/qb_reg[13][2]/C
  -------------------------------------------------------------------    -------------------
                         FDRE (Prop_fdre_C_Q)         0.478     1.451 r  u_walk/qb_reg[13][2]/Q
                         net (fo=3, unplaced)         0.983     2.434    u_walk/p_0_in45_in[10]
                         LUT6 (Prop_lut6_I0_O)        0.295     2.729 r  u_walk/FSM_sequential_state[0]_i_216/O
                         net (fo=1, unplaced)         0.964     3.693    u_walk/FSM_sequential_state[0]_i_216_n_0
                         LUT6 (Prop_lut6_I0_O)        0.124     3.817 r  u_walk/FSM_sequential_state[0]_i_80/O
                         net (fo=1, unplaced)         0.941     4.758    u_walk/FSM_sequential_state[0]_i_80_n_0
                         LUT6 (Prop_lut6_I4_O)        0.124     4.882 r  u_walk/FSM_sequential_state[0]_i_26/O
                         net (fo=1, unplaced)         0.941     5.823    u_walk/FSM_sequential_state[0]_i_26_n_0
                         LUT6 (Prop_lut6_I0_O)        0.124     5.947 r  u_walk/FSM_sequential_state[0]_i_12/O
                         net (fo=1, unplaced)         0.000     5.947    u_walk/FSM_sequential_state[0]_i_12_n_0
                         CARRY4 (Prop_carry4_S[3]_CO[3])
                                                      0.376     6.323 r  u_walk/FSM_sequential_state_reg[0]_i_7/CO[3]
                         net (fo=1, unplaced)         0.000     6.323    u_walk/FSM_sequential_state_reg[0]_i_7_n_0
                         CARRY4 (Prop_carry4_CI_CO[1])
                                                      0.179     6.502 f  u_walk/FSM_sequential_state_reg[0]_i_3/CO[1]
                         net (fo=4, unplaced)         0.336     6.838    u_walk/state21_in
                         LUT4 (Prop_lut4_I3_O)        0.332     7.170 r  u_walk/sid[31]_i_1__1/O
                         net (fo=37, unplaced)        0.548     7.718    u_walk/w_req
                         FDCE                                         r  u_walk/hops_i_reg[0]/CE
  -------------------------------------------------------------------    -------------------

                         (clock clk rise edge)       10.000    10.000 r  <hidden>
                                                      0.000    10.000 r  clk
                         net (fo=899, unset)          0.924    10.924    u_walk/clk
                         FDCE                                         r  u_walk/hops_i_reg[0]/C
                         clock pessimism              0.000    10.924    <hidden>
                         clock uncertainty           -0.035    10.889    <hidden>
                         FDCE (Setup_fdce_C_CE)      -0.202    10.687    u_walk/hops_i_reg[0]
  -------------------------------------------------------------------
                         required time                         10.687    <hidden>
                         arrival time                          -7.718    <hidden>
  -------------------------------------------------------------------
                         slack                                  2.969    <hidden>

Slack (MET) :             2.969ns  (required time - arrival time)
  Source:                 u_walk/qb_reg[13][2]/C
                            (rising edge-triggered cell FDRE clocked by clk  {rise@0.000ns fall@5.000ns period=10.000ns})
  Destination:            u_walk/hops_i_reg[1]/CE
                            (rising edge-triggered cell FDCE clocked by clk  {rise@0.000ns fall@5.000ns period=10.000ns})
  Path Group:             clk
  Path Type:              Setup (Max at Slow Process Corner)
  Requirement:            10.000ns  (clk rise@10.000ns - clk rise@0.000ns)
  Data Path Delay:        6.745ns  (logic 2.032ns (30.126%)  route 4.713ns (69.874%))
  Logic Levels:           7  (CARRY4=2 LUT4=1 LUT6=4)
  Clock Path Skew:        -0.049ns (DCD - SCD + CPR)
    Destination Clock Delay (DCD):    0.924ns = ( 10.924 - 10.000 ) 
    Source Clock Delay      (SCD):    0.973ns
    Clock Pessimism Removal (CPR):    0.000ns
  Clock Uncertainty:      0.035ns  ((TSJ^2 + TIJ^2)^1/2 + DJ) / 2 + PE
    Total System Jitter     (TSJ):    0.071ns
    Total Input Jitter      (TIJ):    0.000ns
    Discrete Jitter          (DJ):    0.000ns
    Phase Error              (PE):    0.000ns

    Location             Delay type                Incr(ns)  Path(ns)    Netlist Resource(s)
  -------------------------------------------------------------------    -------------------
                         (clock clk rise edge)        0.000     0.000 r  <hidden>
                                                      0.000     0.000 r  clk
                         net (fo=899, unset)          0.973     0.973    u_walk/clk
                         FDRE                                         r  u_walk/qb_reg[13][2]/C
  -------------------------------------------------------------------    -------------------
                         FDRE (Prop_fdre_C_Q)         0.478     1.451 r  u_walk/qb_reg[13][2]/Q
                         net (fo=3, unplaced)         0.983     2.434    u_walk/p_0_in45_in[10]
                         LUT6 (Prop_lut6_I0_O)        0.295     2.729 r  u_walk/FSM_sequential_state[0]_i_216/O
                         net (fo=1, unplaced)         0.964     3.693    u_walk/FSM_sequential_state[0]_i_216_n_0
                         LUT6 (Prop_lut6_I0_O)        0.124     3.817 r  u_walk/FSM_sequential_state[0]_i_80/O
                         net (fo=1, unplaced)         0.941     4.758    u_walk/FSM_sequential_state[0]_i_80_n_0
                         LUT6 (Prop_lut6_I4_O)        0.124     4.882 r  u_walk/FSM_sequential_state[0]_i_26/O
                         net (fo=1, unplaced)         0.941     5.823    u_walk/FSM_sequential_state[0]_i_26_n_0
                         LUT6 (Prop_lut6_I0_O)        0.124     5.947 r  u_walk/FSM_sequential_state[0]_i_12/O
                         net (fo=1, unplaced)         0.000     5.947    u_walk/FSM_sequential_state[0]_i_12_n_0
                         CARRY4 (Prop_carry4_S[3]_CO[3])
                                                      0.376     6.323 r  u_walk/FSM_sequential_state_reg[0]_i_7/CO[3]
                         net (fo=1, unplaced)         0.000     6.323    u_walk/FSM_sequential_state_reg[0]_i_7_n_0
                         CARRY4 (Prop_carry4_CI_CO[1])
                                                      0.179     6.502 f  u_walk/FSM_sequential_state_reg[0]_i_3/CO[1]
                         net (fo=4, unplaced)         0.336     6.838    u_walk/state21_in
                         LUT4 (Prop_lut4_I3_O)        0.332     7.170 r  u_walk/sid[31]_i_1__1/O
                         net (fo=37, unplaced)        0.548     7.718    u_walk/w_req
                         FDCE                                         r  u_walk/hops_i_reg[1]/CE
  -------------------------------------------------------------------    -------------------

                         (clock clk rise edge)       10.000    10.000 r  <hidden>
                                                      0.000    10.000 r  clk
                         net (fo=899, unset)          0.924    10.924    u_walk/clk
                         FDCE                                         r  u_walk/hops_i_reg[1]/C
                         clock pessimism              0.000    10.924    <hidden>
                         clock uncertainty           -0.035    10.889    <hidden>
                         FDCE (Setup_fdce_C_CE)      -0.202    10.687    u_walk/hops_i_reg[1]
  -------------------------------------------------------------------
                         required time                         10.687    <hidden>
                         arrival time                          -7.718    <hidden>
  -------------------------------------------------------------------
                         slack                                  2.969    <hidden>

Slack (MET) :             2.969ns  (required time - arrival time)
  Source:                 u_walk/qb_reg[13][2]/C
                            (rising edge-triggered cell FDRE clocked by clk  {rise@0.000ns fall@5.000ns period=10.000ns})
  Destination:            u_walk/hops_i_reg[2]/CE
                            (rising edge-triggered cell FDCE clocked by clk  {rise@0.000ns fall@5.000ns period=10.000ns})
  Path Group:             clk
  Path Type:              Setup (Max at Slow Process Corner)
  Requirement:            10.000ns  (clk rise@10.000ns - clk rise@0.000ns)
  Data Path Delay:        6.745ns  (logic 2.032ns (30.126%)  route 4.713ns (69.874%))
  Logic Levels:           7  (CARRY4=2 LUT4=1 LUT6=4)
  Clock Path Skew:        -0.049ns (DCD - SCD + CPR)
    Destination Clock Delay (DCD):    0.924ns = ( 10.924 - 10.000 ) 
    Source Clock Delay      (SCD):    0.973ns
    Clock Pessimism Removal (CPR):    0.000ns
  Clock Uncertainty:      0.035ns  ((TSJ^2 + TIJ^2)^1/2 + DJ) / 2 + PE
    Total System Jitter     (TSJ):    0.071ns
    Total Input Jitter      (TIJ):    0.000ns
    Discrete Jitter          (DJ):    0.000ns
    Phase Error              (PE):    0.000ns

    Location             Delay type                Incr(ns)  Path(ns)    Netlist Resource(s)
  -------------------------------------------------------------------    -------------------
                         (clock clk rise edge)        0.000     0.000 r  <hidden>
                                                      0.000     0.000 r  clk
                         net (fo=899, unset)          0.973     0.973    u_walk/clk
                         FDRE                                         r  u_walk/qb_reg[13][2]/C
  -------------------------------------------------------------------    -------------------
                         FDRE (Prop_fdre_C_Q)         0.478     1.451 r  u_walk/qb_reg[13][2]/Q
                         net (fo=3, unplaced)         0.983     2.434    u_walk/p_0_in45_in[10]
                         LUT6 (Prop_lut6_I0_O)        0.295     2.729 r  u_walk/FSM_sequential_state[0]_i_216/O
                         net (fo=1, unplaced)         0.964     3.693    u_walk/FSM_sequential_state[0]_i_216_n_0
                         LUT6 (Prop_lut6_I0_O)        0.124     3.817 r  u_walk/FSM_sequential_state[0]_i_80/O
                         net (fo=1, unplaced)         0.941     4.758    u_walk/FSM_sequential_state[0]_i_80_n_0
                         LUT6 (Prop_lut6_I4_O)        0.124     4.882 r  u_walk/FSM_sequential_state[0]_i_26/O
                         net (fo=1, unplaced)         0.941     5.823    u_walk/FSM_sequential_state[0]_i_26_n_0
                         LUT6 (Prop_lut6_I0_O)        0.124     5.947 r  u_walk/FSM_sequential_state[0]_i_12/O
                         net (fo=1, unplaced)         0.000     5.947    u_walk/FSM_sequential_state[0]_i_12_n_0
                         CARRY4 (Prop_carry4_S[3]_CO[3])
                                                      0.376     6.323 r  u_walk/FSM_sequential_state_reg[0]_i_7/CO[3]
                         net (fo=1, unplaced)         0.000     6.323    u_walk/FSM_sequential_state_reg[0]_i_7_n_0
                         CARRY4 (Prop_carry4_CI_CO[1])
                                                      0.179     6.502 f  u_walk/FSM_sequential_state_reg[0]_i_3/CO[1]
                         net (fo=4, unplaced)         0.336     6.838    u_walk/state21_in
                         LUT4 (Prop_lut4_I3_O)        0.332     7.170 r  u_walk/sid[31]_i_1__1/O
                         net (fo=37, unplaced)        0.548     7.718    u_walk/w_req
                         FDCE                                         r  u_walk/hops_i_reg[2]/CE
  -------------------------------------------------------------------    -------------------

                         (clock clk rise edge)       10.000    10.000 r  <hidden>
                                                      0.000    10.000 r  clk
                         net (fo=899, unset)          0.924    10.924    u_walk/clk
                         FDCE                                         r  u_walk/hops_i_reg[2]/C
                         clock pessimism              0.000    10.924    <hidden>
                         clock uncertainty           -0.035    10.889    <hidden>
                         FDCE (Setup_fdce_C_CE)      -0.202    10.687    u_walk/hops_i_reg[2]
  -------------------------------------------------------------------
                         required time                         10.687    <hidden>
                         arrival time                          -7.718    <hidden>
  -------------------------------------------------------------------
                         slack                                  2.969    <hidden>

Slack (MET) :             2.969ns  (required time - arrival time)
  Source:                 u_walk/qb_reg[13][2]/C
                            (rising edge-triggered cell FDRE clocked by clk  {rise@0.000ns fall@5.000ns period=10.000ns})
  Destination:            u_walk/hops_i_reg[3]/CE
                            (rising edge-triggered cell FDCE clocked by clk  {rise@0.000ns fall@5.000ns period=10.000ns})
  Path Group:             clk
  Path Type:              Setup (Max at Slow Process Corner)
  Requirement:            10.000ns  (clk rise@10.000ns - clk rise@0.000ns)
  Data Path Delay:        6.745ns  (logic 2.032ns (30.126%)  route 4.713ns (69.874%))
  Logic Levels:           7  (CARRY4=2 LUT4=1 LUT6=4)
  Clock Path Skew:        -0.049ns (DCD - SCD + CPR)
    Destination Clock Delay (DCD):    0.924ns = ( 10.924 - 10.000 ) 
    Source Clock Delay      (SCD):    0.973ns
    Clock Pessimism Removal (CPR):    0.000ns
  Clock Uncertainty:      0.035ns  ((TSJ^2 + TIJ^2)^1/2 + DJ) / 2 + PE
    Total System Jitter     (TSJ):    0.071ns
    Total Input Jitter      (TIJ):    0.000ns
    Discrete Jitter          (DJ):    0.000ns
    Phase Error              (PE):    0.000ns

    Location             Delay type                Incr(ns)  Path(ns)    Netlist Resource(s)
  -------------------------------------------------------------------    -------------------
                         (clock clk rise edge)        0.000     0.000 r  <hidden>
                                                      0.000     0.000 r  clk
                         net (fo=899, unset)          0.973     0.973    u_walk/clk
                         FDRE                                         r  u_walk/qb_reg[13][2]/C
  -------------------------------------------------------------------    -------------------
                         FDRE (Prop_fdre_C_Q)         0.478     1.451 r  u_walk/qb_reg[13][2]/Q
                         net (fo=3, unplaced)         0.983     2.434    u_walk/p_0_in45_in[10]
                         LUT6 (Prop_lut6_I0_O)        0.295     2.729 r  u_walk/FSM_sequential_state[0]_i_216/O
                         net (fo=1, unplaced)         0.964     3.693    u_walk/FSM_sequential_state[0]_i_216_n_0
                         LUT6 (Prop_lut6_I0_O)        0.124     3.817 r  u_walk/FSM_sequential_state[0]_i_80/O
                         net (fo=1, unplaced)         0.941     4.758    u_walk/FSM_sequential_state[0]_i_80_n_0
                         LUT6 (Prop_lut6_I4_O)        0.124     4.882 r  u_walk/FSM_sequential_state[0]_i_26/O
                         net (fo=1, unplaced)         0.941     5.823    u_walk/FSM_sequential_state[0]_i_26_n_0
                         LUT6 (Prop_lut6_I0_O)        0.124     5.947 r  u_walk/FSM_sequential_state[0]_i_12/O
                         net (fo=1, unplaced)         0.000     5.947    u_walk/FSM_sequential_state[0]_i_12_n_0
                         CARRY4 (Prop_carry4_S[3]_CO[3])
                                                      0.376     6.323 r  u_walk/FSM_sequential_state_reg[0]_i_7/CO[3]
                         net (fo=1, unplaced)         0.000     6.323    u_walk/FSM_sequential_state_reg[0]_i_7_n_0
                         CARRY4 (Prop_carry4_CI_CO[1])
                                                      0.179     6.502 f  u_walk/FSM_sequential_state_reg[0]_i_3/CO[1]
                         net (fo=4, unplaced)         0.336     6.838    u_walk/state21_in
                         LUT4 (Prop_lut4_I3_O)        0.332     7.170 r  u_walk/sid[31]_i_1__1/O
                         net (fo=37, unplaced)        0.548     7.718    u_walk/w_req
                         FDCE                                         r  u_walk/hops_i_reg[3]/CE
  -------------------------------------------------------------------    -------------------

                         (clock clk rise edge)       10.000    10.000 r  <hidden>
                                                      0.000    10.000 r  clk
                         net (fo=899, unset)          0.924    10.924    u_walk/clk
                         FDCE                                         r  u_walk/hops_i_reg[3]/C
                         clock pessimism              0.000    10.924    <hidden>
                         clock uncertainty           -0.035    10.889    <hidden>
                         FDCE (Setup_fdce_C_CE)      -0.202    10.687    u_walk/hops_i_reg[3]
  -------------------------------------------------------------------
                         required time                         10.687    <hidden>
                         arrival time                          -7.718    <hidden>
  -------------------------------------------------------------------
                         slack                                  2.969    <hidden>

Slack (MET) :             2.969ns  (required time - arrival time)
  Source:                 u_walk/qb_reg[13][2]/C
                            (rising edge-triggered cell FDRE clocked by clk  {rise@0.000ns fall@5.000ns period=10.000ns})
  Destination:            u_walk/sid_reg[0]/CE
                            (rising edge-triggered cell FDCE clocked by clk  {rise@0.000ns fall@5.000ns period=10.000ns})
  Path Group:             clk
  Path Type:              Setup (Max at Slow Process Corner)
  Requirement:            10.000ns  (clk rise@10.000ns - clk rise@0.000ns)
  Data Path Delay:        6.745ns  (logic 2.032ns (30.126%)  route 4.713ns (69.874%))
  Logic Levels:           7  (CARRY4=2 LUT4=1 LUT6=4)
  Clock Path Skew:        -0.049ns (DCD - SCD + CPR)
    Destination Clock Delay (DCD):    0.924ns = ( 10.924 - 10.000 ) 
    Source Clock Delay      (SCD):    0.973ns
    Clock Pessimism Removal (CPR):    0.000ns
  Clock Uncertainty:      0.035ns  ((TSJ^2 + TIJ^2)^1/2 + DJ) / 2 + PE
    Total System Jitter     (TSJ):    0.071ns
    Total Input Jitter      (TIJ):    0.000ns
    Discrete Jitter          (DJ):    0.000ns
    Phase Error              (PE):    0.000ns

    Location             Delay type                Incr(ns)  Path(ns)    Netlist Resource(s)
  -------------------------------------------------------------------    -------------------
                         (clock clk rise edge)        0.000     0.000 r  <hidden>
                                                      0.000     0.000 r  clk
                         net (fo=899, unset)          0.973     0.973    u_walk/clk
                         FDRE                                         r  u_walk/qb_reg[13][2]/C
  -------------------------------------------------------------------    -------------------
                         FDRE (Prop_fdre_C_Q)         0.478     1.451 r  u_walk/qb_reg[13][2]/Q
                         net (fo=3, unplaced)         0.983     2.434    u_walk/p_0_in45_in[10]
                         LUT6 (Prop_lut6_I0_O)        0.295     2.729 r  u_walk/FSM_sequential_state[0]_i_216/O
                         net (fo=1, unplaced)         0.964     3.693    u_walk/FSM_sequential_state[0]_i_216_n_0
                         LUT6 (Prop_lut6_I0_O)        0.124     3.817 r  u_walk/FSM_sequential_state[0]_i_80/O
                         net (fo=1, unplaced)         0.941     4.758    u_walk/FSM_sequential_state[0]_i_80_n_0
                         LUT6 (Prop_lut6_I4_O)        0.124     4.882 r  u_walk/FSM_sequential_state[0]_i_26/O
                         net (fo=1, unplaced)         0.941     5.823    u_walk/FSM_sequential_state[0]_i_26_n_0
                         LUT6 (Prop_lut6_I0_O)        0.124     5.947 r  u_walk/FSM_sequential_state[0]_i_12/O
                         net (fo=1, unplaced)         0.000     5.947    u_walk/FSM_sequential_state[0]_i_12_n_0
                         CARRY4 (Prop_carry4_S[3]_CO[3])
                                                      0.376     6.323 r  u_walk/FSM_sequential_state_reg[0]_i_7/CO[3]
                         net (fo=1, unplaced)         0.000     6.323    u_walk/FSM_sequential_state_reg[0]_i_7_n_0
                         CARRY4 (Prop_carry4_CI_CO[1])
                                                      0.179     6.502 f  u_walk/FSM_sequential_state_reg[0]_i_3/CO[1]
                         net (fo=4, unplaced)         0.336     6.838    u_walk/state21_in
                         LUT4 (Prop_lut4_I3_O)        0.332     7.170 r  u_walk/sid[31]_i_1__1/O
                         net (fo=37, unplaced)        0.548     7.718    u_walk/w_req
                         FDCE                                         r  u_walk/sid_reg[0]/CE
  -------------------------------------------------------------------    -------------------

                         (clock clk rise edge)       10.000    10.000 r  <hidden>
                                                      0.000    10.000 r  clk
                         net (fo=899, unset)          0.924    10.924    u_walk/clk
                         FDCE                                         r  u_walk/sid_reg[0]/C
                         clock pessimism              0.000    10.924    <hidden>
                         clock uncertainty           -0.035    10.889    <hidden>
                         FDCE (Setup_fdce_C_CE)      -0.202    10.687    u_walk/sid_reg[0]
  -------------------------------------------------------------------
                         required time                         10.687    <hidden>
                         arrival time                          -7.718    <hidden>
  -------------------------------------------------------------------
                         slack                                  2.969    <hidden>




