Copyright 1986-2022 Xilinx, Inc. All Rights Reserved. Copyright 2022-2026 Advanced Micro Devices, Inc. All Rights Reserved.
---------------------------------------------------------------------------------------------------------------------------------------------
| Tool Version : Vivado v.2026.1 (win64) Build 6511674 Tue Jun 16 11:02:23 MDT 2026
| Date         : Thu Sep 17 00:04:36 2026
| Host         : laptop-Quan running 64-bit major release  (build 9200)
| Command      : report_timing -max_paths 5 -file D:/FPGA/arty_d/m4_query_result_ooc/reports/route_crit.rpt
| Design       : query_result_bind
| Device       : 7a100t-csg324
| Speed File   : -1  PRODUCTION 1.23 2018-06-13
| Design State : Routed
---------------------------------------------------------------------------------------------------------------------------------------------

Timing Report

Slack (MET) :             1.203ns  (required time - arrival time)
  Source:                 u_walk/qb_reg[16][0]/C
                            (rising edge-triggered cell FDRE clocked by clk  {rise@0.000ns fall@5.000ns period=10.000ns})
  Destination:            u_walk/sid_reg[13]/CE
                            (rising edge-triggered cell FDCE clocked by clk  {rise@0.000ns fall@5.000ns period=10.000ns})
  Path Group:             clk
  Path Type:              Setup (Max at Slow Process Corner)
  Requirement:            10.000ns  (clk rise@10.000ns - clk rise@0.000ns)
  Data Path Delay:        8.508ns  (logic 2.531ns (29.750%)  route 5.977ns (70.250%))
  Logic Levels:           8  (CARRY4=2 LUT4=2 LUT5=2 LUT6=2)
  Clock Path Skew:        -0.049ns (DCD - SCD + CPR)
    Destination Clock Delay (DCD):    0.924ns = ( 10.924 - 10.000 ) 
    Source Clock Delay      (SCD):    0.973ns
    Clock Pessimism Removal (CPR):    0.000ns
  Clock Uncertainty:      0.035ns  ((TSJ^2 + TIJ^2)^1/2 + DJ) / 2 + PE
    Total System Jitter     (TSJ):    0.071ns
    Total Input Jitter      (TIJ):    0.000ns
    Discrete Jitter          (DJ):    0.000ns
    Phase Error              (PE):    0.000ns

    Location             Delay type                Incr(ns)  Path(ns)    Netlist Resource(s)
  -------------------------------------------------------------------    -------------------
                         (clock clk rise edge)        0.000     0.000 r  <hidden>
                                                      0.000     0.000 r  clk
                         net (fo=902, unset)          0.973     0.973    u_walk/clk
    SLICE_X9Y112         FDRE                                         r  u_walk/qb_reg[16][0]/C
  -------------------------------------------------------------------    -------------------
    SLICE_X9Y112         FDRE (Prop_fdre_C_Q)         0.419     1.392 r  u_walk/qb_reg[16][0]/Q
                         net (fo=4, routed)           1.020     2.412    u_walk/p_0_in36_in[8]
    SLICE_X9Y117         LUT4 (Prop_lut4_I2_O)        0.299     2.711 r  u_walk/FSM_sequential_state[0]_i_201/O
                         net (fo=3, routed)           1.042     3.753    u_walk/FSM_sequential_state[0]_i_201_n_0
    SLICE_X13Y119        LUT5 (Prop_lut5_I4_O)        0.150     3.903 r  u_walk/FSM_sequential_state[0]_i_72/O
                         net (fo=2, routed)           0.734     4.638    u_walk/FSM_sequential_state[0]_i_72_n_0
    SLICE_X9Y119         LUT5 (Prop_lut5_I0_O)        0.326     4.964 r  u_walk/FSM_sequential_state[0]_i_23/O
                         net (fo=3, routed)           0.977     5.941    u_walk/FSM_sequential_state[0]_i_23_n_0
    SLICE_X10Y118        LUT6 (Prop_lut6_I1_O)        0.326     6.267 r  u_walk/FSM_sequential_state[0]_i_26/O
                         net (fo=1, routed)           0.635     6.902    u_walk/FSM_sequential_state[0]_i_26_n_0
    SLICE_X11Y118        LUT6 (Prop_lut6_I0_O)        0.124     7.026 r  u_walk/FSM_sequential_state[0]_i_12/O
                         net (fo=1, routed)           0.000     7.026    u_walk/FSM_sequential_state[0]_i_12_n_0
    SLICE_X11Y118        CARRY4 (Prop_carry4_S[3]_CO[3])
                                                      0.401     7.427 r  u_walk/FSM_sequential_state_reg[0]_i_7/CO[3]
                         net (fo=1, routed)           0.000     7.427    u_walk/FSM_sequential_state_reg[0]_i_7_n_0
    SLICE_X11Y119        CARRY4 (Prop_carry4_CI_CO[1])
                                                      0.157     7.584 f  u_walk/FSM_sequential_state_reg[0]_i_3/CO[1]
                         net (fo=4, routed)           0.893     8.477    u_walk/state21_in
    SLICE_X10Y109        LUT4 (Prop_lut4_I3_O)        0.329     8.806 r  u_walk/sid[31]_i_1__1/O
                         net (fo=37, routed)          0.675     9.481    u_walk/w_req
    SLICE_X9Y106         FDCE                                         r  u_walk/sid_reg[13]/CE
  -------------------------------------------------------------------    -------------------

                         (clock clk rise edge)       10.000    10.000 r  <hidden>
                                                      0.000    10.000 r  clk
                         net (fo=902, unset)          0.924    10.924    u_walk/clk
    SLICE_X9Y106         FDCE                                         r  u_walk/sid_reg[13]/C
                         clock pessimism              0.000    10.924    <hidden>
                         clock uncertainty           -0.035    10.889    <hidden>
    SLICE_X9Y106         FDCE (Setup_fdce_C_CE)      -0.205    10.684    u_walk/sid_reg[13]
  -------------------------------------------------------------------
                         required time                         10.684    <hidden>
                         arrival time                          -9.481    <hidden>
  -------------------------------------------------------------------
                         slack                                  1.203    <hidden>

Slack (MET) :             1.203ns  (required time - arrival time)
  Source:                 u_walk/qb_reg[16][0]/C
                            (rising edge-triggered cell FDRE clocked by clk  {rise@0.000ns fall@5.000ns period=10.000ns})
  Destination:            u_walk/sid_reg[18]/CE
                            (rising edge-triggered cell FDCE clocked by clk  {rise@0.000ns fall@5.000ns period=10.000ns})
  Path Group:             clk
  Path Type:              Setup (Max at Slow Process Corner)
  Requirement:            10.000ns  (clk rise@10.000ns - clk rise@0.000ns)
  Data Path Delay:        8.508ns  (logic 2.531ns (29.750%)  route 5.977ns (70.250%))
  Logic Levels:           8  (CARRY4=2 LUT4=2 LUT5=2 LUT6=2)
  Clock Path Skew:        -0.049ns (DCD - SCD + CPR)
    Destination Clock Delay (DCD):    0.924ns = ( 10.924 - 10.000 ) 
    Source Clock Delay      (SCD):    0.973ns
    Clock Pessimism Removal (CPR):    0.000ns
  Clock Uncertainty:      0.035ns  ((TSJ^2 + TIJ^2)^1/2 + DJ) / 2 + PE
    Total System Jitter     (TSJ):    0.071ns
    Total Input Jitter      (TIJ):    0.000ns
    Discrete Jitter          (DJ):    0.000ns
    Phase Error              (PE):    0.000ns

    Location             Delay type                Incr(ns)  Path(ns)    Netlist Resource(s)
  -------------------------------------------------------------------    -------------------
                         (clock clk rise edge)        0.000     0.000 r  <hidden>
                                                      0.000     0.000 r  clk
                         net (fo=902, unset)          0.973     0.973    u_walk/clk
    SLICE_X9Y112         FDRE                                         r  u_walk/qb_reg[16][0]/C
  -------------------------------------------------------------------    -------------------
    SLICE_X9Y112         FDRE (Prop_fdre_C_Q)         0.419     1.392 r  u_walk/qb_reg[16][0]/Q
                         net (fo=4, routed)           1.020     2.412    u_walk/p_0_in36_in[8]
    SLICE_X9Y117         LUT4 (Prop_lut4_I2_O)        0.299     2.711 r  u_walk/FSM_sequential_state[0]_i_201/O
                         net (fo=3, routed)           1.042     3.753    u_walk/FSM_sequential_state[0]_i_201_n_0
    SLICE_X13Y119        LUT5 (Prop_lut5_I4_O)        0.150     3.903 r  u_walk/FSM_sequential_state[0]_i_72/O
                         net (fo=2, routed)           0.734     4.638    u_walk/FSM_sequential_state[0]_i_72_n_0
    SLICE_X9Y119         LUT5 (Prop_lut5_I0_O)        0.326     4.964 r  u_walk/FSM_sequential_state[0]_i_23/O
                         net (fo=3, routed)           0.977     5.941    u_walk/FSM_sequential_state[0]_i_23_n_0
    SLICE_X10Y118        LUT6 (Prop_lut6_I1_O)        0.326     6.267 r  u_walk/FSM_sequential_state[0]_i_26/O
                         net (fo=1, routed)           0.635     6.902    u_walk/FSM_sequential_state[0]_i_26_n_0
    SLICE_X11Y118        LUT6 (Prop_lut6_I0_O)        0.124     7.026 r  u_walk/FSM_sequential_state[0]_i_12/O
                         net (fo=1, routed)           0.000     7.026    u_walk/FSM_sequential_state[0]_i_12_n_0
    SLICE_X11Y118        CARRY4 (Prop_carry4_S[3]_CO[3])
                                                      0.401     7.427 r  u_walk/FSM_sequential_state_reg[0]_i_7/CO[3]
                         net (fo=1, routed)           0.000     7.427    u_walk/FSM_sequential_state_reg[0]_i_7_n_0
    SLICE_X11Y119        CARRY4 (Prop_carry4_CI_CO[1])
                                                      0.157     7.584 f  u_walk/FSM_sequential_state_reg[0]_i_3/CO[1]
                         net (fo=4, routed)           0.893     8.477    u_walk/state21_in
    SLICE_X10Y109        LUT4 (Prop_lut4_I3_O)        0.329     8.806 r  u_walk/sid[31]_i_1__1/O
                         net (fo=37, routed)          0.675     9.481    u_walk/w_req
    SLICE_X9Y106         FDCE                                         r  u_walk/sid_reg[18]/CE
  -------------------------------------------------------------------    -------------------

                         (clock clk rise edge)       10.000    10.000 r  <hidden>
                                                      0.000    10.000 r  clk
                         net (fo=902, unset)          0.924    10.924    u_walk/clk
    SLICE_X9Y106         FDCE                                         r  u_walk/sid_reg[18]/C
                         clock pessimism              0.000    10.924    <hidden>
                         clock uncertainty           -0.035    10.889    <hidden>
    SLICE_X9Y106         FDCE (Setup_fdce_C_CE)      -0.205    10.684    u_walk/sid_reg[18]
  -------------------------------------------------------------------
                         required time                         10.684    <hidden>
                         arrival time                          -9.481    <hidden>
  -------------------------------------------------------------------
                         slack                                  1.203    <hidden>

Slack (MET) :             1.203ns  (required time - arrival time)
  Source:                 u_walk/qb_reg[16][0]/C
                            (rising edge-triggered cell FDRE clocked by clk  {rise@0.000ns fall@5.000ns period=10.000ns})
  Destination:            u_walk/sid_reg[24]/CE
                            (rising edge-triggered cell FDCE clocked by clk  {rise@0.000ns fall@5.000ns period=10.000ns})
  Path Group:             clk
  Path Type:              Setup (Max at Slow Process Corner)
  Requirement:            10.000ns  (clk rise@10.000ns - clk rise@0.000ns)
  Data Path Delay:        8.508ns  (logic 2.531ns (29.750%)  route 5.977ns (70.250%))
  Logic Levels:           8  (CARRY4=2 LUT4=2 LUT5=2 LUT6=2)
  Clock Path Skew:        -0.049ns (DCD - SCD + CPR)
    Destination Clock Delay (DCD):    0.924ns = ( 10.924 - 10.000 ) 
    Source Clock Delay      (SCD):    0.973ns
    Clock Pessimism Removal (CPR):    0.000ns
  Clock Uncertainty:      0.035ns  ((TSJ^2 + TIJ^2)^1/2 + DJ) / 2 + PE
    Total System Jitter     (TSJ):    0.071ns
    Total Input Jitter      (TIJ):    0.000ns
    Discrete Jitter          (DJ):    0.000ns
    Phase Error              (PE):    0.000ns

    Location             Delay type                Incr(ns)  Path(ns)    Netlist Resource(s)
  -------------------------------------------------------------------    -------------------
                         (clock clk rise edge)        0.000     0.000 r  <hidden>
                                                      0.000     0.000 r  clk
                         net (fo=902, unset)          0.973     0.973    u_walk/clk
    SLICE_X9Y112         FDRE                                         r  u_walk/qb_reg[16][0]/C
  -------------------------------------------------------------------    -------------------
    SLICE_X9Y112         FDRE (Prop_fdre_C_Q)         0.419     1.392 r  u_walk/qb_reg[16][0]/Q
                         net (fo=4, routed)           1.020     2.412    u_walk/p_0_in36_in[8]
    SLICE_X9Y117         LUT4 (Prop_lut4_I2_O)        0.299     2.711 r  u_walk/FSM_sequential_state[0]_i_201/O
                         net (fo=3, routed)           1.042     3.753    u_walk/FSM_sequential_state[0]_i_201_n_0
    SLICE_X13Y119        LUT5 (Prop_lut5_I4_O)        0.150     3.903 r  u_walk/FSM_sequential_state[0]_i_72/O
                         net (fo=2, routed)           0.734     4.638    u_walk/FSM_sequential_state[0]_i_72_n_0
    SLICE_X9Y119         LUT5 (Prop_lut5_I0_O)        0.326     4.964 r  u_walk/FSM_sequential_state[0]_i_23/O
                         net (fo=3, routed)           0.977     5.941    u_walk/FSM_sequential_state[0]_i_23_n_0
    SLICE_X10Y118        LUT6 (Prop_lut6_I1_O)        0.326     6.267 r  u_walk/FSM_sequential_state[0]_i_26/O
                         net (fo=1, routed)           0.635     6.902    u_walk/FSM_sequential_state[0]_i_26_n_0
    SLICE_X11Y118        LUT6 (Prop_lut6_I0_O)        0.124     7.026 r  u_walk/FSM_sequential_state[0]_i_12/O
                         net (fo=1, routed)           0.000     7.026    u_walk/FSM_sequential_state[0]_i_12_n_0
    SLICE_X11Y118        CARRY4 (Prop_carry4_S[3]_CO[3])
                                                      0.401     7.427 r  u_walk/FSM_sequential_state_reg[0]_i_7/CO[3]
                         net (fo=1, routed)           0.000     7.427    u_walk/FSM_sequential_state_reg[0]_i_7_n_0
    SLICE_X11Y119        CARRY4 (Prop_carry4_CI_CO[1])
                                                      0.157     7.584 f  u_walk/FSM_sequential_state_reg[0]_i_3/CO[1]
                         net (fo=4, routed)           0.893     8.477    u_walk/state21_in
    SLICE_X10Y109        LUT4 (Prop_lut4_I3_O)        0.329     8.806 r  u_walk/sid[31]_i_1__1/O
                         net (fo=37, routed)          0.675     9.481    u_walk/w_req
    SLICE_X9Y106         FDCE                                         r  u_walk/sid_reg[24]/CE
  -------------------------------------------------------------------    -------------------

                         (clock clk rise edge)       10.000    10.000 r  <hidden>
                                                      0.000    10.000 r  clk
                         net (fo=902, unset)          0.924    10.924    u_walk/clk
    SLICE_X9Y106         FDCE                                         r  u_walk/sid_reg[24]/C
                         clock pessimism              0.000    10.924    <hidden>
                         clock uncertainty           -0.035    10.889    <hidden>
    SLICE_X9Y106         FDCE (Setup_fdce_C_CE)      -0.205    10.684    u_walk/sid_reg[24]
  -------------------------------------------------------------------
                         required time                         10.684    <hidden>
                         arrival time                          -9.481    <hidden>
  -------------------------------------------------------------------
                         slack                                  1.203    <hidden>

Slack (MET) :             1.203ns  (required time - arrival time)
  Source:                 u_walk/qb_reg[16][0]/C
                            (rising edge-triggered cell FDRE clocked by clk  {rise@0.000ns fall@5.000ns period=10.000ns})
  Destination:            u_walk/sid_reg[6]/CE
                            (rising edge-triggered cell FDCE clocked by clk  {rise@0.000ns fall@5.000ns period=10.000ns})
  Path Group:             clk
  Path Type:              Setup (Max at Slow Process Corner)
  Requirement:            10.000ns  (clk rise@10.000ns - clk rise@0.000ns)
  Data Path Delay:        8.508ns  (logic 2.531ns (29.750%)  route 5.977ns (70.250%))
  Logic Levels:           8  (CARRY4=2 LUT4=2 LUT5=2 LUT6=2)
  Clock Path Skew:        -0.049ns (DCD - SCD + CPR)
    Destination Clock Delay (DCD):    0.924ns = ( 10.924 - 10.000 ) 
    Source Clock Delay      (SCD):    0.973ns
    Clock Pessimism Removal (CPR):    0.000ns
  Clock Uncertainty:      0.035ns  ((TSJ^2 + TIJ^2)^1/2 + DJ) / 2 + PE
    Total System Jitter     (TSJ):    0.071ns
    Total Input Jitter      (TIJ):    0.000ns
    Discrete Jitter          (DJ):    0.000ns
    Phase Error              (PE):    0.000ns

    Location             Delay type                Incr(ns)  Path(ns)    Netlist Resource(s)
  -------------------------------------------------------------------    -------------------
                         (clock clk rise edge)        0.000     0.000 r  <hidden>
                                                      0.000     0.000 r  clk
                         net (fo=902, unset)          0.973     0.973    u_walk/clk
    SLICE_X9Y112         FDRE                                         r  u_walk/qb_reg[16][0]/C
  -------------------------------------------------------------------    -------------------
    SLICE_X9Y112         FDRE (Prop_fdre_C_Q)         0.419     1.392 r  u_walk/qb_reg[16][0]/Q
                         net (fo=4, routed)           1.020     2.412    u_walk/p_0_in36_in[8]
    SLICE_X9Y117         LUT4 (Prop_lut4_I2_O)        0.299     2.711 r  u_walk/FSM_sequential_state[0]_i_201/O
                         net (fo=3, routed)           1.042     3.753    u_walk/FSM_sequential_state[0]_i_201_n_0
    SLICE_X13Y119        LUT5 (Prop_lut5_I4_O)        0.150     3.903 r  u_walk/FSM_sequential_state[0]_i_72/O
                         net (fo=2, routed)           0.734     4.638    u_walk/FSM_sequential_state[0]_i_72_n_0
    SLICE_X9Y119         LUT5 (Prop_lut5_I0_O)        0.326     4.964 r  u_walk/FSM_sequential_state[0]_i_23/O
                         net (fo=3, routed)           0.977     5.941    u_walk/FSM_sequential_state[0]_i_23_n_0
    SLICE_X10Y118        LUT6 (Prop_lut6_I1_O)        0.326     6.267 r  u_walk/FSM_sequential_state[0]_i_26/O
                         net (fo=1, routed)           0.635     6.902    u_walk/FSM_sequential_state[0]_i_26_n_0
    SLICE_X11Y118        LUT6 (Prop_lut6_I0_O)        0.124     7.026 r  u_walk/FSM_sequential_state[0]_i_12/O
                         net (fo=1, routed)           0.000     7.026    u_walk/FSM_sequential_state[0]_i_12_n_0
    SLICE_X11Y118        CARRY4 (Prop_carry4_S[3]_CO[3])
                                                      0.401     7.427 r  u_walk/FSM_sequential_state_reg[0]_i_7/CO[3]
                         net (fo=1, routed)           0.000     7.427    u_walk/FSM_sequential_state_reg[0]_i_7_n_0
    SLICE_X11Y119        CARRY4 (Prop_carry4_CI_CO[1])
                                                      0.157     7.584 f  u_walk/FSM_sequential_state_reg[0]_i_3/CO[1]
                         net (fo=4, routed)           0.893     8.477    u_walk/state21_in
    SLICE_X10Y109        LUT4 (Prop_lut4_I3_O)        0.329     8.806 r  u_walk/sid[31]_i_1__1/O
                         net (fo=37, routed)          0.675     9.481    u_walk/w_req
    SLICE_X9Y106         FDCE                                         r  u_walk/sid_reg[6]/CE
  -------------------------------------------------------------------    -------------------

                         (clock clk rise edge)       10.000    10.000 r  <hidden>
                                                      0.000    10.000 r  clk
                         net (fo=902, unset)          0.924    10.924    u_walk/clk
    SLICE_X9Y106         FDCE                                         r  u_walk/sid_reg[6]/C
                         clock pessimism              0.000    10.924    <hidden>
                         clock uncertainty           -0.035    10.889    <hidden>
    SLICE_X9Y106         FDCE (Setup_fdce_C_CE)      -0.205    10.684    u_walk/sid_reg[6]
  -------------------------------------------------------------------
                         required time                         10.684    <hidden>
                         arrival time                          -9.481    <hidden>
  -------------------------------------------------------------------
                         slack                                  1.203    <hidden>

Slack (MET) :             1.239ns  (required time - arrival time)
  Source:                 u_walk/qb_reg[16][0]/C
                            (rising edge-triggered cell FDRE clocked by clk  {rise@0.000ns fall@5.000ns period=10.000ns})
  Destination:            u_walk/sid_reg[11]/CE
                            (rising edge-triggered cell FDCE clocked by clk  {rise@0.000ns fall@5.000ns period=10.000ns})
  Path Group:             clk
  Path Type:              Setup (Max at Slow Process Corner)
  Requirement:            10.000ns  (clk rise@10.000ns - clk rise@0.000ns)
  Data Path Delay:        8.508ns  (logic 2.531ns (29.750%)  route 5.977ns (70.250%))
  Logic Levels:           8  (CARRY4=2 LUT4=2 LUT5=2 LUT6=2)
  Clock Path Skew:        -0.049ns (DCD - SCD + CPR)
    Destination Clock Delay (DCD):    0.924ns = ( 10.924 - 10.000 ) 
    Source Clock Delay      (SCD):    0.973ns
    Clock Pessimism Removal (CPR):    0.000ns
  Clock Uncertainty:      0.035ns  ((TSJ^2 + TIJ^2)^1/2 + DJ) / 2 + PE
    Total System Jitter     (TSJ):    0.071ns
    Total Input Jitter      (TIJ):    0.000ns
    Discrete Jitter          (DJ):    0.000ns
    Phase Error              (PE):    0.000ns

    Location             Delay type                Incr(ns)  Path(ns)    Netlist Resource(s)
  -------------------------------------------------------------------    -------------------
                         (clock clk rise edge)        0.000     0.000 r  <hidden>
                                                      0.000     0.000 r  clk
                         net (fo=902, unset)          0.973     0.973    u_walk/clk
    SLICE_X9Y112         FDRE                                         r  u_walk/qb_reg[16][0]/C
  -------------------------------------------------------------------    -------------------
    SLICE_X9Y112         FDRE (Prop_fdre_C_Q)         0.419     1.392 r  u_walk/qb_reg[16][0]/Q
                         net (fo=4, routed)           1.020     2.412    u_walk/p_0_in36_in[8]
    SLICE_X9Y117         LUT4 (Prop_lut4_I2_O)        0.299     2.711 r  u_walk/FSM_sequential_state[0]_i_201/O
                         net (fo=3, routed)           1.042     3.753    u_walk/FSM_sequential_state[0]_i_201_n_0
    SLICE_X13Y119        LUT5 (Prop_lut5_I4_O)        0.150     3.903 r  u_walk/FSM_sequential_state[0]_i_72/O
                         net (fo=2, routed)           0.734     4.638    u_walk/FSM_sequential_state[0]_i_72_n_0
    SLICE_X9Y119         LUT5 (Prop_lut5_I0_O)        0.326     4.964 r  u_walk/FSM_sequential_state[0]_i_23/O
                         net (fo=3, routed)           0.977     5.941    u_walk/FSM_sequential_state[0]_i_23_n_0
    SLICE_X10Y118        LUT6 (Prop_lut6_I1_O)        0.326     6.267 r  u_walk/FSM_sequential_state[0]_i_26/O
                         net (fo=1, routed)           0.635     6.902    u_walk/FSM_sequential_state[0]_i_26_n_0
    SLICE_X11Y118        LUT6 (Prop_lut6_I0_O)        0.124     7.026 r  u_walk/FSM_sequential_state[0]_i_12/O
                         net (fo=1, routed)           0.000     7.026    u_walk/FSM_sequential_state[0]_i_12_n_0
    SLICE_X11Y118        CARRY4 (Prop_carry4_S[3]_CO[3])
                                                      0.401     7.427 r  u_walk/FSM_sequential_state_reg[0]_i_7/CO[3]
                         net (fo=1, routed)           0.000     7.427    u_walk/FSM_sequential_state_reg[0]_i_7_n_0
    SLICE_X11Y119        CARRY4 (Prop_carry4_CI_CO[1])
                                                      0.157     7.584 f  u_walk/FSM_sequential_state_reg[0]_i_3/CO[1]
                         net (fo=4, routed)           0.893     8.477    u_walk/state21_in
    SLICE_X10Y109        LUT4 (Prop_lut4_I3_O)        0.329     8.806 r  u_walk/sid[31]_i_1__1/O
                         net (fo=37, routed)          0.675     9.481    u_walk/w_req
    SLICE_X8Y106         FDCE                                         r  u_walk/sid_reg[11]/CE
  -------------------------------------------------------------------    -------------------

                         (clock clk rise edge)       10.000    10.000 r  <hidden>
                                                      0.000    10.000 r  clk
                         net (fo=902, unset)          0.924    10.924    u_walk/clk
    SLICE_X8Y106         FDCE                                         r  u_walk/sid_reg[11]/C
                         clock pessimism              0.000    10.924    <hidden>
                         clock uncertainty           -0.035    10.889    <hidden>
    SLICE_X8Y106         FDCE (Setup_fdce_C_CE)      -0.169    10.720    u_walk/sid_reg[11]
  -------------------------------------------------------------------
                         required time                         10.720    <hidden>
                         arrival time                          -9.481    <hidden>
  -------------------------------------------------------------------
                         slack                                  1.239    <hidden>




