Copyright 1986-2022 Xilinx, Inc. All Rights Reserved. Copyright 2022-2026 Advanced Micro Devices, Inc. All Rights Reserved.
---------------------------------------------------------------------------------------------------------------------------------------------
| Tool Version : Vivado v.2026.1 (win64) Build 6511674 Tue Jun 16 11:02:23 MDT 2026
| Date         : Thu Sep 17 00:04:36 2026
| Host         : laptop-Quan running 64-bit major release  (build 9200)
| Command      : report_timing_summary -delay_type min_max -max_paths 5 -file D:/FPGA/arty_d/m4_query_result_ooc/reports/route_timing.rpt
| Design       : query_result_bind
| Device       : 7a100t-csg324
| Speed File   : -1  PRODUCTION 1.23 2018-06-13
| Design State : Routed
---------------------------------------------------------------------------------------------------------------------------------------------

Timing Summary Report

------------------------------------------------------------------------------------------------
| Timer Settings
| --------------
------------------------------------------------------------------------------------------------

  Enable Multi Corner Analysis               :  Yes
  Enable Pessimism Removal                   :  Yes
  Pessimism Removal Resolution               :  Nearest Common Node
  Enable Input Delay Default Clock           :  No
  Enable Preset / Clear Arcs                 :  No
  Disable Flight Delays                      :  No
  Ignore I/O Paths                           :  No
  Timing Early Launch at Borrowing Latches   :  No
  Borrow Time for Max Delay Exceptions       :  Yes
  Merge Timing Exceptions                    :  Yes
  Inter-SLR Compensation                     :  Conservative

  Corner  Analyze    Analyze    
  Name    Max Paths  Min Paths  
  ------  ---------  ---------  
  Slow    Yes        Yes        
  Fast    Yes        Yes        


------------------------------------------------------------------------------------------------
| Report Methodology
| ------------------
------------------------------------------------------------------------------------------------

No report available as report_methodology has not been run prior. Run report_methodology on the current design for the summary of methodology violations.



check_timing report

Table of Contents
-----------------
1. checking no_clock (0)
2. checking constant_clock (0)
3. checking pulse_width_clock (0)
4. checking unconstrained_internal_endpoints (0)
5. checking no_input_delay (291)
6. checking no_output_delay (98)
7. checking multiple_clock (0)
8. checking generated_clocks (0)
9. checking loops (0)
10. checking partial_input_delay (0)
11. checking partial_output_delay (0)
12. checking latch_loops (0)

1. checking no_clock (0)
------------------------
 There are 0 register/latch pins with no clock.


2. checking constant_clock (0)
------------------------------
 There are 0 register/latch pins with constant_clock.


3. checking pulse_width_clock (0)
---------------------------------
 There are 0 register/latch pins which need pulse_width check


4. checking unconstrained_internal_endpoints (0)
------------------------------------------------
 There are 0 pins that are not constrained for maximum delay.

 There are 0 pins that are not constrained for maximum delay due to constant clock.


5. checking no_input_delay (291)
--------------------------------
 There are 291 input ports with no input delay specified. (HIGH)

 There are 0 input ports with no input delay but user has a false path constraint.


6. checking no_output_delay (98)
--------------------------------
 There are 98 ports with no output delay specified. (HIGH)

 There are 0 ports with no output delay but user has a false path constraint

 There are 0 ports with no output delay but with a timing clock defined on it or propagating through it


7. checking multiple_clock (0)
------------------------------
 There are 0 register/latch pins with multiple clocks.


8. checking generated_clocks (0)
--------------------------------
 There are 0 generated clocks that are not connected to a clock source.


9. checking loops (0)
---------------------
 There are 0 combinational loops in the design.


10. checking partial_input_delay (0)
------------------------------------
 There are 0 input ports with partial input delay specified.


11. checking partial_output_delay (0)
-------------------------------------
 There are 0 ports with partial output delay specified.


12. checking latch_loops (0)
----------------------------
 There are 0 combinational latch loops in the design through latch input



------------------------------------------------------------------------------------------------
| Design Timing Summary
| ---------------------
------------------------------------------------------------------------------------------------

    WNS(ns)      TNS(ns)  TNS Failing Endpoints  TNS Total Endpoints      WHS(ns)      THS(ns)  THS Failing Endpoints  THS Total Endpoints     WPWS(ns)     TPWS(ns)  TPWS Failing Endpoints  TPWS Total Endpoints  
    -------      -------  ---------------------  -------------------      -------      -------  ---------------------  -------------------     --------     --------  ----------------------  --------------------  
      1.203        0.000                      0                 1577        0.135        0.000                      0                 1577        4.500        0.000                       0                   903  


All user specified timing constraints are met.


------------------------------------------------------------------------------------------------
| Clock Summary
| -------------
------------------------------------------------------------------------------------------------

Clock  Waveform(ns)       Period(ns)      Frequency(MHz)
-----  ------------       ----------      --------------
clk    {0.000 5.000}      10.000          100.000         


------------------------------------------------------------------------------------------------
| Intra Clock Table
| -----------------
------------------------------------------------------------------------------------------------

Clock             WNS(ns)      TNS(ns)  TNS Failing Endpoints  TNS Total Endpoints      WHS(ns)      THS(ns)  THS Failing Endpoints  THS Total Endpoints     WPWS(ns)     TPWS(ns)  TPWS Failing Endpoints  TPWS Total Endpoints  
-----             -------      -------  ---------------------  -------------------      -------      -------  ---------------------  -------------------     --------     --------  ----------------------  --------------------  
clk                 1.203        0.000                      0                 1577        0.135        0.000                      0                 1577        4.500        0.000                       0                   903  


------------------------------------------------------------------------------------------------
| Inter Clock Table
| -----------------
------------------------------------------------------------------------------------------------

From Clock    To Clock          WNS(ns)      TNS(ns)  TNS Failing Endpoints  TNS Total Endpoints      WHS(ns)      THS(ns)  THS Failing Endpoints  THS Total Endpoints  
----------    --------          -------      -------  ---------------------  -------------------      -------      -------  ---------------------  -------------------  


------------------------------------------------------------------------------------------------
| Other Path Groups Table
| -----------------------
------------------------------------------------------------------------------------------------

Path Group    From Clock    To Clock          WNS(ns)      TNS(ns)  TNS Failing Endpoints  TNS Total Endpoints      WHS(ns)      THS(ns)  THS Failing Endpoints  THS Total Endpoints  
----------    ----------    --------          -------      -------  ---------------------  -------------------      -------      -------  ---------------------  -------------------  


------------------------------------------------------------------------------------------------
| Timing Details
| --------------
------------------------------------------------------------------------------------------------


---------------------------------------------------------------------------------------------------
From Clock:  clk
  To Clock:  clk

Setup :            0  Failing Endpoints,  Worst Slack        1.203ns,  Total Violation        0.000ns
Hold  :            0  Failing Endpoints,  Worst Slack        0.135ns,  Total Violation        0.000ns
PW    :            0  Failing Endpoints,  Worst Slack        4.500ns,  Total Violation        0.000ns
---------------------------------------------------------------------------------------------------


Max Delay Paths
--------------------------------------------------------------------------------------
Slack (MET) :             1.203ns  (required time - arrival time)
  Source:                 u_walk/qb_reg[16][0]/C
                            (rising edge-triggered cell FDRE clocked by clk  {rise@0.000ns fall@5.000ns period=10.000ns})
  Destination:            u_walk/sid_reg[13]/CE
                            (rising edge-triggered cell FDCE clocked by clk  {rise@0.000ns fall@5.000ns period=10.000ns})
  Path Group:             clk
  Path Type:              Setup (Max at Slow Process Corner)
  Requirement:            10.000ns  (clk rise@10.000ns - clk rise@0.000ns)
  Data Path Delay:        8.508ns  (logic 2.531ns (29.750%)  route 5.977ns (70.250%))
  Logic Levels:           8  (CARRY4=2 LUT4=2 LUT5=2 LUT6=2)
  Clock Path Skew:        -0.049ns (DCD - SCD + CPR)
    Destination Clock Delay (DCD):    0.924ns = ( 10.924 - 10.000 ) 
    Source Clock Delay      (SCD):    0.973ns
    Clock Pessimism Removal (CPR):    0.000ns
  Clock Uncertainty:      0.035ns  ((TSJ^2 + TIJ^2)^1/2 + DJ) / 2 + PE
    Total System Jitter     (TSJ):    0.071ns
    Total Input Jitter      (TIJ):    0.000ns
    Discrete Jitter          (DJ):    0.000ns
    Phase Error              (PE):    0.000ns

    Location             Delay type                Incr(ns)  Path(ns)    Netlist Resource(s)
  -------------------------------------------------------------------    -------------------
                         (clock clk rise edge)        0.000     0.000 r  <hidden>
                                                      0.000     0.000 r  clk
                         net (fo=902, unset)          0.973     0.973    u_walk/clk
    SLICE_X9Y112         FDRE                                         r  u_walk/qb_reg[16][0]/C
  -------------------------------------------------------------------    -------------------
    SLICE_X9Y112         FDRE (Prop_fdre_C_Q)         0.419     1.392 r  u_walk/qb_reg[16][0]/Q
                         net (fo=4, routed)           1.020     2.412    u_walk/p_0_in36_in[8]
    SLICE_X9Y117         LUT4 (Prop_lut4_I2_O)        0.299     2.711 r  u_walk/FSM_sequential_state[0]_i_201/O
                         net (fo=3, routed)           1.042     3.753    u_walk/FSM_sequential_state[0]_i_201_n_0
    SLICE_X13Y119        LUT5 (Prop_lut5_I4_O)        0.150     3.903 r  u_walk/FSM_sequential_state[0]_i_72/O
                         net (fo=2, routed)           0.734     4.638    u_walk/FSM_sequential_state[0]_i_72_n_0
    SLICE_X9Y119         LUT5 (Prop_lut5_I0_O)        0.326     4.964 r  u_walk/FSM_sequential_state[0]_i_23/O
                         net (fo=3, routed)           0.977     5.941    u_walk/FSM_sequential_state[0]_i_23_n_0
    SLICE_X10Y118        LUT6 (Prop_lut6_I1_O)        0.326     6.267 r  u_walk/FSM_sequential_state[0]_i_26/O
                         net (fo=1, routed)           0.635     6.902    u_walk/FSM_sequential_state[0]_i_26_n_0
    SLICE_X11Y118        LUT6 (Prop_lut6_I0_O)        0.124     7.026 r  u_walk/FSM_sequential_state[0]_i_12/O
                         net (fo=1, routed)           0.000     7.026    u_walk/FSM_sequential_state[0]_i_12_n_0
    SLICE_X11Y118        CARRY4 (Prop_carry4_S[3]_CO[3])
                                                      0.401     7.427 r  u_walk/FSM_sequential_state_reg[0]_i_7/CO[3]
                         net (fo=1, routed)           0.000     7.427    u_walk/FSM_sequential_state_reg[0]_i_7_n_0
    SLICE_X11Y119        CARRY4 (Prop_carry4_CI_CO[1])
                                                      0.157     7.584 f  u_walk/FSM_sequential_state_reg[0]_i_3/CO[1]
                         net (fo=4, routed)           0.893     8.477    u_walk/state21_in
    SLICE_X10Y109        LUT4 (Prop_lut4_I3_O)        0.329     8.806 r  u_walk/sid[31]_i_1__1/O
                         net (fo=37, routed)          0.675     9.481    u_walk/w_req
    SLICE_X9Y106         FDCE                                         r  u_walk/sid_reg[13]/CE
  -------------------------------------------------------------------    -------------------

                         (clock clk rise edge)       10.000    10.000 r  <hidden>
                                                      0.000    10.000 r  clk
                         net (fo=902, unset)          0.924    10.924    u_walk/clk
    SLICE_X9Y106         FDCE                                         r  u_walk/sid_reg[13]/C
                         clock pessimism              0.000    10.924    <hidden>
                         clock uncertainty           -0.035    10.889    <hidden>
    SLICE_X9Y106         FDCE (Setup_fdce_C_CE)      -0.205    10.684    u_walk/sid_reg[13]
  -------------------------------------------------------------------
                         required time                         10.684    <hidden>
                         arrival time                          -9.481    <hidden>
  -------------------------------------------------------------------
                         slack                                  1.203    <hidden>

Slack (MET) :             1.203ns  (required time - arrival time)
  Source:                 u_walk/qb_reg[16][0]/C
                            (rising edge-triggered cell FDRE clocked by clk  {rise@0.000ns fall@5.000ns period=10.000ns})
  Destination:            u_walk/sid_reg[18]/CE
                            (rising edge-triggered cell FDCE clocked by clk  {rise@0.000ns fall@5.000ns period=10.000ns})
  Path Group:             clk
  Path Type:              Setup (Max at Slow Process Corner)
  Requirement:            10.000ns  (clk rise@10.000ns - clk rise@0.000ns)
  Data Path Delay:        8.508ns  (logic 2.531ns (29.750%)  route 5.977ns (70.250%))
  Logic Levels:           8  (CARRY4=2 LUT4=2 LUT5=2 LUT6=2)
  Clock Path Skew:        -0.049ns (DCD - SCD + CPR)
    Destination Clock Delay (DCD):    0.924ns = ( 10.924 - 10.000 ) 
    Source Clock Delay      (SCD):    0.973ns
    Clock Pessimism Removal (CPR):    0.000ns
  Clock Uncertainty:      0.035ns  ((TSJ^2 + TIJ^2)^1/2 + DJ) / 2 + PE
    Total System Jitter     (TSJ):    0.071ns
    Total Input Jitter      (TIJ):    0.000ns
    Discrete Jitter          (DJ):    0.000ns
    Phase Error              (PE):    0.000ns

    Location             Delay type                Incr(ns)  Path(ns)    Netlist Resource(s)
  -------------------------------------------------------------------    -------------------
                         (clock clk rise edge)        0.000     0.000 r  <hidden>
                                                      0.000     0.000 r  clk
                         net (fo=902, unset)          0.973     0.973    u_walk/clk
    SLICE_X9Y112         FDRE                                         r  u_walk/qb_reg[16][0]/C
  -------------------------------------------------------------------    -------------------
    SLICE_X9Y112         FDRE (Prop_fdre_C_Q)         0.419     1.392 r  u_walk/qb_reg[16][0]/Q
                         net (fo=4, routed)           1.020     2.412    u_walk/p_0_in36_in[8]
    SLICE_X9Y117         LUT4 (Prop_lut4_I2_O)        0.299     2.711 r  u_walk/FSM_sequential_state[0]_i_201/O
                         net (fo=3, routed)           1.042     3.753    u_walk/FSM_sequential_state[0]_i_201_n_0
    SLICE_X13Y119        LUT5 (Prop_lut5_I4_O)        0.150     3.903 r  u_walk/FSM_sequential_state[0]_i_72/O
                         net (fo=2, routed)           0.734     4.638    u_walk/FSM_sequential_state[0]_i_72_n_0
    SLICE_X9Y119         LUT5 (Prop_lut5_I0_O)        0.326     4.964 r  u_walk/FSM_sequential_state[0]_i_23/O
                         net (fo=3, routed)           0.977     5.941    u_walk/FSM_sequential_state[0]_i_23_n_0
    SLICE_X10Y118        LUT6 (Prop_lut6_I1_O)        0.326     6.267 r  u_walk/FSM_sequential_state[0]_i_26/O
                         net (fo=1, routed)           0.635     6.902    u_walk/FSM_sequential_state[0]_i_26_n_0
    SLICE_X11Y118        LUT6 (Prop_lut6_I0_O)        0.124     7.026 r  u_walk/FSM_sequential_state[0]_i_12/O
                         net (fo=1, routed)           0.000     7.026    u_walk/FSM_sequential_state[0]_i_12_n_0
    SLICE_X11Y118        CARRY4 (Prop_carry4_S[3]_CO[3])
                                                      0.401     7.427 r  u_walk/FSM_sequential_state_reg[0]_i_7/CO[3]
                         net (fo=1, routed)           0.000     7.427    u_walk/FSM_sequential_state_reg[0]_i_7_n_0
    SLICE_X11Y119        CARRY4 (Prop_carry4_CI_CO[1])
                                                      0.157     7.584 f  u_walk/FSM_sequential_state_reg[0]_i_3/CO[1]
                         net (fo=4, routed)           0.893     8.477    u_walk/state21_in
    SLICE_X10Y109        LUT4 (Prop_lut4_I3_O)        0.329     8.806 r  u_walk/sid[31]_i_1__1/O
                         net (fo=37, routed)          0.675     9.481    u_walk/w_req
    SLICE_X9Y106         FDCE                                         r  u_walk/sid_reg[18]/CE
  -------------------------------------------------------------------    -------------------

                         (clock clk rise edge)       10.000    10.000 r  <hidden>
                                                      0.000    10.000 r  clk
                         net (fo=902, unset)          0.924    10.924    u_walk/clk
    SLICE_X9Y106         FDCE                                         r  u_walk/sid_reg[18]/C
                         clock pessimism              0.000    10.924    <hidden>
                         clock uncertainty           -0.035    10.889    <hidden>
    SLICE_X9Y106         FDCE (Setup_fdce_C_CE)      -0.205    10.684    u_walk/sid_reg[18]
  -------------------------------------------------------------------
                         required time                         10.684    <hidden>
                         arrival time                          -9.481    <hidden>
  -------------------------------------------------------------------
                         slack                                  1.203    <hidden>

Slack (MET) :             1.203ns  (required time - arrival time)
  Source:                 u_walk/qb_reg[16][0]/C
                            (rising edge-triggered cell FDRE clocked by clk  {rise@0.000ns fall@5.000ns period=10.000ns})
  Destination:            u_walk/sid_reg[24]/CE
                            (rising edge-triggered cell FDCE clocked by clk  {rise@0.000ns fall@5.000ns period=10.000ns})
  Path Group:             clk
  Path Type:              Setup (Max at Slow Process Corner)
  Requirement:            10.000ns  (clk rise@10.000ns - clk rise@0.000ns)
  Data Path Delay:        8.508ns  (logic 2.531ns (29.750%)  route 5.977ns (70.250%))
  Logic Levels:           8  (CARRY4=2 LUT4=2 LUT5=2 LUT6=2)
  Clock Path Skew:        -0.049ns (DCD - SCD + CPR)
    Destination Clock Delay (DCD):    0.924ns = ( 10.924 - 10.000 ) 
    Source Clock Delay      (SCD):    0.973ns
    Clock Pessimism Removal (CPR):    0.000ns
  Clock Uncertainty:      0.035ns  ((TSJ^2 + TIJ^2)^1/2 + DJ) / 2 + PE
    Total System Jitter     (TSJ):    0.071ns
    Total Input Jitter      (TIJ):    0.000ns
    Discrete Jitter          (DJ):    0.000ns
    Phase Error              (PE):    0.000ns

    Location             Delay type                Incr(ns)  Path(ns)    Netlist Resource(s)
  -------------------------------------------------------------------    -------------------
                         (clock clk rise edge)        0.000     0.000 r  <hidden>
                                                      0.000     0.000 r  clk
                         net (fo=902, unset)          0.973     0.973    u_walk/clk
    SLICE_X9Y112         FDRE                                         r  u_walk/qb_reg[16][0]/C
  -------------------------------------------------------------------    -------------------
    SLICE_X9Y112         FDRE (Prop_fdre_C_Q)         0.419     1.392 r  u_walk/qb_reg[16][0]/Q
                         net (fo=4, routed)           1.020     2.412    u_walk/p_0_in36_in[8]
    SLICE_X9Y117         LUT4 (Prop_lut4_I2_O)        0.299     2.711 r  u_walk/FSM_sequential_state[0]_i_201/O
                         net (fo=3, routed)           1.042     3.753    u_walk/FSM_sequential_state[0]_i_201_n_0
    SLICE_X13Y119        LUT5 (Prop_lut5_I4_O)        0.150     3.903 r  u_walk/FSM_sequential_state[0]_i_72/O
                         net (fo=2, routed)           0.734     4.638    u_walk/FSM_sequential_state[0]_i_72_n_0
    SLICE_X9Y119         LUT5 (Prop_lut5_I0_O)        0.326     4.964 r  u_walk/FSM_sequential_state[0]_i_23/O
                         net (fo=3, routed)           0.977     5.941    u_walk/FSM_sequential_state[0]_i_23_n_0
    SLICE_X10Y118        LUT6 (Prop_lut6_I1_O)        0.326     6.267 r  u_walk/FSM_sequential_state[0]_i_26/O
                         net (fo=1, routed)           0.635     6.902    u_walk/FSM_sequential_state[0]_i_26_n_0
    SLICE_X11Y118        LUT6 (Prop_lut6_I0_O)        0.124     7.026 r  u_walk/FSM_sequential_state[0]_i_12/O
                         net (fo=1, routed)           0.000     7.026    u_walk/FSM_sequential_state[0]_i_12_n_0
    SLICE_X11Y118        CARRY4 (Prop_carry4_S[3]_CO[3])
                                                      0.401     7.427 r  u_walk/FSM_sequential_state_reg[0]_i_7/CO[3]
                         net (fo=1, routed)           0.000     7.427    u_walk/FSM_sequential_state_reg[0]_i_7_n_0
    SLICE_X11Y119        CARRY4 (Prop_carry4_CI_CO[1])
                                                      0.157     7.584 f  u_walk/FSM_sequential_state_reg[0]_i_3/CO[1]
                         net (fo=4, routed)           0.893     8.477    u_walk/state21_in
    SLICE_X10Y109        LUT4 (Prop_lut4_I3_O)        0.329     8.806 r  u_walk/sid[31]_i_1__1/O
                         net (fo=37, routed)          0.675     9.481    u_walk/w_req
    SLICE_X9Y106         FDCE                                         r  u_walk/sid_reg[24]/CE
  -------------------------------------------------------------------    -------------------

                         (clock clk rise edge)       10.000    10.000 r  <hidden>
                                                      0.000    10.000 r  clk
                         net (fo=902, unset)          0.924    10.924    u_walk/clk
    SLICE_X9Y106         FDCE                                         r  u_walk/sid_reg[24]/C
                         clock pessimism              0.000    10.924    <hidden>
                         clock uncertainty           -0.035    10.889    <hidden>
    SLICE_X9Y106         FDCE (Setup_fdce_C_CE)      -0.205    10.684    u_walk/sid_reg[24]
  -------------------------------------------------------------------
                         required time                         10.684    <hidden>
                         arrival time                          -9.481    <hidden>
  -------------------------------------------------------------------
                         slack                                  1.203    <hidden>

Slack (MET) :             1.203ns  (required time - arrival time)
  Source:                 u_walk/qb_reg[16][0]/C
                            (rising edge-triggered cell FDRE clocked by clk  {rise@0.000ns fall@5.000ns period=10.000ns})
  Destination:            u_walk/sid_reg[6]/CE
                            (rising edge-triggered cell FDCE clocked by clk  {rise@0.000ns fall@5.000ns period=10.000ns})
  Path Group:             clk
  Path Type:              Setup (Max at Slow Process Corner)
  Requirement:            10.000ns  (clk rise@10.000ns - clk rise@0.000ns)
  Data Path Delay:        8.508ns  (logic 2.531ns (29.750%)  route 5.977ns (70.250%))
  Logic Levels:           8  (CARRY4=2 LUT4=2 LUT5=2 LUT6=2)
  Clock Path Skew:        -0.049ns (DCD - SCD + CPR)
    Destination Clock Delay (DCD):    0.924ns = ( 10.924 - 10.000 ) 
    Source Clock Delay      (SCD):    0.973ns
    Clock Pessimism Removal (CPR):    0.000ns
  Clock Uncertainty:      0.035ns  ((TSJ^2 + TIJ^2)^1/2 + DJ) / 2 + PE
    Total System Jitter     (TSJ):    0.071ns
    Total Input Jitter      (TIJ):    0.000ns
    Discrete Jitter          (DJ):    0.000ns
    Phase Error              (PE):    0.000ns

    Location             Delay type                Incr(ns)  Path(ns)    Netlist Resource(s)
  -------------------------------------------------------------------    -------------------
                         (clock clk rise edge)        0.000     0.000 r  <hidden>
                                                      0.000     0.000 r  clk
                         net (fo=902, unset)          0.973     0.973    u_walk/clk
    SLICE_X9Y112         FDRE                                         r  u_walk/qb_reg[16][0]/C
  -------------------------------------------------------------------    -------------------
    SLICE_X9Y112         FDRE (Prop_fdre_C_Q)         0.419     1.392 r  u_walk/qb_reg[16][0]/Q
                         net (fo=4, routed)           1.020     2.412    u_walk/p_0_in36_in[8]
    SLICE_X9Y117         LUT4 (Prop_lut4_I2_O)        0.299     2.711 r  u_walk/FSM_sequential_state[0]_i_201/O
                         net (fo=3, routed)           1.042     3.753    u_walk/FSM_sequential_state[0]_i_201_n_0
    SLICE_X13Y119        LUT5 (Prop_lut5_I4_O)        0.150     3.903 r  u_walk/FSM_sequential_state[0]_i_72/O
                         net (fo=2, routed)           0.734     4.638    u_walk/FSM_sequential_state[0]_i_72_n_0
    SLICE_X9Y119         LUT5 (Prop_lut5_I0_O)        0.326     4.964 r  u_walk/FSM_sequential_state[0]_i_23/O
                         net (fo=3, routed)           0.977     5.941    u_walk/FSM_sequential_state[0]_i_23_n_0
    SLICE_X10Y118        LUT6 (Prop_lut6_I1_O)        0.326     6.267 r  u_walk/FSM_sequential_state[0]_i_26/O
                         net (fo=1, routed)           0.635     6.902    u_walk/FSM_sequential_state[0]_i_26_n_0
    SLICE_X11Y118        LUT6 (Prop_lut6_I0_O)        0.124     7.026 r  u_walk/FSM_sequential_state[0]_i_12/O
                         net (fo=1, routed)           0.000     7.026    u_walk/FSM_sequential_state[0]_i_12_n_0
    SLICE_X11Y118        CARRY4 (Prop_carry4_S[3]_CO[3])
                                                      0.401     7.427 r  u_walk/FSM_sequential_state_reg[0]_i_7/CO[3]
                         net (fo=1, routed)           0.000     7.427    u_walk/FSM_sequential_state_reg[0]_i_7_n_0
    SLICE_X11Y119        CARRY4 (Prop_carry4_CI_CO[1])
                                                      0.157     7.584 f  u_walk/FSM_sequential_state_reg[0]_i_3/CO[1]
                         net (fo=4, routed)           0.893     8.477    u_walk/state21_in
    SLICE_X10Y109        LUT4 (Prop_lut4_I3_O)        0.329     8.806 r  u_walk/sid[31]_i_1__1/O
                         net (fo=37, routed)          0.675     9.481    u_walk/w_req
    SLICE_X9Y106         FDCE                                         r  u_walk/sid_reg[6]/CE
  -------------------------------------------------------------------    -------------------

                         (clock clk rise edge)       10.000    10.000 r  <hidden>
                                                      0.000    10.000 r  clk
                         net (fo=902, unset)          0.924    10.924    u_walk/clk
    SLICE_X9Y106         FDCE                                         r  u_walk/sid_reg[6]/C
                         clock pessimism              0.000    10.924    <hidden>
                         clock uncertainty           -0.035    10.889    <hidden>
    SLICE_X9Y106         FDCE (Setup_fdce_C_CE)      -0.205    10.684    u_walk/sid_reg[6]
  -------------------------------------------------------------------
                         required time                         10.684    <hidden>
                         arrival time                          -9.481    <hidden>
  -------------------------------------------------------------------
                         slack                                  1.203    <hidden>

Slack (MET) :             1.239ns  (required time - arrival time)
  Source:                 u_walk/qb_reg[16][0]/C
                            (rising edge-triggered cell FDRE clocked by clk  {rise@0.000ns fall@5.000ns period=10.000ns})
  Destination:            u_walk/sid_reg[11]/CE
                            (rising edge-triggered cell FDCE clocked by clk  {rise@0.000ns fall@5.000ns period=10.000ns})
  Path Group:             clk
  Path Type:              Setup (Max at Slow Process Corner)
  Requirement:            10.000ns  (clk rise@10.000ns - clk rise@0.000ns)
  Data Path Delay:        8.508ns  (logic 2.531ns (29.750%)  route 5.977ns (70.250%))
  Logic Levels:           8  (CARRY4=2 LUT4=2 LUT5=2 LUT6=2)
  Clock Path Skew:        -0.049ns (DCD - SCD + CPR)
    Destination Clock Delay (DCD):    0.924ns = ( 10.924 - 10.000 ) 
    Source Clock Delay      (SCD):    0.973ns
    Clock Pessimism Removal (CPR):    0.000ns
  Clock Uncertainty:      0.035ns  ((TSJ^2 + TIJ^2)^1/2 + DJ) / 2 + PE
    Total System Jitter     (TSJ):    0.071ns
    Total Input Jitter      (TIJ):    0.000ns
    Discrete Jitter          (DJ):    0.000ns
    Phase Error              (PE):    0.000ns

    Location             Delay type                Incr(ns)  Path(ns)    Netlist Resource(s)
  -------------------------------------------------------------------    -------------------
                         (clock clk rise edge)        0.000     0.000 r  <hidden>
                                                      0.000     0.000 r  clk
                         net (fo=902, unset)          0.973     0.973    u_walk/clk
    SLICE_X9Y112         FDRE                                         r  u_walk/qb_reg[16][0]/C
  -------------------------------------------------------------------    -------------------
    SLICE_X9Y112         FDRE (Prop_fdre_C_Q)         0.419     1.392 r  u_walk/qb_reg[16][0]/Q
                         net (fo=4, routed)           1.020     2.412    u_walk/p_0_in36_in[8]
    SLICE_X9Y117         LUT4 (Prop_lut4_I2_O)        0.299     2.711 r  u_walk/FSM_sequential_state[0]_i_201/O
                         net (fo=3, routed)           1.042     3.753    u_walk/FSM_sequential_state[0]_i_201_n_0
    SLICE_X13Y119        LUT5 (Prop_lut5_I4_O)        0.150     3.903 r  u_walk/FSM_sequential_state[0]_i_72/O
                         net (fo=2, routed)           0.734     4.638    u_walk/FSM_sequential_state[0]_i_72_n_0
    SLICE_X9Y119         LUT5 (Prop_lut5_I0_O)        0.326     4.964 r  u_walk/FSM_sequential_state[0]_i_23/O
                         net (fo=3, routed)           0.977     5.941    u_walk/FSM_sequential_state[0]_i_23_n_0
    SLICE_X10Y118        LUT6 (Prop_lut6_I1_O)        0.326     6.267 r  u_walk/FSM_sequential_state[0]_i_26/O
                         net (fo=1, routed)           0.635     6.902    u_walk/FSM_sequential_state[0]_i_26_n_0
    SLICE_X11Y118        LUT6 (Prop_lut6_I0_O)        0.124     7.026 r  u_walk/FSM_sequential_state[0]_i_12/O
                         net (fo=1, routed)           0.000     7.026    u_walk/FSM_sequential_state[0]_i_12_n_0
    SLICE_X11Y118        CARRY4 (Prop_carry4_S[3]_CO[3])
                                                      0.401     7.427 r  u_walk/FSM_sequential_state_reg[0]_i_7/CO[3]
                         net (fo=1, routed)           0.000     7.427    u_walk/FSM_sequential_state_reg[0]_i_7_n_0
    SLICE_X11Y119        CARRY4 (Prop_carry4_CI_CO[1])
                                                      0.157     7.584 f  u_walk/FSM_sequential_state_reg[0]_i_3/CO[1]
                         net (fo=4, routed)           0.893     8.477    u_walk/state21_in
    SLICE_X10Y109        LUT4 (Prop_lut4_I3_O)        0.329     8.806 r  u_walk/sid[31]_i_1__1/O
                         net (fo=37, routed)          0.675     9.481    u_walk/w_req
    SLICE_X8Y106         FDCE                                         r  u_walk/sid_reg[11]/CE
  -------------------------------------------------------------------    -------------------

                         (clock clk rise edge)       10.000    10.000 r  <hidden>
                                                      0.000    10.000 r  clk
                         net (fo=902, unset)          0.924    10.924    u_walk/clk
    SLICE_X8Y106         FDCE                                         r  u_walk/sid_reg[11]/C
                         clock pessimism              0.000    10.924    <hidden>
                         clock uncertainty           -0.035    10.889    <hidden>
    SLICE_X8Y106         FDCE (Setup_fdce_C_CE)      -0.169    10.720    u_walk/sid_reg[11]
  -------------------------------------------------------------------
                         required time                         10.720    <hidden>
                         arrival time                          -9.481    <hidden>
  -------------------------------------------------------------------
                         slack                                  1.239    <hidden>





Min Delay Paths
--------------------------------------------------------------------------------------
Slack (MET) :             0.135ns  (arrival time - required time)
  Source:                 u_walk/sid_reg[14]/C
                            (rising edge-triggered cell FDCE clocked by clk  {rise@0.000ns fall@5.000ns period=10.000ns})
  Destination:            u_walk/u_walk/cur_reg[14]/D
                            (rising edge-triggered cell FDRE clocked by clk  {rise@0.000ns fall@5.000ns period=10.000ns})
  Path Group:             clk
  Path Type:              Hold (Min at Fast Process Corner)
  Requirement:            0.000ns  (clk rise@0.000ns - clk rise@0.000ns)
  Data Path Delay:        0.277ns  (logic 0.186ns (67.123%)  route 0.091ns (32.877%))
  Logic Levels:           1  (LUT3=1)
  Clock Path Skew:        0.022ns (DCD - SCD - CPR)
    Destination Clock Delay (DCD):    0.432ns
    Source Clock Delay      (SCD):    0.410ns
    Clock Pessimism Removal (CPR):    -0.000ns

    Location             Delay type                Incr(ns)  Path(ns)    Netlist Resource(s)
  -------------------------------------------------------------------    -------------------
                         (clock clk rise edge)        0.000     0.000 r  <hidden>
                                                      0.000     0.000 r  clk
                         net (fo=902, unset)          0.410     0.410    u_walk/clk
    SLICE_X11Y106        FDCE                                         r  u_walk/sid_reg[14]/C
  -------------------------------------------------------------------    -------------------
    SLICE_X11Y106        FDCE (Prop_fdce_C_Q)         0.141     0.551 r  u_walk/sid_reg[14]/Q
                         net (fo=1, routed)           0.091     0.642    u_walk/u_walk/walk/cur_reg[31][14]
    SLICE_X10Y106        LUT3 (Prop_lut3_I2_O)        0.045     0.687 r  u_walk/u_walk/walk/cur[14]_i_1/O
                         net (fo=1, routed)           0.000     0.687    u_walk/u_walk/cur0_in[14]
    SLICE_X10Y106        FDRE                                         r  u_walk/u_walk/cur_reg[14]/D
  -------------------------------------------------------------------    -------------------

                         (clock clk rise edge)        0.000     0.000 r  <hidden>
                                                      0.000     0.000 r  clk
                         net (fo=902, unset)          0.432     0.432    u_walk/u_walk/clk
    SLICE_X10Y106        FDRE                                         r  u_walk/u_walk/cur_reg[14]/C
                         clock pessimism              0.000     0.432    <hidden>
    SLICE_X10Y106        FDRE (Hold_fdre_C_D)         0.121     0.553    u_walk/u_walk/cur_reg[14]
  -------------------------------------------------------------------
                         required time                         -0.553    <hidden>
                         arrival time                           0.687    <hidden>
  -------------------------------------------------------------------
                         slack                                  0.135    <hidden>

Slack (MET) :             0.149ns  (arrival time - required time)
  Source:                 qb_reg[18][5]/C
                            (rising edge-triggered cell FDRE clocked by clk  {rise@0.000ns fall@5.000ns period=10.000ns})
  Destination:            u_walk/qb_reg[18][5]/D
                            (rising edge-triggered cell FDRE clocked by clk  {rise@0.000ns fall@5.000ns period=10.000ns})
  Path Group:             clk
  Path Type:              Hold (Min at Fast Process Corner)
  Requirement:            0.000ns  (clk rise@0.000ns - clk rise@0.000ns)
  Data Path Delay:        0.241ns  (logic 0.141ns (58.505%)  route 0.100ns (41.495%))
  Logic Levels:           0  
  Clock Path Skew:        0.022ns (DCD - SCD - CPR)
    Destination Clock Delay (DCD):    0.432ns
    Source Clock Delay      (SCD):    0.410ns
    Clock Pessimism Removal (CPR):    -0.000ns

    Location             Delay type                Incr(ns)  Path(ns)    Netlist Resource(s)
  -------------------------------------------------------------------    -------------------
                         (clock clk rise edge)        0.000     0.000 r  <hidden>
                                                      0.000     0.000 r  clk
                         net (fo=902, unset)          0.410     0.410    clk
    SLICE_X15Y123        FDRE                                         r  qb_reg[18][5]/C
  -------------------------------------------------------------------    -------------------
    SLICE_X15Y123        FDRE (Prop_fdre_C_Q)         0.141     0.551 r  qb_reg[18][5]/Q
                         net (fo=1, routed)           0.100     0.651    u_walk/qb_reg[18][7]_0[5]
    SLICE_X13Y123        FDRE                                         r  u_walk/qb_reg[18][5]/D
  -------------------------------------------------------------------    -------------------

                         (clock clk rise edge)        0.000     0.000 r  <hidden>
                                                      0.000     0.000 r  clk
                         net (fo=902, unset)          0.432     0.432    u_walk/clk
    SLICE_X13Y123        FDRE                                         r  u_walk/qb_reg[18][5]/C
                         clock pessimism              0.000     0.432    <hidden>
    SLICE_X13Y123        FDRE (Hold_fdre_C_D)         0.070     0.502    u_walk/qb_reg[18][5]
  -------------------------------------------------------------------
                         required time                         -0.502    <hidden>
                         arrival time                           0.651    <hidden>
  -------------------------------------------------------------------
                         slack                                  0.149    <hidden>

Slack (MET) :             0.154ns  (arrival time - required time)
  Source:                 u_walk/u_walk/walk/dir/idx_reg_rep[2]/C
                            (rising edge-triggered cell FDCE clocked by clk  {rise@0.000ns fall@5.000ns period=10.000ns})
  Destination:            u_walk/u_walk/walk/dir/rom_q_reg_1/ADDRARDADDR[7]
                            (rising edge-triggered cell RAMB36E1 clocked by clk  {rise@0.000ns fall@5.000ns period=10.000ns})
  Path Group:             clk
  Path Type:              Hold (Min at Fast Process Corner)
  Requirement:            0.000ns  (clk rise@0.000ns - clk rise@0.000ns)
  Data Path Delay:        0.358ns  (logic 0.164ns (45.796%)  route 0.194ns (54.204%))
  Logic Levels:           0  
  Clock Path Skew:        0.022ns (DCD - SCD - CPR)
    Destination Clock Delay (DCD):    0.432ns
    Source Clock Delay      (SCD):    0.410ns
    Clock Pessimism Removal (CPR):    -0.000ns

    Location             Delay type                Incr(ns)  Path(ns)    Netlist Resource(s)
  -------------------------------------------------------------------    -------------------
                         (clock clk rise edge)        0.000     0.000 r  <hidden>
                                                      0.000     0.000 r  clk
                         net (fo=902, unset)          0.410     0.410    u_walk/u_walk/walk/dir/clk
    SLICE_X8Y88          FDCE                                         r  u_walk/u_walk/walk/dir/idx_reg_rep[2]/C
  -------------------------------------------------------------------    -------------------
    SLICE_X8Y88          FDCE (Prop_fdce_C_Q)         0.164     0.574 r  u_walk/u_walk/walk/dir/idx_reg_rep[2]/Q
                         net (fo=10, routed)          0.194     0.768    u_walk/u_walk/walk/dir/idx_reg_rep_n_0_[2]
    RAMB36_X0Y17         RAMB36E1                                     r  u_walk/u_walk/walk/dir/rom_q_reg_1/ADDRARDADDR[7]
  -------------------------------------------------------------------    -------------------

                         (clock clk rise edge)        0.000     0.000 r  <hidden>
                                                      0.000     0.000 r  clk
                         net (fo=902, unset)          0.432     0.432    u_walk/u_walk/walk/dir/clk
    RAMB36_X0Y17         RAMB36E1                                     r  u_walk/u_walk/walk/dir/rom_q_reg_1/CLKARDCLK
                         clock pessimism              0.000     0.432    <hidden>
    RAMB36_X0Y17         RAMB36E1 (Hold_ramb36e1_CLKARDCLK_ADDRARDADDR[7])
                                                      0.183     0.615    u_walk/u_walk/walk/dir/rom_q_reg_1
  -------------------------------------------------------------------
                         required time                         -0.615    <hidden>
                         arrival time                           0.768    <hidden>
  -------------------------------------------------------------------
                         slack                                  0.154    <hidden>

Slack (MET) :             0.156ns  (arrival time - required time)
  Source:                 qb_reg[15][6]/C
                            (rising edge-triggered cell FDRE clocked by clk  {rise@0.000ns fall@5.000ns period=10.000ns})
  Destination:            u_walk/qb_reg[15][6]/D
                            (rising edge-triggered cell FDRE clocked by clk  {rise@0.000ns fall@5.000ns period=10.000ns})
  Path Group:             clk
  Path Type:              Hold (Min at Fast Process Corner)
  Requirement:            0.000ns  (clk rise@0.000ns - clk rise@0.000ns)
  Data Path Delay:        0.253ns  (logic 0.141ns (55.648%)  route 0.112ns (44.352%))
  Logic Levels:           0  
  Clock Path Skew:        0.022ns (DCD - SCD - CPR)
    Destination Clock Delay (DCD):    0.432ns
    Source Clock Delay      (SCD):    0.410ns
    Clock Pessimism Removal (CPR):    -0.000ns

    Location             Delay type                Incr(ns)  Path(ns)    Netlist Resource(s)
  -------------------------------------------------------------------    -------------------
                         (clock clk rise edge)        0.000     0.000 r  <hidden>
                                                      0.000     0.000 r  clk
                         net (fo=902, unset)          0.410     0.410    clk
    SLICE_X13Y108        FDRE                                         r  qb_reg[15][6]/C
  -------------------------------------------------------------------    -------------------
    SLICE_X13Y108        FDRE (Prop_fdre_C_Q)         0.141     0.551 r  qb_reg[15][6]/Q
                         net (fo=1, routed)           0.112     0.664    u_walk/qb_reg[15][7]_0[6]
    SLICE_X12Y108        FDRE                                         r  u_walk/qb_reg[15][6]/D
  -------------------------------------------------------------------    -------------------

                         (clock clk rise edge)        0.000     0.000 r  <hidden>
                                                      0.000     0.000 r  clk
                         net (fo=902, unset)          0.432     0.432    u_walk/clk
    SLICE_X12Y108        FDRE                                         r  u_walk/qb_reg[15][6]/C
                         clock pessimism              0.000     0.432    <hidden>
    SLICE_X12Y108        FDRE (Hold_fdre_C_D)         0.076     0.508    u_walk/qb_reg[15][6]
  -------------------------------------------------------------------
                         required time                         -0.508    <hidden>
                         arrival time                           0.664    <hidden>
  -------------------------------------------------------------------
                         slack                                  0.156    <hidden>

Slack (MET) :             0.157ns  (arrival time - required time)
  Source:                 qb_reg[29][2]/C
                            (rising edge-triggered cell FDRE clocked by clk  {rise@0.000ns fall@5.000ns period=10.000ns})
  Destination:            u_walk/qb_reg[29][2]/D
                            (rising edge-triggered cell FDRE clocked by clk  {rise@0.000ns fall@5.000ns period=10.000ns})
  Path Group:             clk
  Path Type:              Hold (Min at Fast Process Corner)
  Requirement:            0.000ns  (clk rise@0.000ns - clk rise@0.000ns)
  Data Path Delay:        0.251ns  (logic 0.141ns (56.174%)  route 0.110ns (43.826%))
  Logic Levels:           0  
  Clock Path Skew:        0.022ns (DCD - SCD - CPR)
    Destination Clock Delay (DCD):    0.432ns
    Source Clock Delay      (SCD):    0.410ns
    Clock Pessimism Removal (CPR):    -0.000ns

    Location             Delay type                Incr(ns)  Path(ns)    Netlist Resource(s)
  -------------------------------------------------------------------    -------------------
                         (clock clk rise edge)        0.000     0.000 r  <hidden>
                                                      0.000     0.000 r  clk
                         net (fo=902, unset)          0.410     0.410    clk
    SLICE_X11Y126        FDRE                                         r  qb_reg[29][2]/C
  -------------------------------------------------------------------    -------------------
    SLICE_X11Y126        FDRE (Prop_fdre_C_Q)         0.141     0.551 r  qb_reg[29][2]/Q
                         net (fo=1, routed)           0.110     0.661    u_walk/qb_reg[29][7]_0[2]
    SLICE_X11Y125        FDRE                                         r  u_walk/qb_reg[29][2]/D
  -------------------------------------------------------------------    -------------------

                         (clock clk rise edge)        0.000     0.000 r  <hidden>
                                                      0.000     0.000 r  clk
                         net (fo=902, unset)          0.432     0.432    u_walk/clk
    SLICE_X11Y125        FDRE                                         r  u_walk/qb_reg[29][2]/C
                         clock pessimism              0.000     0.432    <hidden>
    SLICE_X11Y125        FDRE (Hold_fdre_C_D)         0.072     0.504    u_walk/qb_reg[29][2]
  -------------------------------------------------------------------
                         required time                         -0.504    <hidden>
                         arrival time                           0.661    <hidden>
  -------------------------------------------------------------------
                         slack                                  0.157    <hidden>





Pulse Width Checks
--------------------------------------------------------------------------------------
Clock Name:         clk
Waveform(ns):       { 0.000 5.000 }
Period(ns):         10.000
Sources:            { clk }

Check Type        Corner  Lib Pin             Reference Pin  Required(ns)  Actual(ns)  Slack(ns)  Location       Pin
Min Period        n/a     RAMB36E1/CLKARDCLK  n/a            2.576         10.000      7.424      RAMB36_X0Y21   u_walk/u_walk/walk/post_q_reg_0/CLKARDCLK
Min Period        n/a     RAMB36E1/CLKARDCLK  n/a            2.576         10.000      7.424      RAMB36_X0Y20   u_walk/u_walk/walk/post_q_reg_1/CLKARDCLK
Min Period        n/a     RAMB18E1/CLKARDCLK  n/a            2.576         10.000      7.424      RAMB18_X0Y38   u_walk/u_walk/walk/post_q_reg_2/CLKARDCLK
Min Period        n/a     RAMB36E1/CLKARDCLK  n/a            2.576         10.000      7.424      RAMB36_X0Y18   u_walk/u_walk/walk/dir/rom_q_reg_0/CLKARDCLK
Min Period        n/a     RAMB36E1/CLKBWRCLK  n/a            2.576         10.000      7.424      RAMB36_X0Y18   u_walk/u_walk/walk/dir/rom_q_reg_0/CLKBWRCLK
Low Pulse Width   Slow    FDCE/C              n/a            0.500         5.000       4.500      SLICE_X10Y108  FSM_sequential_state_reg[0]/C
Low Pulse Width   Fast    FDCE/C              n/a            0.500         5.000       4.500      SLICE_X10Y108  FSM_sequential_state_reg[0]/C
Low Pulse Width   Slow    FDCE/C              n/a            0.500         5.000       4.500      SLICE_X10Y108  FSM_sequential_state_reg[1]/C
Low Pulse Width   Fast    FDCE/C              n/a            0.500         5.000       4.500      SLICE_X10Y108  FSM_sequential_state_reg[1]/C
Low Pulse Width   Slow    FDRE/C              n/a            0.500         5.000       4.500      SLICE_X14Y124  qb_reg[0][0]/C
High Pulse Width  Slow    FDCE/C              n/a            0.500         5.000       4.500      SLICE_X10Y108  FSM_sequential_state_reg[0]/C
High Pulse Width  Fast    FDCE/C              n/a            0.500         5.000       4.500      SLICE_X10Y108  FSM_sequential_state_reg[0]/C
High Pulse Width  Slow    FDCE/C              n/a            0.500         5.000       4.500      SLICE_X10Y108  FSM_sequential_state_reg[1]/C
High Pulse Width  Fast    FDCE/C              n/a            0.500         5.000       4.500      SLICE_X10Y108  FSM_sequential_state_reg[1]/C
High Pulse Width  Slow    FDRE/C              n/a            0.500         5.000       4.500      SLICE_X14Y124  qb_reg[0][0]/C



