Copyright 1986-2022 Xilinx, Inc. All Rights Reserved. Copyright 2022-2026 Advanced Micro Devices, Inc. All Rights Reserved.
---------------------------------------------------------------------------------------------------------------------------------------------
| Tool Version : Vivado v.2026.1 (win64) Build 6511674 Tue Jun 16 11:02:23 MDT 2026
| Date         : Thu Sep 17 00:02:49 2026
| Host         : laptop-Quan running 64-bit major release  (build 9200)
| Command      : report_timing_summary -delay_type min_max -max_paths 5 -file D:/FPGA/arty_d/m4_query_result_ooc/reports/timing.rpt
| Design       : query_result_bind
| Device       : 7a100t-csg324
| Speed File   : -1  PRODUCTION 1.23 2018-06-13
| Design State : Synthesized
---------------------------------------------------------------------------------------------------------------------------------------------

Timing Summary Report

------------------------------------------------------------------------------------------------
| Timer Settings
| --------------
------------------------------------------------------------------------------------------------

  Enable Multi Corner Analysis               :  Yes
  Enable Pessimism Removal                   :  Yes
  Pessimism Removal Resolution               :  Nearest Common Node
  Enable Input Delay Default Clock           :  No
  Enable Preset / Clear Arcs                 :  No
  Disable Flight Delays                      :  No
  Ignore I/O Paths                           :  No
  Timing Early Launch at Borrowing Latches   :  No
  Borrow Time for Max Delay Exceptions       :  Yes
  Merge Timing Exceptions                    :  Yes
  Inter-SLR Compensation                     :  Conservative

  Corner  Analyze    Analyze    
  Name    Max Paths  Min Paths  
  ------  ---------  ---------  
  Slow    Yes        Yes        
  Fast    Yes        Yes        


------------------------------------------------------------------------------------------------
| Report Methodology
| ------------------
------------------------------------------------------------------------------------------------

No report available as report_methodology has not been run prior. Run report_methodology on the current design for the summary of methodology violations.



check_timing report

Table of Contents
-----------------
1. checking no_clock (0)
2. checking constant_clock (0)
3. checking pulse_width_clock (0)
4. checking unconstrained_internal_endpoints (0)
5. checking no_input_delay (291)
6. checking no_output_delay (98)
7. checking multiple_clock (0)
8. checking generated_clocks (0)
9. checking loops (0)
10. checking partial_input_delay (0)
11. checking partial_output_delay (0)
12. checking latch_loops (0)

1. checking no_clock (0)
------------------------
 There are 0 register/latch pins with no clock.


2. checking constant_clock (0)
------------------------------
 There are 0 register/latch pins with constant_clock.


3. checking pulse_width_clock (0)
---------------------------------
 There are 0 register/latch pins which need pulse_width check


4. checking unconstrained_internal_endpoints (0)
------------------------------------------------
 There are 0 pins that are not constrained for maximum delay.

 There are 0 pins that are not constrained for maximum delay due to constant clock.


5. checking no_input_delay (291)
--------------------------------
 There are 291 input ports with no input delay specified. (HIGH)

 There are 0 input ports with no input delay but user has a false path constraint.


6. checking no_output_delay (98)
--------------------------------
 There are 98 ports with no output delay specified. (HIGH)

 There are 0 ports with no output delay but user has a false path constraint

 There are 0 ports with no output delay but with a timing clock defined on it or propagating through it


7. checking multiple_clock (0)
------------------------------
 There are 0 register/latch pins with multiple clocks.


8. checking generated_clocks (0)
--------------------------------
 There are 0 generated clocks that are not connected to a clock source.


9. checking loops (0)
---------------------
 There are 0 combinational loops in the design.


10. checking partial_input_delay (0)
------------------------------------
 There are 0 input ports with partial input delay specified.


11. checking partial_output_delay (0)
-------------------------------------
 There are 0 ports with partial output delay specified.


12. checking latch_loops (0)
----------------------------
 There are 0 combinational latch loops in the design through latch input



------------------------------------------------------------------------------------------------
| Design Timing Summary
| ---------------------
------------------------------------------------------------------------------------------------

    WNS(ns)      TNS(ns)  TNS Failing Endpoints  TNS Total Endpoints      WHS(ns)      THS(ns)  THS Failing Endpoints  THS Total Endpoints     WPWS(ns)     TPWS(ns)  TPWS Failing Endpoints  TPWS Total Endpoints  
    -------      -------  ---------------------  -------------------      -------      -------  ---------------------  -------------------     --------     --------  ----------------------  --------------------  
      2.969        0.000                      0                 1571        0.256        0.000                      0                 1571        4.500        0.000                       0                   900  


All user specified timing constraints are met.


------------------------------------------------------------------------------------------------
| Clock Summary
| -------------
------------------------------------------------------------------------------------------------

Clock  Waveform(ns)       Period(ns)      Frequency(MHz)
-----  ------------       ----------      --------------
clk    {0.000 5.000}      10.000          100.000         


------------------------------------------------------------------------------------------------
| Intra Clock Table
| -----------------
------------------------------------------------------------------------------------------------

Clock             WNS(ns)      TNS(ns)  TNS Failing Endpoints  TNS Total Endpoints      WHS(ns)      THS(ns)  THS Failing Endpoints  THS Total Endpoints     WPWS(ns)     TPWS(ns)  TPWS Failing Endpoints  TPWS Total Endpoints  
-----             -------      -------  ---------------------  -------------------      -------      -------  ---------------------  -------------------     --------     --------  ----------------------  --------------------  
clk                 2.969        0.000                      0                 1571        0.256        0.000                      0                 1571        4.500        0.000                       0                   900  


------------------------------------------------------------------------------------------------
| Inter Clock Table
| -----------------
------------------------------------------------------------------------------------------------

From Clock    To Clock          WNS(ns)      TNS(ns)  TNS Failing Endpoints  TNS Total Endpoints      WHS(ns)      THS(ns)  THS Failing Endpoints  THS Total Endpoints  
----------    --------          -------      -------  ---------------------  -------------------      -------      -------  ---------------------  -------------------  


------------------------------------------------------------------------------------------------
| Other Path Groups Table
| -----------------------
------------------------------------------------------------------------------------------------

Path Group    From Clock    To Clock          WNS(ns)      TNS(ns)  TNS Failing Endpoints  TNS Total Endpoints      WHS(ns)      THS(ns)  THS Failing Endpoints  THS Total Endpoints  
----------    ----------    --------          -------      -------  ---------------------  -------------------      -------      -------  ---------------------  -------------------  


------------------------------------------------------------------------------------------------
| Timing Details
| --------------
------------------------------------------------------------------------------------------------


---------------------------------------------------------------------------------------------------
From Clock:  clk
  To Clock:  clk

Setup :            0  Failing Endpoints,  Worst Slack        2.969ns,  Total Violation        0.000ns
Hold  :            0  Failing Endpoints,  Worst Slack        0.256ns,  Total Violation        0.000ns
PW    :            0  Failing Endpoints,  Worst Slack        4.500ns,  Total Violation        0.000ns
---------------------------------------------------------------------------------------------------


Max Delay Paths
--------------------------------------------------------------------------------------
Slack (MET) :             2.969ns  (required time - arrival time)
  Source:                 u_walk/qb_reg[13][2]/C
                            (rising edge-triggered cell FDRE clocked by clk  {rise@0.000ns fall@5.000ns period=10.000ns})
  Destination:            u_walk/hops_i_reg[0]/CE
                            (rising edge-triggered cell FDCE clocked by clk  {rise@0.000ns fall@5.000ns period=10.000ns})
  Path Group:             clk
  Path Type:              Setup (Max at Slow Process Corner)
  Requirement:            10.000ns  (clk rise@10.000ns - clk rise@0.000ns)
  Data Path Delay:        6.745ns  (logic 2.032ns (30.126%)  route 4.713ns (69.874%))
  Logic Levels:           7  (CARRY4=2 LUT4=1 LUT6=4)
  Clock Path Skew:        -0.049ns (DCD - SCD + CPR)
    Destination Clock Delay (DCD):    0.924ns = ( 10.924 - 10.000 ) 
    Source Clock Delay      (SCD):    0.973ns
    Clock Pessimism Removal (CPR):    0.000ns
  Clock Uncertainty:      0.035ns  ((TSJ^2 + TIJ^2)^1/2 + DJ) / 2 + PE
    Total System Jitter     (TSJ):    0.071ns
    Total Input Jitter      (TIJ):    0.000ns
    Discrete Jitter          (DJ):    0.000ns
    Phase Error              (PE):    0.000ns

    Location             Delay type                Incr(ns)  Path(ns)    Netlist Resource(s)
  -------------------------------------------------------------------    -------------------
                         (clock clk rise edge)        0.000     0.000 r  <hidden>
                                                      0.000     0.000 r  clk
                         net (fo=899, unset)          0.973     0.973    u_walk/clk
                         FDRE                                         r  u_walk/qb_reg[13][2]/C
  -------------------------------------------------------------------    -------------------
                         FDRE (Prop_fdre_C_Q)         0.478     1.451 r  u_walk/qb_reg[13][2]/Q
                         net (fo=3, unplaced)         0.983     2.434    u_walk/p_0_in45_in[10]
                         LUT6 (Prop_lut6_I0_O)        0.295     2.729 r  u_walk/FSM_sequential_state[0]_i_216/O
                         net (fo=1, unplaced)         0.964     3.693    u_walk/FSM_sequential_state[0]_i_216_n_0
                         LUT6 (Prop_lut6_I0_O)        0.124     3.817 r  u_walk/FSM_sequential_state[0]_i_80/O
                         net (fo=1, unplaced)         0.941     4.758    u_walk/FSM_sequential_state[0]_i_80_n_0
                         LUT6 (Prop_lut6_I4_O)        0.124     4.882 r  u_walk/FSM_sequential_state[0]_i_26/O
                         net (fo=1, unplaced)         0.941     5.823    u_walk/FSM_sequential_state[0]_i_26_n_0
                         LUT6 (Prop_lut6_I0_O)        0.124     5.947 r  u_walk/FSM_sequential_state[0]_i_12/O
                         net (fo=1, unplaced)         0.000     5.947    u_walk/FSM_sequential_state[0]_i_12_n_0
                         CARRY4 (Prop_carry4_S[3]_CO[3])
                                                      0.376     6.323 r  u_walk/FSM_sequential_state_reg[0]_i_7/CO[3]
                         net (fo=1, unplaced)         0.000     6.323    u_walk/FSM_sequential_state_reg[0]_i_7_n_0
                         CARRY4 (Prop_carry4_CI_CO[1])
                                                      0.179     6.502 f  u_walk/FSM_sequential_state_reg[0]_i_3/CO[1]
                         net (fo=4, unplaced)         0.336     6.838    u_walk/state21_in
                         LUT4 (Prop_lut4_I3_O)        0.332     7.170 r  u_walk/sid[31]_i_1__1/O
                         net (fo=37, unplaced)        0.548     7.718    u_walk/w_req
                         FDCE                                         r  u_walk/hops_i_reg[0]/CE
  -------------------------------------------------------------------    -------------------

                         (clock clk rise edge)       10.000    10.000 r  <hidden>
                                                      0.000    10.000 r  clk
                         net (fo=899, unset)          0.924    10.924    u_walk/clk
                         FDCE                                         r  u_walk/hops_i_reg[0]/C
                         clock pessimism              0.000    10.924    <hidden>
                         clock uncertainty           -0.035    10.889    <hidden>
                         FDCE (Setup_fdce_C_CE)      -0.202    10.687    u_walk/hops_i_reg[0]
  -------------------------------------------------------------------
                         required time                         10.687    <hidden>
                         arrival time                          -7.718    <hidden>
  -------------------------------------------------------------------
                         slack                                  2.969    <hidden>

Slack (MET) :             2.969ns  (required time - arrival time)
  Source:                 u_walk/qb_reg[13][2]/C
                            (rising edge-triggered cell FDRE clocked by clk  {rise@0.000ns fall@5.000ns period=10.000ns})
  Destination:            u_walk/hops_i_reg[1]/CE
                            (rising edge-triggered cell FDCE clocked by clk  {rise@0.000ns fall@5.000ns period=10.000ns})
  Path Group:             clk
  Path Type:              Setup (Max at Slow Process Corner)
  Requirement:            10.000ns  (clk rise@10.000ns - clk rise@0.000ns)
  Data Path Delay:        6.745ns  (logic 2.032ns (30.126%)  route 4.713ns (69.874%))
  Logic Levels:           7  (CARRY4=2 LUT4=1 LUT6=4)
  Clock Path Skew:        -0.049ns (DCD - SCD + CPR)
    Destination Clock Delay (DCD):    0.924ns = ( 10.924 - 10.000 ) 
    Source Clock Delay      (SCD):    0.973ns
    Clock Pessimism Removal (CPR):    0.000ns
  Clock Uncertainty:      0.035ns  ((TSJ^2 + TIJ^2)^1/2 + DJ) / 2 + PE
    Total System Jitter     (TSJ):    0.071ns
    Total Input Jitter      (TIJ):    0.000ns
    Discrete Jitter          (DJ):    0.000ns
    Phase Error              (PE):    0.000ns

    Location             Delay type                Incr(ns)  Path(ns)    Netlist Resource(s)
  -------------------------------------------------------------------    -------------------
                         (clock clk rise edge)        0.000     0.000 r  <hidden>
                                                      0.000     0.000 r  clk
                         net (fo=899, unset)          0.973     0.973    u_walk/clk
                         FDRE                                         r  u_walk/qb_reg[13][2]/C
  -------------------------------------------------------------------    -------------------
                         FDRE (Prop_fdre_C_Q)         0.478     1.451 r  u_walk/qb_reg[13][2]/Q
                         net (fo=3, unplaced)         0.983     2.434    u_walk/p_0_in45_in[10]
                         LUT6 (Prop_lut6_I0_O)        0.295     2.729 r  u_walk/FSM_sequential_state[0]_i_216/O
                         net (fo=1, unplaced)         0.964     3.693    u_walk/FSM_sequential_state[0]_i_216_n_0
                         LUT6 (Prop_lut6_I0_O)        0.124     3.817 r  u_walk/FSM_sequential_state[0]_i_80/O
                         net (fo=1, unplaced)         0.941     4.758    u_walk/FSM_sequential_state[0]_i_80_n_0
                         LUT6 (Prop_lut6_I4_O)        0.124     4.882 r  u_walk/FSM_sequential_state[0]_i_26/O
                         net (fo=1, unplaced)         0.941     5.823    u_walk/FSM_sequential_state[0]_i_26_n_0
                         LUT6 (Prop_lut6_I0_O)        0.124     5.947 r  u_walk/FSM_sequential_state[0]_i_12/O
                         net (fo=1, unplaced)         0.000     5.947    u_walk/FSM_sequential_state[0]_i_12_n_0
                         CARRY4 (Prop_carry4_S[3]_CO[3])
                                                      0.376     6.323 r  u_walk/FSM_sequential_state_reg[0]_i_7/CO[3]
                         net (fo=1, unplaced)         0.000     6.323    u_walk/FSM_sequential_state_reg[0]_i_7_n_0
                         CARRY4 (Prop_carry4_CI_CO[1])
                                                      0.179     6.502 f  u_walk/FSM_sequential_state_reg[0]_i_3/CO[1]
                         net (fo=4, unplaced)         0.336     6.838    u_walk/state21_in
                         LUT4 (Prop_lut4_I3_O)        0.332     7.170 r  u_walk/sid[31]_i_1__1/O
                         net (fo=37, unplaced)        0.548     7.718    u_walk/w_req
                         FDCE                                         r  u_walk/hops_i_reg[1]/CE
  -------------------------------------------------------------------    -------------------

                         (clock clk rise edge)       10.000    10.000 r  <hidden>
                                                      0.000    10.000 r  clk
                         net (fo=899, unset)          0.924    10.924    u_walk/clk
                         FDCE                                         r  u_walk/hops_i_reg[1]/C
                         clock pessimism              0.000    10.924    <hidden>
                         clock uncertainty           -0.035    10.889    <hidden>
                         FDCE (Setup_fdce_C_CE)      -0.202    10.687    u_walk/hops_i_reg[1]
  -------------------------------------------------------------------
                         required time                         10.687    <hidden>
                         arrival time                          -7.718    <hidden>
  -------------------------------------------------------------------
                         slack                                  2.969    <hidden>

Slack (MET) :             2.969ns  (required time - arrival time)
  Source:                 u_walk/qb_reg[13][2]/C
                            (rising edge-triggered cell FDRE clocked by clk  {rise@0.000ns fall@5.000ns period=10.000ns})
  Destination:            u_walk/hops_i_reg[2]/CE
                            (rising edge-triggered cell FDCE clocked by clk  {rise@0.000ns fall@5.000ns period=10.000ns})
  Path Group:             clk
  Path Type:              Setup (Max at Slow Process Corner)
  Requirement:            10.000ns  (clk rise@10.000ns - clk rise@0.000ns)
  Data Path Delay:        6.745ns  (logic 2.032ns (30.126%)  route 4.713ns (69.874%))
  Logic Levels:           7  (CARRY4=2 LUT4=1 LUT6=4)
  Clock Path Skew:        -0.049ns (DCD - SCD + CPR)
    Destination Clock Delay (DCD):    0.924ns = ( 10.924 - 10.000 ) 
    Source Clock Delay      (SCD):    0.973ns
    Clock Pessimism Removal (CPR):    0.000ns
  Clock Uncertainty:      0.035ns  ((TSJ^2 + TIJ^2)^1/2 + DJ) / 2 + PE
    Total System Jitter     (TSJ):    0.071ns
    Total Input Jitter      (TIJ):    0.000ns
    Discrete Jitter          (DJ):    0.000ns
    Phase Error              (PE):    0.000ns

    Location             Delay type                Incr(ns)  Path(ns)    Netlist Resource(s)
  -------------------------------------------------------------------    -------------------
                         (clock clk rise edge)        0.000     0.000 r  <hidden>
                                                      0.000     0.000 r  clk
                         net (fo=899, unset)          0.973     0.973    u_walk/clk
                         FDRE                                         r  u_walk/qb_reg[13][2]/C
  -------------------------------------------------------------------    -------------------
                         FDRE (Prop_fdre_C_Q)         0.478     1.451 r  u_walk/qb_reg[13][2]/Q
                         net (fo=3, unplaced)         0.983     2.434    u_walk/p_0_in45_in[10]
                         LUT6 (Prop_lut6_I0_O)        0.295     2.729 r  u_walk/FSM_sequential_state[0]_i_216/O
                         net (fo=1, unplaced)         0.964     3.693    u_walk/FSM_sequential_state[0]_i_216_n_0
                         LUT6 (Prop_lut6_I0_O)        0.124     3.817 r  u_walk/FSM_sequential_state[0]_i_80/O
                         net (fo=1, unplaced)         0.941     4.758    u_walk/FSM_sequential_state[0]_i_80_n_0
                         LUT6 (Prop_lut6_I4_O)        0.124     4.882 r  u_walk/FSM_sequential_state[0]_i_26/O
                         net (fo=1, unplaced)         0.941     5.823    u_walk/FSM_sequential_state[0]_i_26_n_0
                         LUT6 (Prop_lut6_I0_O)        0.124     5.947 r  u_walk/FSM_sequential_state[0]_i_12/O
                         net (fo=1, unplaced)         0.000     5.947    u_walk/FSM_sequential_state[0]_i_12_n_0
                         CARRY4 (Prop_carry4_S[3]_CO[3])
                                                      0.376     6.323 r  u_walk/FSM_sequential_state_reg[0]_i_7/CO[3]
                         net (fo=1, unplaced)         0.000     6.323    u_walk/FSM_sequential_state_reg[0]_i_7_n_0
                         CARRY4 (Prop_carry4_CI_CO[1])
                                                      0.179     6.502 f  u_walk/FSM_sequential_state_reg[0]_i_3/CO[1]
                         net (fo=4, unplaced)         0.336     6.838    u_walk/state21_in
                         LUT4 (Prop_lut4_I3_O)        0.332     7.170 r  u_walk/sid[31]_i_1__1/O
                         net (fo=37, unplaced)        0.548     7.718    u_walk/w_req
                         FDCE                                         r  u_walk/hops_i_reg[2]/CE
  -------------------------------------------------------------------    -------------------

                         (clock clk rise edge)       10.000    10.000 r  <hidden>
                                                      0.000    10.000 r  clk
                         net (fo=899, unset)          0.924    10.924    u_walk/clk
                         FDCE                                         r  u_walk/hops_i_reg[2]/C
                         clock pessimism              0.000    10.924    <hidden>
                         clock uncertainty           -0.035    10.889    <hidden>
                         FDCE (Setup_fdce_C_CE)      -0.202    10.687    u_walk/hops_i_reg[2]
  -------------------------------------------------------------------
                         required time                         10.687    <hidden>
                         arrival time                          -7.718    <hidden>
  -------------------------------------------------------------------
                         slack                                  2.969    <hidden>

Slack (MET) :             2.969ns  (required time - arrival time)
  Source:                 u_walk/qb_reg[13][2]/C
                            (rising edge-triggered cell FDRE clocked by clk  {rise@0.000ns fall@5.000ns period=10.000ns})
  Destination:            u_walk/hops_i_reg[3]/CE
                            (rising edge-triggered cell FDCE clocked by clk  {rise@0.000ns fall@5.000ns period=10.000ns})
  Path Group:             clk
  Path Type:              Setup (Max at Slow Process Corner)
  Requirement:            10.000ns  (clk rise@10.000ns - clk rise@0.000ns)
  Data Path Delay:        6.745ns  (logic 2.032ns (30.126%)  route 4.713ns (69.874%))
  Logic Levels:           7  (CARRY4=2 LUT4=1 LUT6=4)
  Clock Path Skew:        -0.049ns (DCD - SCD + CPR)
    Destination Clock Delay (DCD):    0.924ns = ( 10.924 - 10.000 ) 
    Source Clock Delay      (SCD):    0.973ns
    Clock Pessimism Removal (CPR):    0.000ns
  Clock Uncertainty:      0.035ns  ((TSJ^2 + TIJ^2)^1/2 + DJ) / 2 + PE
    Total System Jitter     (TSJ):    0.071ns
    Total Input Jitter      (TIJ):    0.000ns
    Discrete Jitter          (DJ):    0.000ns
    Phase Error              (PE):    0.000ns

    Location             Delay type                Incr(ns)  Path(ns)    Netlist Resource(s)
  -------------------------------------------------------------------    -------------------
                         (clock clk rise edge)        0.000     0.000 r  <hidden>
                                                      0.000     0.000 r  clk
                         net (fo=899, unset)          0.973     0.973    u_walk/clk
                         FDRE                                         r  u_walk/qb_reg[13][2]/C
  -------------------------------------------------------------------    -------------------
                         FDRE (Prop_fdre_C_Q)         0.478     1.451 r  u_walk/qb_reg[13][2]/Q
                         net (fo=3, unplaced)         0.983     2.434    u_walk/p_0_in45_in[10]
                         LUT6 (Prop_lut6_I0_O)        0.295     2.729 r  u_walk/FSM_sequential_state[0]_i_216/O
                         net (fo=1, unplaced)         0.964     3.693    u_walk/FSM_sequential_state[0]_i_216_n_0
                         LUT6 (Prop_lut6_I0_O)        0.124     3.817 r  u_walk/FSM_sequential_state[0]_i_80/O
                         net (fo=1, unplaced)         0.941     4.758    u_walk/FSM_sequential_state[0]_i_80_n_0
                         LUT6 (Prop_lut6_I4_O)        0.124     4.882 r  u_walk/FSM_sequential_state[0]_i_26/O
                         net (fo=1, unplaced)         0.941     5.823    u_walk/FSM_sequential_state[0]_i_26_n_0
                         LUT6 (Prop_lut6_I0_O)        0.124     5.947 r  u_walk/FSM_sequential_state[0]_i_12/O
                         net (fo=1, unplaced)         0.000     5.947    u_walk/FSM_sequential_state[0]_i_12_n_0
                         CARRY4 (Prop_carry4_S[3]_CO[3])
                                                      0.376     6.323 r  u_walk/FSM_sequential_state_reg[0]_i_7/CO[3]
                         net (fo=1, unplaced)         0.000     6.323    u_walk/FSM_sequential_state_reg[0]_i_7_n_0
                         CARRY4 (Prop_carry4_CI_CO[1])
                                                      0.179     6.502 f  u_walk/FSM_sequential_state_reg[0]_i_3/CO[1]
                         net (fo=4, unplaced)         0.336     6.838    u_walk/state21_in
                         LUT4 (Prop_lut4_I3_O)        0.332     7.170 r  u_walk/sid[31]_i_1__1/O
                         net (fo=37, unplaced)        0.548     7.718    u_walk/w_req
                         FDCE                                         r  u_walk/hops_i_reg[3]/CE
  -------------------------------------------------------------------    -------------------

                         (clock clk rise edge)       10.000    10.000 r  <hidden>
                                                      0.000    10.000 r  clk
                         net (fo=899, unset)          0.924    10.924    u_walk/clk
                         FDCE                                         r  u_walk/hops_i_reg[3]/C
                         clock pessimism              0.000    10.924    <hidden>
                         clock uncertainty           -0.035    10.889    <hidden>
                         FDCE (Setup_fdce_C_CE)      -0.202    10.687    u_walk/hops_i_reg[3]
  -------------------------------------------------------------------
                         required time                         10.687    <hidden>
                         arrival time                          -7.718    <hidden>
  -------------------------------------------------------------------
                         slack                                  2.969    <hidden>

Slack (MET) :             2.969ns  (required time - arrival time)
  Source:                 u_walk/qb_reg[13][2]/C
                            (rising edge-triggered cell FDRE clocked by clk  {rise@0.000ns fall@5.000ns period=10.000ns})
  Destination:            u_walk/sid_reg[0]/CE
                            (rising edge-triggered cell FDCE clocked by clk  {rise@0.000ns fall@5.000ns period=10.000ns})
  Path Group:             clk
  Path Type:              Setup (Max at Slow Process Corner)
  Requirement:            10.000ns  (clk rise@10.000ns - clk rise@0.000ns)
  Data Path Delay:        6.745ns  (logic 2.032ns (30.126%)  route 4.713ns (69.874%))
  Logic Levels:           7  (CARRY4=2 LUT4=1 LUT6=4)
  Clock Path Skew:        -0.049ns (DCD - SCD + CPR)
    Destination Clock Delay (DCD):    0.924ns = ( 10.924 - 10.000 ) 
    Source Clock Delay      (SCD):    0.973ns
    Clock Pessimism Removal (CPR):    0.000ns
  Clock Uncertainty:      0.035ns  ((TSJ^2 + TIJ^2)^1/2 + DJ) / 2 + PE
    Total System Jitter     (TSJ):    0.071ns
    Total Input Jitter      (TIJ):    0.000ns
    Discrete Jitter          (DJ):    0.000ns
    Phase Error              (PE):    0.000ns

    Location             Delay type                Incr(ns)  Path(ns)    Netlist Resource(s)
  -------------------------------------------------------------------    -------------------
                         (clock clk rise edge)        0.000     0.000 r  <hidden>
                                                      0.000     0.000 r  clk
                         net (fo=899, unset)          0.973     0.973    u_walk/clk
                         FDRE                                         r  u_walk/qb_reg[13][2]/C
  -------------------------------------------------------------------    -------------------
                         FDRE (Prop_fdre_C_Q)         0.478     1.451 r  u_walk/qb_reg[13][2]/Q
                         net (fo=3, unplaced)         0.983     2.434    u_walk/p_0_in45_in[10]
                         LUT6 (Prop_lut6_I0_O)        0.295     2.729 r  u_walk/FSM_sequential_state[0]_i_216/O
                         net (fo=1, unplaced)         0.964     3.693    u_walk/FSM_sequential_state[0]_i_216_n_0
                         LUT6 (Prop_lut6_I0_O)        0.124     3.817 r  u_walk/FSM_sequential_state[0]_i_80/O
                         net (fo=1, unplaced)         0.941     4.758    u_walk/FSM_sequential_state[0]_i_80_n_0
                         LUT6 (Prop_lut6_I4_O)        0.124     4.882 r  u_walk/FSM_sequential_state[0]_i_26/O
                         net (fo=1, unplaced)         0.941     5.823    u_walk/FSM_sequential_state[0]_i_26_n_0
                         LUT6 (Prop_lut6_I0_O)        0.124     5.947 r  u_walk/FSM_sequential_state[0]_i_12/O
                         net (fo=1, unplaced)         0.000     5.947    u_walk/FSM_sequential_state[0]_i_12_n_0
                         CARRY4 (Prop_carry4_S[3]_CO[3])
                                                      0.376     6.323 r  u_walk/FSM_sequential_state_reg[0]_i_7/CO[3]
                         net (fo=1, unplaced)         0.000     6.323    u_walk/FSM_sequential_state_reg[0]_i_7_n_0
                         CARRY4 (Prop_carry4_CI_CO[1])
                                                      0.179     6.502 f  u_walk/FSM_sequential_state_reg[0]_i_3/CO[1]
                         net (fo=4, unplaced)         0.336     6.838    u_walk/state21_in
                         LUT4 (Prop_lut4_I3_O)        0.332     7.170 r  u_walk/sid[31]_i_1__1/O
                         net (fo=37, unplaced)        0.548     7.718    u_walk/w_req
                         FDCE                                         r  u_walk/sid_reg[0]/CE
  -------------------------------------------------------------------    -------------------

                         (clock clk rise edge)       10.000    10.000 r  <hidden>
                                                      0.000    10.000 r  clk
                         net (fo=899, unset)          0.924    10.924    u_walk/clk
                         FDCE                                         r  u_walk/sid_reg[0]/C
                         clock pessimism              0.000    10.924    <hidden>
                         clock uncertainty           -0.035    10.889    <hidden>
                         FDCE (Setup_fdce_C_CE)      -0.202    10.687    u_walk/sid_reg[0]
  -------------------------------------------------------------------
                         required time                         10.687    <hidden>
                         arrival time                          -7.718    <hidden>
  -------------------------------------------------------------------
                         slack                                  2.969    <hidden>





Min Delay Paths
--------------------------------------------------------------------------------------
Slack (MET) :             0.256ns  (arrival time - required time)
  Source:                 u_walk/sid_reg[0]/C
                            (rising edge-triggered cell FDCE clocked by clk  {rise@0.000ns fall@5.000ns period=10.000ns})
  Destination:            u_walk/u_walk/cur_reg[0]/D
                            (rising edge-triggered cell FDRE clocked by clk  {rise@0.000ns fall@5.000ns period=10.000ns})
  Path Group:             clk
  Path Type:              Hold (Min at Fast Process Corner)
  Requirement:            0.000ns  (clk rise@0.000ns - clk rise@0.000ns)
  Data Path Delay:        0.376ns  (logic 0.245ns (65.144%)  route 0.131ns (34.856%))
  Logic Levels:           1  (LUT3=1)
  Clock Path Skew:        0.022ns (DCD - SCD - CPR)
    Destination Clock Delay (DCD):    0.432ns
    Source Clock Delay      (SCD):    0.410ns
    Clock Pessimism Removal (CPR):    -0.000ns

    Location             Delay type                Incr(ns)  Path(ns)    Netlist Resource(s)
  -------------------------------------------------------------------    -------------------
                         (clock clk rise edge)        0.000     0.000 r  <hidden>
                                                      0.000     0.000 r  clk
                         net (fo=899, unset)          0.410     0.410    u_walk/clk
                         FDCE                                         r  u_walk/sid_reg[0]/C
  -------------------------------------------------------------------    -------------------
                         FDCE (Prop_fdce_C_Q)         0.147     0.557 r  u_walk/sid_reg[0]/Q
                         net (fo=1, unplaced)         0.131     0.688    u_walk/u_walk/walk/cur_reg[31][0]
                         LUT3 (Prop_lut3_I2_O)        0.098     0.786 r  u_walk/u_walk/walk/cur[0]_i_1/O
                         net (fo=1, unplaced)         0.000     0.786    u_walk/u_walk/cur0_in[0]
                         FDRE                                         r  u_walk/u_walk/cur_reg[0]/D
  -------------------------------------------------------------------    -------------------

                         (clock clk rise edge)        0.000     0.000 r  <hidden>
                                                      0.000     0.000 r  clk
                         net (fo=899, unset)          0.432     0.432    u_walk/u_walk/clk
                         FDRE                                         r  u_walk/u_walk/cur_reg[0]/C
                         clock pessimism              0.000     0.432    <hidden>
                         FDRE (Hold_fdre_C_D)         0.099     0.531    u_walk/u_walk/cur_reg[0]
  -------------------------------------------------------------------
                         required time                         -0.531    <hidden>
                         arrival time                           0.786    <hidden>
  -------------------------------------------------------------------
                         slack                                  0.256    <hidden>

Slack (MET) :             0.256ns  (arrival time - required time)
  Source:                 u_walk/sid_reg[10]/C
                            (rising edge-triggered cell FDCE clocked by clk  {rise@0.000ns fall@5.000ns period=10.000ns})
  Destination:            u_walk/u_walk/cur_reg[10]/D
                            (rising edge-triggered cell FDRE clocked by clk  {rise@0.000ns fall@5.000ns period=10.000ns})
  Path Group:             clk
  Path Type:              Hold (Min at Fast Process Corner)
  Requirement:            0.000ns  (clk rise@0.000ns - clk rise@0.000ns)
  Data Path Delay:        0.376ns  (logic 0.245ns (65.144%)  route 0.131ns (34.856%))
  Logic Levels:           1  (LUT3=1)
  Clock Path Skew:        0.022ns (DCD - SCD - CPR)
    Destination Clock Delay (DCD):    0.432ns
    Source Clock Delay      (SCD):    0.410ns
    Clock Pessimism Removal (CPR):    -0.000ns

    Location             Delay type                Incr(ns)  Path(ns)    Netlist Resource(s)
  -------------------------------------------------------------------    -------------------
                         (clock clk rise edge)        0.000     0.000 r  <hidden>
                                                      0.000     0.000 r  clk
                         net (fo=899, unset)          0.410     0.410    u_walk/clk
                         FDCE                                         r  u_walk/sid_reg[10]/C
  -------------------------------------------------------------------    -------------------
                         FDCE (Prop_fdce_C_Q)         0.147     0.557 r  u_walk/sid_reg[10]/Q
                         net (fo=1, unplaced)         0.131     0.688    u_walk/u_walk/walk/cur_reg[31][10]
                         LUT3 (Prop_lut3_I2_O)        0.098     0.786 r  u_walk/u_walk/walk/cur[10]_i_1/O
                         net (fo=1, unplaced)         0.000     0.786    u_walk/u_walk/cur0_in[10]
                         FDRE                                         r  u_walk/u_walk/cur_reg[10]/D
  -------------------------------------------------------------------    -------------------

                         (clock clk rise edge)        0.000     0.000 r  <hidden>
                                                      0.000     0.000 r  clk
                         net (fo=899, unset)          0.432     0.432    u_walk/u_walk/clk
                         FDRE                                         r  u_walk/u_walk/cur_reg[10]/C
                         clock pessimism              0.000     0.432    <hidden>
                         FDRE (Hold_fdre_C_D)         0.099     0.531    u_walk/u_walk/cur_reg[10]
  -------------------------------------------------------------------
                         required time                         -0.531    <hidden>
                         arrival time                           0.786    <hidden>
  -------------------------------------------------------------------
                         slack                                  0.256    <hidden>

Slack (MET) :             0.256ns  (arrival time - required time)
  Source:                 u_walk/sid_reg[12]/C
                            (rising edge-triggered cell FDCE clocked by clk  {rise@0.000ns fall@5.000ns period=10.000ns})
  Destination:            u_walk/u_walk/cur_reg[12]/D
                            (rising edge-triggered cell FDRE clocked by clk  {rise@0.000ns fall@5.000ns period=10.000ns})
  Path Group:             clk
  Path Type:              Hold (Min at Fast Process Corner)
  Requirement:            0.000ns  (clk rise@0.000ns - clk rise@0.000ns)
  Data Path Delay:        0.376ns  (logic 0.245ns (65.144%)  route 0.131ns (34.856%))
  Logic Levels:           1  (LUT3=1)
  Clock Path Skew:        0.022ns (DCD - SCD - CPR)
    Destination Clock Delay (DCD):    0.432ns
    Source Clock Delay      (SCD):    0.410ns
    Clock Pessimism Removal (CPR):    -0.000ns

    Location             Delay type                Incr(ns)  Path(ns)    Netlist Resource(s)
  -------------------------------------------------------------------    -------------------
                         (clock clk rise edge)        0.000     0.000 r  <hidden>
                                                      0.000     0.000 r  clk
                         net (fo=899, unset)          0.410     0.410    u_walk/clk
                         FDCE                                         r  u_walk/sid_reg[12]/C
  -------------------------------------------------------------------    -------------------
                         FDCE (Prop_fdce_C_Q)         0.147     0.557 r  u_walk/sid_reg[12]/Q
                         net (fo=1, unplaced)         0.131     0.688    u_walk/u_walk/walk/cur_reg[31][12]
                         LUT3 (Prop_lut3_I2_O)        0.098     0.786 r  u_walk/u_walk/walk/cur[12]_i_1/O
                         net (fo=1, unplaced)         0.000     0.786    u_walk/u_walk/cur0_in[12]
                         FDRE                                         r  u_walk/u_walk/cur_reg[12]/D
  -------------------------------------------------------------------    -------------------

                         (clock clk rise edge)        0.000     0.000 r  <hidden>
                                                      0.000     0.000 r  clk
                         net (fo=899, unset)          0.432     0.432    u_walk/u_walk/clk
                         FDRE                                         r  u_walk/u_walk/cur_reg[12]/C
                         clock pessimism              0.000     0.432    <hidden>
                         FDRE (Hold_fdre_C_D)         0.099     0.531    u_walk/u_walk/cur_reg[12]
  -------------------------------------------------------------------
                         required time                         -0.531    <hidden>
                         arrival time                           0.786    <hidden>
  -------------------------------------------------------------------
                         slack                                  0.256    <hidden>

Slack (MET) :             0.256ns  (arrival time - required time)
  Source:                 u_walk/sid_reg[14]/C
                            (rising edge-triggered cell FDCE clocked by clk  {rise@0.000ns fall@5.000ns period=10.000ns})
  Destination:            u_walk/u_walk/cur_reg[14]/D
                            (rising edge-triggered cell FDRE clocked by clk  {rise@0.000ns fall@5.000ns period=10.000ns})
  Path Group:             clk
  Path Type:              Hold (Min at Fast Process Corner)
  Requirement:            0.000ns  (clk rise@0.000ns - clk rise@0.000ns)
  Data Path Delay:        0.376ns  (logic 0.245ns (65.144%)  route 0.131ns (34.856%))
  Logic Levels:           1  (LUT3=1)
  Clock Path Skew:        0.022ns (DCD - SCD - CPR)
    Destination Clock Delay (DCD):    0.432ns
    Source Clock Delay      (SCD):    0.410ns
    Clock Pessimism Removal (CPR):    -0.000ns

    Location             Delay type                Incr(ns)  Path(ns)    Netlist Resource(s)
  -------------------------------------------------------------------    -------------------
                         (clock clk rise edge)        0.000     0.000 r  <hidden>
                                                      0.000     0.000 r  clk
                         net (fo=899, unset)          0.410     0.410    u_walk/clk
                         FDCE                                         r  u_walk/sid_reg[14]/C
  -------------------------------------------------------------------    -------------------
                         FDCE (Prop_fdce_C_Q)         0.147     0.557 r  u_walk/sid_reg[14]/Q
                         net (fo=1, unplaced)         0.131     0.688    u_walk/u_walk/walk/cur_reg[31][14]
                         LUT3 (Prop_lut3_I2_O)        0.098     0.786 r  u_walk/u_walk/walk/cur[14]_i_1/O
                         net (fo=1, unplaced)         0.000     0.786    u_walk/u_walk/cur0_in[14]
                         FDRE                                         r  u_walk/u_walk/cur_reg[14]/D
  -------------------------------------------------------------------    -------------------

                         (clock clk rise edge)        0.000     0.000 r  <hidden>
                                                      0.000     0.000 r  clk
                         net (fo=899, unset)          0.432     0.432    u_walk/u_walk/clk
                         FDRE                                         r  u_walk/u_walk/cur_reg[14]/C
                         clock pessimism              0.000     0.432    <hidden>
                         FDRE (Hold_fdre_C_D)         0.099     0.531    u_walk/u_walk/cur_reg[14]
  -------------------------------------------------------------------
                         required time                         -0.531    <hidden>
                         arrival time                           0.786    <hidden>
  -------------------------------------------------------------------
                         slack                                  0.256    <hidden>

Slack (MET) :             0.256ns  (arrival time - required time)
  Source:                 u_walk/sid_reg[16]/C
                            (rising edge-triggered cell FDCE clocked by clk  {rise@0.000ns fall@5.000ns period=10.000ns})
  Destination:            u_walk/u_walk/cur_reg[16]/D
                            (rising edge-triggered cell FDRE clocked by clk  {rise@0.000ns fall@5.000ns period=10.000ns})
  Path Group:             clk
  Path Type:              Hold (Min at Fast Process Corner)
  Requirement:            0.000ns  (clk rise@0.000ns - clk rise@0.000ns)
  Data Path Delay:        0.376ns  (logic 0.245ns (65.144%)  route 0.131ns (34.856%))
  Logic Levels:           1  (LUT3=1)
  Clock Path Skew:        0.022ns (DCD - SCD - CPR)
    Destination Clock Delay (DCD):    0.432ns
    Source Clock Delay      (SCD):    0.410ns
    Clock Pessimism Removal (CPR):    -0.000ns

    Location             Delay type                Incr(ns)  Path(ns)    Netlist Resource(s)
  -------------------------------------------------------------------    -------------------
                         (clock clk rise edge)        0.000     0.000 r  <hidden>
                                                      0.000     0.000 r  clk
                         net (fo=899, unset)          0.410     0.410    u_walk/clk
                         FDCE                                         r  u_walk/sid_reg[16]/C
  -------------------------------------------------------------------    -------------------
                         FDCE (Prop_fdce_C_Q)         0.147     0.557 r  u_walk/sid_reg[16]/Q
                         net (fo=1, unplaced)         0.131     0.688    u_walk/u_walk/walk/cur_reg[31][16]
                         LUT3 (Prop_lut3_I2_O)        0.098     0.786 r  u_walk/u_walk/walk/cur[16]_i_1/O
                         net (fo=1, unplaced)         0.000     0.786    u_walk/u_walk/cur0_in[16]
                         FDRE                                         r  u_walk/u_walk/cur_reg[16]/D
  -------------------------------------------------------------------    -------------------

                         (clock clk rise edge)        0.000     0.000 r  <hidden>
                                                      0.000     0.000 r  clk
                         net (fo=899, unset)          0.432     0.432    u_walk/u_walk/clk
                         FDRE                                         r  u_walk/u_walk/cur_reg[16]/C
                         clock pessimism              0.000     0.432    <hidden>
                         FDRE (Hold_fdre_C_D)         0.099     0.531    u_walk/u_walk/cur_reg[16]
  -------------------------------------------------------------------
                         required time                         -0.531    <hidden>
                         arrival time                           0.786    <hidden>
  -------------------------------------------------------------------
                         slack                                  0.256    <hidden>





Pulse Width Checks
--------------------------------------------------------------------------------------
Clock Name:         clk
Waveform(ns):       { 0.000 5.000 }
Period(ns):         10.000
Sources:            { clk }

Check Type        Corner  Lib Pin             Reference Pin  Required(ns)  Actual(ns)  Slack(ns)  Location  Pin
Min Period        n/a     RAMB36E1/CLKARDCLK  n/a            2.576         10.000      7.424                u_walk/u_walk/walk/post_q_reg_0/CLKARDCLK
Min Period        n/a     RAMB36E1/CLKARDCLK  n/a            2.576         10.000      7.424                u_walk/u_walk/walk/post_q_reg_1/CLKARDCLK
Min Period        n/a     RAMB18E1/CLKARDCLK  n/a            2.576         10.000      7.424                u_walk/u_walk/walk/post_q_reg_2/CLKARDCLK
Min Period        n/a     RAMB36E1/CLKARDCLK  n/a            2.576         10.000      7.424                u_walk/u_walk/walk/dir/rom_q_reg_0/CLKARDCLK
Min Period        n/a     RAMB36E1/CLKBWRCLK  n/a            2.576         10.000      7.424                u_walk/u_walk/walk/dir/rom_q_reg_0/CLKBWRCLK
Low Pulse Width   Slow    FDCE/C              n/a            0.500         5.000       4.500                FSM_sequential_state_reg[0]/C
Low Pulse Width   Fast    FDCE/C              n/a            0.500         5.000       4.500                FSM_sequential_state_reg[0]/C
Low Pulse Width   Slow    FDCE/C              n/a            0.500         5.000       4.500                FSM_sequential_state_reg[1]/C
Low Pulse Width   Fast    FDCE/C              n/a            0.500         5.000       4.500                FSM_sequential_state_reg[1]/C
Low Pulse Width   Slow    FDRE/C              n/a            0.500         5.000       4.500                qb_reg[0][0]/C
High Pulse Width  Slow    FDCE/C              n/a            0.500         5.000       4.500                FSM_sequential_state_reg[0]/C
High Pulse Width  Fast    FDCE/C              n/a            0.500         5.000       4.500                FSM_sequential_state_reg[0]/C
High Pulse Width  Slow    FDCE/C              n/a            0.500         5.000       4.500                FSM_sequential_state_reg[1]/C
High Pulse Width  Fast    FDCE/C              n/a            0.500         5.000       4.500                FSM_sequential_state_reg[1]/C
High Pulse Width  Slow    FDRE/C              n/a            0.500         5.000       4.500                qb_reg[0][0]/C



