Copyright 1986-2022 Xilinx, Inc. All Rights Reserved. Copyright 2022-2026 Advanced Micro Devices, Inc. All Rights Reserved.
---------------------------------------------------------------------------------------------------------------------------------------------
| Tool Version : Vivado v.2026.1 (win64) Build 6511674 Tue Jun 16 11:02:23 MDT 2026
| Date         : Thu Sep 17 00:44:28 2026
| Host         : laptop-Quan running 64-bit major release  (build 9200)
| Command      : report_timing -max_paths 5 -file D:/FPGA/arty_d/m4_mig/reports/crit_route.rpt
| Design       : arty_a7_r2_top_m4_mig_candidate
| Device       : 7a100t-csg324
| Speed File   : -1  PRODUCTION 1.23 2018-06-13
| Design State : Routed
---------------------------------------------------------------------------------------------------------------------------------------------

Timing Report

Slack (MET) :             0.233ns  (required time - arrival time)
  Source:                 u_q/m2_r_reg/CLK
                            (rising edge-triggered cell DSP48E1 clocked by sys_clk_pin  {rise@0.000ns fall@5.000ns period=10.000ns})
  Destination:            u_q/theta_reg[19][15]/D
                            (rising edge-triggered cell FDRE clocked by sys_clk_pin  {rise@0.000ns fall@5.000ns period=10.000ns})
  Path Group:             sys_clk_pin
  Path Type:              Setup (Max at Slow Process Corner)
  Requirement:            10.000ns  (sys_clk_pin rise@10.000ns - sys_clk_pin rise@0.000ns)
  Data Path Delay:        9.371ns  (logic 4.513ns (48.158%)  route 4.858ns (51.842%))
  Logic Levels:           12  (CARRY4=8 LUT2=2 LUT3=1 LUT6=1)
  Clock Path Skew:        -0.390ns (DCD - SCD + CPR)
    Destination Clock Delay (DCD):    4.937ns = ( 14.937 - 10.000 ) 
    Source Clock Delay      (SCD):    5.513ns
    Clock Pessimism Removal (CPR):    0.187ns
  Clock Uncertainty:      0.035ns  ((TSJ^2 + TIJ^2)^1/2 + DJ) / 2 + PE
    Total System Jitter     (TSJ):    0.071ns
    Total Input Jitter      (TIJ):    0.000ns
    Discrete Jitter          (DJ):    0.000ns
    Phase Error              (PE):    0.000ns

    Location             Delay type                Incr(ns)  Path(ns)    Netlist Resource(s)
  -------------------------------------------------------------------    -------------------
                         (clock sys_clk_pin rise edge)
                                                      0.000     0.000 r  <hidden>
    E3                                                0.000     0.000 r  CLK100MHZ
                         net (fo=0)                   0.000     0.000    CLK100MHZ
    E3                   IBUF (Prop_ibuf_I_O)         1.482     1.482 r  CLK100MHZ_IBUF_inst/O
                         net (fo=1, routed)           2.025     3.506    CLK100MHZ_IBUF
    BUFGCTRL_X0Y16       BUFG (Prop_bufg_I_O)         0.096     3.602 r  CLK100MHZ_IBUF_BUFG_inst/O
                         net (fo=4437, routed)        1.911     5.513    u_q/clk
    DSP48_X0Y19          DSP48E1                                      r  u_q/m2_r_reg/CLK
  -------------------------------------------------------------------    -------------------
    DSP48_X0Y19          DSP48E1 (Prop_dsp48e1_CLK_P[3])
                                                      0.434     5.947 r  u_q/m2_r_reg/P[3]
                         net (fo=1, routed)           0.846     6.794    u_q/m2_r_reg__0[20]
    SLICE_X12Y46         CARRY4 (Prop_carry4_S[0]_CO[3])
                                                      0.637     7.431 r  u_q/theta_reg[0][3]_i_7/CO[3]
                         net (fo=1, routed)           0.000     7.431    u_q/theta_reg[0][3]_i_7_n_0
    SLICE_X12Y47         CARRY4 (Prop_carry4_CI_CO[3])
                                                      0.117     7.548 r  u_q/theta_reg[0][7]_i_7/CO[3]
                         net (fo=1, routed)           0.000     7.548    u_q/theta_reg[0][7]_i_7_n_0
    SLICE_X12Y48         CARRY4 (Prop_carry4_CI_O[3])
                                                      0.315     7.863 r  u_q/theta_reg[0][11]_i_7/O[3]
                         net (fo=1, routed)           0.947     8.809    u_q/m2_b[31]
    SLICE_X30Y49         LUT2 (Prop_lut2_I1_O)        0.307     9.116 r  u_q/theta[0][11]_i_5/O
                         net (fo=1, routed)           0.000     9.116    u_q/theta[0][11]_i_5_n_0
    SLICE_X30Y49         CARRY4 (Prop_carry4_S[1]_CO[3])
                                                      0.533     9.649 r  u_q/theta_reg[0][11]_i_2/CO[3]
                         net (fo=1, routed)           0.001     9.650    u_q/theta_reg[0][11]_i_2_n_0
    SLICE_X30Y50         CARRY4 (Prop_carry4_CI_CO[3])
                                                      0.117     9.767 r  u_q/theta_reg[0][15]_i_10/CO[3]
                         net (fo=1, routed)           0.000     9.767    u_q/theta_reg[0][15]_i_10_n_0
    SLICE_X30Y51         CARRY4 (Prop_carry4_CI_O[1])
                                                      0.323    10.090 f  u_q/theta_reg[0][15]_i_50/O[1]
                         net (fo=4, routed)           0.976    11.066    u_q/p_1_in[17]
    SLICE_X38Y51         LUT2 (Prop_lut2_I0_O)        0.306    11.372 r  u_q/theta[0][15]_i_36/O
                         net (fo=1, routed)           0.000    11.372    u_q/theta[0][15]_i_36_n_0
    SLICE_X38Y51         CARRY4 (Prop_carry4_S[1]_CO[3])
                                                      0.533    11.905 r  u_q/theta_reg[0][15]_i_12/CO[3]
                         net (fo=1, routed)           0.000    11.905    u_q/theta_reg[0][15]_i_12_n_0
    SLICE_X38Y52         CARRY4 (Prop_carry4_CI_CO[2])
                                                      0.229    12.134 f  u_q/theta_reg[0][15]_i_8/CO[2]
                         net (fo=1017, routed)        1.554    13.688    u_q/p_1_in2_in
    SLICE_X36Y63         LUT3 (Prop_lut3_I0_O)        0.336    14.024 r  u_q/theta[5][15]_i_5/O
                         net (fo=5, routed)           0.535    14.559    u_q/theta[5][15]_i_5_n_0
    SLICE_X37Y63         LUT6 (Prop_lut6_I3_O)        0.326    14.885 r  u_q/theta[19][15]_i_2/O
                         net (fo=1, routed)           0.000    14.885    u_q/theta[19][15]_i_2_n_0
    SLICE_X37Y63         FDRE                                         r  u_q/theta_reg[19][15]/D
  -------------------------------------------------------------------    -------------------

                         (clock sys_clk_pin rise edge)
                                                     10.000    10.000 r  <hidden>
    E3                                                0.000    10.000 r  CLK100MHZ
                         net (fo=0)                   0.000    10.000    CLK100MHZ
    E3                   IBUF (Prop_ibuf_I_O)         1.411    11.411 r  CLK100MHZ_IBUF_inst/O
                         net (fo=1, routed)           1.920    13.331    CLK100MHZ_IBUF
    BUFGCTRL_X0Y16       BUFG (Prop_bufg_I_O)         0.091    13.422 r  CLK100MHZ_IBUF_BUFG_inst/O
                         net (fo=4437, routed)        1.514    14.937    u_q/clk
    SLICE_X37Y63         FDRE                                         r  u_q/theta_reg[19][15]/C
                         clock pessimism              0.187    15.124    <hidden>
                         clock uncertainty           -0.035    15.088    <hidden>
    SLICE_X37Y63         FDRE (Setup_fdre_C_D)        0.029    15.117    u_q/theta_reg[19][15]
  -------------------------------------------------------------------
                         required time                         15.117    <hidden>
                         arrival time                         -14.885    <hidden>
  -------------------------------------------------------------------
                         slack                                  0.233    <hidden>

Slack (MET) :             0.262ns  (required time - arrival time)
  Source:                 u_q/m2_r_reg/CLK
                            (rising edge-triggered cell DSP48E1 clocked by sys_clk_pin  {rise@0.000ns fall@5.000ns period=10.000ns})
  Destination:            u_q/theta_reg[17][15]/D
                            (rising edge-triggered cell FDRE clocked by sys_clk_pin  {rise@0.000ns fall@5.000ns period=10.000ns})
  Path Group:             sys_clk_pin
  Path Type:              Setup (Max at Slow Process Corner)
  Requirement:            10.000ns  (sys_clk_pin rise@10.000ns - sys_clk_pin rise@0.000ns)
  Data Path Delay:        9.342ns  (logic 4.513ns (48.308%)  route 4.829ns (51.692%))
  Logic Levels:           12  (CARRY4=8 LUT2=2 LUT3=1 LUT6=1)
  Clock Path Skew:        -0.390ns (DCD - SCD + CPR)
    Destination Clock Delay (DCD):    4.937ns = ( 14.937 - 10.000 ) 
    Source Clock Delay      (SCD):    5.513ns
    Clock Pessimism Removal (CPR):    0.187ns
  Clock Uncertainty:      0.035ns  ((TSJ^2 + TIJ^2)^1/2 + DJ) / 2 + PE
    Total System Jitter     (TSJ):    0.071ns
    Total Input Jitter      (TIJ):    0.000ns
    Discrete Jitter          (DJ):    0.000ns
    Phase Error              (PE):    0.000ns

    Location             Delay type                Incr(ns)  Path(ns)    Netlist Resource(s)
  -------------------------------------------------------------------    -------------------
                         (clock sys_clk_pin rise edge)
                                                      0.000     0.000 r  <hidden>
    E3                                                0.000     0.000 r  CLK100MHZ
                         net (fo=0)                   0.000     0.000    CLK100MHZ
    E3                   IBUF (Prop_ibuf_I_O)         1.482     1.482 r  CLK100MHZ_IBUF_inst/O
                         net (fo=1, routed)           2.025     3.506    CLK100MHZ_IBUF
    BUFGCTRL_X0Y16       BUFG (Prop_bufg_I_O)         0.096     3.602 r  CLK100MHZ_IBUF_BUFG_inst/O
                         net (fo=4437, routed)        1.911     5.513    u_q/clk
    DSP48_X0Y19          DSP48E1                                      r  u_q/m2_r_reg/CLK
  -------------------------------------------------------------------    -------------------
    DSP48_X0Y19          DSP48E1 (Prop_dsp48e1_CLK_P[3])
                                                      0.434     5.947 r  u_q/m2_r_reg/P[3]
                         net (fo=1, routed)           0.846     6.794    u_q/m2_r_reg__0[20]
    SLICE_X12Y46         CARRY4 (Prop_carry4_S[0]_CO[3])
                                                      0.637     7.431 r  u_q/theta_reg[0][3]_i_7/CO[3]
                         net (fo=1, routed)           0.000     7.431    u_q/theta_reg[0][3]_i_7_n_0
    SLICE_X12Y47         CARRY4 (Prop_carry4_CI_CO[3])
                                                      0.117     7.548 r  u_q/theta_reg[0][7]_i_7/CO[3]
                         net (fo=1, routed)           0.000     7.548    u_q/theta_reg[0][7]_i_7_n_0
    SLICE_X12Y48         CARRY4 (Prop_carry4_CI_O[3])
                                                      0.315     7.863 r  u_q/theta_reg[0][11]_i_7/O[3]
                         net (fo=1, routed)           0.947     8.809    u_q/m2_b[31]
    SLICE_X30Y49         LUT2 (Prop_lut2_I1_O)        0.307     9.116 r  u_q/theta[0][11]_i_5/O
                         net (fo=1, routed)           0.000     9.116    u_q/theta[0][11]_i_5_n_0
    SLICE_X30Y49         CARRY4 (Prop_carry4_S[1]_CO[3])
                                                      0.533     9.649 r  u_q/theta_reg[0][11]_i_2/CO[3]
                         net (fo=1, routed)           0.001     9.650    u_q/theta_reg[0][11]_i_2_n_0
    SLICE_X30Y50         CARRY4 (Prop_carry4_CI_CO[3])
                                                      0.117     9.767 r  u_q/theta_reg[0][15]_i_10/CO[3]
                         net (fo=1, routed)           0.000     9.767    u_q/theta_reg[0][15]_i_10_n_0
    SLICE_X30Y51         CARRY4 (Prop_carry4_CI_O[1])
                                                      0.323    10.090 f  u_q/theta_reg[0][15]_i_50/O[1]
                         net (fo=4, routed)           0.976    11.066    u_q/p_1_in[17]
    SLICE_X38Y51         LUT2 (Prop_lut2_I0_O)        0.306    11.372 r  u_q/theta[0][15]_i_36/O
                         net (fo=1, routed)           0.000    11.372    u_q/theta[0][15]_i_36_n_0
    SLICE_X38Y51         CARRY4 (Prop_carry4_S[1]_CO[3])
                                                      0.533    11.905 r  u_q/theta_reg[0][15]_i_12/CO[3]
                         net (fo=1, routed)           0.000    11.905    u_q/theta_reg[0][15]_i_12_n_0
    SLICE_X38Y52         CARRY4 (Prop_carry4_CI_CO[2])
                                                      0.229    12.134 f  u_q/theta_reg[0][15]_i_8/CO[2]
                         net (fo=1017, routed)        1.554    13.688    u_q/p_1_in2_in
    SLICE_X36Y63         LUT3 (Prop_lut3_I0_O)        0.336    14.024 r  u_q/theta[5][15]_i_5/O
                         net (fo=5, routed)           0.505    14.529    u_q/theta[5][15]_i_5_n_0
    SLICE_X35Y63         LUT6 (Prop_lut6_I5_O)        0.326    14.855 r  u_q/theta[17][15]_i_2/O
                         net (fo=1, routed)           0.000    14.855    u_q/theta[17][15]_i_2_n_0
    SLICE_X35Y63         FDRE                                         r  u_q/theta_reg[17][15]/D
  -------------------------------------------------------------------    -------------------

                         (clock sys_clk_pin rise edge)
                                                     10.000    10.000 r  <hidden>
    E3                                                0.000    10.000 r  CLK100MHZ
                         net (fo=0)                   0.000    10.000    CLK100MHZ
    E3                   IBUF (Prop_ibuf_I_O)         1.411    11.411 r  CLK100MHZ_IBUF_inst/O
                         net (fo=1, routed)           1.920    13.331    CLK100MHZ_IBUF
    BUFGCTRL_X0Y16       BUFG (Prop_bufg_I_O)         0.091    13.422 r  CLK100MHZ_IBUF_BUFG_inst/O
                         net (fo=4437, routed)        1.514    14.937    u_q/clk
    SLICE_X35Y63         FDRE                                         r  u_q/theta_reg[17][15]/C
                         clock pessimism              0.187    15.124    <hidden>
                         clock uncertainty           -0.035    15.088    <hidden>
    SLICE_X35Y63         FDRE (Setup_fdre_C_D)        0.029    15.117    u_q/theta_reg[17][15]
  -------------------------------------------------------------------
                         required time                         15.117    <hidden>
                         arrival time                         -14.855    <hidden>
  -------------------------------------------------------------------
                         slack                                  0.262    <hidden>

Slack (MET) :             0.393ns  (required time - arrival time)
  Source:                 u_q/m2_r_reg/CLK
                            (rising edge-triggered cell DSP48E1 clocked by sys_clk_pin  {rise@0.000ns fall@5.000ns period=10.000ns})
  Destination:            u_q/theta_reg[23][8]/D
                            (rising edge-triggered cell FDRE clocked by sys_clk_pin  {rise@0.000ns fall@5.000ns period=10.000ns})
  Path Group:             sys_clk_pin
  Path Type:              Setup (Max at Slow Process Corner)
  Requirement:            10.000ns  (sys_clk_pin rise@10.000ns - sys_clk_pin rise@0.000ns)
  Data Path Delay:        9.213ns  (logic 4.517ns (49.029%)  route 4.696ns (50.971%))
  Logic Levels:           12  (CARRY4=8 LUT2=2 LUT3=1 LUT6=1)
  Clock Path Skew:        -0.391ns (DCD - SCD + CPR)
    Destination Clock Delay (DCD):    4.936ns = ( 14.936 - 10.000 ) 
    Source Clock Delay      (SCD):    5.513ns
    Clock Pessimism Removal (CPR):    0.187ns
  Clock Uncertainty:      0.035ns  ((TSJ^2 + TIJ^2)^1/2 + DJ) / 2 + PE
    Total System Jitter     (TSJ):    0.071ns
    Total Input Jitter      (TIJ):    0.000ns
    Discrete Jitter          (DJ):    0.000ns
    Phase Error              (PE):    0.000ns

    Location             Delay type                Incr(ns)  Path(ns)    Netlist Resource(s)
  -------------------------------------------------------------------    -------------------
                         (clock sys_clk_pin rise edge)
                                                      0.000     0.000 r  <hidden>
    E3                                                0.000     0.000 r  CLK100MHZ
                         net (fo=0)                   0.000     0.000    CLK100MHZ
    E3                   IBUF (Prop_ibuf_I_O)         1.482     1.482 r  CLK100MHZ_IBUF_inst/O
                         net (fo=1, routed)           2.025     3.506    CLK100MHZ_IBUF
    BUFGCTRL_X0Y16       BUFG (Prop_bufg_I_O)         0.096     3.602 r  CLK100MHZ_IBUF_BUFG_inst/O
                         net (fo=4437, routed)        1.911     5.513    u_q/clk
    DSP48_X0Y19          DSP48E1                                      r  u_q/m2_r_reg/CLK
  -------------------------------------------------------------------    -------------------
    DSP48_X0Y19          DSP48E1 (Prop_dsp48e1_CLK_P[3])
                                                      0.434     5.947 r  u_q/m2_r_reg/P[3]
                         net (fo=1, routed)           0.846     6.794    u_q/m2_r_reg__0[20]
    SLICE_X12Y46         CARRY4 (Prop_carry4_S[0]_CO[3])
                                                      0.637     7.431 r  u_q/theta_reg[0][3]_i_7/CO[3]
                         net (fo=1, routed)           0.000     7.431    u_q/theta_reg[0][3]_i_7_n_0
    SLICE_X12Y47         CARRY4 (Prop_carry4_CI_CO[3])
                                                      0.117     7.548 r  u_q/theta_reg[0][7]_i_7/CO[3]
                         net (fo=1, routed)           0.000     7.548    u_q/theta_reg[0][7]_i_7_n_0
    SLICE_X12Y48         CARRY4 (Prop_carry4_CI_O[3])
                                                      0.315     7.863 r  u_q/theta_reg[0][11]_i_7/O[3]
                         net (fo=1, routed)           0.947     8.809    u_q/m2_b[31]
    SLICE_X30Y49         LUT2 (Prop_lut2_I1_O)        0.307     9.116 r  u_q/theta[0][11]_i_5/O
                         net (fo=1, routed)           0.000     9.116    u_q/theta[0][11]_i_5_n_0
    SLICE_X30Y49         CARRY4 (Prop_carry4_S[1]_CO[3])
                                                      0.533     9.649 r  u_q/theta_reg[0][11]_i_2/CO[3]
                         net (fo=1, routed)           0.001     9.650    u_q/theta_reg[0][11]_i_2_n_0
    SLICE_X30Y50         CARRY4 (Prop_carry4_CI_CO[3])
                                                      0.117     9.767 r  u_q/theta_reg[0][15]_i_10/CO[3]
                         net (fo=1, routed)           0.000     9.767    u_q/theta_reg[0][15]_i_10_n_0
    SLICE_X30Y51         CARRY4 (Prop_carry4_CI_O[1])
                                                      0.323    10.090 f  u_q/theta_reg[0][15]_i_50/O[1]
                         net (fo=4, routed)           0.976    11.066    u_q/p_1_in[17]
    SLICE_X38Y51         LUT2 (Prop_lut2_I0_O)        0.306    11.372 r  u_q/theta[0][15]_i_36/O
                         net (fo=1, routed)           0.000    11.372    u_q/theta[0][15]_i_36_n_0
    SLICE_X38Y51         CARRY4 (Prop_carry4_S[1]_CO[3])
                                                      0.533    11.905 r  u_q/theta_reg[0][15]_i_12/CO[3]
                         net (fo=1, routed)           0.000    11.905    u_q/theta_reg[0][15]_i_12_n_0
    SLICE_X38Y52         CARRY4 (Prop_carry4_CI_CO[2])
                                                      0.229    12.134 r  u_q/theta_reg[0][15]_i_8/CO[2]
                         net (fo=1017, routed)        1.430    13.565    u_q/p_1_in2_in
    SLICE_X44Y60         LUT3 (Prop_lut3_I0_O)        0.339    13.904 r  u_q/theta[23][8]_i_3/O
                         net (fo=1, routed)           0.495    14.399    u_q/theta[23][8]_i_3_n_0
    SLICE_X44Y60         LUT6 (Prop_lut6_I5_O)        0.327    14.726 r  u_q/theta[23][8]_i_1/O
                         net (fo=1, routed)           0.000    14.726    u_q/theta[23][8]_i_1_n_0
    SLICE_X44Y60         FDRE                                         r  u_q/theta_reg[23][8]/D
  -------------------------------------------------------------------    -------------------

                         (clock sys_clk_pin rise edge)
                                                     10.000    10.000 r  <hidden>
    E3                                                0.000    10.000 r  CLK100MHZ
                         net (fo=0)                   0.000    10.000    CLK100MHZ
    E3                   IBUF (Prop_ibuf_I_O)         1.411    11.411 r  CLK100MHZ_IBUF_inst/O
                         net (fo=1, routed)           1.920    13.331    CLK100MHZ_IBUF
    BUFGCTRL_X0Y16       BUFG (Prop_bufg_I_O)         0.091    13.422 r  CLK100MHZ_IBUF_BUFG_inst/O
                         net (fo=4437, routed)        1.513    14.936    u_q/clk
    SLICE_X44Y60         FDRE                                         r  u_q/theta_reg[23][8]/C
                         clock pessimism              0.187    15.123    <hidden>
                         clock uncertainty           -0.035    15.087    <hidden>
    SLICE_X44Y60         FDRE (Setup_fdre_C_D)        0.032    15.119    u_q/theta_reg[23][8]
  -------------------------------------------------------------------
                         required time                         15.119    <hidden>
                         arrival time                         -14.726    <hidden>
  -------------------------------------------------------------------
                         slack                                  0.393    <hidden>

Slack (MET) :             0.411ns  (required time - arrival time)
  Source:                 u_q/m2_r_reg/CLK
                            (rising edge-triggered cell DSP48E1 clocked by sys_clk_pin  {rise@0.000ns fall@5.000ns period=10.000ns})
  Destination:            u_q/theta_reg[10][15]/D
                            (rising edge-triggered cell FDRE clocked by sys_clk_pin  {rise@0.000ns fall@5.000ns period=10.000ns})
  Path Group:             sys_clk_pin
  Path Type:              Setup (Max at Slow Process Corner)
  Requirement:            10.000ns  (sys_clk_pin rise@10.000ns - sys_clk_pin rise@0.000ns)
  Data Path Delay:        9.196ns  (logic 4.513ns (49.074%)  route 4.683ns (50.927%))
  Logic Levels:           12  (CARRY4=8 LUT2=2 LUT3=1 LUT6=1)
  Clock Path Skew:        -0.389ns (DCD - SCD + CPR)
    Destination Clock Delay (DCD):    4.938ns = ( 14.938 - 10.000 ) 
    Source Clock Delay      (SCD):    5.513ns
    Clock Pessimism Removal (CPR):    0.187ns
  Clock Uncertainty:      0.035ns  ((TSJ^2 + TIJ^2)^1/2 + DJ) / 2 + PE
    Total System Jitter     (TSJ):    0.071ns
    Total Input Jitter      (TIJ):    0.000ns
    Discrete Jitter          (DJ):    0.000ns
    Phase Error              (PE):    0.000ns

    Location             Delay type                Incr(ns)  Path(ns)    Netlist Resource(s)
  -------------------------------------------------------------------    -------------------
                         (clock sys_clk_pin rise edge)
                                                      0.000     0.000 r  <hidden>
    E3                                                0.000     0.000 r  CLK100MHZ
                         net (fo=0)                   0.000     0.000    CLK100MHZ
    E3                   IBUF (Prop_ibuf_I_O)         1.482     1.482 r  CLK100MHZ_IBUF_inst/O
                         net (fo=1, routed)           2.025     3.506    CLK100MHZ_IBUF
    BUFGCTRL_X0Y16       BUFG (Prop_bufg_I_O)         0.096     3.602 r  CLK100MHZ_IBUF_BUFG_inst/O
                         net (fo=4437, routed)        1.911     5.513    u_q/clk
    DSP48_X0Y19          DSP48E1                                      r  u_q/m2_r_reg/CLK
  -------------------------------------------------------------------    -------------------
    DSP48_X0Y19          DSP48E1 (Prop_dsp48e1_CLK_P[3])
                                                      0.434     5.947 r  u_q/m2_r_reg/P[3]
                         net (fo=1, routed)           0.846     6.794    u_q/m2_r_reg__0[20]
    SLICE_X12Y46         CARRY4 (Prop_carry4_S[0]_CO[3])
                                                      0.637     7.431 r  u_q/theta_reg[0][3]_i_7/CO[3]
                         net (fo=1, routed)           0.000     7.431    u_q/theta_reg[0][3]_i_7_n_0
    SLICE_X12Y47         CARRY4 (Prop_carry4_CI_CO[3])
                                                      0.117     7.548 r  u_q/theta_reg[0][7]_i_7/CO[3]
                         net (fo=1, routed)           0.000     7.548    u_q/theta_reg[0][7]_i_7_n_0
    SLICE_X12Y48         CARRY4 (Prop_carry4_CI_O[3])
                                                      0.315     7.863 r  u_q/theta_reg[0][11]_i_7/O[3]
                         net (fo=1, routed)           0.947     8.809    u_q/m2_b[31]
    SLICE_X30Y49         LUT2 (Prop_lut2_I1_O)        0.307     9.116 r  u_q/theta[0][11]_i_5/O
                         net (fo=1, routed)           0.000     9.116    u_q/theta[0][11]_i_5_n_0
    SLICE_X30Y49         CARRY4 (Prop_carry4_S[1]_CO[3])
                                                      0.533     9.649 r  u_q/theta_reg[0][11]_i_2/CO[3]
                         net (fo=1, routed)           0.001     9.650    u_q/theta_reg[0][11]_i_2_n_0
    SLICE_X30Y50         CARRY4 (Prop_carry4_CI_CO[3])
                                                      0.117     9.767 r  u_q/theta_reg[0][15]_i_10/CO[3]
                         net (fo=1, routed)           0.000     9.767    u_q/theta_reg[0][15]_i_10_n_0
    SLICE_X30Y51         CARRY4 (Prop_carry4_CI_O[1])
                                                      0.323    10.090 f  u_q/theta_reg[0][15]_i_50/O[1]
                         net (fo=4, routed)           0.976    11.066    u_q/p_1_in[17]
    SLICE_X38Y51         LUT2 (Prop_lut2_I0_O)        0.306    11.372 r  u_q/theta[0][15]_i_36/O
                         net (fo=1, routed)           0.000    11.372    u_q/theta[0][15]_i_36_n_0
    SLICE_X38Y51         CARRY4 (Prop_carry4_S[1]_CO[3])
                                                      0.533    11.905 r  u_q/theta_reg[0][15]_i_12/CO[3]
                         net (fo=1, routed)           0.000    11.905    u_q/theta_reg[0][15]_i_12_n_0
    SLICE_X38Y52         CARRY4 (Prop_carry4_CI_CO[2])
                                                      0.229    12.134 f  u_q/theta_reg[0][15]_i_8/CO[2]
                         net (fo=1017, routed)        1.554    13.688    u_q/p_1_in2_in
    SLICE_X36Y63         LUT3 (Prop_lut3_I0_O)        0.336    14.024 r  u_q/theta[5][15]_i_5/O
                         net (fo=5, routed)           0.360    14.384    u_q/theta[5][15]_i_5_n_0
    SLICE_X36Y62         LUT6 (Prop_lut6_I5_O)        0.326    14.710 r  u_q/theta[10][15]_i_2/O
                         net (fo=1, routed)           0.000    14.710    u_q/theta[10][15]_i_2_n_0
    SLICE_X36Y62         FDRE                                         r  u_q/theta_reg[10][15]/D
  -------------------------------------------------------------------    -------------------

                         (clock sys_clk_pin rise edge)
                                                     10.000    10.000 r  <hidden>
    E3                                                0.000    10.000 r  CLK100MHZ
                         net (fo=0)                   0.000    10.000    CLK100MHZ
    E3                   IBUF (Prop_ibuf_I_O)         1.411    11.411 r  CLK100MHZ_IBUF_inst/O
                         net (fo=1, routed)           1.920    13.331    CLK100MHZ_IBUF
    BUFGCTRL_X0Y16       BUFG (Prop_bufg_I_O)         0.091    13.422 r  CLK100MHZ_IBUF_BUFG_inst/O
                         net (fo=4437, routed)        1.515    14.938    u_q/clk
    SLICE_X36Y62         FDRE                                         r  u_q/theta_reg[10][15]/C
                         clock pessimism              0.187    15.125    <hidden>
                         clock uncertainty           -0.035    15.089    <hidden>
    SLICE_X36Y62         FDRE (Setup_fdre_C_D)        0.031    15.120    u_q/theta_reg[10][15]
  -------------------------------------------------------------------
                         required time                         15.120    <hidden>
                         arrival time                         -14.710    <hidden>
  -------------------------------------------------------------------
                         slack                                  0.411    <hidden>

Slack (MET) :             0.416ns  (required time - arrival time)
  Source:                 u_q/m2_r_reg/CLK
                            (rising edge-triggered cell DSP48E1 clocked by sys_clk_pin  {rise@0.000ns fall@5.000ns period=10.000ns})
  Destination:            u_q/theta_reg[20][15]/D
                            (rising edge-triggered cell FDRE clocked by sys_clk_pin  {rise@0.000ns fall@5.000ns period=10.000ns})
  Path Group:             sys_clk_pin
  Path Type:              Setup (Max at Slow Process Corner)
  Requirement:            10.000ns  (sys_clk_pin rise@10.000ns - sys_clk_pin rise@0.000ns)
  Data Path Delay:        9.191ns  (logic 4.513ns (49.101%)  route 4.678ns (50.899%))
  Logic Levels:           12  (CARRY4=8 LUT2=2 LUT3=1 LUT6=1)
  Clock Path Skew:        -0.389ns (DCD - SCD + CPR)
    Destination Clock Delay (DCD):    4.938ns = ( 14.938 - 10.000 ) 
    Source Clock Delay      (SCD):    5.513ns
    Clock Pessimism Removal (CPR):    0.187ns
  Clock Uncertainty:      0.035ns  ((TSJ^2 + TIJ^2)^1/2 + DJ) / 2 + PE
    Total System Jitter     (TSJ):    0.071ns
    Total Input Jitter      (TIJ):    0.000ns
    Discrete Jitter          (DJ):    0.000ns
    Phase Error              (PE):    0.000ns

    Location             Delay type                Incr(ns)  Path(ns)    Netlist Resource(s)
  -------------------------------------------------------------------    -------------------
                         (clock sys_clk_pin rise edge)
                                                      0.000     0.000 r  <hidden>
    E3                                                0.000     0.000 r  CLK100MHZ
                         net (fo=0)                   0.000     0.000    CLK100MHZ
    E3                   IBUF (Prop_ibuf_I_O)         1.482     1.482 r  CLK100MHZ_IBUF_inst/O
                         net (fo=1, routed)           2.025     3.506    CLK100MHZ_IBUF
    BUFGCTRL_X0Y16       BUFG (Prop_bufg_I_O)         0.096     3.602 r  CLK100MHZ_IBUF_BUFG_inst/O
                         net (fo=4437, routed)        1.911     5.513    u_q/clk
    DSP48_X0Y19          DSP48E1                                      r  u_q/m2_r_reg/CLK
  -------------------------------------------------------------------    -------------------
    DSP48_X0Y19          DSP48E1 (Prop_dsp48e1_CLK_P[3])
                                                      0.434     5.947 r  u_q/m2_r_reg/P[3]
                         net (fo=1, routed)           0.846     6.794    u_q/m2_r_reg__0[20]
    SLICE_X12Y46         CARRY4 (Prop_carry4_S[0]_CO[3])
                                                      0.637     7.431 r  u_q/theta_reg[0][3]_i_7/CO[3]
                         net (fo=1, routed)           0.000     7.431    u_q/theta_reg[0][3]_i_7_n_0
    SLICE_X12Y47         CARRY4 (Prop_carry4_CI_CO[3])
                                                      0.117     7.548 r  u_q/theta_reg[0][7]_i_7/CO[3]
                         net (fo=1, routed)           0.000     7.548    u_q/theta_reg[0][7]_i_7_n_0
    SLICE_X12Y48         CARRY4 (Prop_carry4_CI_O[3])
                                                      0.315     7.863 r  u_q/theta_reg[0][11]_i_7/O[3]
                         net (fo=1, routed)           0.947     8.809    u_q/m2_b[31]
    SLICE_X30Y49         LUT2 (Prop_lut2_I1_O)        0.307     9.116 r  u_q/theta[0][11]_i_5/O
                         net (fo=1, routed)           0.000     9.116    u_q/theta[0][11]_i_5_n_0
    SLICE_X30Y49         CARRY4 (Prop_carry4_S[1]_CO[3])
                                                      0.533     9.649 r  u_q/theta_reg[0][11]_i_2/CO[3]
                         net (fo=1, routed)           0.001     9.650    u_q/theta_reg[0][11]_i_2_n_0
    SLICE_X30Y50         CARRY4 (Prop_carry4_CI_CO[3])
                                                      0.117     9.767 r  u_q/theta_reg[0][15]_i_10/CO[3]
                         net (fo=1, routed)           0.000     9.767    u_q/theta_reg[0][15]_i_10_n_0
    SLICE_X30Y51         CARRY4 (Prop_carry4_CI_O[1])
                                                      0.323    10.090 f  u_q/theta_reg[0][15]_i_50/O[1]
                         net (fo=4, routed)           0.976    11.066    u_q/p_1_in[17]
    SLICE_X38Y51         LUT2 (Prop_lut2_I0_O)        0.306    11.372 r  u_q/theta[0][15]_i_36/O
                         net (fo=1, routed)           0.000    11.372    u_q/theta[0][15]_i_36_n_0
    SLICE_X38Y51         CARRY4 (Prop_carry4_S[1]_CO[3])
                                                      0.533    11.905 r  u_q/theta_reg[0][15]_i_12/CO[3]
                         net (fo=1, routed)           0.000    11.905    u_q/theta_reg[0][15]_i_12_n_0
    SLICE_X38Y52         CARRY4 (Prop_carry4_CI_CO[2])
                                                      0.229    12.134 f  u_q/theta_reg[0][15]_i_8/CO[2]
                         net (fo=1017, routed)        1.554    13.688    u_q/p_1_in2_in
    SLICE_X36Y63         LUT3 (Prop_lut3_I0_O)        0.336    14.024 r  u_q/theta[5][15]_i_5/O
                         net (fo=5, routed)           0.354    14.378    u_q/theta[5][15]_i_5_n_0
    SLICE_X33Y63         LUT6 (Prop_lut6_I3_O)        0.326    14.704 r  u_q/theta[20][15]_i_2/O
                         net (fo=1, routed)           0.000    14.704    u_q/theta[20][15]_i_2_n_0
    SLICE_X33Y63         FDRE                                         r  u_q/theta_reg[20][15]/D
  -------------------------------------------------------------------    -------------------

                         (clock sys_clk_pin rise edge)
                                                     10.000    10.000 r  <hidden>
    E3                                                0.000    10.000 r  CLK100MHZ
                         net (fo=0)                   0.000    10.000    CLK100MHZ
    E3                   IBUF (Prop_ibuf_I_O)         1.411    11.411 r  CLK100MHZ_IBUF_inst/O
                         net (fo=1, routed)           1.920    13.331    CLK100MHZ_IBUF
    BUFGCTRL_X0Y16       BUFG (Prop_bufg_I_O)         0.091    13.422 r  CLK100MHZ_IBUF_BUFG_inst/O
                         net (fo=4437, routed)        1.515    14.938    u_q/clk
    SLICE_X33Y63         FDRE                                         r  u_q/theta_reg[20][15]/C
                         clock pessimism              0.187    15.125    <hidden>
                         clock uncertainty           -0.035    15.089    <hidden>
    SLICE_X33Y63         FDRE (Setup_fdre_C_D)        0.031    15.120    u_q/theta_reg[20][15]
  -------------------------------------------------------------------
                         required time                         15.120    <hidden>
                         arrival time                         -14.704    <hidden>
  -------------------------------------------------------------------
                         slack                                  0.416    <hidden>




