Copyright 1986-2022 Xilinx, Inc. All Rights Reserved. Copyright 2022-2026 Advanced Micro Devices, Inc. All Rights Reserved.
---------------------------------------------------------------------------------------------------------------------------------------------
| Tool Version : Vivado v.2026.1 (win64) Build 6511674 Tue Jun 16 11:02:23 MDT 2026
| Date         : Wed Sep 16 16:36:45 2026
| Host         : laptop-Quan running 64-bit major release  (build 9200)
| Command      : report_timing -max_paths 5 -file D:/FPGA/arty_d/ooc_pack_mig/reports/crit.rpt
| Design       : pack_mig_bind
| Device       : 7a100t-csg324
| Speed File   : -1  PRODUCTION 1.23 2018-06-13
| Design State : Synthesized
---------------------------------------------------------------------------------------------------------------------------------------------

Timing Report

Slack (MET) :             2.383ns  (required time - arrival time)
  Source:                 u_ld/rx_words_reg[1]/C
                            (rising edge-triggered cell FDCE clocked by clk  {rise@0.000ns fall@5.000ns period=10.000ns})
  Destination:            u_ld/page_acc_reg[0]/CE
                            (rising edge-triggered cell FDPE clocked by clk  {rise@0.000ns fall@5.000ns period=10.000ns})
  Path Group:             clk
  Path Type:              Setup (Max at Slow Process Corner)
  Requirement:            10.000ns  (clk rise@10.000ns - clk rise@0.000ns)
  Data Path Delay:        7.331ns  (logic 3.437ns (46.883%)  route 3.894ns (53.117%))
  Logic Levels:           10  (CARRY4=5 LUT4=1 LUT5=1 LUT6=3)
  Clock Path Skew:        -0.049ns (DCD - SCD + CPR)
    Destination Clock Delay (DCD):    0.924ns = ( 10.924 - 10.000 ) 
    Source Clock Delay      (SCD):    0.973ns
    Clock Pessimism Removal (CPR):    0.000ns
  Clock Uncertainty:      0.035ns  ((TSJ^2 + TIJ^2)^1/2 + DJ) / 2 + PE
    Total System Jitter     (TSJ):    0.071ns
    Total Input Jitter      (TIJ):    0.000ns
    Discrete Jitter          (DJ):    0.000ns
    Phase Error              (PE):    0.000ns

    Location             Delay type                Incr(ns)  Path(ns)    Netlist Resource(s)
  -------------------------------------------------------------------    -------------------
                         (clock clk rise edge)        0.000     0.000 r  <hidden>
                                                      0.000     0.000 r  clk
                         net (fo=979, unset)          0.973     0.973    u_ld/clk
                         FDCE                                         r  u_ld/rx_words_reg[1]/C
  -------------------------------------------------------------------    -------------------
                         FDCE (Prop_fdce_C_Q)         0.478     1.451 r  u_ld/rx_words_reg[1]/Q
                         net (fo=60, unplaced)        0.753     2.204    u_ld/rx_words[1]
                         CARRY4 (Prop_carry4_S[0]_CO[3])
                                                      0.808     3.012 r  u_ld/page_acc_reg[31]_i_64/CO[3]
                         net (fo=1, unplaced)         0.000     3.012    u_ld/page_acc_reg[31]_i_64_n_0
                         CARRY4 (Prop_carry4_CI_CO[3])
                                                      0.117     3.129 r  u_ld/page_acc_reg[31]_i_60/CO[3]
                         net (fo=1, unplaced)         0.000     3.129    u_ld/page_acc_reg[31]_i_60_n_0
                         CARRY4 (Prop_carry4_CI_O[1])
                                                      0.337     3.466 r  u_ld/page_acc_reg[31]_i_59/O[1]
                         net (fo=5, unplaced)         0.639     4.105    u_ld/payload_byte_pos[12]
                         LUT4 (Prop_lut4_I0_O)        0.306     4.411 r  u_ld/page_acc[31]_i_30/O
                         net (fo=1, unplaced)         0.000     4.411    u_ld/page_acc[31]_i_30_n_0
                         CARRY4 (Prop_carry4_S[3]_CO[3])
                                                      0.376     4.787 r  u_ld/page_acc_reg[31]_i_13/CO[3]
                         net (fo=1, unplaced)         0.000     4.787    u_ld/page_acc_reg[31]_i_13_n_0
                         CARRY4 (Prop_carry4_CI_O[1])
                                                      0.337     5.124 r  u_ld/page_acc_reg[31]_i_25/O[1]
                         net (fo=1, unplaced)         0.611     5.735    u_ld/page_acc_reg[31]_i_25_n_6
                         LUT6 (Prop_lut6_I0_O)        0.306     6.041 f  u_ld/page_acc[31]_i_11/O
                         net (fo=1, unplaced)         0.449     6.490    u_ld/page_acc[31]_i_11_n_0
                         LUT6 (Prop_lut6_I0_O)        0.124     6.614 f  u_ld/page_acc[31]_i_7/O
                         net (fo=1, unplaced)         0.449     7.063    u_ld/page_acc[31]_i_7_n_0
                         LUT5 (Prop_lut5_I3_O)        0.124     7.187 f  u_ld/page_acc[31]_i_4/O
                         net (fo=1, unplaced)         0.449     7.636    u_ld/page_acc[31]_i_4_n_0
                         LUT6 (Prop_lut6_I5_O)        0.124     7.760 r  u_ld/page_acc[31]_i_1/O
                         net (fo=32, unplaced)        0.544     8.304    u_ld/page_acc[31]_i_1_n_0
                         FDPE                                         r  u_ld/page_acc_reg[0]/CE
  -------------------------------------------------------------------    -------------------

                         (clock clk rise edge)       10.000    10.000 r  <hidden>
                                                      0.000    10.000 r  clk
                         net (fo=979, unset)          0.924    10.924    u_ld/clk
                         FDPE                                         r  u_ld/page_acc_reg[0]/C
                         clock pessimism              0.000    10.924    <hidden>
                         clock uncertainty           -0.035    10.889    <hidden>
                         FDPE (Setup_fdpe_C_CE)      -0.202    10.687    u_ld/page_acc_reg[0]
  -------------------------------------------------------------------
                         required time                         10.687    <hidden>
                         arrival time                          -8.304    <hidden>
  -------------------------------------------------------------------
                         slack                                  2.383    <hidden>

Slack (MET) :             2.383ns  (required time - arrival time)
  Source:                 u_ld/rx_words_reg[1]/C
                            (rising edge-triggered cell FDCE clocked by clk  {rise@0.000ns fall@5.000ns period=10.000ns})
  Destination:            u_ld/page_acc_reg[10]/CE
                            (rising edge-triggered cell FDPE clocked by clk  {rise@0.000ns fall@5.000ns period=10.000ns})
  Path Group:             clk
  Path Type:              Setup (Max at Slow Process Corner)
  Requirement:            10.000ns  (clk rise@10.000ns - clk rise@0.000ns)
  Data Path Delay:        7.331ns  (logic 3.437ns (46.883%)  route 3.894ns (53.117%))
  Logic Levels:           10  (CARRY4=5 LUT4=1 LUT5=1 LUT6=3)
  Clock Path Skew:        -0.049ns (DCD - SCD + CPR)
    Destination Clock Delay (DCD):    0.924ns = ( 10.924 - 10.000 ) 
    Source Clock Delay      (SCD):    0.973ns
    Clock Pessimism Removal (CPR):    0.000ns
  Clock Uncertainty:      0.035ns  ((TSJ^2 + TIJ^2)^1/2 + DJ) / 2 + PE
    Total System Jitter     (TSJ):    0.071ns
    Total Input Jitter      (TIJ):    0.000ns
    Discrete Jitter          (DJ):    0.000ns
    Phase Error              (PE):    0.000ns

    Location             Delay type                Incr(ns)  Path(ns)    Netlist Resource(s)
  -------------------------------------------------------------------    -------------------
                         (clock clk rise edge)        0.000     0.000 r  <hidden>
                                                      0.000     0.000 r  clk
                         net (fo=979, unset)          0.973     0.973    u_ld/clk
                         FDCE                                         r  u_ld/rx_words_reg[1]/C
  -------------------------------------------------------------------    -------------------
                         FDCE (Prop_fdce_C_Q)         0.478     1.451 r  u_ld/rx_words_reg[1]/Q
                         net (fo=60, unplaced)        0.753     2.204    u_ld/rx_words[1]
                         CARRY4 (Prop_carry4_S[0]_CO[3])
                                                      0.808     3.012 r  u_ld/page_acc_reg[31]_i_64/CO[3]
                         net (fo=1, unplaced)         0.000     3.012    u_ld/page_acc_reg[31]_i_64_n_0
                         CARRY4 (Prop_carry4_CI_CO[3])
                                                      0.117     3.129 r  u_ld/page_acc_reg[31]_i_60/CO[3]
                         net (fo=1, unplaced)         0.000     3.129    u_ld/page_acc_reg[31]_i_60_n_0
                         CARRY4 (Prop_carry4_CI_O[1])
                                                      0.337     3.466 r  u_ld/page_acc_reg[31]_i_59/O[1]
                         net (fo=5, unplaced)         0.639     4.105    u_ld/payload_byte_pos[12]
                         LUT4 (Prop_lut4_I0_O)        0.306     4.411 r  u_ld/page_acc[31]_i_30/O
                         net (fo=1, unplaced)         0.000     4.411    u_ld/page_acc[31]_i_30_n_0
                         CARRY4 (Prop_carry4_S[3]_CO[3])
                                                      0.376     4.787 r  u_ld/page_acc_reg[31]_i_13/CO[3]
                         net (fo=1, unplaced)         0.000     4.787    u_ld/page_acc_reg[31]_i_13_n_0
                         CARRY4 (Prop_carry4_CI_O[1])
                                                      0.337     5.124 r  u_ld/page_acc_reg[31]_i_25/O[1]
                         net (fo=1, unplaced)         0.611     5.735    u_ld/page_acc_reg[31]_i_25_n_6
                         LUT6 (Prop_lut6_I0_O)        0.306     6.041 f  u_ld/page_acc[31]_i_11/O
                         net (fo=1, unplaced)         0.449     6.490    u_ld/page_acc[31]_i_11_n_0
                         LUT6 (Prop_lut6_I0_O)        0.124     6.614 f  u_ld/page_acc[31]_i_7/O
                         net (fo=1, unplaced)         0.449     7.063    u_ld/page_acc[31]_i_7_n_0
                         LUT5 (Prop_lut5_I3_O)        0.124     7.187 f  u_ld/page_acc[31]_i_4/O
                         net (fo=1, unplaced)         0.449     7.636    u_ld/page_acc[31]_i_4_n_0
                         LUT6 (Prop_lut6_I5_O)        0.124     7.760 r  u_ld/page_acc[31]_i_1/O
                         net (fo=32, unplaced)        0.544     8.304    u_ld/page_acc[31]_i_1_n_0
                         FDPE                                         r  u_ld/page_acc_reg[10]/CE
  -------------------------------------------------------------------    -------------------

                         (clock clk rise edge)       10.000    10.000 r  <hidden>
                                                      0.000    10.000 r  clk
                         net (fo=979, unset)          0.924    10.924    u_ld/clk
                         FDPE                                         r  u_ld/page_acc_reg[10]/C
                         clock pessimism              0.000    10.924    <hidden>
                         clock uncertainty           -0.035    10.889    <hidden>
                         FDPE (Setup_fdpe_C_CE)      -0.202    10.687    u_ld/page_acc_reg[10]
  -------------------------------------------------------------------
                         required time                         10.687    <hidden>
                         arrival time                          -8.304    <hidden>
  -------------------------------------------------------------------
                         slack                                  2.383    <hidden>

Slack (MET) :             2.383ns  (required time - arrival time)
  Source:                 u_ld/rx_words_reg[1]/C
                            (rising edge-triggered cell FDCE clocked by clk  {rise@0.000ns fall@5.000ns period=10.000ns})
  Destination:            u_ld/page_acc_reg[11]/CE
                            (rising edge-triggered cell FDPE clocked by clk  {rise@0.000ns fall@5.000ns period=10.000ns})
  Path Group:             clk
  Path Type:              Setup (Max at Slow Process Corner)
  Requirement:            10.000ns  (clk rise@10.000ns - clk rise@0.000ns)
  Data Path Delay:        7.331ns  (logic 3.437ns (46.883%)  route 3.894ns (53.117%))
  Logic Levels:           10  (CARRY4=5 LUT4=1 LUT5=1 LUT6=3)
  Clock Path Skew:        -0.049ns (DCD - SCD + CPR)
    Destination Clock Delay (DCD):    0.924ns = ( 10.924 - 10.000 ) 
    Source Clock Delay      (SCD):    0.973ns
    Clock Pessimism Removal (CPR):    0.000ns
  Clock Uncertainty:      0.035ns  ((TSJ^2 + TIJ^2)^1/2 + DJ) / 2 + PE
    Total System Jitter     (TSJ):    0.071ns
    Total Input Jitter      (TIJ):    0.000ns
    Discrete Jitter          (DJ):    0.000ns
    Phase Error              (PE):    0.000ns

    Location             Delay type                Incr(ns)  Path(ns)    Netlist Resource(s)
  -------------------------------------------------------------------    -------------------
                         (clock clk rise edge)        0.000     0.000 r  <hidden>
                                                      0.000     0.000 r  clk
                         net (fo=979, unset)          0.973     0.973    u_ld/clk
                         FDCE                                         r  u_ld/rx_words_reg[1]/C
  -------------------------------------------------------------------    -------------------
                         FDCE (Prop_fdce_C_Q)         0.478     1.451 r  u_ld/rx_words_reg[1]/Q
                         net (fo=60, unplaced)        0.753     2.204    u_ld/rx_words[1]
                         CARRY4 (Prop_carry4_S[0]_CO[3])
                                                      0.808     3.012 r  u_ld/page_acc_reg[31]_i_64/CO[3]
                         net (fo=1, unplaced)         0.000     3.012    u_ld/page_acc_reg[31]_i_64_n_0
                         CARRY4 (Prop_carry4_CI_CO[3])
                                                      0.117     3.129 r  u_ld/page_acc_reg[31]_i_60/CO[3]
                         net (fo=1, unplaced)         0.000     3.129    u_ld/page_acc_reg[31]_i_60_n_0
                         CARRY4 (Prop_carry4_CI_O[1])
                                                      0.337     3.466 r  u_ld/page_acc_reg[31]_i_59/O[1]
                         net (fo=5, unplaced)         0.639     4.105    u_ld/payload_byte_pos[12]
                         LUT4 (Prop_lut4_I0_O)        0.306     4.411 r  u_ld/page_acc[31]_i_30/O
                         net (fo=1, unplaced)         0.000     4.411    u_ld/page_acc[31]_i_30_n_0
                         CARRY4 (Prop_carry4_S[3]_CO[3])
                                                      0.376     4.787 r  u_ld/page_acc_reg[31]_i_13/CO[3]
                         net (fo=1, unplaced)         0.000     4.787    u_ld/page_acc_reg[31]_i_13_n_0
                         CARRY4 (Prop_carry4_CI_O[1])
                                                      0.337     5.124 r  u_ld/page_acc_reg[31]_i_25/O[1]
                         net (fo=1, unplaced)         0.611     5.735    u_ld/page_acc_reg[31]_i_25_n_6
                         LUT6 (Prop_lut6_I0_O)        0.306     6.041 f  u_ld/page_acc[31]_i_11/O
                         net (fo=1, unplaced)         0.449     6.490    u_ld/page_acc[31]_i_11_n_0
                         LUT6 (Prop_lut6_I0_O)        0.124     6.614 f  u_ld/page_acc[31]_i_7/O
                         net (fo=1, unplaced)         0.449     7.063    u_ld/page_acc[31]_i_7_n_0
                         LUT5 (Prop_lut5_I3_O)        0.124     7.187 f  u_ld/page_acc[31]_i_4/O
                         net (fo=1, unplaced)         0.449     7.636    u_ld/page_acc[31]_i_4_n_0
                         LUT6 (Prop_lut6_I5_O)        0.124     7.760 r  u_ld/page_acc[31]_i_1/O
                         net (fo=32, unplaced)        0.544     8.304    u_ld/page_acc[31]_i_1_n_0
                         FDPE                                         r  u_ld/page_acc_reg[11]/CE
  -------------------------------------------------------------------    -------------------

                         (clock clk rise edge)       10.000    10.000 r  <hidden>
                                                      0.000    10.000 r  clk
                         net (fo=979, unset)          0.924    10.924    u_ld/clk
                         FDPE                                         r  u_ld/page_acc_reg[11]/C
                         clock pessimism              0.000    10.924    <hidden>
                         clock uncertainty           -0.035    10.889    <hidden>
                         FDPE (Setup_fdpe_C_CE)      -0.202    10.687    u_ld/page_acc_reg[11]
  -------------------------------------------------------------------
                         required time                         10.687    <hidden>
                         arrival time                          -8.304    <hidden>
  -------------------------------------------------------------------
                         slack                                  2.383    <hidden>

Slack (MET) :             2.383ns  (required time - arrival time)
  Source:                 u_ld/rx_words_reg[1]/C
                            (rising edge-triggered cell FDCE clocked by clk  {rise@0.000ns fall@5.000ns period=10.000ns})
  Destination:            u_ld/page_acc_reg[12]/CE
                            (rising edge-triggered cell FDPE clocked by clk  {rise@0.000ns fall@5.000ns period=10.000ns})
  Path Group:             clk
  Path Type:              Setup (Max at Slow Process Corner)
  Requirement:            10.000ns  (clk rise@10.000ns - clk rise@0.000ns)
  Data Path Delay:        7.331ns  (logic 3.437ns (46.883%)  route 3.894ns (53.117%))
  Logic Levels:           10  (CARRY4=5 LUT4=1 LUT5=1 LUT6=3)
  Clock Path Skew:        -0.049ns (DCD - SCD + CPR)
    Destination Clock Delay (DCD):    0.924ns = ( 10.924 - 10.000 ) 
    Source Clock Delay      (SCD):    0.973ns
    Clock Pessimism Removal (CPR):    0.000ns
  Clock Uncertainty:      0.035ns  ((TSJ^2 + TIJ^2)^1/2 + DJ) / 2 + PE
    Total System Jitter     (TSJ):    0.071ns
    Total Input Jitter      (TIJ):    0.000ns
    Discrete Jitter          (DJ):    0.000ns
    Phase Error              (PE):    0.000ns

    Location             Delay type                Incr(ns)  Path(ns)    Netlist Resource(s)
  -------------------------------------------------------------------    -------------------
                         (clock clk rise edge)        0.000     0.000 r  <hidden>
                                                      0.000     0.000 r  clk
                         net (fo=979, unset)          0.973     0.973    u_ld/clk
                         FDCE                                         r  u_ld/rx_words_reg[1]/C
  -------------------------------------------------------------------    -------------------
                         FDCE (Prop_fdce_C_Q)         0.478     1.451 r  u_ld/rx_words_reg[1]/Q
                         net (fo=60, unplaced)        0.753     2.204    u_ld/rx_words[1]
                         CARRY4 (Prop_carry4_S[0]_CO[3])
                                                      0.808     3.012 r  u_ld/page_acc_reg[31]_i_64/CO[3]
                         net (fo=1, unplaced)         0.000     3.012    u_ld/page_acc_reg[31]_i_64_n_0
                         CARRY4 (Prop_carry4_CI_CO[3])
                                                      0.117     3.129 r  u_ld/page_acc_reg[31]_i_60/CO[3]
                         net (fo=1, unplaced)         0.000     3.129    u_ld/page_acc_reg[31]_i_60_n_0
                         CARRY4 (Prop_carry4_CI_O[1])
                                                      0.337     3.466 r  u_ld/page_acc_reg[31]_i_59/O[1]
                         net (fo=5, unplaced)         0.639     4.105    u_ld/payload_byte_pos[12]
                         LUT4 (Prop_lut4_I0_O)        0.306     4.411 r  u_ld/page_acc[31]_i_30/O
                         net (fo=1, unplaced)         0.000     4.411    u_ld/page_acc[31]_i_30_n_0
                         CARRY4 (Prop_carry4_S[3]_CO[3])
                                                      0.376     4.787 r  u_ld/page_acc_reg[31]_i_13/CO[3]
                         net (fo=1, unplaced)         0.000     4.787    u_ld/page_acc_reg[31]_i_13_n_0
                         CARRY4 (Prop_carry4_CI_O[1])
                                                      0.337     5.124 r  u_ld/page_acc_reg[31]_i_25/O[1]
                         net (fo=1, unplaced)         0.611     5.735    u_ld/page_acc_reg[31]_i_25_n_6
                         LUT6 (Prop_lut6_I0_O)        0.306     6.041 f  u_ld/page_acc[31]_i_11/O
                         net (fo=1, unplaced)         0.449     6.490    u_ld/page_acc[31]_i_11_n_0
                         LUT6 (Prop_lut6_I0_O)        0.124     6.614 f  u_ld/page_acc[31]_i_7/O
                         net (fo=1, unplaced)         0.449     7.063    u_ld/page_acc[31]_i_7_n_0
                         LUT5 (Prop_lut5_I3_O)        0.124     7.187 f  u_ld/page_acc[31]_i_4/O
                         net (fo=1, unplaced)         0.449     7.636    u_ld/page_acc[31]_i_4_n_0
                         LUT6 (Prop_lut6_I5_O)        0.124     7.760 r  u_ld/page_acc[31]_i_1/O
                         net (fo=32, unplaced)        0.544     8.304    u_ld/page_acc[31]_i_1_n_0
                         FDPE                                         r  u_ld/page_acc_reg[12]/CE
  -------------------------------------------------------------------    -------------------

                         (clock clk rise edge)       10.000    10.000 r  <hidden>
                                                      0.000    10.000 r  clk
                         net (fo=979, unset)          0.924    10.924    u_ld/clk
                         FDPE                                         r  u_ld/page_acc_reg[12]/C
                         clock pessimism              0.000    10.924    <hidden>
                         clock uncertainty           -0.035    10.889    <hidden>
                         FDPE (Setup_fdpe_C_CE)      -0.202    10.687    u_ld/page_acc_reg[12]
  -------------------------------------------------------------------
                         required time                         10.687    <hidden>
                         arrival time                          -8.304    <hidden>
  -------------------------------------------------------------------
                         slack                                  2.383    <hidden>

Slack (MET) :             2.383ns  (required time - arrival time)
  Source:                 u_ld/rx_words_reg[1]/C
                            (rising edge-triggered cell FDCE clocked by clk  {rise@0.000ns fall@5.000ns period=10.000ns})
  Destination:            u_ld/page_acc_reg[13]/CE
                            (rising edge-triggered cell FDPE clocked by clk  {rise@0.000ns fall@5.000ns period=10.000ns})
  Path Group:             clk
  Path Type:              Setup (Max at Slow Process Corner)
  Requirement:            10.000ns  (clk rise@10.000ns - clk rise@0.000ns)
  Data Path Delay:        7.331ns  (logic 3.437ns (46.883%)  route 3.894ns (53.117%))
  Logic Levels:           10  (CARRY4=5 LUT4=1 LUT5=1 LUT6=3)
  Clock Path Skew:        -0.049ns (DCD - SCD + CPR)
    Destination Clock Delay (DCD):    0.924ns = ( 10.924 - 10.000 ) 
    Source Clock Delay      (SCD):    0.973ns
    Clock Pessimism Removal (CPR):    0.000ns
  Clock Uncertainty:      0.035ns  ((TSJ^2 + TIJ^2)^1/2 + DJ) / 2 + PE
    Total System Jitter     (TSJ):    0.071ns
    Total Input Jitter      (TIJ):    0.000ns
    Discrete Jitter          (DJ):    0.000ns
    Phase Error              (PE):    0.000ns

    Location             Delay type                Incr(ns)  Path(ns)    Netlist Resource(s)
  -------------------------------------------------------------------    -------------------
                         (clock clk rise edge)        0.000     0.000 r  <hidden>
                                                      0.000     0.000 r  clk
                         net (fo=979, unset)          0.973     0.973    u_ld/clk
                         FDCE                                         r  u_ld/rx_words_reg[1]/C
  -------------------------------------------------------------------    -------------------
                         FDCE (Prop_fdce_C_Q)         0.478     1.451 r  u_ld/rx_words_reg[1]/Q
                         net (fo=60, unplaced)        0.753     2.204    u_ld/rx_words[1]
                         CARRY4 (Prop_carry4_S[0]_CO[3])
                                                      0.808     3.012 r  u_ld/page_acc_reg[31]_i_64/CO[3]
                         net (fo=1, unplaced)         0.000     3.012    u_ld/page_acc_reg[31]_i_64_n_0
                         CARRY4 (Prop_carry4_CI_CO[3])
                                                      0.117     3.129 r  u_ld/page_acc_reg[31]_i_60/CO[3]
                         net (fo=1, unplaced)         0.000     3.129    u_ld/page_acc_reg[31]_i_60_n_0
                         CARRY4 (Prop_carry4_CI_O[1])
                                                      0.337     3.466 r  u_ld/page_acc_reg[31]_i_59/O[1]
                         net (fo=5, unplaced)         0.639     4.105    u_ld/payload_byte_pos[12]
                         LUT4 (Prop_lut4_I0_O)        0.306     4.411 r  u_ld/page_acc[31]_i_30/O
                         net (fo=1, unplaced)         0.000     4.411    u_ld/page_acc[31]_i_30_n_0
                         CARRY4 (Prop_carry4_S[3]_CO[3])
                                                      0.376     4.787 r  u_ld/page_acc_reg[31]_i_13/CO[3]
                         net (fo=1, unplaced)         0.000     4.787    u_ld/page_acc_reg[31]_i_13_n_0
                         CARRY4 (Prop_carry4_CI_O[1])
                                                      0.337     5.124 r  u_ld/page_acc_reg[31]_i_25/O[1]
                         net (fo=1, unplaced)         0.611     5.735    u_ld/page_acc_reg[31]_i_25_n_6
                         LUT6 (Prop_lut6_I0_O)        0.306     6.041 f  u_ld/page_acc[31]_i_11/O
                         net (fo=1, unplaced)         0.449     6.490    u_ld/page_acc[31]_i_11_n_0
                         LUT6 (Prop_lut6_I0_O)        0.124     6.614 f  u_ld/page_acc[31]_i_7/O
                         net (fo=1, unplaced)         0.449     7.063    u_ld/page_acc[31]_i_7_n_0
                         LUT5 (Prop_lut5_I3_O)        0.124     7.187 f  u_ld/page_acc[31]_i_4/O
                         net (fo=1, unplaced)         0.449     7.636    u_ld/page_acc[31]_i_4_n_0
                         LUT6 (Prop_lut6_I5_O)        0.124     7.760 r  u_ld/page_acc[31]_i_1/O
                         net (fo=32, unplaced)        0.544     8.304    u_ld/page_acc[31]_i_1_n_0
                         FDPE                                         r  u_ld/page_acc_reg[13]/CE
  -------------------------------------------------------------------    -------------------

                         (clock clk rise edge)       10.000    10.000 r  <hidden>
                                                      0.000    10.000 r  clk
                         net (fo=979, unset)          0.924    10.924    u_ld/clk
                         FDPE                                         r  u_ld/page_acc_reg[13]/C
                         clock pessimism              0.000    10.924    <hidden>
                         clock uncertainty           -0.035    10.889    <hidden>
                         FDPE (Setup_fdpe_C_CE)      -0.202    10.687    u_ld/page_acc_reg[13]
  -------------------------------------------------------------------
                         required time                         10.687    <hidden>
                         arrival time                          -8.304    <hidden>
  -------------------------------------------------------------------
                         slack                                  2.383    <hidden>




