Copyright 1986-2022 Xilinx, Inc. All Rights Reserved. Copyright 2022-2026 Advanced Micro Devices, Inc. All Rights Reserved.
---------------------------------------------------------------------------------------------------------------------------------------------
| Tool Version : Vivado v.2026.1 (win64) Build 6511674 Tue Jun 16 11:02:23 MDT 2026
| Date         : Wed Sep 16 16:36:45 2026
| Host         : laptop-Quan running 64-bit major release  (build 9200)
| Command      : report_timing_summary -file D:/FPGA/arty_d/ooc_pack_mig/reports/timing.rpt
| Design       : pack_mig_bind
| Device       : 7a100t-csg324
| Speed File   : -1  PRODUCTION 1.23 2018-06-13
| Design State : Synthesized
---------------------------------------------------------------------------------------------------------------------------------------------

Timing Summary Report

------------------------------------------------------------------------------------------------
| Timer Settings
| --------------
------------------------------------------------------------------------------------------------

  Enable Multi Corner Analysis               :  Yes
  Enable Pessimism Removal                   :  Yes
  Pessimism Removal Resolution               :  Nearest Common Node
  Enable Input Delay Default Clock           :  No
  Enable Preset / Clear Arcs                 :  No
  Disable Flight Delays                      :  No
  Ignore I/O Paths                           :  No
  Timing Early Launch at Borrowing Latches   :  No
  Borrow Time for Max Delay Exceptions       :  Yes
  Merge Timing Exceptions                    :  Yes
  Inter-SLR Compensation                     :  Conservative

  Corner  Analyze    Analyze    
  Name    Max Paths  Min Paths  
  ------  ---------  ---------  
  Slow    Yes        Yes        
  Fast    Yes        Yes        


------------------------------------------------------------------------------------------------
| Report Methodology
| ------------------
------------------------------------------------------------------------------------------------

No report available as report_methodology has not been run prior. Run report_methodology on the current design for the summary of methodology violations.



check_timing report

Table of Contents
-----------------
1. checking no_clock (0)
2. checking constant_clock (0)
3. checking pulse_width_clock (0)
4. checking unconstrained_internal_endpoints (0)
5. checking no_input_delay (167)
6. checking no_output_delay (227)
7. checking multiple_clock (0)
8. checking generated_clocks (0)
9. checking loops (0)
10. checking partial_input_delay (0)
11. checking partial_output_delay (0)
12. checking latch_loops (0)

1. checking no_clock (0)
------------------------
 There are 0 register/latch pins with no clock.


2. checking constant_clock (0)
------------------------------
 There are 0 register/latch pins with constant_clock.


3. checking pulse_width_clock (0)
---------------------------------
 There are 0 register/latch pins which need pulse_width check


4. checking unconstrained_internal_endpoints (0)
------------------------------------------------
 There are 0 pins that are not constrained for maximum delay.

 There are 0 pins that are not constrained for maximum delay due to constant clock.


5. checking no_input_delay (167)
--------------------------------
 There are 167 input ports with no input delay specified. (HIGH)

 There are 0 input ports with no input delay but user has a false path constraint.


6. checking no_output_delay (227)
---------------------------------
 There are 227 ports with no output delay specified. (HIGH)

 There are 0 ports with no output delay but user has a false path constraint

 There are 0 ports with no output delay but with a timing clock defined on it or propagating through it


7. checking multiple_clock (0)
------------------------------
 There are 0 register/latch pins with multiple clocks.


8. checking generated_clocks (0)
--------------------------------
 There are 0 generated clocks that are not connected to a clock source.


9. checking loops (0)
---------------------
 There are 0 combinational loops in the design.


10. checking partial_input_delay (0)
------------------------------------
 There are 0 input ports with partial input delay specified.


11. checking partial_output_delay (0)
-------------------------------------
 There are 0 ports with partial output delay specified.


12. checking latch_loops (0)
----------------------------
 There are 0 combinational latch loops in the design through latch input



------------------------------------------------------------------------------------------------
| Design Timing Summary
| ---------------------
------------------------------------------------------------------------------------------------

    WNS(ns)      TNS(ns)  TNS Failing Endpoints  TNS Total Endpoints      WHS(ns)      THS(ns)  THS Failing Endpoints  THS Total Endpoints     WPWS(ns)     TPWS(ns)  TPWS Failing Endpoints  TPWS Total Endpoints  
    -------      -------  ---------------------  -------------------      -------      -------  ---------------------  -------------------     --------     --------  ----------------------  --------------------  
      2.383        0.000                      0                 1582        0.189        0.000                      0                 1582        4.500        0.000                       0                   980  


All user specified timing constraints are met.


------------------------------------------------------------------------------------------------
| Clock Summary
| -------------
------------------------------------------------------------------------------------------------

Clock  Waveform(ns)       Period(ns)      Frequency(MHz)
-----  ------------       ----------      --------------
clk    {0.000 5.000}      10.000          100.000         


------------------------------------------------------------------------------------------------
| Intra Clock Table
| -----------------
------------------------------------------------------------------------------------------------

Clock             WNS(ns)      TNS(ns)  TNS Failing Endpoints  TNS Total Endpoints      WHS(ns)      THS(ns)  THS Failing Endpoints  THS Total Endpoints     WPWS(ns)     TPWS(ns)  TPWS Failing Endpoints  TPWS Total Endpoints  
-----             -------      -------  ---------------------  -------------------      -------      -------  ---------------------  -------------------     --------     --------  ----------------------  --------------------  
clk                 2.383        0.000                      0                 1582        0.189        0.000                      0                 1582        4.500        0.000                       0                   980  


------------------------------------------------------------------------------------------------
| Inter Clock Table
| -----------------
------------------------------------------------------------------------------------------------

From Clock    To Clock          WNS(ns)      TNS(ns)  TNS Failing Endpoints  TNS Total Endpoints      WHS(ns)      THS(ns)  THS Failing Endpoints  THS Total Endpoints  
----------    --------          -------      -------  ---------------------  -------------------      -------      -------  ---------------------  -------------------  


------------------------------------------------------------------------------------------------
| Other Path Groups Table
| -----------------------
------------------------------------------------------------------------------------------------

Path Group    From Clock    To Clock          WNS(ns)      TNS(ns)  TNS Failing Endpoints  TNS Total Endpoints      WHS(ns)      THS(ns)  THS Failing Endpoints  THS Total Endpoints  
----------    ----------    --------          -------      -------  ---------------------  -------------------      -------      -------  ---------------------  -------------------  


------------------------------------------------------------------------------------------------
| Timing Details
| --------------
------------------------------------------------------------------------------------------------


---------------------------------------------------------------------------------------------------
From Clock:  clk
  To Clock:  clk

Setup :            0  Failing Endpoints,  Worst Slack        2.383ns,  Total Violation        0.000ns
Hold  :            0  Failing Endpoints,  Worst Slack        0.189ns,  Total Violation        0.000ns
PW    :            0  Failing Endpoints,  Worst Slack        4.500ns,  Total Violation        0.000ns
---------------------------------------------------------------------------------------------------


Max Delay Paths
--------------------------------------------------------------------------------------
Slack (MET) :             2.383ns  (required time - arrival time)
  Source:                 u_ld/rx_words_reg[1]/C
                            (rising edge-triggered cell FDCE clocked by clk  {rise@0.000ns fall@5.000ns period=10.000ns})
  Destination:            u_ld/page_acc_reg[0]/CE
                            (rising edge-triggered cell FDPE clocked by clk  {rise@0.000ns fall@5.000ns period=10.000ns})
  Path Group:             clk
  Path Type:              Setup (Max at Slow Process Corner)
  Requirement:            10.000ns  (clk rise@10.000ns - clk rise@0.000ns)
  Data Path Delay:        7.331ns  (logic 3.437ns (46.883%)  route 3.894ns (53.117%))
  Logic Levels:           10  (CARRY4=5 LUT4=1 LUT5=1 LUT6=3)
  Clock Path Skew:        -0.049ns (DCD - SCD + CPR)
    Destination Clock Delay (DCD):    0.924ns = ( 10.924 - 10.000 ) 
    Source Clock Delay      (SCD):    0.973ns
    Clock Pessimism Removal (CPR):    0.000ns
  Clock Uncertainty:      0.035ns  ((TSJ^2 + TIJ^2)^1/2 + DJ) / 2 + PE
    Total System Jitter     (TSJ):    0.071ns
    Total Input Jitter      (TIJ):    0.000ns
    Discrete Jitter          (DJ):    0.000ns
    Phase Error              (PE):    0.000ns

    Location             Delay type                Incr(ns)  Path(ns)    Netlist Resource(s)
  -------------------------------------------------------------------    -------------------
                         (clock clk rise edge)        0.000     0.000 r  <hidden>
                                                      0.000     0.000 r  clk
                         net (fo=979, unset)          0.973     0.973    u_ld/clk
                         FDCE                                         r  u_ld/rx_words_reg[1]/C
  -------------------------------------------------------------------    -------------------
                         FDCE (Prop_fdce_C_Q)         0.478     1.451 r  u_ld/rx_words_reg[1]/Q
                         net (fo=60, unplaced)        0.753     2.204    u_ld/rx_words[1]
                         CARRY4 (Prop_carry4_S[0]_CO[3])
                                                      0.808     3.012 r  u_ld/page_acc_reg[31]_i_64/CO[3]
                         net (fo=1, unplaced)         0.000     3.012    u_ld/page_acc_reg[31]_i_64_n_0
                         CARRY4 (Prop_carry4_CI_CO[3])
                                                      0.117     3.129 r  u_ld/page_acc_reg[31]_i_60/CO[3]
                         net (fo=1, unplaced)         0.000     3.129    u_ld/page_acc_reg[31]_i_60_n_0
                         CARRY4 (Prop_carry4_CI_O[1])
                                                      0.337     3.466 r  u_ld/page_acc_reg[31]_i_59/O[1]
                         net (fo=5, unplaced)         0.639     4.105    u_ld/payload_byte_pos[12]
                         LUT4 (Prop_lut4_I0_O)        0.306     4.411 r  u_ld/page_acc[31]_i_30/O
                         net (fo=1, unplaced)         0.000     4.411    u_ld/page_acc[31]_i_30_n_0
                         CARRY4 (Prop_carry4_S[3]_CO[3])
                                                      0.376     4.787 r  u_ld/page_acc_reg[31]_i_13/CO[3]
                         net (fo=1, unplaced)         0.000     4.787    u_ld/page_acc_reg[31]_i_13_n_0
                         CARRY4 (Prop_carry4_CI_O[1])
                                                      0.337     5.124 r  u_ld/page_acc_reg[31]_i_25/O[1]
                         net (fo=1, unplaced)         0.611     5.735    u_ld/page_acc_reg[31]_i_25_n_6
                         LUT6 (Prop_lut6_I0_O)        0.306     6.041 f  u_ld/page_acc[31]_i_11/O
                         net (fo=1, unplaced)         0.449     6.490    u_ld/page_acc[31]_i_11_n_0
                         LUT6 (Prop_lut6_I0_O)        0.124     6.614 f  u_ld/page_acc[31]_i_7/O
                         net (fo=1, unplaced)         0.449     7.063    u_ld/page_acc[31]_i_7_n_0
                         LUT5 (Prop_lut5_I3_O)        0.124     7.187 f  u_ld/page_acc[31]_i_4/O
                         net (fo=1, unplaced)         0.449     7.636    u_ld/page_acc[31]_i_4_n_0
                         LUT6 (Prop_lut6_I5_O)        0.124     7.760 r  u_ld/page_acc[31]_i_1/O
                         net (fo=32, unplaced)        0.544     8.304    u_ld/page_acc[31]_i_1_n_0
                         FDPE                                         r  u_ld/page_acc_reg[0]/CE
  -------------------------------------------------------------------    -------------------

                         (clock clk rise edge)       10.000    10.000 r  <hidden>
                                                      0.000    10.000 r  clk
                         net (fo=979, unset)          0.924    10.924    u_ld/clk
                         FDPE                                         r  u_ld/page_acc_reg[0]/C
                         clock pessimism              0.000    10.924    <hidden>
                         clock uncertainty           -0.035    10.889    <hidden>
                         FDPE (Setup_fdpe_C_CE)      -0.202    10.687    u_ld/page_acc_reg[0]
  -------------------------------------------------------------------
                         required time                         10.687    <hidden>
                         arrival time                          -8.304    <hidden>
  -------------------------------------------------------------------
                         slack                                  2.383    <hidden>





Min Delay Paths
--------------------------------------------------------------------------------------
Slack (MET) :             0.189ns  (arrival time - required time)
  Source:                 u_ui/out_r_reg[0]/C
                            (rising edge-triggered cell FDCE clocked by clk  {rise@0.000ns fall@5.000ns period=10.000ns})
  Destination:            u_ui/out_r_reg[1]/D
                            (rising edge-triggered cell FDCE clocked by clk  {rise@0.000ns fall@5.000ns period=10.000ns})
  Path Group:             clk
  Path Type:              Hold (Min at Fast Process Corner)
  Requirement:            0.000ns  (clk rise@0.000ns - clk rise@0.000ns)
  Data Path Delay:        0.345ns  (logic 0.256ns (74.306%)  route 0.089ns (25.694%))
  Logic Levels:           1  (CARRY4=1)
  Clock Path Skew:        0.022ns (DCD - SCD - CPR)
    Destination Clock Delay (DCD):    0.432ns
    Source Clock Delay      (SCD):    0.410ns
    Clock Pessimism Removal (CPR):    -0.000ns

    Location             Delay type                Incr(ns)  Path(ns)    Netlist Resource(s)
  -------------------------------------------------------------------    -------------------
                         (clock clk rise edge)        0.000     0.000 r  <hidden>
                                                      0.000     0.000 r  clk
                         net (fo=979, unset)          0.410     0.410    u_ui/clk
                         FDCE                                         r  u_ui/out_r_reg[0]/C
  -------------------------------------------------------------------    -------------------
                         FDCE (Prop_fdce_C_Q)         0.164     0.574 r  u_ui/out_r_reg[0]/Q
                         net (fo=3, unplaced)         0.089     0.663    u_ui/out_r_reg_n_0_[0]
                         CARRY4 (Prop_carry4_DI[0]_O[1])
                                                      0.092     0.755 r  u_ui/out_r_reg[0]_i_2/O[1]
                         net (fo=1, unplaced)         0.000     0.755    u_ui/out_r_reg[0]_i_2_n_6
                         FDCE                                         r  u_ui/out_r_reg[1]/D
  -------------------------------------------------------------------    -------------------

                         (clock clk rise edge)        0.000     0.000 r  <hidden>
                                                      0.000     0.000 r  clk
                         net (fo=979, unset)          0.432     0.432    u_ui/clk
                         FDCE                                         r  u_ui/out_r_reg[1]/C
                         clock pessimism              0.000     0.432    <hidden>
                         FDCE (Hold_fdce_C_D)         0.134     0.566    u_ui/out_r_reg[1]
  -------------------------------------------------------------------
                         required time                         -0.566    <hidden>
                         arrival time                           0.755    <hidden>
  -------------------------------------------------------------------
                         slack                                  0.189    <hidden>





Pulse Width Checks
--------------------------------------------------------------------------------------
Clock Name:         clk
Waveform(ns):       { 0.000 5.000 }
Period(ns):         10.000
Sources:            { clk }

Check Type        Corner  Lib Pin             Reference Pin  Required(ns)  Actual(ns)  Slack(ns)  Location  Pin
Min Period        n/a     RAMB18E1/CLKARDCLK  n/a            2.944         10.000      7.056                u_ld/page_ram_reg/CLKARDCLK
Low Pulse Width   Slow    FDPE/C              n/a            0.500         5.000       4.500                u_ld/active_generation_reg[0]/C
High Pulse Width  Slow    FDPE/C              n/a            0.500         5.000       4.500                u_ld/active_generation_reg[0]/C



