#-----------------------------------------------------------
# xsim v2026.1 (64-bit)
# SW Build 6511674 on Tue Jun 16 11:02:23 MDT 2026
# IP Build 6504888 on Tue Jun 09 09:05:25 MDT 2026
# SharedData Build 6501428 on Mon Jun 08 17:34:18 MDT 2026
# Start of session at: Thu Sep 17 12:13:35 2026
# Process ID         : 27368
# Current directory  : D:/FPGA/arty_d/first_divergence_01/xsim_h12_mag_clear
# Command line       : xsim.exe -log D:\FPGA\arty_d\first_divergence_01\xsim_h12_mag_clear\xsim.log -mode tcl -source {xsim.dir/snap_h12mc/xsim_script.tcl}
# Log file           : D:/FPGA/arty_d/first_divergence_01/xsim_h12_mag_clear/xsim.log
# Journal file       : D:/FPGA/arty_d/first_divergence_01/xsim_h12_mag_clear\xsim.jou
# Running On         : laptop-Quan
# Platform           : Windows 11
# Operating System   : 22621
# Processor Detail   : AMD Ryzen 7 5800HS with Radeon Graphics         
# CPU Frequency      : 3194 MHz
# CPU Physical cores : 8
# CPU Logical cores  : 16
# Host memory        : 16541 MB
# Swap memory        : 27327 MB
# Total Virtual      : 43869 MB
# Available Virtual  : 12648 MB
#-----------------------------------------------------------
source xsim.dir/snap_h12mc/xsim_script.tcl
# xsim {snap_h12mc} -autoloadwcfg -tclbatch {run_all.tcl}
Time resolution is 1 ps
source run_all.tcl
## run -all
MTC CLEAR_PRE got=c1ea50a5
MTC PACK_MAG got=0200015a expect=0200015a ld_st=10 qsc=1 bix=1
MTC MAG_THEN_CLEAR got=00000000 expect_ACK=c1ea50a5 ld_st=10 qsc=1 bix=1
MTC CLEAR_PRE got=c1ea50a5
MTC PACK_MAG got=0200015a expect=0200015a ld_st=10 qsc=1 bix=1
MTC MAG_PAD3_THEN_CLEAR got=c1ea50a5 (0=MUTE) ld_st=0 qsc=1 bix=0
H12_MAG_THEN_CLEAR_XSIM_LEFTOVER_BIX1_PAD3_ACK (not PACK_ABI_24_24_PASS / not BOARD_PASS)
$finish called at time : 9138785 ns : File "D:/FPGA/NATIVE_AI_DEVELOPMENTAL_HARDWARE_R1_PACKAGE_20260914-20260914T045403Z-1-001/CANON_BLUEPRINT/tb/native_ai/board/tb_h12_mag_then_clear.sv" Line 158
## exit
INFO: [Common 17-206] Exiting xsim at Thu Sep 17 12:13:39 2026...
