#-----------------------------------------------------------
# xsim v2026.1 (64-bit)
# SW Build 6511674 on Tue Jun 16 11:02:23 MDT 2026
# IP Build 6504888 on Tue Jun 09 09:05:25 MDT 2026
# SharedData Build 6501428 on Mon Jun 08 17:34:18 MDT 2026
# Start of session at: Mon Sep 21 10:32:25 2026
# Process ID         : 33168
# Current directory  : D:/FPGA/arty_d/UART_R2/ct1/xsim
# Command line       : xsim.exe -log D:\FPGA\arty_d\UART_R2\ct1\xsim\ct1_int_xsim.log -mode tcl -source {xsim.dir/tb_ct1_int/xsim_script.tcl}
# Log file           : D:/FPGA/arty_d/UART_R2/ct1/xsim/ct1_int_xsim.log
# Journal file       : D:/FPGA/arty_d/UART_R2/ct1/xsim\xsim.jou
# Running On         : laptop-Quan
# Platform           : Windows 11
# Operating System   : 22621
# Processor Detail   : AMD Ryzen 7 5800HS with Radeon Graphics         
# CPU Frequency      : 3194 MHz
# CPU Physical cores : 8
# CPU Logical cores  : 16
# Host memory        : 16541 MB
# Swap memory        : 23525 MB
# Total Virtual      : 40066 MB
# Available Virtual  : 9457 MB
#-----------------------------------------------------------
source xsim.dir/tb_ct1_int/xsim_script.tcl
# xsim {tb_ct1_int} -autoloadwcfg -tclbatch {run_ct1_int.tcl}
Time resolution is 1 ps
source run_ct1_int.tcl
## run -all
CT1-01 gen=ffffffff hit=0 nb=00000000 dest_rd=0 tok=03000051 OK=1
CT1-02 dest0=000100b1000000000002010000010100 pub=0000000 root_v=1 sid=00000000 beat=00000000000000000000000000000000
CT1-02 post sid_r=00010100 sid_hold=00010100 cache_hit=1 cache_nb=00020100 t1_fwd=00020100 t1_v=0 beat=000100b1000000000002010000010100 q_hit=1 q_nb=00020100 hit_lat=1 hit_hold=1
CT1-02 ack=1 gen=000000b1 hit=1 nb=00020100 dest_rd=1 tok=03010051 OK=1
CT1-03 gen=ffffffff hit=0 nb=00000000 dest_rd=0 tok=03000051 OK=1
CT1-04 ack=1 gen=000000c1 hit=1 nb=00030100 dest_rd=1 tok=03010051 OK=1
CT1-05 hit=1 nb=00030100 dest_rd=1 tok=03010051 OK=1
CT1-01..05 INTEGRATED PASS_XSIM
$finish called at time : 6047135 ns : File "D:/FPGA/arty_d/UART_R2/ct1/tb_ct1_integrated.sv" Line 301
## exit
INFO: [Common 17-206] Exiting xsim at Mon Sep 21 10:32:28 2026...
